Starting TC Qdisc Monitoring for s1-eth2
Timestamp, Qdisc Stats
======================================================================
Timestamp: 2026-04-10 21:10:43
qdisc htb 1: root refcnt 13 r2q 10 default 0x10 direct_packets_stat 0 direct_qlen 1000
 Sent 7124 bytes 36 pkt (dropped 0, overlimits 2 requeues 0) 
 backlog 0b 0p requeues 0
qdisc pfifo 20: parent 1:10 limit 12p
 Sent 7124 bytes 36 pkt (dropped 0, overlimits 0 requeues 0) 
 backlog 0b 0p requeues 0
======================================================================
Timestamp: 2026-04-10 21:10:44
qdisc htb 1: root refcnt 13 r2q 10 default 0x10 direct_packets_stat 0 direct_qlen 1000
 Sent 214955 bytes 181 pkt (dropped 0, overlimits 81 requeues 0) 
 backlog 0b 0p requeues 0
qdisc pfifo 20: parent 1:10 limit 12p
 Sent 214955 bytes 181 pkt (dropped 0, overlimits 0 requeues 0) 
 backlog 0b 0p requeues 0
======================================================================
Timestamp: 2026-04-10 21:10:45
qdisc htb 1: root refcnt 13 r2q 10 default 0x10 direct_packets_stat 0 direct_qlen 1000
 Sent 1096745 bytes 776 pkt (dropped 0, overlimits 285 requeues 0) 
 backlog 26676b 4p requeues 0
qdisc pfifo 20: parent 1:10 limit 12p
 Sent 1096745 bytes 776 pkt (dropped 0, overlimits 0 requeues 0) 
 backlog 26676b 4p requeues 0
======================================================================
Timestamp: 2026-04-10 21:10:46
qdisc htb 1: root refcnt 13 r2q 10 default 0x10 direct_packets_stat 0 direct_qlen 1000
 Sent 1651856 bytes 1155 pkt (dropped 16, overlimits 401 requeues 0) 
 backlog 14820b 3p requeues 0
qdisc pfifo 20: parent 1:10 limit 12p
 Sent 1651856 bytes 1155 pkt (dropped 16, overlimits 0 requeues 0) 
 backlog 14820b 3p requeues 0
======================================================================
Timestamp: 2026-04-10 21:10:47
qdisc htb 1: root refcnt 13 r2q 10 default 0x10 direct_packets_stat 0 direct_qlen 1000
 Sent 2497223 bytes 1729 pkt (dropped 16, overlimits 562 requeues 0) 
 backlog 0b 0p requeues 0
qdisc pfifo 20: parent 1:10 limit 12p
 Sent 2497223 bytes 1729 pkt (dropped 16, overlimits 0 requeues 0) 
 backlog 0b 0p requeues 0
======================================================================
Timestamp: 2026-04-10 21:10:48
qdisc htb 1: root refcnt 13 r2q 10 default 0x10 direct_packets_stat 0 direct_qlen 1000
 Sent 2660770 bytes 1840 pkt (dropped 22, overlimits 620 requeues 0) 
 backlog 11856b 2p requeues 0
qdisc pfifo 20: parent 1:10 limit 12p
 Sent 2660770 bytes 1840 pkt (dropped 22, overlimits 0 requeues 0) 
 backlog 11856b 2p requeues 0
======================================================================
Timestamp: 2026-04-10 21:10:49
qdisc htb 1: root refcnt 13 r2q 10 default 0x10 direct_packets_stat 0 direct_qlen 1000
 Sent 3474806 bytes 2391 pkt (dropped 22, overlimits 738 requeues 0) 
 backlog 0b 0p requeues 0
qdisc pfifo 20: parent 1:10 limit 12p
 Sent 3474806 bytes 2391 pkt (dropped 22, overlimits 0 requeues 0) 
 backlog 0b 0p requeues 0
======================================================================
Timestamp: 2026-04-10 21:10:50
qdisc htb 1: root refcnt 13 r2q 10 default 0x10 direct_packets_stat 0 direct_qlen 1000
 Sent 3645870 bytes 2508 pkt (dropped 36, overlimits 789 requeues 0) 
 backlog 31122b 4p requeues 0
qdisc pfifo 20: parent 1:10 limit 12p
 Sent 3645870 bytes 2508 pkt (dropped 36, overlimits 0 requeues 0) 
 backlog 31122b 4p requeues 0
======================================================================
Timestamp: 2026-04-10 21:10:51
qdisc htb 1: root refcnt 13 r2q 10 default 0x10 direct_packets_stat 0 direct_qlen 1000
 Sent 4371851 bytes 2999 pkt (dropped 36, overlimits 884 requeues 0) 
 backlog 0b 0p requeues 0
qdisc pfifo 20: parent 1:10 limit 12p
 Sent 4371851 bytes 2999 pkt (dropped 36, overlimits 0 requeues 0) 
 backlog 0b 0p requeues 0
======================================================================
Timestamp: 2026-04-10 21:10:52
qdisc htb 1: root refcnt 13 r2q 10 default 0x10 direct_packets_stat 0 direct_qlen 1000
 Sent 4500514 bytes 3086 pkt (dropped 43, overlimits 942 requeues 0) 
 backlog 10374b 7p requeues 0
qdisc pfifo 20: parent 1:10 limit 12p
 Sent 4500514 bytes 3086 pkt (dropped 43, overlimits 0 requeues 0) 
 backlog 10374b 7p requeues 0
======================================================================
Timestamp: 2026-04-10 21:10:53
qdisc htb 1: root refcnt 13 r2q 10 default 0x10 direct_packets_stat 0 direct_qlen 1000
 Sent 5308033 bytes 3631 pkt (dropped 43, overlimits 1093 requeues 0) 
 backlog 0b 0p requeues 0
qdisc pfifo 20: parent 1:10 limit 12p
 Sent 5308033 bytes 3631 pkt (dropped 43, overlimits 0 requeues 0) 
 backlog 0b 0p requeues 0
======================================================================
Timestamp: 2026-04-10 21:10:54
qdisc htb 1: root refcnt 13 r2q 10 default 0x10 direct_packets_stat 0 direct_qlen 1000
 Sent 5398164 bytes 3692 pkt (dropped 55, overlimits 1139 requeues 0) 
 backlog 20748b 8p requeues 0
qdisc pfifo 20: parent 1:10 limit 12p
 Sent 5398164 bytes 3692 pkt (dropped 55, overlimits 0 requeues 0) 
 backlog 20748b 8p requeues 0
======================================================================
Timestamp: 2026-04-10 21:10:55
qdisc htb 1: root refcnt 13 r2q 10 default 0x10 direct_packets_stat 0 direct_qlen 1000
 Sent 6172692 bytes 4215 pkt (dropped 57, overlimits 1255 requeues 0) 
 backlog 0b 0p requeues 0
qdisc pfifo 20: parent 1:10 limit 12p
 Sent 6172692 bytes 4215 pkt (dropped 57, overlimits 0 requeues 0) 
 backlog 0b 0p requeues 0
======================================================================
Timestamp: 2026-04-10 21:10:56
qdisc htb 1: root refcnt 13 r2q 10 default 0x10 direct_packets_stat 0 direct_qlen 1000
 Sent 6189527 bytes 4227 pkt (dropped 57, overlimits 1257 requeues 0) 
 backlog 0b 0p requeues 0
qdisc pfifo 20: parent 1:10 limit 12p
 Sent 6189527 bytes 4227 pkt (dropped 57, overlimits 0 requeues 0) 
 backlog 0b 0p requeues 0
======================================================================
Timestamp: 2026-04-10 21:10:57
qdisc htb 1: root refcnt 13 r2q 10 default 0x10 direct_packets_stat 0 direct_qlen 1000
 Sent 6669042 bytes 4552 pkt (dropped 79, overlimits 1379 requeues 0) 
 backlog 0b 0p requeues 0
qdisc pfifo 20: parent 1:10 limit 12p
 Sent 6669042 bytes 4552 pkt (dropped 79, overlimits 0 requeues 0) 
 backlog 0b 0p requeues 0
======================================================================
Timestamp: 2026-04-10 21:10:58
qdisc htb 1: root refcnt 13 r2q 10 default 0x10 direct_packets_stat 0 direct_qlen 1000
 Sent 6689519 bytes 4566 pkt (dropped 79, overlimits 1382 requeues 0) 
 backlog 14820b 10p requeues 0
qdisc pfifo 20: parent 1:10 limit 12p
 Sent 6689519 bytes 4566 pkt (dropped 79, overlimits 0 requeues 0) 
 backlog 14820b 10p requeues 0
======================================================================
Timestamp: 2026-04-10 21:10:59
qdisc htb 1: root refcnt 13 r2q 10 default 0x10 direct_packets_stat 0 direct_qlen 1000
 Sent 7563899 bytes 5156 pkt (dropped 81, overlimits 1512 requeues 0) 
 backlog 48906b 5p requeues 0
qdisc pfifo 20: parent 1:10 limit 12p
 Sent 7563899 bytes 5156 pkt (dropped 81, overlimits 0 requeues 0) 
 backlog 48906b 5p requeues 0
======================================================================
Timestamp: 2026-04-10 21:11:00
qdisc htb 1: root refcnt 13 r2q 10 default 0x10 direct_packets_stat 0 direct_qlen 1000
 Sent 7631588 bytes 5205 pkt (dropped 81, overlimits 1520 requeues 0) 
 backlog 0b 0p requeues 0
qdisc pfifo 20: parent 1:10 limit 12p
 Sent 7631588 bytes 5205 pkt (dropped 81, overlimits 0 requeues 0) 
 backlog 0b 0p requeues 0
======================================================================
Timestamp: 2026-04-10 21:11:01
qdisc htb 1: root refcnt 13 r2q 10 default 0x10 direct_packets_stat 0 direct_qlen 1000
 Sent 8132678 bytes 5545 pkt (dropped 95, overlimits 1625 requeues 0) 
 backlog 0b 0p requeues 0
qdisc pfifo 20: parent 1:10 limit 12p
 Sent 8132678 bytes 5545 pkt (dropped 95, overlimits 0 requeues 0) 
 backlog 0b 0p requeues 0
======================================================================
Timestamp: 2026-04-10 21:11:02
qdisc htb 1: root refcnt 13 r2q 10 default 0x10 direct_packets_stat 0 direct_qlen 1000
 Sent 8133621 bytes 5548 pkt (dropped 95, overlimits 1625 requeues 0) 
 backlog 0b 0p requeues 0
qdisc pfifo 20: parent 1:10 limit 12p
 Sent 8133621 bytes 5548 pkt (dropped 95, overlimits 0 requeues 0) 
 backlog 0b 0p requeues 0
======================================================================
Timestamp: 2026-04-10 21:11:03
qdisc htb 1: root refcnt 13 r2q 10 default 0x10 direct_packets_stat 0 direct_qlen 1000
 Sent 8770602 bytes 5979 pkt (dropped 101, overlimits 1742 requeues 0) 
 backlog 0b 0p requeues 0
qdisc pfifo 20: parent 1:10 limit 12p
 Sent 8770602 bytes 5979 pkt (dropped 101, overlimits 0 requeues 0) 
 backlog 0b 0p requeues 0
======================================================================
Timestamp: 2026-04-10 21:11:04
qdisc htb 1: root refcnt 13 r2q 10 default 0x10 direct_packets_stat 0 direct_qlen 1000
 Sent 8772208 bytes 5981 pkt (dropped 101, overlimits 1742 requeues 0) 
 backlog 0b 0p requeues 0
qdisc pfifo 20: parent 1:10 limit 12p
 Sent 8772208 bytes 5981 pkt (dropped 101, overlimits 0 requeues 0) 
 backlog 0b 0p requeues 0
======================================================================
Timestamp: 2026-04-10 21:11:05
qdisc htb 1: root refcnt 13 r2q 10 default 0x10 direct_packets_stat 0 direct_qlen 1000
 Sent 9434622 bytes 6430 pkt (dropped 107, overlimits 1847 requeues 0) 
 backlog 29640b 4p requeues 0
qdisc pfifo 20: parent 1:10 limit 12p
 Sent 9434622 bytes 6430 pkt (dropped 107, overlimits 0 requeues 0) 
 backlog 29640b 4p requeues 0
======================================================================
Timestamp: 2026-04-10 21:11:06
qdisc htb 1: root refcnt 13 r2q 10 default 0x10 direct_packets_stat 0 direct_qlen 1000
 Sent 9601763 bytes 6545 pkt (dropped 107, overlimits 1870 requeues 0) 
 backlog 0b 0p requeues 0
qdisc pfifo 20: parent 1:10 limit 12p
 Sent 9601763 bytes 6545 pkt (dropped 107, overlimits 0 requeues 0) 
 backlog 0b 0p requeues 0
======================================================================
Timestamp: 2026-04-10 21:11:07
qdisc htb 1: root refcnt 13 r2q 10 default 0x10 direct_packets_stat 0 direct_qlen 1000
 Sent 10208558 bytes 6956 pkt (dropped 117, overlimits 1971 requeues 0) 
 backlog 22230b 3p requeues 0
qdisc pfifo 20: parent 1:10 limit 12p
 Sent 10208558 bytes 6956 pkt (dropped 117, overlimits 0 requeues 0) 
 backlog 22230b 3p requeues 0
======================================================================
Timestamp: 2026-04-10 21:11:08
qdisc htb 1: root refcnt 13 r2q 10 default 0x10 direct_packets_stat 0 direct_qlen 1000
 Sent 11054270 bytes 7527 pkt (dropped 132, overlimits 2149 requeues 0) 
 backlog 29640b 5p requeues 0
qdisc pfifo 20: parent 1:10 limit 12p
 Sent 11054270 bytes 7527 pkt (dropped 132, overlimits 0 requeues 0) 
 backlog 29640b 5p requeues 0
======================================================================
Timestamp: 2026-04-10 21:11:09
qdisc htb 1: root refcnt 13 r2q 10 default 0x10 direct_packets_stat 0 direct_qlen 1000
 Sent 11881175 bytes 8086 pkt (dropped 143, overlimits 2306 requeues 0) 
 backlog 28158b 4p requeues 0
qdisc pfifo 20: parent 1:10 limit 12p
 Sent 11881175 bytes 8086 pkt (dropped 143, overlimits 0 requeues 0) 
 backlog 28158b 4p requeues 0
======================================================================
Timestamp: 2026-04-10 21:11:10
qdisc htb 1: root refcnt 13 r2q 10 default 0x10 direct_packets_stat 0 direct_qlen 1000
 Sent 12142895 bytes 8264 pkt (dropped 143, overlimits 2342 requeues 0) 
 backlog 0b 0p requeues 0
qdisc pfifo 20: parent 1:10 limit 12p
 Sent 12142895 bytes 8264 pkt (dropped 143, overlimits 0 requeues 0) 
 backlog 0b 0p requeues 0
======================================================================
Timestamp: 2026-04-10 21:11:11
qdisc htb 1: root refcnt 13 r2q 10 default 0x10 direct_packets_stat 0 direct_qlen 1000
 Sent 12756172 bytes 8678 pkt (dropped 159, overlimits 2477 requeues 0) 
 backlog 19266b 3p requeues 0
qdisc pfifo 20: parent 1:10 limit 12p
 Sent 12756172 bytes 8678 pkt (dropped 159, overlimits 0 requeues 0) 
 backlog 19266b 3p requeues 0
======================================================================
Timestamp: 2026-04-10 21:11:12
qdisc htb 1: root refcnt 13 r2q 10 default 0x10 direct_packets_stat 0 direct_qlen 1000
 Sent 12987253 bytes 8835 pkt (dropped 159, overlimits 2510 requeues 0) 
 backlog 0b 0p requeues 0
qdisc pfifo 20: parent 1:10 limit 12p
 Sent 12987253 bytes 8835 pkt (dropped 159, overlimits 0 requeues 0) 
 backlog 0b 0p requeues 0
======================================================================
Timestamp: 2026-04-10 21:11:13
qdisc htb 1: root refcnt 13 r2q 10 default 0x10 direct_packets_stat 0 direct_qlen 1000
 Sent 13559034 bytes 9221 pkt (dropped 165, overlimits 2644 requeues 0) 
 backlog 22230b 4p requeues 0
qdisc pfifo 20: parent 1:10 limit 12p
 Sent 13559034 bytes 9221 pkt (dropped 165, overlimits 0 requeues 0) 
 backlog 22230b 4p requeues 0
======================================================================
Timestamp: 2026-04-10 21:11:14
qdisc htb 1: root refcnt 13 r2q 10 default 0x10 direct_packets_stat 0 direct_qlen 1000
 Sent 13901659 bytes 9454 pkt (dropped 165, overlimits 2696 requeues 0) 
 backlog 0b 0p requeues 0
qdisc pfifo 20: parent 1:10 limit 12p
 Sent 13901659 bytes 9454 pkt (dropped 165, overlimits 0 requeues 0) 
 backlog 0b 0p requeues 0
======================================================================
Timestamp: 2026-04-10 21:11:15
qdisc htb 1: root refcnt 13 r2q 10 default 0x10 direct_packets_stat 0 direct_qlen 1000
 Sent 14440837 bytes 9818 pkt (dropped 178, overlimits 2813 requeues 0) 
 backlog 29640b 4p requeues 0
qdisc pfifo 20: parent 1:10 limit 12p
 Sent 14440837 bytes 9818 pkt (dropped 178, overlimits 0 requeues 0) 
 backlog 29640b 4p requeues 0
======================================================================
Timestamp: 2026-04-10 21:11:16
qdisc htb 1: root refcnt 13 r2q 10 default 0x10 direct_packets_stat 0 direct_qlen 1000
 Sent 14592800 bytes 9922 pkt (dropped 178, overlimits 2834 requeues 0) 
 backlog 0b 0p requeues 0
qdisc pfifo 20: parent 1:10 limit 12p
 Sent 14592800 bytes 9922 pkt (dropped 178, overlimits 0 requeues 0) 
 backlog 0b 0p requeues 0
======================================================================
Timestamp: 2026-04-10 21:11:17
qdisc htb 1: root refcnt 13 r2q 10 default 0x10 direct_packets_stat 0 direct_qlen 1000
 Sent 15089000 bytes 10257 pkt (dropped 184, overlimits 2958 requeues 0) 
 backlog 25194b 3p requeues 0
qdisc pfifo 20: parent 1:10 limit 12p
 Sent 15089000 bytes 10257 pkt (dropped 184, overlimits 0 requeues 0) 
 backlog 25194b 3p requeues 0
======================================================================
Timestamp: 2026-04-10 21:11:18
qdisc htb 1: root refcnt 13 r2q 10 default 0x10 direct_packets_stat 0 direct_qlen 1000
 Sent 15374239 bytes 10451 pkt (dropped 184, overlimits 2998 requeues 0) 
 backlog 0b 0p requeues 0
qdisc pfifo 20: parent 1:10 limit 12p
 Sent 15374239 bytes 10451 pkt (dropped 184, overlimits 0 requeues 0) 
 backlog 0b 0p requeues 0
======================================================================
Timestamp: 2026-04-10 21:11:19
qdisc htb 1: root refcnt 13 r2q 10 default 0x10 direct_packets_stat 0 direct_qlen 1000
 Sent 15828942 bytes 10758 pkt (dropped 196, overlimits 3094 requeues 0) 
 backlog 28158b 4p requeues 0
qdisc pfifo 20: parent 1:10 limit 12p
 Sent 15828942 bytes 10758 pkt (dropped 196, overlimits 0 requeues 0) 
 backlog 28158b 4p requeues 0
======================================================================
Timestamp: 2026-04-10 21:11:20
qdisc htb 1: root refcnt 13 r2q 10 default 0x10 direct_packets_stat 0 direct_qlen 1000
 Sent 16235580 bytes 11033 pkt (dropped 196, overlimits 3149 requeues 0) 
 backlog 0b 0p requeues 0
qdisc pfifo 20: parent 1:10 limit 12p
 Sent 16235580 bytes 11033 pkt (dropped 196, overlimits 0 requeues 0) 
 backlog 0b 0p requeues 0
======================================================================
Timestamp: 2026-04-10 21:11:21
qdisc htb 1: root refcnt 13 r2q 10 default 0x10 direct_packets_stat 0 direct_qlen 1000
 Sent 16639896 bytes 11306 pkt (dropped 213, overlimits 3263 requeues 0) 
 backlog 14820b 2p requeues 0
qdisc pfifo 20: parent 1:10 limit 12p
 Sent 16639896 bytes 11306 pkt (dropped 213, overlimits 0 requeues 0) 
 backlog 14820b 2p requeues 0
======================================================================
Timestamp: 2026-04-10 21:11:22
qdisc htb 1: root refcnt 13 r2q 10 default 0x10 direct_packets_stat 0 direct_qlen 1000
 Sent 17056655 bytes 11589 pkt (dropped 213, overlimits 3323 requeues 0) 
 backlog 0b 0p requeues 0
qdisc pfifo 20: parent 1:10 limit 12p
 Sent 17056655 bytes 11589 pkt (dropped 213, overlimits 0 requeues 0) 
 backlog 0b 0p requeues 0
======================================================================
Timestamp: 2026-04-10 21:11:23
qdisc htb 1: root refcnt 13 r2q 10 default 0x10 direct_packets_stat 0 direct_qlen 1000
 Sent 17416594 bytes 11834 pkt (dropped 218, overlimits 3415 requeues 0) 
 backlog 26676b 4p requeues 0
qdisc pfifo 20: parent 1:10 limit 12p
 Sent 17416594 bytes 11834 pkt (dropped 218, overlimits 0 requeues 0) 
 backlog 26676b 4p requeues 0
======================================================================
Timestamp: 2026-04-10 21:11:24
qdisc htb 1: root refcnt 13 r2q 10 default 0x10 direct_packets_stat 0 direct_qlen 1000
 Sent 17937291 bytes 12187 pkt (dropped 218, overlimits 3489 requeues 0) 
 backlog 0b 0p requeues 0
qdisc pfifo 20: parent 1:10 limit 12p
 Sent 17937291 bytes 12187 pkt (dropped 218, overlimits 0 requeues 0) 
 backlog 0b 0p requeues 0
======================================================================
Timestamp: 2026-04-10 21:11:25
qdisc htb 1: root refcnt 13 r2q 10 default 0x10 direct_packets_stat 0 direct_qlen 1000
 Sent 18248241 bytes 12397 pkt (dropped 226, overlimits 3599 requeues 0) 
 backlog 17784b 3p requeues 0
qdisc pfifo 20: parent 1:10 limit 12p
 Sent 18248241 bytes 12397 pkt (dropped 226, overlimits 0 requeues 0) 
 backlog 17784b 3p requeues 0
======================================================================
Timestamp: 2026-04-10 21:11:26
qdisc htb 1: root refcnt 13 r2q 10 default 0x10 direct_packets_stat 0 direct_qlen 1000
 Sent 18842576 bytes 12799 pkt (dropped 226, overlimits 3694 requeues 0) 
 backlog 0b 0p requeues 0
qdisc pfifo 20: parent 1:10 limit 12p
 Sent 18842576 bytes 12799 pkt (dropped 226, overlimits 0 requeues 0) 
 backlog 0b 0p requeues 0
======================================================================
Timestamp: 2026-04-10 21:11:27
qdisc htb 1: root refcnt 13 r2q 10 default 0x10 direct_packets_stat 0 direct_qlen 1000
 Sent 19125367 bytes 12990 pkt (dropped 239, overlimits 3780 requeues 0) 
 backlog 20748b 2p requeues 0
qdisc pfifo 20: parent 1:10 limit 12p
 Sent 19125367 bytes 12990 pkt (dropped 239, overlimits 0 requeues 0) 
 backlog 20748b 2p requeues 0
======================================================================
Timestamp: 2026-04-10 21:11:28
qdisc htb 1: root refcnt 13 r2q 10 default 0x10 direct_packets_stat 0 direct_qlen 1000
 Sent 19793523 bytes 13442 pkt (dropped 239, overlimits 3855 requeues 0) 
 backlog 0b 0p requeues 0
qdisc pfifo 20: parent 1:10 limit 12p
 Sent 19793523 bytes 13442 pkt (dropped 239, overlimits 0 requeues 0) 
 backlog 0b 0p requeues 0
======================================================================
Timestamp: 2026-04-10 21:11:29
qdisc htb 1: root refcnt 13 r2q 10 default 0x10 direct_packets_stat 0 direct_qlen 1000
 Sent 20031855 bytes 13603 pkt (dropped 249, overlimits 3950 requeues 0) 
 backlog 13338b 2p requeues 0
qdisc pfifo 20: parent 1:10 limit 12p
 Sent 20031855 bytes 13603 pkt (dropped 249, overlimits 0 requeues 0) 
 backlog 13338b 2p requeues 0
======================================================================
Timestamp: 2026-04-10 21:11:30
qdisc htb 1: root refcnt 13 r2q 10 default 0x10 direct_packets_stat 0 direct_qlen 1000
 Sent 20398782 bytes 13853 pkt (dropped 249, overlimits 4004 requeues 0) 
 backlog 0b 0p requeues 0
qdisc pfifo 20: parent 1:10 limit 12p
 Sent 20398782 bytes 13853 pkt (dropped 249, overlimits 0 requeues 0) 
 backlog 0b 0p requeues 0
======================================================================
Timestamp: 2026-04-10 21:11:31
qdisc htb 1: root refcnt 13 r2q 10 default 0x10 direct_packets_stat 0 direct_qlen 1000
 Sent 20580797 bytes 13976 pkt (dropped 253, overlimits 4089 requeues 0) 
 backlog 7410b 4p requeues 0
qdisc pfifo 20: parent 1:10 limit 12p
 Sent 20580797 bytes 13976 pkt (dropped 253, overlimits 0 requeues 0) 
 backlog 7410b 4p requeues 0
======================================================================
Timestamp: 2026-04-10 21:11:32
qdisc htb 1: root refcnt 13 r2q 10 default 0x10 direct_packets_stat 0 direct_qlen 1000
 Sent 21239359 bytes 14423 pkt (dropped 253, overlimits 4194 requeues 0) 
 backlog 0b 0p requeues 0
qdisc pfifo 20: parent 1:10 limit 12p
 Sent 21239359 bytes 14423 pkt (dropped 253, overlimits 0 requeues 0) 
 backlog 0b 0p requeues 0
======================================================================
Timestamp: 2026-04-10 21:11:33
qdisc htb 1: root refcnt 13 r2q 10 default 0x10 direct_packets_stat 0 direct_qlen 1000
 Sent 21393217 bytes 14527 pkt (dropped 262, overlimits 4245 requeues 0) 
 backlog 25194b 4p requeues 0
qdisc pfifo 20: parent 1:10 limit 12p
 Sent 21393217 bytes 14527 pkt (dropped 262, overlimits 0 requeues 0) 
 backlog 25194b 4p requeues 0
======================================================================
Timestamp: 2026-04-10 21:11:34
qdisc htb 1: root refcnt 13 r2q 10 default 0x10 direct_packets_stat 0 direct_qlen 1000
 Sent 22048618 bytes 14971 pkt (dropped 262, overlimits 4340 requeues 0) 
 backlog 0b 0p requeues 0
qdisc pfifo 20: parent 1:10 limit 12p
 Sent 22048618 bytes 14971 pkt (dropped 262, overlimits 0 requeues 0) 
 backlog 0b 0p requeues 0
======================================================================
Timestamp: 2026-04-10 21:11:35
qdisc htb 1: root refcnt 13 r2q 10 default 0x10 direct_packets_stat 0 direct_qlen 1000
 Sent 22163943 bytes 15049 pkt (dropped 273, overlimits 4387 requeues 0) 
 backlog 26676b 10p requeues 0
qdisc pfifo 20: parent 1:10 limit 12p
 Sent 22163943 bytes 15049 pkt (dropped 273, overlimits 0 requeues 0) 
 backlog 26676b 10p requeues 0
======================================================================
Timestamp: 2026-04-10 21:11:36
qdisc htb 1: root refcnt 13 r2q 10 default 0x10 direct_packets_stat 0 direct_qlen 1000
 Sent 22999595 bytes 15615 pkt (dropped 273, overlimits 4508 requeues 0) 
 backlog 0b 0p requeues 0
qdisc pfifo 20: parent 1:10 limit 12p
 Sent 22999595 bytes 15615 pkt (dropped 273, overlimits 0 requeues 0) 
 backlog 0b 0p requeues 0
======================================================================
Timestamp: 2026-04-10 21:11:38
qdisc htb 1: root refcnt 13 r2q 10 default 0x10 direct_packets_stat 0 direct_qlen 1000
 Sent 23075014 bytes 15667 pkt (dropped 281, overlimits 4546 requeues 0) 
 backlog 10374b 4p requeues 0
qdisc pfifo 20: parent 1:10 limit 12p
 Sent 23075014 bytes 15667 pkt (dropped 281, overlimits 0 requeues 0) 
 backlog 10374b 4p requeues 0
======================================================================
Timestamp: 2026-04-10 21:11:39
qdisc htb 1: root refcnt 13 r2q 10 default 0x10 direct_packets_stat 0 direct_qlen 1000
 Sent 23609547 bytes 16029 pkt (dropped 283, overlimits 4646 requeues 0) 
 backlog 0b 0p requeues 0
qdisc pfifo 20: parent 1:10 limit 12p
 Sent 23609547 bytes 16029 pkt (dropped 283, overlimits 0 requeues 0) 
 backlog 0b 0p requeues 0
======================================================================
Timestamp: 2026-04-10 21:11:40
qdisc htb 1: root refcnt 13 r2q 10 default 0x10 direct_packets_stat 0 direct_qlen 1000
 Sent 23650772 bytes 16057 pkt (dropped 285, overlimits 4663 requeues 0) 
 backlog 13338b 9p requeues 0
qdisc pfifo 20: parent 1:10 limit 12p
 Sent 23650772 bytes 16057 pkt (dropped 285, overlimits 0 requeues 0) 
 backlog 13338b 9p requeues 0
======================================================================
Timestamp: 2026-04-10 21:11:41
qdisc htb 1: root refcnt 13 r2q 10 default 0x10 direct_packets_stat 0 direct_qlen 1000
 Sent 24383168 bytes 16553 pkt (dropped 285, overlimits 4786 requeues 0) 
 backlog 0b 0p requeues 0
qdisc pfifo 20: parent 1:10 limit 12p
 Sent 24383168 bytes 16553 pkt (dropped 285, overlimits 0 requeues 0) 
 backlog 0b 0p requeues 0
======================================================================
Timestamp: 2026-04-10 21:11:42
qdisc htb 1: root refcnt 13 r2q 10 default 0x10 direct_packets_stat 0 direct_qlen 1000
 Sent 24397717 bytes 16563 pkt (dropped 285, overlimits 4788 requeues 0) 
 backlog 7410b 2p requeues 0
qdisc pfifo 20: parent 1:10 limit 12p
 Sent 24397717 bytes 16563 pkt (dropped 285, overlimits 0 requeues 0) 
 backlog 7410b 2p requeues 0
======================================================================
Timestamp: 2026-04-10 21:11:43
qdisc htb 1: root refcnt 13 r2q 10 default 0x10 direct_packets_stat 0 direct_qlen 1000
 Sent 25254323 bytes 17142 pkt (dropped 291, overlimits 4958 requeues 0) 
 backlog 0b 0p requeues 0
qdisc pfifo 20: parent 1:10 limit 12p
 Sent 25254323 bytes 17142 pkt (dropped 291, overlimits 0 requeues 0) 
 backlog 0b 0p requeues 0
======================================================================
Timestamp: 2026-04-10 21:11:44
qdisc htb 1: root refcnt 13 r2q 10 default 0x10 direct_packets_stat 0 direct_qlen 1000
 Sent 25257016 bytes 17144 pkt (dropped 291, overlimits 4959 requeues 0) 
 backlog 0b 0p requeues 0
qdisc pfifo 20: parent 1:10 limit 12p
 Sent 25257016 bytes 17144 pkt (dropped 291, overlimits 0 requeues 0) 
 backlog 0b 0p requeues 0
======================================================================
Timestamp: 2026-04-10 21:11:45
qdisc htb 1: root refcnt 13 r2q 10 default 0x10 direct_packets_stat 0 direct_qlen 1000
 Sent 26094620 bytes 17710 pkt (dropped 300, overlimits 5137 requeues 0) 
 backlog 0b 0p requeues 0
qdisc pfifo 20: parent 1:10 limit 12p
 Sent 26094620 bytes 17710 pkt (dropped 300, overlimits 0 requeues 0) 
 backlog 0b 0p requeues 0
======================================================================
Timestamp: 2026-04-10 21:11:46
qdisc htb 1: root refcnt 13 r2q 10 default 0x10 direct_packets_stat 0 direct_qlen 1000
 Sent 26096473 bytes 17713 pkt (dropped 300, overlimits 5138 requeues 0) 
 backlog 0b 0p requeues 0
qdisc pfifo 20: parent 1:10 limit 12p
 Sent 26096473 bytes 17713 pkt (dropped 300, overlimits 0 requeues 0) 
 backlog 0b 0p requeues 0
======================================================================
Timestamp: 2026-04-10 21:11:47
qdisc htb 1: root refcnt 13 r2q 10 default 0x10 direct_packets_stat 0 direct_qlen 1000
 Sent 26897965 bytes 18254 pkt (dropped 305, overlimits 5331 requeues 0) 
 backlog 26085b 3p requeues 0
qdisc pfifo 20: parent 1:10 limit 12p
 Sent 26897965 bytes 18254 pkt (dropped 305, overlimits 0 requeues 0) 
 backlog 26085b 3p requeues 0
======================================================================
Timestamp: 2026-04-10 21:11:48
qdisc htb 1: root refcnt 13 r2q 10 default 0x10 direct_packets_stat 0 direct_qlen 1000
 Sent 26924050 bytes 18272 pkt (dropped 305, overlimits 5334 requeues 0) 
 backlog 0b 0p requeues 0
qdisc pfifo 20: parent 1:10 limit 12p
 Sent 26924050 bytes 18272 pkt (dropped 305, overlimits 0 requeues 0) 
 backlog 0b 0p requeues 0
======================================================================
Timestamp: 2026-04-10 21:11:49
qdisc htb 1: root refcnt 13 r2q 10 default 0x10 direct_packets_stat 0 direct_qlen 1000
 Sent 27694419 bytes 18792 pkt (dropped 315, overlimits 5465 requeues 0) 
 backlog 29640b 4p requeues 0
qdisc pfifo 20: parent 1:10 limit 12p
 Sent 27694419 bytes 18792 pkt (dropped 315, overlimits 0 requeues 0) 
 backlog 29640b 4p requeues 0
======================================================================
Timestamp: 2026-04-10 21:11:50
qdisc htb 1: root refcnt 13 r2q 10 default 0x10 direct_packets_stat 0 direct_qlen 1000
 Sent 27771322 bytes 18845 pkt (dropped 315, overlimits 5476 requeues 0) 
 backlog 0b 0p requeues 0
qdisc pfifo 20: parent 1:10 limit 12p
 Sent 27771322 bytes 18845 pkt (dropped 315, overlimits 0 requeues 0) 
 backlog 0b 0p requeues 0
======================================================================
Timestamp: 2026-04-10 21:11:51
qdisc htb 1: root refcnt 13 r2q 10 default 0x10 direct_packets_stat 0 direct_qlen 1000
 Sent 28503159 bytes 19339 pkt (dropped 327, overlimits 5597 requeues 0) 
 backlog 37050b 4p requeues 0
qdisc pfifo 20: parent 1:10 limit 12p
 Sent 28503159 bytes 19339 pkt (dropped 327, overlimits 0 requeues 0) 
 backlog 37050b 4p requeues 0
======================================================================
Timestamp: 2026-04-10 21:11:52
qdisc htb 1: root refcnt 13 r2q 10 default 0x10 direct_packets_stat 0 direct_qlen 1000
 Sent 28615612 bytes 19416 pkt (dropped 327, overlimits 5611 requeues 0) 
 backlog 0b 0p requeues 0
qdisc pfifo 20: parent 1:10 limit 12p
 Sent 28615612 bytes 19416 pkt (dropped 327, overlimits 0 requeues 0) 
 backlog 0b 0p requeues 0
======================================================================
Timestamp: 2026-04-10 21:11:53
qdisc htb 1: root refcnt 13 r2q 10 default 0x10 direct_packets_stat 0 direct_qlen 1000
 Sent 29313363 bytes 19887 pkt (dropped 342, overlimits 5758 requeues 0) 
 backlog 17784b 3p requeues 0
qdisc pfifo 20: parent 1:10 limit 12p
 Sent 29313363 bytes 19887 pkt (dropped 342, overlimits 0 requeues 0) 
 backlog 17784b 3p requeues 0
======================================================================
Timestamp: 2026-04-10 21:11:54
qdisc htb 1: root refcnt 13 r2q 10 default 0x10 direct_packets_stat 0 direct_qlen 1000
 Sent 29504499 bytes 20017 pkt (dropped 342, overlimits 5786 requeues 0) 
 backlog 0b 0p requeues 0
qdisc pfifo 20: parent 1:10 limit 12p
 Sent 29504499 bytes 20017 pkt (dropped 342, overlimits 0 requeues 0) 
 backlog 0b 0p requeues 0
======================================================================
Timestamp: 2026-04-10 21:11:55
qdisc htb 1: root refcnt 13 r2q 10 default 0x10 direct_packets_stat 0 direct_qlen 1000
 Sent 30145935 bytes 20450 pkt (dropped 355, overlimits 5916 requeues 0) 
 backlog 29640b 4p requeues 0
qdisc pfifo 20: parent 1:10 limit 12p
 Sent 30145935 bytes 20450 pkt (dropped 355, overlimits 0 requeues 0) 
 backlog 29640b 4p requeues 0
======================================================================
Timestamp: 2026-04-10 21:11:56
qdisc htb 1: root refcnt 13 r2q 10 default 0x10 direct_packets_stat 0 direct_qlen 1000
 Sent 30380574 bytes 20610 pkt (dropped 355, overlimits 5949 requeues 0) 
 backlog 0b 0p requeues 0
qdisc pfifo 20: parent 1:10 limit 12p
 Sent 30380574 bytes 20610 pkt (dropped 355, overlimits 0 requeues 0) 
 backlog 0b 0p requeues 0
======================================================================
Timestamp: 2026-04-10 21:11:57
qdisc htb 1: root refcnt 13 r2q 10 default 0x10 direct_packets_stat 0 direct_qlen 1000
 Sent 30980513 bytes 21015 pkt (dropped 367, overlimits 6075 requeues 0) 
 backlog 34086b 5p requeues 0
qdisc pfifo 20: parent 1:10 limit 12p
 Sent 30980513 bytes 21015 pkt (dropped 367, overlimits 0 requeues 0) 
 backlog 34086b 5p requeues 0
======================================================================
Timestamp: 2026-04-10 21:11:58
qdisc htb 1: root refcnt 13 r2q 10 default 0x10 direct_packets_stat 0 direct_qlen 1000
 Sent 31288990 bytes 21225 pkt (dropped 367, overlimits 6120 requeues 0) 
 backlog 0b 0p requeues 0
qdisc pfifo 20: parent 1:10 limit 12p
 Sent 31288990 bytes 21225 pkt (dropped 367, overlimits 0 requeues 0) 
 backlog 0b 0p requeues 0
======================================================================
Timestamp: 2026-04-10 21:11:59
qdisc htb 1: root refcnt 13 r2q 10 default 0x10 direct_packets_stat 0 direct_qlen 1000
 Sent 31831132 bytes 21591 pkt (dropped 376, overlimits 6270 requeues 0) 
 backlog 26676b 4p requeues 0
qdisc pfifo 20: parent 1:10 limit 12p
 Sent 31831132 bytes 21591 pkt (dropped 376, overlimits 0 requeues 0) 
 backlog 26676b 4p requeues 0
======================================================================
Timestamp: 2026-04-10 21:12:00
qdisc htb 1: root refcnt 13 r2q 10 default 0x10 direct_packets_stat 0 direct_qlen 1000
 Sent 32193962 bytes 21838 pkt (dropped 376, overlimits 6325 requeues 0) 
 backlog 0b 0p requeues 0
qdisc pfifo 20: parent 1:10 limit 12p
 Sent 32193962 bytes 21838 pkt (dropped 376, overlimits 0 requeues 0) 
 backlog 0b 0p requeues 0
======================================================================
Timestamp: 2026-04-10 21:12:01
qdisc htb 1: root refcnt 13 r2q 10 default 0x10 direct_packets_stat 0 direct_qlen 1000
 Sent 32718319 bytes 22192 pkt (dropped 389, overlimits 6435 requeues 0) 
 backlog 29640b 4p requeues 0
qdisc pfifo 20: parent 1:10 limit 12p
 Sent 32718319 bytes 22192 pkt (dropped 389, overlimits 0 requeues 0) 
 backlog 29640b 4p requeues 0
======================================================================
Timestamp: 2026-04-10 21:12:02
qdisc htb 1: root refcnt 13 r2q 10 default 0x10 direct_packets_stat 0 direct_qlen 1000
 Sent 33102080 bytes 22452 pkt (dropped 389, overlimits 6485 requeues 0) 
 backlog 0b 0p requeues 0
qdisc pfifo 20: parent 1:10 limit 12p
 Sent 33102080 bytes 22452 pkt (dropped 389, overlimits 0 requeues 0) 
 backlog 0b 0p requeues 0
======================================================================
Timestamp: 2026-04-10 21:12:03
qdisc htb 1: root refcnt 13 r2q 10 default 0x10 direct_packets_stat 0 direct_qlen 1000
 Sent 33371766 bytes 22636 pkt (dropped 398, overlimits 6589 requeues 0) 
 backlog 0b 0p requeues 0
qdisc pfifo 20: parent 1:10 limit 12p
 Sent 33371766 bytes 22636 pkt (dropped 398, overlimits 0 requeues 0) 
 backlog 0b 0p requeues 0
======================================================================
Timestamp: 2026-04-10 21:12:04
qdisc htb 1: root refcnt 13 r2q 10 default 0x10 direct_packets_stat 0 direct_qlen 1000
 Sent 33371766 bytes 22636 pkt (dropped 398, overlimits 6589 requeues 0) 
 backlog 0b 0p requeues 0
qdisc pfifo 20: parent 1:10 limit 12p
 Sent 33371766 bytes 22636 pkt (dropped 398, overlimits 0 requeues 0) 
 backlog 0b 0p requeues 0
======================================================================
Timestamp: 2026-04-10 21:12:05
qdisc htb 1: root refcnt 13 r2q 10 default 0x10 direct_packets_stat 0 direct_qlen 1000
 Sent 33709600 bytes 22866 pkt (dropped 398, overlimits 6664 requeues 0) 
 backlog 0b 0p requeues 0
qdisc pfifo 20: parent 1:10 limit 12p
 Sent 33709600 bytes 22866 pkt (dropped 398, overlimits 0 requeues 0) 
 backlog 0b 0p requeues 0
======================================================================
Timestamp: 2026-04-10 21:12:06
qdisc htb 1: root refcnt 13 r2q 10 default 0x10 direct_packets_stat 0 direct_qlen 1000
 Sent 33709642 bytes 22867 pkt (dropped 398, overlimits 6664 requeues 0) 
 backlog 0b 0p requeues 0
qdisc pfifo 20: parent 1:10 limit 12p
 Sent 33709642 bytes 22867 pkt (dropped 398, overlimits 0 requeues 0) 
 backlog 0b 0p requeues 0
======================================================================
Timestamp: 2026-04-10 21:12:07
qdisc htb 1: root refcnt 13 r2q 10 default 0x10 direct_packets_stat 0 direct_qlen 1000
 Sent 34115440 bytes 23141 pkt (dropped 404, overlimits 6744 requeues 0) 
 backlog 23712b 3p requeues 0
qdisc pfifo 20: parent 1:10 limit 12p
 Sent 34115440 bytes 23141 pkt (dropped 404, overlimits 0 requeues 0) 
 backlog 23712b 3p requeues 0
======================================================================
Timestamp: 2026-04-10 21:12:08
qdisc htb 1: root refcnt 13 r2q 10 default 0x10 direct_packets_stat 0 direct_qlen 1000
 Sent 34570605 bytes 23450 pkt (dropped 404, overlimits 6803 requeues 0) 
 backlog 0b 0p requeues 0
qdisc pfifo 20: parent 1:10 limit 12p
 Sent 34570605 bytes 23450 pkt (dropped 404, overlimits 0 requeues 0) 
 backlog 0b 0p requeues 0
======================================================================
Timestamp: 2026-04-10 21:12:09
qdisc htb 1: root refcnt 13 r2q 10 default 0x10 direct_packets_stat 0 direct_qlen 1000
 Sent 34826844 bytes 23624 pkt (dropped 412, overlimits 6891 requeues 0) 
 backlog 11856b 2p requeues 0
qdisc pfifo 20: parent 1:10 limit 12p
 Sent 34826844 bytes 23624 pkt (dropped 412, overlimits 0 requeues 0) 
 backlog 11856b 2p requeues 0
======================================================================
Timestamp: 2026-04-10 21:12:10
qdisc htb 1: root refcnt 13 r2q 10 default 0x10 direct_packets_stat 0 direct_qlen 1000
 Sent 35442474 bytes 24041 pkt (dropped 412, overlimits 6982 requeues 0) 
 backlog 0b 0p requeues 0
qdisc pfifo 20: parent 1:10 limit 12p
 Sent 35442474 bytes 24041 pkt (dropped 412, overlimits 0 requeues 0) 
 backlog 0b 0p requeues 0
======================================================================
Timestamp: 2026-04-10 21:12:11
qdisc htb 1: root refcnt 13 r2q 10 default 0x10 direct_packets_stat 0 direct_qlen 1000
 Sent 35699392 bytes 24215 pkt (dropped 419, overlimits 7068 requeues 0) 
 backlog 13338b 2p requeues 0
qdisc pfifo 20: parent 1:10 limit 12p
 Sent 35699392 bytes 24215 pkt (dropped 419, overlimits 0 requeues 0) 
 backlog 13338b 2p requeues 0
======================================================================
Timestamp: 2026-04-10 21:12:12
qdisc htb 1: root refcnt 13 r2q 10 default 0x10 direct_packets_stat 0 direct_qlen 1000
 Sent 35880069 bytes 24339 pkt (dropped 419, overlimits 7096 requeues 0) 
 backlog 0b 0p requeues 0
qdisc pfifo 20: parent 1:10 limit 12p
 Sent 35880069 bytes 24339 pkt (dropped 419, overlimits 0 requeues 0) 
 backlog 0b 0p requeues 0
======================================================================
Timestamp: 2026-04-10 21:12:13
qdisc htb 1: root refcnt 13 r2q 10 default 0x10 direct_packets_stat 0 direct_qlen 1000
 Sent 36037140 bytes 24447 pkt (dropped 422, overlimits 7133 requeues 0) 
 backlog 5928b 1p requeues 0
qdisc pfifo 20: parent 1:10 limit 12p
 Sent 36037140 bytes 24447 pkt (dropped 422, overlimits 0 requeues 0) 
 backlog 5928b 1p requeues 0
======================================================================
Timestamp: 2026-04-10 21:12:14
qdisc htb 1: root refcnt 13 r2q 10 default 0x10 direct_packets_stat 0 direct_qlen 1000
 Sent 36723691 bytes 24912 pkt (dropped 422, overlimits 7233 requeues 0) 
 backlog 0b 0p requeues 0
qdisc pfifo 20: parent 1:10 limit 12p
 Sent 36723691 bytes 24912 pkt (dropped 422, overlimits 0 requeues 0) 
 backlog 0b 0p requeues 0
======================================================================
Timestamp: 2026-04-10 21:12:15
qdisc htb 1: root refcnt 13 r2q 10 default 0x10 direct_packets_stat 0 direct_qlen 1000
 Sent 36835500 bytes 24989 pkt (dropped 433, overlimits 7266 requeues 0) 
 backlog 25194b 4p requeues 0
qdisc pfifo 20: parent 1:10 limit 12p
 Sent 36835500 bytes 24989 pkt (dropped 433, overlimits 0 requeues 0) 
 backlog 25194b 4p requeues 0
======================================================================
Timestamp: 2026-04-10 21:12:16
qdisc htb 1: root refcnt 13 r2q 10 default 0x10 direct_packets_stat 0 direct_qlen 1000
 Sent 37160080 bytes 25209 pkt (dropped 433, overlimits 7313 requeues 0) 
 backlog 0b 0p requeues 0
qdisc pfifo 20: parent 1:10 limit 12p
 Sent 37160080 bytes 25209 pkt (dropped 433, overlimits 0 requeues 0) 
 backlog 0b 0p requeues 0
======================================================================
Timestamp: 2026-04-10 21:12:17
qdisc htb 1: root refcnt 13 r2q 10 default 0x10 direct_packets_stat 0 direct_qlen 1000
 Sent 37245334 bytes 25269 pkt (dropped 440, overlimits 7334 requeues 0) 
 backlog 17784b 4p requeues 0
qdisc pfifo 20: parent 1:10 limit 12p
 Sent 37245334 bytes 25269 pkt (dropped 440, overlimits 0 requeues 0) 
 backlog 17784b 4p requeues 0
======================================================================
Timestamp: 2026-04-10 21:12:18
qdisc htb 1: root refcnt 13 r2q 10 default 0x10 direct_packets_stat 0 direct_qlen 1000
 Sent 37623169 bytes 25527 pkt (dropped 440, overlimits 7391 requeues 0) 
 backlog 0b 0p requeues 0
qdisc pfifo 20: parent 1:10 limit 12p
 Sent 37623169 bytes 25527 pkt (dropped 440, overlimits 0 requeues 0) 
 backlog 0b 0p requeues 0
======================================================================
Timestamp: 2026-04-10 21:12:19
qdisc htb 1: root refcnt 13 r2q 10 default 0x10 direct_packets_stat 0 direct_qlen 1000
 Sent 37666503 bytes 25561 pkt (dropped 444, overlimits 7404 requeues 0) 
 backlog 20748b 4p requeues 0
qdisc pfifo 20: parent 1:10 limit 12p
 Sent 37666503 bytes 25561 pkt (dropped 444, overlimits 0 requeues 0) 
 backlog 20748b 4p requeues 0
======================================================================
Timestamp: 2026-04-10 21:12:20
qdisc htb 1: root refcnt 13 r2q 10 default 0x10 direct_packets_stat 0 direct_qlen 1000
 Sent 38555703 bytes 26161 pkt (dropped 444, overlimits 7530 requeues 0) 
 backlog 28158b 3p requeues 0
qdisc pfifo 20: parent 1:10 limit 12p
 Sent 38555703 bytes 26161 pkt (dropped 444, overlimits 0 requeues 0) 
 backlog 28158b 3p requeues 0
======================================================================
Timestamp: 2026-04-10 21:12:21
qdisc htb 1: root refcnt 13 r2q 10 default 0x10 direct_packets_stat 0 direct_qlen 1000
 Sent 39356842 bytes 26705 pkt (dropped 474, overlimits 7714 requeues 0) 
 backlog 26676b 4p requeues 0
qdisc pfifo 20: parent 1:10 limit 12p
 Sent 39356842 bytes 26705 pkt (dropped 474, overlimits 0 requeues 0) 
 backlog 26676b 4p requeues 0
======================================================================
Timestamp: 2026-04-10 21:12:22
qdisc htb 1: root refcnt 13 r2q 10 default 0x10 direct_packets_stat 0 direct_qlen 1000
 Sent 40123924 bytes 27224 pkt (dropped 499, overlimits 7889 requeues 0) 
 backlog 20748b 4p requeues 0
qdisc pfifo 20: parent 1:10 limit 12p
 Sent 40123924 bytes 27224 pkt (dropped 499, overlimits 0 requeues 0) 
 backlog 20748b 4p requeues 0
======================================================================
Timestamp: 2026-04-10 21:12:23
qdisc htb 1: root refcnt 13 r2q 10 default 0x10 direct_packets_stat 0 direct_qlen 1000
 Sent 40831956 bytes 27703 pkt (dropped 499, overlimits 7991 requeues 0) 
 backlog 0b 0p requeues 0
qdisc pfifo 20: parent 1:10 limit 12p
 Sent 40831956 bytes 27703 pkt (dropped 499, overlimits 0 requeues 0) 
 backlog 0b 0p requeues 0
======================================================================
Timestamp: 2026-04-10 21:12:24
qdisc htb 1: root refcnt 13 r2q 10 default 0x10 direct_packets_stat 0 direct_qlen 1000
 Sent 41102891 bytes 27886 pkt (dropped 513, overlimits 8068 requeues 0) 
 backlog 31122b 5p requeues 0
qdisc pfifo 20: parent 1:10 limit 12p
 Sent 41102891 bytes 27886 pkt (dropped 513, overlimits 0 requeues 0) 
 backlog 31122b 5p requeues 0
======================================================================
Timestamp: 2026-04-10 21:12:25
qdisc htb 1: root refcnt 13 r2q 10 default 0x10 direct_packets_stat 0 direct_qlen 1000
 Sent 41686431 bytes 28281 pkt (dropped 513, overlimits 8157 requeues 0) 
 backlog 0b 0p requeues 0
qdisc pfifo 20: parent 1:10 limit 12p
 Sent 41686431 bytes 28281 pkt (dropped 513, overlimits 0 requeues 0) 
 backlog 0b 0p requeues 0
======================================================================
Timestamp: 2026-04-10 21:12:26
qdisc htb 1: root refcnt 13 r2q 10 default 0x10 direct_packets_stat 0 direct_qlen 1000
 Sent 41924763 bytes 28442 pkt (dropped 528, overlimits 8233 requeues 0) 
 backlog 22230b 3p requeues 0
qdisc pfifo 20: parent 1:10 limit 12p
 Sent 41924763 bytes 28442 pkt (dropped 528, overlimits 0 requeues 0) 
 backlog 22230b 3p requeues 0
======================================================================
Timestamp: 2026-04-10 21:12:27
qdisc htb 1: root refcnt 13 r2q 10 default 0x10 direct_packets_stat 0 direct_qlen 1000
 Sent 42753201 bytes 29001 pkt (dropped 531, overlimits 8410 requeues 0) 
 backlog 25194b 3p requeues 0
qdisc pfifo 20: parent 1:10 limit 12p
 Sent 42753201 bytes 29001 pkt (dropped 531, overlimits 0 requeues 0) 
 backlog 25194b 3p requeues 0
======================================================================
Timestamp: 2026-04-10 21:12:28
qdisc htb 1: root refcnt 13 r2q 10 default 0x10 direct_packets_stat 0 direct_qlen 1000
 Sent 43043669 bytes 29199 pkt (dropped 535, overlimits 8493 requeues 0) 
 backlog 29640b 4p requeues 0
qdisc pfifo 20: parent 1:10 limit 12p
 Sent 43043669 bytes 29199 pkt (dropped 535, overlimits 0 requeues 0) 
 backlog 29640b 4p requeues 0
======================================================================
Timestamp: 2026-04-10 21:12:29
qdisc htb 1: root refcnt 13 r2q 10 default 0x10 direct_packets_stat 0 direct_qlen 1000
 Sent 43667391 bytes 29621 pkt (dropped 535, overlimits 8583 requeues 0) 
 backlog 0b 0p requeues 0
qdisc pfifo 20: parent 1:10 limit 12p
 Sent 43667391 bytes 29621 pkt (dropped 535, overlimits 0 requeues 0) 
 backlog 0b 0p requeues 0
======================================================================
Timestamp: 2026-04-10 21:12:30
qdisc htb 1: root refcnt 13 r2q 10 default 0x10 direct_packets_stat 0 direct_qlen 1000
 Sent 43812357 bytes 29719 pkt (dropped 541, overlimits 8651 requeues 0) 
 backlog 17784b 6p requeues 0
qdisc pfifo 20: parent 1:10 limit 12p
 Sent 43812357 bytes 29719 pkt (dropped 541, overlimits 0 requeues 0) 
 backlog 17784b 6p requeues 0
======================================================================
Timestamp: 2026-04-10 21:12:31
qdisc htb 1: root refcnt 13 r2q 10 default 0x10 direct_packets_stat 0 direct_qlen 1000
 Sent 44691183 bytes 30312 pkt (dropped 541, overlimits 8785 requeues 0) 
 backlog 38532b 5p requeues 0
qdisc pfifo 20: parent 1:10 limit 12p
 Sent 44691183 bytes 30312 pkt (dropped 541, overlimits 0 requeues 0) 
 backlog 38532b 5p requeues 0
======================================================================
Timestamp: 2026-04-10 21:12:32
qdisc htb 1: root refcnt 13 r2q 10 default 0x10 direct_packets_stat 0 direct_qlen 1000
 Sent 45035218 bytes 30547 pkt (dropped 551, overlimits 8869 requeues 0) 
 backlog 16302b 11p requeues 0
qdisc pfifo 20: parent 1:10 limit 12p
 Sent 45035218 bytes 30547 pkt (dropped 551, overlimits 0 requeues 0) 
 backlog 16302b 11p requeues 0
======================================================================
Timestamp: 2026-04-10 21:12:33
qdisc htb 1: root refcnt 13 r2q 10 default 0x10 direct_packets_stat 0 direct_qlen 1000
 Sent 45919972 bytes 31144 pkt (dropped 554, overlimits 9036 requeues 0) 
 backlog 25194b 2p requeues 0
qdisc pfifo 20: parent 1:10 limit 12p
 Sent 45919972 bytes 31144 pkt (dropped 554, overlimits 0 requeues 0) 
 backlog 25194b 2p requeues 0
======================================================================
Timestamp: 2026-04-10 21:12:34
qdisc htb 1: root refcnt 13 r2q 10 default 0x10 direct_packets_stat 0 direct_qlen 1000
 Sent 46309176 bytes 31409 pkt (dropped 563, overlimits 9105 requeues 0) 
 backlog 17784b 12p requeues 0
qdisc pfifo 20: parent 1:10 limit 12p
 Sent 46309176 bytes 31409 pkt (dropped 563, overlimits 0 requeues 0) 
 backlog 17784b 12p requeues 0
======================================================================
Timestamp: 2026-04-10 21:12:35
qdisc htb 1: root refcnt 13 r2q 10 default 0x10 direct_packets_stat 0 direct_qlen 1000
 Sent 47190958 bytes 32004 pkt (dropped 568, overlimits 9274 requeues 0) 
 backlog 44460b 7p requeues 0
qdisc pfifo 20: parent 1:10 limit 12p
 Sent 47190958 bytes 32004 pkt (dropped 568, overlimits 0 requeues 0) 
 backlog 44460b 7p requeues 0
======================================================================
Timestamp: 2026-04-10 21:12:36
qdisc htb 1: root refcnt 13 r2q 10 default 0x10 direct_packets_stat 0 direct_qlen 1000
 Sent 47469267 bytes 32193 pkt (dropped 568, overlimits 9309 requeues 0) 
 backlog 0b 0p requeues 0
qdisc pfifo 20: parent 1:10 limit 12p
 Sent 47469267 bytes 32193 pkt (dropped 568, overlimits 0 requeues 0) 
 backlog 0b 0p requeues 0
======================================================================
Timestamp: 2026-04-10 21:12:37
qdisc htb 1: root refcnt 13 r2q 10 default 0x10 direct_packets_stat 0 direct_qlen 1000
 Sent 48257055 bytes 32726 pkt (dropped 602, overlimits 9499 requeues 0) 
 backlog 25194b 4p requeues 0
qdisc pfifo 20: parent 1:10 limit 12p
 Sent 48257055 bytes 32726 pkt (dropped 602, overlimits 0 requeues 0) 
 backlog 25194b 4p requeues 0
======================================================================
Timestamp: 2026-04-10 21:12:38
qdisc htb 1: root refcnt 13 r2q 10 default 0x10 direct_packets_stat 0 direct_qlen 1000
 Sent 48813475 bytes 33103 pkt (dropped 602, overlimits 9565 requeues 0) 
 backlog 0b 0p requeues 0
qdisc pfifo 20: parent 1:10 limit 12p
 Sent 48813475 bytes 33103 pkt (dropped 602, overlimits 0 requeues 0) 
 backlog 0b 0p requeues 0
======================================================================
Timestamp: 2026-04-10 21:12:39
qdisc htb 1: root refcnt 13 r2q 10 default 0x10 direct_packets_stat 0 direct_qlen 1000
 Sent 49526173 bytes 33585 pkt (dropped 621, overlimits 9709 requeues 0) 
 backlog 25194b 4p requeues 0
qdisc pfifo 20: parent 1:10 limit 12p
 Sent 49526173 bytes 33585 pkt (dropped 621, overlimits 0 requeues 0) 
 backlog 25194b 4p requeues 0
======================================================================
Timestamp: 2026-04-10 21:12:40
qdisc htb 1: root refcnt 13 r2q 10 default 0x10 direct_packets_stat 0 direct_qlen 1000
 Sent 49635425 bytes 33660 pkt (dropped 621, overlimits 9723 requeues 0) 
 backlog 0b 0p requeues 0
qdisc pfifo 20: parent 1:10 limit 12p
 Sent 49635425 bytes 33660 pkt (dropped 621, overlimits 0 requeues 0) 
 backlog 0b 0p requeues 0
======================================================================
Timestamp: 2026-04-10 21:12:41
qdisc htb 1: root refcnt 13 r2q 10 default 0x10 direct_packets_stat 0 direct_qlen 1000
 Sent 50339908 bytes 34136 pkt (dropped 630, overlimits 9834 requeues 0) 
 backlog 31122b 4p requeues 0
qdisc pfifo 20: parent 1:10 limit 12p
 Sent 50339908 bytes 34136 pkt (dropped 630, overlimits 0 requeues 0) 
 backlog 31122b 4p requeues 0
======================================================================
Timestamp: 2026-04-10 21:12:42
qdisc htb 1: root refcnt 13 r2q 10 default 0x10 direct_packets_stat 0 direct_qlen 1000
 Sent 50467495 bytes 34226 pkt (dropped 630, overlimits 9850 requeues 0) 
 backlog 0b 0p requeues 0
qdisc pfifo 20: parent 1:10 limit 12p
 Sent 50467495 bytes 34226 pkt (dropped 630, overlimits 0 requeues 0) 
 backlog 0b 0p requeues 0
======================================================================
Timestamp: 2026-04-10 21:12:43
qdisc htb 1: root refcnt 13 r2q 10 default 0x10 direct_packets_stat 0 direct_qlen 1000
 Sent 51098005 bytes 34653 pkt (dropped 642, overlimits 9955 requeues 0) 
 backlog 31122b 4p requeues 0
qdisc pfifo 20: parent 1:10 limit 12p
 Sent 51098005 bytes 34653 pkt (dropped 642, overlimits 0 requeues 0) 
 backlog 31122b 4p requeues 0
======================================================================
Timestamp: 2026-04-10 21:12:44
qdisc htb 1: root refcnt 13 r2q 10 default 0x10 direct_packets_stat 0 direct_qlen 1000
 Sent 51298569 bytes 34790 pkt (dropped 642, overlimits 9983 requeues 0) 
 backlog 0b 0p requeues 0
qdisc pfifo 20: parent 1:10 limit 12p
 Sent 51298569 bytes 34790 pkt (dropped 642, overlimits 0 requeues 0) 
 backlog 0b 0p requeues 0
======================================================================
Timestamp: 2026-04-10 21:12:45
qdisc htb 1: root refcnt 13 r2q 10 default 0x10 direct_packets_stat 0 direct_qlen 1000
 Sent 51886100 bytes 35188 pkt (dropped 654, overlimits 10073 requeues 0) 
 backlog 41496b 4p requeues 0
qdisc pfifo 20: parent 1:10 limit 12p
 Sent 51886100 bytes 35188 pkt (dropped 654, overlimits 0 requeues 0) 
 backlog 41496b 4p requeues 0
======================================================================
Timestamp: 2026-04-10 21:12:46
qdisc htb 1: root refcnt 13 r2q 10 default 0x10 direct_packets_stat 0 direct_qlen 1000
 Sent 52136291 bytes 35359 pkt (dropped 654, overlimits 10102 requeues 0) 
 backlog 0b 0p requeues 0
qdisc pfifo 20: parent 1:10 limit 12p
 Sent 52136291 bytes 35359 pkt (dropped 654, overlimits 0 requeues 0) 
 backlog 0b 0p requeues 0
======================================================================
Timestamp: 2026-04-10 21:12:47
qdisc htb 1: root refcnt 13 r2q 10 default 0x10 direct_packets_stat 0 direct_qlen 1000
 Sent 52659201 bytes 35715 pkt (dropped 673, overlimits 10200 requeues 0) 
 backlog 16302b 2p requeues 0
qdisc pfifo 20: parent 1:10 limit 12p
 Sent 52659201 bytes 35715 pkt (dropped 673, overlimits 0 requeues 0) 
 backlog 16302b 2p requeues 0
======================================================================
Timestamp: 2026-04-10 21:12:48
qdisc htb 1: root refcnt 13 r2q 10 default 0x10 direct_packets_stat 0 direct_qlen 1000
 Sent 52970686 bytes 35927 pkt (dropped 673, overlimits 10245 requeues 0) 
 backlog 0b 0p requeues 0
qdisc pfifo 20: parent 1:10 limit 12p
 Sent 52970686 bytes 35927 pkt (dropped 673, overlimits 0 requeues 0) 
 backlog 0b 0p requeues 0
======================================================================
Timestamp: 2026-04-10 21:12:49
qdisc htb 1: root refcnt 13 r2q 10 default 0x10 direct_packets_stat 0 direct_qlen 1000
 Sent 53456764 bytes 36257 pkt (dropped 682, overlimits 10321 requeues 0) 
 backlog 29640b 3p requeues 0
qdisc pfifo 20: parent 1:10 limit 12p
 Sent 53456764 bytes 36257 pkt (dropped 682, overlimits 0 requeues 0) 
 backlog 29640b 3p requeues 0
======================================================================
Timestamp: 2026-04-10 21:12:50
qdisc htb 1: root refcnt 13 r2q 10 default 0x10 direct_packets_stat 0 direct_qlen 1000
 Sent 53520034 bytes 36303 pkt (dropped 682, overlimits 10329 requeues 0) 
 backlog 0b 0p requeues 0
qdisc pfifo 20: parent 1:10 limit 12p
 Sent 53520034 bytes 36303 pkt (dropped 682, overlimits 0 requeues 0) 
 backlog 0b 0p requeues 0
======================================================================
Timestamp: 2026-04-10 21:12:51
qdisc htb 1: root refcnt 13 r2q 10 default 0x10 direct_packets_stat 0 direct_qlen 1000
 Sent 53952082 bytes 36597 pkt (dropped 690, overlimits 10409 requeues 0) 
 backlog 22230b 3p requeues 0
qdisc pfifo 20: parent 1:10 limit 12p
 Sent 53952082 bytes 36597 pkt (dropped 690, overlimits 0 requeues 0) 
 backlog 22230b 3p requeues 0
======================================================================
Timestamp: 2026-04-10 21:12:52
qdisc htb 1: root refcnt 13 r2q 10 default 0x10 direct_packets_stat 0 direct_qlen 1000
 Sent 53990575 bytes 36624 pkt (dropped 690, overlimits 10415 requeues 0) 
 backlog 0b 0p requeues 0
qdisc pfifo 20: parent 1:10 limit 12p
 Sent 53990575 bytes 36624 pkt (dropped 690, overlimits 0 requeues 0) 
 backlog 0b 0p requeues 0
======================================================================
Timestamp: 2026-04-10 21:12:53
qdisc htb 1: root refcnt 13 r2q 10 default 0x10 direct_packets_stat 0 direct_qlen 1000
 Sent 54432997 bytes 36925 pkt (dropped 693, overlimits 10501 requeues 0) 
 backlog 22230b 3p requeues 0
qdisc pfifo 20: parent 1:10 limit 12p
 Sent 54432997 bytes 36925 pkt (dropped 693, overlimits 0 requeues 0) 
 backlog 22230b 3p requeues 0
======================================================================
Timestamp: 2026-04-10 21:12:54
qdisc htb 1: root refcnt 13 r2q 10 default 0x10 direct_packets_stat 0 direct_qlen 1000
 Sent 55173632 bytes 37426 pkt (dropped 693, overlimits 10592 requeues 0) 
 backlog 0b 0p requeues 0
qdisc pfifo 20: parent 1:10 limit 12p
 Sent 55173632 bytes 37426 pkt (dropped 693, overlimits 0 requeues 0) 
 backlog 0b 0p requeues 0
======================================================================
Timestamp: 2026-04-10 21:12:55
qdisc htb 1: root refcnt 13 r2q 10 default 0x10 direct_packets_stat 0 direct_qlen 1000
 Sent 55517354 bytes 37662 pkt (dropped 718, overlimits 10661 requeues 0) 
 backlog 19266b 3p requeues 0
qdisc pfifo 20: parent 1:10 limit 12p
 Sent 55517354 bytes 37662 pkt (dropped 718, overlimits 0 requeues 0) 
 backlog 19266b 3p requeues 0
======================================================================
Timestamp: 2026-04-10 21:12:56
qdisc htb 1: root refcnt 13 r2q 10 default 0x10 direct_packets_stat 0 direct_qlen 1000
 Sent 56044265 bytes 38019 pkt (dropped 718, overlimits 10724 requeues 0) 
 backlog 0b 0p requeues 0
qdisc pfifo 20: parent 1:10 limit 12p
 Sent 56044265 bytes 38019 pkt (dropped 718, overlimits 0 requeues 0) 
 backlog 0b 0p requeues 0
======================================================================
Timestamp: 2026-04-10 21:12:57
qdisc htb 1: root refcnt 13 r2q 10 default 0x10 direct_packets_stat 0 direct_qlen 1000
 Sent 56341577 bytes 38223 pkt (dropped 729, overlimits 10781 requeues 0) 
 backlog 28158b 4p requeues 0
qdisc pfifo 20: parent 1:10 limit 12p
 Sent 56341577 bytes 38223 pkt (dropped 729, overlimits 0 requeues 0) 
 backlog 28158b 4p requeues 0
======================================================================
Timestamp: 2026-04-10 21:12:58
qdisc htb 1: root refcnt 13 r2q 10 default 0x10 direct_packets_stat 0 direct_qlen 1000
 Sent 56547051 bytes 38364 pkt (dropped 729, overlimits 10810 requeues 0) 
 backlog 0b 0p requeues 0
qdisc pfifo 20: parent 1:10 limit 12p
 Sent 56547051 bytes 38364 pkt (dropped 729, overlimits 0 requeues 0) 
 backlog 0b 0p requeues 0
======================================================================
Timestamp: 2026-04-10 21:12:59
qdisc htb 1: root refcnt 13 r2q 10 default 0x10 direct_packets_stat 0 direct_qlen 1000
 Sent 56807410 bytes 38544 pkt (dropped 734, overlimits 10861 requeues 0) 
 backlog 20748b 3p requeues 0
qdisc pfifo 20: parent 1:10 limit 12p
 Sent 56807410 bytes 38544 pkt (dropped 734, overlimits 0 requeues 0) 
 backlog 20748b 3p requeues 0
======================================================================
Timestamp: 2026-04-10 21:13:00
qdisc htb 1: root refcnt 13 r2q 10 default 0x10 direct_packets_stat 0 direct_qlen 1000
 Sent 57036222 bytes 38701 pkt (dropped 734, overlimits 10892 requeues 0) 
 backlog 0b 0p requeues 0
qdisc pfifo 20: parent 1:10 limit 12p
 Sent 57036222 bytes 38701 pkt (dropped 734, overlimits 0 requeues 0) 
 backlog 0b 0p requeues 0
======================================================================
Timestamp: 2026-04-10 21:13:01
qdisc htb 1: root refcnt 13 r2q 10 default 0x10 direct_packets_stat 0 direct_qlen 1000
 Sent 57262398 bytes 38857 pkt (dropped 737, overlimits 10944 requeues 0) 
 backlog 7410b 1p requeues 0
qdisc pfifo 20: parent 1:10 limit 12p
 Sent 57262398 bytes 38857 pkt (dropped 737, overlimits 0 requeues 0) 
 backlog 7410b 1p requeues 0
======================================================================
Timestamp: 2026-04-10 21:13:02
qdisc htb 1: root refcnt 13 r2q 10 default 0x10 direct_packets_stat 0 direct_qlen 1000
 Sent 58138260 bytes 39448 pkt (dropped 737, overlimits 11058 requeues 0) 
 backlog 45942b 5p requeues 0
qdisc pfifo 20: parent 1:10 limit 12p
 Sent 58138260 bytes 39448 pkt (dropped 737, overlimits 0 requeues 0) 
 backlog 45942b 5p requeues 0
======================================================================
Timestamp: 2026-04-10 21:13:03
qdisc htb 1: root refcnt 13 r2q 10 default 0x10 direct_packets_stat 0 direct_qlen 1000
 Sent 58948908 bytes 39998 pkt (dropped 767, overlimits 11256 requeues 0) 
 backlog 3472b 2p requeues 0
qdisc pfifo 20: parent 1:10 limit 12p
 Sent 58948908 bytes 39998 pkt (dropped 767, overlimits 0 requeues 0) 
 backlog 3472b 2p requeues 0
======================================================================
Timestamp: 2026-04-10 21:13:04
qdisc htb 1: root refcnt 13 r2q 10 default 0x10 direct_packets_stat 0 direct_qlen 1000
 Sent 59710486 bytes 40514 pkt (dropped 769, overlimits 11383 requeues 0) 
 backlog 51870b 6p requeues 0
qdisc pfifo 20: parent 1:10 limit 12p
 Sent 59710486 bytes 40514 pkt (dropped 769, overlimits 0 requeues 0) 
 backlog 51870b 6p requeues 0
======================================================================
Timestamp: 2026-04-10 21:13:05
qdisc htb 1: root refcnt 13 r2q 10 default 0x10 direct_packets_stat 0 direct_qlen 1000
 Sent 59943912 bytes 40672 pkt (dropped 769, overlimits 11410 requeues 0) 
 backlog 0b 0p requeues 0
qdisc pfifo 20: parent 1:10 limit 12p
 Sent 59943912 bytes 40672 pkt (dropped 769, overlimits 0 requeues 0) 
 backlog 0b 0p requeues 0
======================================================================
Timestamp: 2026-04-10 21:13:06
qdisc htb 1: root refcnt 13 r2q 10 default 0x10 direct_packets_stat 0 direct_qlen 1000
 Sent 60746970 bytes 41215 pkt (dropped 803, overlimits 11610 requeues 0) 
 backlog 25194b 3p requeues 0
qdisc pfifo 20: parent 1:10 limit 12p
 Sent 60746970 bytes 41215 pkt (dropped 803, overlimits 0 requeues 0) 
 backlog 25194b 3p requeues 0
======================================================================
Timestamp: 2026-04-10 21:13:07
qdisc htb 1: root refcnt 13 r2q 10 default 0x10 direct_packets_stat 0 direct_qlen 1000
 Sent 61097603 bytes 41453 pkt (dropped 803, overlimits 11652 requeues 0) 
 backlog 0b 0p requeues 0
qdisc pfifo 20: parent 1:10 limit 12p
 Sent 61097603 bytes 41453 pkt (dropped 803, overlimits 0 requeues 0) 
 backlog 0b 0p requeues 0
======================================================================
Timestamp: 2026-04-10 21:13:08
qdisc htb 1: root refcnt 13 r2q 10 default 0x10 direct_packets_stat 0 direct_qlen 1000
 Sent 61860563 bytes 41968 pkt (dropped 813, overlimits 11811 requeues 0) 
 backlog 37050b 6p requeues 0
qdisc pfifo 20: parent 1:10 limit 12p
 Sent 61860563 bytes 41968 pkt (dropped 813, overlimits 0 requeues 0) 
 backlog 37050b 6p requeues 0
======================================================================
Timestamp: 2026-04-10 21:13:09
qdisc htb 1: root refcnt 13 r2q 10 default 0x10 direct_packets_stat 0 direct_qlen 1000
 Sent 62355422 bytes 42303 pkt (dropped 813, overlimits 11879 requeues 0) 
 backlog 0b 0p requeues 0
qdisc pfifo 20: parent 1:10 limit 12p
 Sent 62355422 bytes 42303 pkt (dropped 813, overlimits 0 requeues 0) 
 backlog 0b 0p requeues 0
======================================================================
Timestamp: 2026-04-10 21:13:10
qdisc htb 1: root refcnt 13 r2q 10 default 0x10 direct_packets_stat 0 direct_qlen 1000
 Sent 63079981 bytes 42794 pkt (dropped 845, overlimits 12054 requeues 0) 
 backlog 31122b 4p requeues 0
qdisc pfifo 20: parent 1:10 limit 12p
 Sent 63079981 bytes 42794 pkt (dropped 845, overlimits 0 requeues 0) 
 backlog 31122b 4p requeues 0
======================================================================
Timestamp: 2026-04-10 21:13:11
qdisc htb 1: root refcnt 13 r2q 10 default 0x10 direct_packets_stat 0 direct_qlen 1000
 Sent 63549562 bytes 43111 pkt (dropped 845, overlimits 12117 requeues 0) 
 backlog 0b 0p requeues 0
qdisc pfifo 20: parent 1:10 limit 12p
 Sent 63549562 bytes 43111 pkt (dropped 845, overlimits 0 requeues 0) 
 backlog 0b 0p requeues 0
======================================================================
Timestamp: 2026-04-10 21:13:12
qdisc htb 1: root refcnt 13 r2q 10 default 0x10 direct_packets_stat 0 direct_qlen 1000
 Sent 64210353 bytes 43558 pkt (dropped 879, overlimits 12296 requeues 0) 
 backlog 20748b 2p requeues 0
qdisc pfifo 20: parent 1:10 limit 12p
 Sent 64210353 bytes 43558 pkt (dropped 879, overlimits 0 requeues 0) 
 backlog 20748b 2p requeues 0
======================================================================
Timestamp: 2026-04-10 21:13:13
qdisc htb 1: root refcnt 13 r2q 10 default 0x10 direct_packets_stat 0 direct_qlen 1000
 Sent 64876796 bytes 44009 pkt (dropped 879, overlimits 12394 requeues 0) 
 backlog 0b 0p requeues 0
qdisc pfifo 20: parent 1:10 limit 12p
 Sent 64876796 bytes 44009 pkt (dropped 879, overlimits 0 requeues 0) 
 backlog 0b 0p requeues 0
======================================================================
Timestamp: 2026-04-10 21:13:14
qdisc htb 1: root refcnt 13 r2q 10 default 0x10 direct_packets_stat 0 direct_qlen 1000
 Sent 65515268 bytes 44440 pkt (dropped 897, overlimits 12533 requeues 0) 
 backlog 23712b 3p requeues 0
qdisc pfifo 20: parent 1:10 limit 12p
 Sent 65515268 bytes 44440 pkt (dropped 897, overlimits 0 requeues 0) 
 backlog 23712b 3p requeues 0
======================================================================
Timestamp: 2026-04-10 21:13:15
qdisc htb 1: root refcnt 13 r2q 10 default 0x10 direct_packets_stat 0 direct_qlen 1000
 Sent 66161747 bytes 44878 pkt (dropped 897, overlimits 12609 requeues 0) 
 backlog 0b 0p requeues 0
qdisc pfifo 20: parent 1:10 limit 12p
 Sent 66161747 bytes 44878 pkt (dropped 897, overlimits 0 requeues 0) 
 backlog 0b 0p requeues 0
======================================================================
Timestamp: 2026-04-10 21:13:16
qdisc htb 1: root refcnt 13 r2q 10 default 0x10 direct_packets_stat 0 direct_qlen 1000
 Sent 66757233 bytes 45280 pkt (dropped 934, overlimits 12773 requeues 0) 
 backlog 25194b 4p requeues 0
qdisc pfifo 20: parent 1:10 limit 12p
 Sent 66757233 bytes 45280 pkt (dropped 934, overlimits 0 requeues 0) 
 backlog 25194b 4p requeues 0
======================================================================
Timestamp: 2026-04-10 21:13:17
qdisc htb 1: root refcnt 13 r2q 10 default 0x10 direct_packets_stat 0 direct_qlen 1000
 Sent 66891009 bytes 45371 pkt (dropped 934, overlimits 12791 requeues 0) 
 backlog 0b 0p requeues 0
qdisc pfifo 20: parent 1:10 limit 12p
 Sent 66891009 bytes 45371 pkt (dropped 934, overlimits 0 requeues 0) 
 backlog 0b 0p requeues 0
======================================================================
Timestamp: 2026-04-10 21:13:18
qdisc htb 1: root refcnt 13 r2q 10 default 0x10 direct_packets_stat 0 direct_qlen 1000
 Sent 67449453 bytes 45748 pkt (dropped 940, overlimits 12884 requeues 0) 
 backlog 19266b 2p requeues 0
qdisc pfifo 20: parent 1:10 limit 12p
 Sent 67449453 bytes 45748 pkt (dropped 940, overlimits 0 requeues 0) 
 backlog 19266b 2p requeues 0
======================================================================
Timestamp: 2026-04-10 21:13:19
qdisc htb 1: root refcnt 13 r2q 10 default 0x10 direct_packets_stat 0 direct_qlen 1000
 Sent 67835798 bytes 46010 pkt (dropped 940, overlimits 12928 requeues 0) 
 backlog 0b 0p requeues 0
qdisc pfifo 20: parent 1:10 limit 12p
 Sent 67835798 bytes 46010 pkt (dropped 940, overlimits 0 requeues 0) 
 backlog 0b 0p requeues 0
======================================================================
Timestamp: 2026-04-10 21:13:20
qdisc htb 1: root refcnt 13 r2q 10 default 0x10 direct_packets_stat 0 direct_qlen 1000
 Sent 68320142 bytes 46337 pkt (dropped 962, overlimits 13044 requeues 0) 
 backlog 19266b 3p requeues 0
qdisc pfifo 20: parent 1:10 limit 12p
 Sent 68320142 bytes 46337 pkt (dropped 962, overlimits 0 requeues 0) 
 backlog 19266b 3p requeues 0
======================================================================
Timestamp: 2026-04-10 21:13:21
qdisc htb 1: root refcnt 13 r2q 10 default 0x10 direct_packets_stat 0 direct_qlen 1000
 Sent 69162351 bytes 46907 pkt (dropped 962, overlimits 13156 requeues 0) 
 backlog 0b 0p requeues 0
qdisc pfifo 20: parent 1:10 limit 12p
 Sent 69162351 bytes 46907 pkt (dropped 962, overlimits 0 requeues 0) 
 backlog 0b 0p requeues 0
======================================================================
Timestamp: 2026-04-10 21:13:22
qdisc htb 1: root refcnt 13 r2q 10 default 0x10 direct_packets_stat 0 direct_qlen 1000
 Sent 69631239 bytes 47225 pkt (dropped 996, overlimits 13298 requeues 0) 
 backlog 13338b 2p requeues 0
qdisc pfifo 20: parent 1:10 limit 12p
 Sent 69631239 bytes 47225 pkt (dropped 996, overlimits 0 requeues 0) 
 backlog 13338b 2p requeues 0
======================================================================
Timestamp: 2026-04-10 21:13:23
qdisc htb 1: root refcnt 13 r2q 10 default 0x10 direct_packets_stat 0 direct_qlen 1000
 Sent 69984306 bytes 47465 pkt (dropped 996, overlimits 13350 requeues 0) 
 backlog 0b 0p requeues 0
qdisc pfifo 20: parent 1:10 limit 12p
 Sent 69984306 bytes 47465 pkt (dropped 996, overlimits 0 requeues 0) 
 backlog 0b 0p requeues 0
======================================================================
Timestamp: 2026-04-10 21:13:24
qdisc htb 1: root refcnt 13 r2q 10 default 0x10 direct_packets_stat 0 direct_qlen 1000
 Sent 70410852 bytes 47753 pkt (dropped 1003, overlimits 13466 requeues 0) 
 backlog 22230b 4p requeues 0
qdisc pfifo 20: parent 1:10 limit 12p
 Sent 70410852 bytes 47753 pkt (dropped 1003, overlimits 0 requeues 0) 
 backlog 22230b 4p requeues 0
======================================================================
Timestamp: 2026-04-10 21:13:25
qdisc htb 1: root refcnt 13 r2q 10 default 0x10 direct_packets_stat 0 direct_qlen 1000
 Sent 70864860 bytes 48061 pkt (dropped 1003, overlimits 13534 requeues 0) 
 backlog 0b 0p requeues 0
qdisc pfifo 20: parent 1:10 limit 12p
 Sent 70864860 bytes 48061 pkt (dropped 1003, overlimits 0 requeues 0) 
 backlog 0b 0p requeues 0
======================================================================
Timestamp: 2026-04-10 21:13:26
qdisc htb 1: root refcnt 13 r2q 10 default 0x10 direct_packets_stat 0 direct_qlen 1000
 Sent 71241018 bytes 48315 pkt (dropped 1015, overlimits 13650 requeues 0) 
 backlog 17784b 3p requeues 0
qdisc pfifo 20: parent 1:10 limit 12p
 Sent 71241018 bytes 48315 pkt (dropped 1015, overlimits 0 requeues 0) 
 backlog 17784b 3p requeues 0
======================================================================
Timestamp: 2026-04-10 21:13:27
qdisc htb 1: root refcnt 13 r2q 10 default 0x10 direct_packets_stat 0 direct_qlen 1000
 Sent 71770062 bytes 48672 pkt (dropped 1015, overlimits 13728 requeues 0) 
 backlog 0b 0p requeues 0
qdisc pfifo 20: parent 1:10 limit 12p
 Sent 71770062 bytes 48672 pkt (dropped 1015, overlimits 0 requeues 0) 
 backlog 0b 0p requeues 0
======================================================================
Timestamp: 2026-04-10 21:13:28
qdisc htb 1: root refcnt 13 r2q 10 default 0x10 direct_packets_stat 0 direct_qlen 1000
 Sent 72109170 bytes 48901 pkt (dropped 1030, overlimits 13826 requeues 0) 
 backlog 20748b 3p requeues 0
qdisc pfifo 20: parent 1:10 limit 12p
 Sent 72109170 bytes 48901 pkt (dropped 1030, overlimits 0 requeues 0) 
 backlog 20748b 3p requeues 0
======================================================================
Timestamp: 2026-04-10 21:13:29
qdisc htb 1: root refcnt 13 r2q 10 default 0x10 direct_packets_stat 0 direct_qlen 1000
 Sent 72720952 bytes 49314 pkt (dropped 1030, overlimits 13915 requeues 0) 
 backlog 0b 0p requeues 0
qdisc pfifo 20: parent 1:10 limit 12p
 Sent 72720952 bytes 49314 pkt (dropped 1030, overlimits 0 requeues 0) 
 backlog 0b 0p requeues 0
======================================================================
Timestamp: 2026-04-10 21:13:30
qdisc htb 1: root refcnt 13 r2q 10 default 0x10 direct_packets_stat 0 direct_qlen 1000
 Sent 73015600 bytes 49513 pkt (dropped 1048, overlimits 14003 requeues 0) 
 backlog 22230b 3p requeues 0
qdisc pfifo 20: parent 1:10 limit 12p
 Sent 73015600 bytes 49513 pkt (dropped 1048, overlimits 0 requeues 0) 
 backlog 22230b 3p requeues 0
======================================================================
Timestamp: 2026-04-10 21:13:31
qdisc htb 1: root refcnt 13 r2q 10 default 0x10 direct_packets_stat 0 direct_qlen 1000
 Sent 73326132 bytes 49724 pkt (dropped 1048, overlimits 14046 requeues 0) 
 backlog 0b 0p requeues 0
qdisc pfifo 20: parent 1:10 limit 12p
 Sent 73326132 bytes 49724 pkt (dropped 1048, overlimits 0 requeues 0) 
 backlog 0b 0p requeues 0
======================================================================
Timestamp: 2026-04-10 21:13:32
qdisc htb 1: root refcnt 13 r2q 10 default 0x10 direct_packets_stat 0 direct_qlen 1000
 Sent 73592622 bytes 49904 pkt (dropped 1054, overlimits 14151 requeues 0) 
 backlog 5928b 1p requeues 0
qdisc pfifo 20: parent 1:10 limit 12p
 Sent 73592622 bytes 49904 pkt (dropped 1054, overlimits 0 requeues 0) 
 backlog 5928b 1p requeues 0
======================================================================
Timestamp: 2026-04-10 21:13:33
qdisc htb 1: root refcnt 13 r2q 10 default 0x10 direct_packets_stat 0 direct_qlen 1000
 Sent 74166639 bytes 50293 pkt (dropped 1054, overlimits 14238 requeues 0) 
 backlog 0b 0p requeues 0
qdisc pfifo 20: parent 1:10 limit 12p
 Sent 74166639 bytes 50293 pkt (dropped 1054, overlimits 0 requeues 0) 
 backlog 0b 0p requeues 0
======================================================================
Timestamp: 2026-04-10 21:13:34
qdisc htb 1: root refcnt 13 r2q 10 default 0x10 direct_packets_stat 0 direct_qlen 1000
 Sent 74400525 bytes 50451 pkt (dropped 1064, overlimits 14301 requeues 0) 
 backlog 22230b 3p requeues 0
qdisc pfifo 20: parent 1:10 limit 12p
 Sent 74400525 bytes 50451 pkt (dropped 1064, overlimits 0 requeues 0) 
 backlog 22230b 3p requeues 0
======================================================================
Timestamp: 2026-04-10 21:13:35
qdisc htb 1: root refcnt 13 r2q 10 default 0x10 direct_packets_stat 0 direct_qlen 1000
 Sent 74975791 bytes 50840 pkt (dropped 1064, overlimits 14372 requeues 0) 
 backlog 0b 0p requeues 0
qdisc pfifo 20: parent 1:10 limit 12p
 Sent 74975791 bytes 50840 pkt (dropped 1064, overlimits 0 requeues 0) 
 backlog 0b 0p requeues 0
======================================================================
Timestamp: 2026-04-10 21:13:36
qdisc htb 1: root refcnt 13 r2q 10 default 0x10 direct_packets_stat 0 direct_qlen 1000
 Sent 75168181 bytes 50970 pkt (dropped 1076, overlimits 14438 requeues 0) 
 backlog 25194b 3p requeues 0
qdisc pfifo 20: parent 1:10 limit 12p
 Sent 75168181 bytes 50970 pkt (dropped 1076, overlimits 0 requeues 0) 
 backlog 25194b 3p requeues 0
======================================================================
Timestamp: 2026-04-10 21:13:37
qdisc htb 1: root refcnt 13 r2q 10 default 0x10 direct_packets_stat 0 direct_qlen 1000
 Sent 75926680 bytes 51483 pkt (dropped 1076, overlimits 14529 requeues 0) 
 backlog 0b 0p requeues 0
qdisc pfifo 20: parent 1:10 limit 12p
 Sent 75926680 bytes 51483 pkt (dropped 1076, overlimits 0 requeues 0) 
 backlog 0b 0p requeues 0
======================================================================
Timestamp: 2026-04-10 21:13:38
qdisc htb 1: root refcnt 13 r2q 10 default 0x10 direct_packets_stat 0 direct_qlen 1000
 Sent 76084984 bytes 51590 pkt (dropped 1093, overlimits 14597 requeues 0) 
 backlog 22230b 3p requeues 0
qdisc pfifo 20: parent 1:10 limit 12p
 Sent 76084984 bytes 51590 pkt (dropped 1093, overlimits 0 requeues 0) 
 backlog 22230b 3p requeues 0
======================================================================
Timestamp: 2026-04-10 21:13:39
qdisc htb 1: root refcnt 13 r2q 10 default 0x10 direct_packets_stat 0 direct_qlen 1000
 Sent 76536526 bytes 51896 pkt (dropped 1093, overlimits 14665 requeues 0) 
 backlog 0b 0p requeues 0
qdisc pfifo 20: parent 1:10 limit 12p
 Sent 76536526 bytes 51896 pkt (dropped 1093, overlimits 0 requeues 0) 
 backlog 0b 0p requeues 0
======================================================================
Timestamp: 2026-04-10 21:13:40
qdisc htb 1: root refcnt 13 r2q 10 default 0x10 direct_packets_stat 0 direct_qlen 1000
 Sent 76651894 bytes 51975 pkt (dropped 1100, overlimits 14721 requeues 0) 
 backlog 0b 0p requeues 0
qdisc pfifo 20: parent 1:10 limit 12p
 Sent 76651894 bytes 51975 pkt (dropped 1100, overlimits 0 requeues 0) 
 backlog 0b 0p requeues 0
======================================================================
Timestamp: 2026-04-10 21:13:41
qdisc htb 1: root refcnt 13 r2q 10 default 0x10 direct_packets_stat 0 direct_qlen 1000
 Sent 77310082 bytes 52420 pkt (dropped 1100, overlimits 14857 requeues 0) 
 backlog 0b 0p requeues 0
qdisc pfifo 20: parent 1:10 limit 12p
 Sent 77310082 bytes 52420 pkt (dropped 1100, overlimits 0 requeues 0) 
 backlog 0b 0p requeues 0
======================================================================
Timestamp: 2026-04-10 21:13:42
qdisc htb 1: root refcnt 13 r2q 10 default 0x10 direct_packets_stat 0 direct_qlen 1000
 Sent 77392804 bytes 52476 pkt (dropped 1108, overlimits 14895 requeues 0) 
 backlog 19266b 4p requeues 0
qdisc pfifo 20: parent 1:10 limit 12p
 Sent 77392804 bytes 52476 pkt (dropped 1108, overlimits 0 requeues 0) 
 backlog 19266b 4p requeues 0
======================================================================
Timestamp: 2026-04-10 21:13:43
qdisc htb 1: root refcnt 13 r2q 10 default 0x10 direct_packets_stat 0 direct_qlen 1000
 Sent 78181229 bytes 53009 pkt (dropped 1108, overlimits 15000 requeues 0) 
 backlog 0b 0p requeues 0
qdisc pfifo 20: parent 1:10 limit 12p
 Sent 78181229 bytes 53009 pkt (dropped 1108, overlimits 0 requeues 0) 
 backlog 0b 0p requeues 0
======================================================================
Timestamp: 2026-04-10 21:13:44
qdisc htb 1: root refcnt 13 r2q 10 default 0x10 direct_packets_stat 0 direct_qlen 1000
 Sent 78226901 bytes 53040 pkt (dropped 1117, overlimits 15019 requeues 0) 
 backlog 16302b 11p requeues 0
qdisc pfifo 20: parent 1:10 limit 12p
 Sent 78226901 bytes 53040 pkt (dropped 1117, overlimits 0 requeues 0) 
 backlog 16302b 11p requeues 0
======================================================================
Timestamp: 2026-04-10 21:13:45
qdisc htb 1: root refcnt 13 r2q 10 default 0x10 direct_packets_stat 0 direct_qlen 1000
 Sent 79021611 bytes 53578 pkt (dropped 1120, overlimits 15136 requeues 0) 
 backlog 0b 0p requeues 0
qdisc pfifo 20: parent 1:10 limit 12p
 Sent 79021611 bytes 53578 pkt (dropped 1120, overlimits 0 requeues 0) 
 backlog 0b 0p requeues 0
======================================================================
Timestamp: 2026-04-10 21:13:46
qdisc htb 1: root refcnt 13 r2q 10 default 0x10 direct_packets_stat 0 direct_qlen 1000
 Sent 79024305 bytes 53580 pkt (dropped 1120, overlimits 15137 requeues 0) 
 backlog 0b 0p requeues 0
qdisc pfifo 20: parent 1:10 limit 12p
 Sent 79024305 bytes 53580 pkt (dropped 1120, overlimits 0 requeues 0) 
 backlog 0b 0p requeues 0
======================================================================
Timestamp: 2026-04-10 21:13:47
qdisc htb 1: root refcnt 13 r2q 10 default 0x10 direct_packets_stat 0 direct_qlen 1000
 Sent 79849296 bytes 54138 pkt (dropped 1129, overlimits 15340 requeues 0) 
 backlog 0b 0p requeues 0
qdisc pfifo 20: parent 1:10 limit 12p
 Sent 79849296 bytes 54138 pkt (dropped 1129, overlimits 0 requeues 0) 
 backlog 0b 0p requeues 0
======================================================================
Timestamp: 2026-04-10 21:13:48
qdisc htb 1: root refcnt 13 r2q 10 default 0x10 direct_packets_stat 0 direct_qlen 1000
 Sent 79851990 bytes 54140 pkt (dropped 1129, overlimits 15341 requeues 0) 
 backlog 0b 0p requeues 0
qdisc pfifo 20: parent 1:10 limit 12p
 Sent 79851990 bytes 54140 pkt (dropped 1129, overlimits 0 requeues 0) 
 backlog 0b 0p requeues 0
======================================================================
Timestamp: 2026-04-10 21:13:49
qdisc htb 1: root refcnt 13 r2q 10 default 0x10 direct_packets_stat 0 direct_qlen 1000
 Sent 80692284 bytes 54707 pkt (dropped 1139, overlimits 15472 requeues 0) 
 backlog 4189b 1p requeues 0
qdisc pfifo 20: parent 1:10 limit 12p
 Sent 80692284 bytes 54707 pkt (dropped 1139, overlimits 0 requeues 0) 
 backlog 4189b 1p requeues 0
======================================================================
Timestamp: 2026-04-10 21:13:50
qdisc htb 1: root refcnt 13 r2q 10 default 0x10 direct_packets_stat 0 direct_qlen 1000
 Sent 80696570 bytes 54711 pkt (dropped 1139, overlimits 15473 requeues 0) 
 backlog 0b 0p requeues 0
qdisc pfifo 20: parent 1:10 limit 12p
 Sent 80696570 bytes 54711 pkt (dropped 1139, overlimits 0 requeues 0) 
 backlog 0b 0p requeues 0
======================================================================
Timestamp: 2026-04-10 21:13:51
qdisc htb 1: root refcnt 13 r2q 10 default 0x10 direct_packets_stat 0 direct_qlen 1000
 Sent 81501026 bytes 55254 pkt (dropped 1147, overlimits 15621 requeues 0) 
 backlog 26676b 4p requeues 0
qdisc pfifo 20: parent 1:10 limit 12p
 Sent 81501026 bytes 55254 pkt (dropped 1147, overlimits 0 requeues 0) 
 backlog 26676b 4p requeues 0
======================================================================
Timestamp: 2026-04-10 21:13:52
qdisc htb 1: root refcnt 13 r2q 10 default 0x10 direct_packets_stat 0 direct_qlen 1000
 Sent 81540872 bytes 55282 pkt (dropped 1147, overlimits 15627 requeues 0) 
 backlog 0b 0p requeues 0
qdisc pfifo 20: parent 1:10 limit 12p
 Sent 81540872 bytes 55282 pkt (dropped 1147, overlimits 0 requeues 0) 
 backlog 0b 0p requeues 0
======================================================================
Timestamp: 2026-04-10 21:13:53
qdisc htb 1: root refcnt 13 r2q 10 default 0x10 direct_packets_stat 0 direct_qlen 1000
 Sent 82208358 bytes 55734 pkt (dropped 1165, overlimits 15782 requeues 0) 
 backlog 29640b 3p requeues 0
qdisc pfifo 20: parent 1:10 limit 12p
 Sent 82208358 bytes 55734 pkt (dropped 1165, overlimits 0 requeues 0) 
 backlog 29640b 3p requeues 0
======================================================================
Timestamp: 2026-04-10 21:13:54
qdisc htb 1: root refcnt 13 r2q 10 default 0x10 direct_packets_stat 0 direct_qlen 1000
 Sent 82431627 bytes 55887 pkt (dropped 1165, overlimits 15816 requeues 0) 
 backlog 0b 0p requeues 0
qdisc pfifo 20: parent 1:10 limit 12p
 Sent 82431627 bytes 55887 pkt (dropped 1165, overlimits 0 requeues 0) 
 backlog 0b 0p requeues 0
======================================================================
Timestamp: 2026-04-10 21:13:55
qdisc htb 1: root refcnt 13 r2q 10 default 0x10 direct_packets_stat 0 direct_qlen 1000
 Sent 82892058 bytes 56199 pkt (dropped 1178, overlimits 15939 requeues 0) 
 backlog 0b 0p requeues 0
qdisc pfifo 20: parent 1:10 limit 12p
 Sent 82892058 bytes 56199 pkt (dropped 1178, overlimits 0 requeues 0) 
 backlog 0b 0p requeues 0
======================================================================
Timestamp: 2026-04-10 21:13:56
qdisc htb 1: root refcnt 13 r2q 10 default 0x10 direct_packets_stat 0 direct_qlen 1000
 Sent 82892058 bytes 56199 pkt (dropped 1178, overlimits 15939 requeues 0) 
 backlog 0b 0p requeues 0
qdisc pfifo 20: parent 1:10 limit 12p
 Sent 82892058 bytes 56199 pkt (dropped 1178, overlimits 0 requeues 0) 
 backlog 0b 0p requeues 0
======================================================================
Timestamp: 2026-04-10 21:13:57
qdisc htb 1: root refcnt 13 r2q 10 default 0x10 direct_packets_stat 0 direct_qlen 1000
 Sent 83480394 bytes 56598 pkt (dropped 1181, overlimits 16037 requeues 0) 
 backlog 31122b 5p requeues 0
qdisc pfifo 20: parent 1:10 limit 12p
 Sent 83480394 bytes 56598 pkt (dropped 1181, overlimits 0 requeues 0) 
 backlog 31122b 5p requeues 0
======================================================================
Timestamp: 2026-04-10 21:13:58
qdisc htb 1: root refcnt 13 r2q 10 default 0x10 direct_packets_stat 0 direct_qlen 1000
 Sent 83803658 bytes 56818 pkt (dropped 1181, overlimits 16080 requeues 0) 
 backlog 0b 0p requeues 0
qdisc pfifo 20: parent 1:10 limit 12p
 Sent 83803658 bytes 56818 pkt (dropped 1181, overlimits 0 requeues 0) 
 backlog 0b 0p requeues 0
======================================================================
Timestamp: 2026-04-10 21:13:59
qdisc htb 1: root refcnt 13 r2q 10 default 0x10 direct_packets_stat 0 direct_qlen 1000
 Sent 84278901 bytes 57142 pkt (dropped 1195, overlimits 16196 requeues 0) 
 backlog 0b 0p requeues 0
qdisc pfifo 20: parent 1:10 limit 12p
 Sent 84278901 bytes 57142 pkt (dropped 1195, overlimits 0 requeues 0) 
 backlog 0b 0p requeues 0
======================================================================
Timestamp: 2026-04-10 21:14:00
qdisc htb 1: root refcnt 13 r2q 10 default 0x10 direct_packets_stat 0 direct_qlen 1000
 Sent 84279705 bytes 57143 pkt (dropped 1195, overlimits 16196 requeues 0) 
 backlog 0b 0p requeues 0
qdisc pfifo 20: parent 1:10 limit 12p
 Sent 84279705 bytes 57143 pkt (dropped 1195, overlimits 0 requeues 0) 
 backlog 0b 0p requeues 0
======================================================================
Timestamp: 2026-04-10 21:14:01
qdisc htb 1: root refcnt 13 r2q 10 default 0x10 direct_packets_stat 0 direct_qlen 1000
 Sent 84757761 bytes 57469 pkt (dropped 1198, overlimits 16286 requeues 0) 
 backlog 0b 0p requeues 0
qdisc pfifo 20: parent 1:10 limit 12p
 Sent 84757761 bytes 57469 pkt (dropped 1198, overlimits 0 requeues 0) 
 backlog 0b 0p requeues 0
======================================================================
Timestamp: 2026-04-10 21:14:02
qdisc htb 1: root refcnt 13 r2q 10 default 0x10 direct_packets_stat 0 direct_qlen 1000
 Sent 85027959 bytes 57655 pkt (dropped 1201, overlimits 16349 requeues 0) 
 backlog 0b 0p requeues 0
qdisc pfifo 20: parent 1:10 limit 12p
 Sent 85027959 bytes 57655 pkt (dropped 1201, overlimits 0 requeues 0) 
 backlog 0b 0p requeues 0
======================================================================
Timestamp: 2026-04-10 21:14:03
qdisc htb 1: root refcnt 13 r2q 10 default 0x10 direct_packets_stat 0 direct_qlen 1000
 Sent 85202691 bytes 57774 pkt (dropped 1201, overlimits 16392 requeues 0) 
 backlog 0b 0p requeues 0
qdisc pfifo 20: parent 1:10 limit 12p
 Sent 85202691 bytes 57774 pkt (dropped 1201, overlimits 0 requeues 0) 
 backlog 0b 0p requeues 0
