      Time     KB/s_in    KB/s_out
  13:40:28         0.0         0.0
  13:40:29         0.0         0.4
  13:40:30         0.0         0.0
  13:40:31         0.0         0.0
  13:40:32         0.0         0.0
  13:40:33         0.0         0.1
  13:40:34         0.1         0.1
  13:40:35         0.0         0.1
  13:40:36         0.0         0.0
  13:40:37         0.0         0.4
  13:40:38         0.0         0.0
  13:40:39         0.0         0.0
  13:40:40         0.0         0.0
  13:40:41         0.0         0.0
  13:40:42         0.0         0.0
  13:40:43         0.0         0.0
  13:40:44         0.0         0.0
  13:40:45         0.0         0.0
  13:40:46         0.0         0.0
  13:40:47         0.0         0.0
  13:40:48         0.0         0.1
  13:40:49         0.0         0.0
  13:40:50         0.0         0.1
  13:40:51         0.0         0.1
  13:40:52         0.1         0.1
  13:40:53         0.0         0.4
  13:40:54         0.0         0.1
  13:40:55         0.0         0.0
  13:40:56         0.0         0.0
  13:40:57         0.0         0.0
  13:40:58         6.7       211.2
  13:40:59        14.9       456.6
  13:41:00        15.7       440.4
  13:41:01         8.4       367.9
  13:41:02        10.1       421.2
  13:41:03         7.3       347.3
  13:41:04         5.4       353.1
  13:41:05         6.1       311.8
  13:41:06         6.5       311.7
  13:41:07         7.0       373.9
  13:41:08         6.8       360.5
  13:41:09         5.6       285.2
  13:41:10         6.4       331.1
  13:41:11         8.8       465.5
  13:41:12         8.3       455.1
  13:41:13         7.6       404.9
  13:41:14         8.1       412.3
  13:41:15        13.6       823.2
  13:41:16         8.9       471.5
  13:41:17        14.0       838.0
  13:41:18         8.7       517.0
  13:41:19        13.8       821.6
  13:41:20         7.0       407.7
  13:41:21         9.1       462.4
  13:41:22         7.5       393.0
  13:41:23        13.7       802.3
  13:41:24         6.5       378.3
  13:41:25        12.6       773.2
  13:41:26         8.0       464.0
  13:41:27         7.3       416.8
  13:41:28         9.4       521.5
  13:41:29        10.4       567.5
  13:41:30         9.4       546.8
  13:41:31        11.5       843.7
  13:41:32         7.8       493.6
  13:41:33        10.1       715.3
  13:41:34         9.2       515.7
  13:41:35        12.8       740.3
  13:41:36         8.6       536.5
  13:41:37        11.5       689.9
  13:41:38         8.8       530.5
  13:41:39        12.8       827.5
  13:41:40         8.9       523.0
  13:41:41        11.7       770.8
  13:41:42         8.4       571.9
  13:41:43        10.4       613.3
  13:41:44         9.9       595.5
  13:41:45        10.8       601.4
  13:41:46         9.4       632.5
  13:41:47        11.0       644.2
  13:41:48        10.4       619.2
  13:41:49        11.3       630.9
  13:41:50         8.7       591.2
  13:41:51        10.9       611.7
  13:41:52        10.3       653.2
  13:41:53        10.0       558.6
  13:41:54        11.6       684.1
  13:41:55         9.2       545.2
  13:41:56        11.3       690.0
  13:41:57         9.1       524.5
  13:41:58        11.3       687.2
  13:41:59         9.3       532.0
  13:42:00        11.8       731.3
  13:42:01         9.1       492.1
  13:42:02        11.3       631.0
  13:42:03        12.9       834.8
  13:42:04        10.1       719.6
  13:42:05        11.1       809.1
  13:42:06        10.7       734.5
  13:42:07         9.6       521.6
  13:42:08        13.3       763.8
  13:42:09         8.2       441.8
  13:42:10        11.4       691.5
  13:42:11         7.1       428.4
  13:42:12        12.0       769.9
  13:42:13         7.8       467.0
  13:42:14        10.7       805.4
  13:42:15         8.4       453.6
  13:42:16        13.5       803.9
  13:42:17         7.7       416.7
  13:42:18        12.6       731.5
  13:42:19         7.5       416.6
  13:42:20        12.2       763.8
  13:42:21         6.8       406.4
  13:42:22        12.0       722.3
  13:42:23         9.9       518.6
  13:42:24        12.9       836.4
  13:42:25         8.2       486.0
  13:42:26        13.5       847.8
  13:42:27         7.9       499.5
  13:42:28        11.0       728.6
  13:42:29         9.3       514.7
  13:42:30        12.9       823.2
  13:42:31         8.4       480.3
  13:42:32        12.0       706.4
  13:42:33         9.1       533.4
  13:42:34        10.8       604.5
  13:42:35         8.5       533.2
  13:42:36        11.3       660.6
  13:42:37         9.4       545.3
  13:42:38        10.9       622.2
  13:42:39         8.7       530.6
  13:42:40        11.5       679.6
  13:42:41         9.4       537.6
  13:42:42        12.0       734.4
  13:42:43         9.1       567.3
  13:42:44        11.3       647.2
  13:42:45         9.2       574.7
  13:42:46        10.2       627.9
  13:42:47         9.9       586.2
  13:42:48        10.0       567.6
  13:42:49         9.7       589.5
  13:42:50        10.4       557.0
  13:42:51        10.4       617.8
  13:42:52        10.2       557.1
  13:42:53         9.5       576.2
  13:42:54         9.4       518.7
  13:42:55         8.6       498.0
  13:42:56         9.3       512.9
  13:42:57         9.3       524.5
  13:42:58         8.3       493.4
  13:42:59        10.9       668.0
  13:43:00         9.5       492.1
  13:43:01        10.9       690.1
  13:43:02        10.8       690.1
  13:43:03        11.3       695.9
  13:43:04        10.0       549.6
  13:43:05        11.3       737.5
  13:43:06         9.7       559.9
  13:43:07        11.8       764.0
  13:43:08         8.4       459.6
  13:43:09        10.8       662.0
  13:43:10         9.0       474.4
  13:43:11        12.3       749.2
  13:43:12         7.9       403.4
  13:43:13        12.2       750.6
  13:43:14         7.7       440.3
  13:43:15        13.0       771.3
  13:43:16        10.2       573.3
  13:43:17        13.2       828.9
  13:43:18         9.0       484.7
  13:43:19        13.1       848.3
  13:43:20         7.2       412.4
  13:43:21        12.7       830.5
  13:43:22         6.9       418.1
  13:43:23        11.1       712.2
  13:43:24         6.3       384.1
  13:43:25        13.2       799.5
  13:43:26         7.4       437.4
  13:43:27        12.2       700.5
  13:43:28         4.7       206.4
  13:43:29         0.0         0.0
  13:43:30         0.0         0.0
  13:43:31         0.0         0.0
  13:43:32         0.0         0.0
  13:43:33         0.0         0.0
  13:43:34         0.0         0.0
  13:43:35         0.0         0.0
  13:43:36         0.0         0.0
  13:43:37         0.0         0.0
  13:43:38         0.0         0.0
  13:43:39         0.0         0.0
  13:43:40         0.0         0.0
  13:43:41         0.0         0.0
  13:43:42         0.0         0.0
  13:43:43         0.0         0.0
  13:43:44         0.0         0.0
  13:43:45         0.0         0.0
  13:43:46         0.0         0.0
  13:43:47         0.0         0.0
