Starting TC Qdisc Monitoring for s1-eth2
Timestamp, Qdisc Stats
======================================================================
Timestamp: 2026-04-28 14:39:19
qdisc htb 1: root refcnt 13 r2q 10 default 0x10 direct_packets_stat 0 direct_qlen 1000
 Sent 7404 bytes 34 pkt (dropped 0, overlimits 2 requeues 0) 
 backlog 0b 0p requeues 0
qdisc pfifo 20: parent 1:10 limit 12p
 Sent 7404 bytes 34 pkt (dropped 0, overlimits 0 requeues 0) 
 backlog 0b 0p requeues 0
======================================================================
Timestamp: 2026-04-28 14:39:20
qdisc htb 1: root refcnt 13 r2q 10 default 0x10 direct_packets_stat 0 direct_qlen 1000
 Sent 232492 bytes 193 pkt (dropped 23, overlimits 107 requeues 0) 
 backlog 19266b 10p requeues 0
qdisc pfifo 20: parent 1:10 limit 12p
 Sent 232492 bytes 193 pkt (dropped 23, overlimits 0 requeues 0) 
 backlog 19266b 10p requeues 0
======================================================================
Timestamp: 2026-04-28 14:39:21
qdisc htb 1: root refcnt 13 r2q 10 default 0x10 direct_packets_stat 0 direct_qlen 1000
 Sent 1082952 bytes 768 pkt (dropped 73, overlimits 536 requeues 0) 
 backlog 0b 0p requeues 0
qdisc pfifo 20: parent 1:10 limit 12p
 Sent 1082952 bytes 768 pkt (dropped 73, overlimits 0 requeues 0) 
 backlog 0b 0p requeues 0
======================================================================
Timestamp: 2026-04-28 14:39:22
qdisc htb 1: root refcnt 13 r2q 10 default 0x10 direct_packets_stat 0 direct_qlen 1000
 Sent 1933732 bytes 1344 pkt (dropped 124, overlimits 968 requeues 0) 
 backlog 22230b 12p requeues 0
qdisc pfifo 20: parent 1:10 limit 12p
 Sent 1933732 bytes 1344 pkt (dropped 124, overlimits 0 requeues 0) 
 backlog 22230b 12p requeues 0
======================================================================
Timestamp: 2026-04-28 14:39:23
qdisc htb 1: root refcnt 13 r2q 10 default 0x10 direct_packets_stat 0 direct_qlen 1000
 Sent 2727173 bytes 1883 pkt (dropped 161, overlimits 1383 requeues 0) 
 backlog 17784b 9p requeues 0
qdisc pfifo 20: parent 1:10 limit 12p
 Sent 2727173 bytes 1883 pkt (dropped 161, overlimits 0 requeues 0) 
 backlog 17784b 9p requeues 0
======================================================================
Timestamp: 2026-04-28 14:39:24
qdisc htb 1: root refcnt 13 r2q 10 default 0x10 direct_packets_stat 0 direct_qlen 1000
 Sent 3603124 bytes 2475 pkt (dropped 212, overlimits 1830 requeues 0) 
 backlog 22230b 11p requeues 0
qdisc pfifo 20: parent 1:10 limit 12p
 Sent 3603124 bytes 2475 pkt (dropped 212, overlimits 0 requeues 0) 
 backlog 22230b 11p requeues 0
======================================================================
Timestamp: 2026-04-28 14:39:25
qdisc htb 1: root refcnt 13 r2q 10 default 0x10 direct_packets_stat 0 direct_qlen 1000
 Sent 3961191 bytes 2718 pkt (dropped 233, overlimits 2016 requeues 0) 
 backlog 20969b 11p requeues 0
qdisc pfifo 20: parent 1:10 limit 12p
 Sent 3961191 bytes 2718 pkt (dropped 233, overlimits 0 requeues 0) 
 backlog 20969b 11p requeues 0
======================================================================
Timestamp: 2026-04-28 14:39:26
qdisc htb 1: root refcnt 13 r2q 10 default 0x10 direct_packets_stat 0 direct_qlen 1000
 Sent 4838756 bytes 3311 pkt (dropped 281, overlimits 2452 requeues 0) 
 backlog 22230b 11p requeues 0
qdisc pfifo 20: parent 1:10 limit 12p
 Sent 4838756 bytes 3311 pkt (dropped 281, overlimits 0 requeues 0) 
 backlog 22230b 11p requeues 0
======================================================================
Timestamp: 2026-04-28 14:39:27
qdisc htb 1: root refcnt 13 r2q 10 default 0x10 direct_packets_stat 0 direct_qlen 1000
 Sent 5206510 bytes 3561 pkt (dropped 309, overlimits 2648 requeues 0) 
 backlog 22230b 11p requeues 0
qdisc pfifo 20: parent 1:10 limit 12p
 Sent 5206510 bytes 3561 pkt (dropped 309, overlimits 0 requeues 0) 
 backlog 22230b 11p requeues 0
======================================================================
Timestamp: 2026-04-28 14:39:28
qdisc htb 1: root refcnt 13 r2q 10 default 0x10 direct_packets_stat 0 direct_qlen 1000
 Sent 6085336 bytes 4154 pkt (dropped 360, overlimits 3091 requeues 0) 
 backlog 12529b 7p requeues 0
qdisc pfifo 20: parent 1:10 limit 12p
 Sent 6085336 bytes 4154 pkt (dropped 360, overlimits 0 requeues 0) 
 backlog 12529b 7p requeues 0
======================================================================
Timestamp: 2026-04-28 14:39:29
qdisc htb 1: root refcnt 13 r2q 10 default 0x10 direct_packets_stat 0 direct_qlen 1000
 Sent 6315542 bytes 4311 pkt (dropped 373, overlimits 3212 requeues 0) 
 backlog 19266b 10p requeues 0
qdisc pfifo 20: parent 1:10 limit 12p
 Sent 6315542 bytes 4311 pkt (dropped 373, overlimits 0 requeues 0) 
 backlog 19266b 10p requeues 0
======================================================================
Timestamp: 2026-04-28 14:39:30
qdisc htb 1: root refcnt 13 r2q 10 default 0x10 direct_packets_stat 0 direct_qlen 1000
 Sent 7194368 bytes 4904 pkt (dropped 416, overlimits 3650 requeues 0) 
 backlog 22230b 11p requeues 0
qdisc pfifo 20: parent 1:10 limit 12p
 Sent 7194368 bytes 4904 pkt (dropped 416, overlimits 0 requeues 0) 
 backlog 22230b 11p requeues 0
======================================================================
Timestamp: 2026-04-28 14:39:31
qdisc htb 1: root refcnt 13 r2q 10 default 0x10 direct_packets_stat 0 direct_qlen 1000
 Sent 7398278 bytes 5044 pkt (dropped 429, overlimits 3757 requeues 0) 
 backlog 20748b 11p requeues 0
qdisc pfifo 20: parent 1:10 limit 12p
 Sent 7398278 bytes 5044 pkt (dropped 429, overlimits 0 requeues 0) 
 backlog 20748b 11p requeues 0
======================================================================
Timestamp: 2026-04-28 14:39:32
qdisc htb 1: root refcnt 13 r2q 10 default 0x10 direct_packets_stat 0 direct_qlen 1000
 Sent 7836972 bytes 5341 pkt (dropped 454, overlimits 3975 requeues 0) 
 backlog 0b 0p requeues 0
qdisc pfifo 20: parent 1:10 limit 12p
 Sent 7836972 bytes 5341 pkt (dropped 454, overlimits 0 requeues 0) 
 backlog 0b 0p requeues 0
======================================================================
Timestamp: 2026-04-28 14:39:33
qdisc htb 1: root refcnt 13 r2q 10 default 0x10 direct_packets_stat 0 direct_qlen 1000
 Sent 7967117 bytes 5429 pkt (dropped 464, overlimits 4045 requeues 0) 
 backlog 20748b 11p requeues 0
qdisc pfifo 20: parent 1:10 limit 12p
 Sent 7967117 bytes 5429 pkt (dropped 464, overlimits 0 requeues 0) 
 backlog 20748b 11p requeues 0
======================================================================
Timestamp: 2026-04-28 14:39:34
qdisc htb 1: root refcnt 13 r2q 10 default 0x10 direct_packets_stat 0 direct_qlen 1000
 Sent 8844461 bytes 6021 pkt (dropped 504, overlimits 4483 requeues 0) 
 backlog 17784b 9p requeues 0
qdisc pfifo 20: parent 1:10 limit 12p
 Sent 8844461 bytes 6021 pkt (dropped 504, overlimits 0 requeues 0) 
 backlog 17784b 9p requeues 0
======================================================================
Timestamp: 2026-04-28 14:39:35
qdisc htb 1: root refcnt 13 r2q 10 default 0x10 direct_packets_stat 0 direct_qlen 1000
 Sent 9114207 bytes 6205 pkt (dropped 522, overlimits 4625 requeues 0) 
 backlog 20748b 10p requeues 0
qdisc pfifo 20: parent 1:10 limit 12p
 Sent 9114207 bytes 6205 pkt (dropped 522, overlimits 0 requeues 0) 
 backlog 20748b 10p requeues 0
======================================================================
Timestamp: 2026-04-28 14:39:36
qdisc htb 1: root refcnt 13 r2q 10 default 0x10 direct_packets_stat 0 direct_qlen 1000
 Sent 9984353 bytes 6794 pkt (dropped 571, overlimits 5063 requeues 0) 
 backlog 0b 0p requeues 0
qdisc pfifo 20: parent 1:10 limit 12p
 Sent 9984353 bytes 6794 pkt (dropped 571, overlimits 0 requeues 0) 
 backlog 0b 0p requeues 0
======================================================================
Timestamp: 2026-04-28 14:39:37
qdisc htb 1: root refcnt 13 r2q 10 default 0x10 direct_packets_stat 0 direct_qlen 1000
 Sent 10842528 bytes 7374 pkt (dropped 622, overlimits 5497 requeues 0) 
 backlog 22230b 11p requeues 0
qdisc pfifo 20: parent 1:10 limit 12p
 Sent 10842528 bytes 7374 pkt (dropped 622, overlimits 0 requeues 0) 
 backlog 22230b 11p requeues 0
======================================================================
Timestamp: 2026-04-28 14:39:38
qdisc htb 1: root refcnt 13 r2q 10 default 0x10 direct_packets_stat 0 direct_qlen 1000
 Sent 11670223 bytes 7934 pkt (dropped 669, overlimits 5910 requeues 0) 
 backlog 22230b 11p requeues 0
qdisc pfifo 20: parent 1:10 limit 12p
 Sent 11670223 bytes 7934 pkt (dropped 669, overlimits 0 requeues 0) 
 backlog 22230b 11p requeues 0
======================================================================
Timestamp: 2026-04-28 14:39:39
qdisc htb 1: root refcnt 13 r2q 10 default 0x10 direct_packets_stat 0 direct_qlen 1000
 Sent 12019313 bytes 8173 pkt (dropped 685, overlimits 6085 requeues 0) 
 backlog 0b 0p requeues 0
qdisc pfifo 20: parent 1:10 limit 12p
 Sent 12019313 bytes 8173 pkt (dropped 685, overlimits 0 requeues 0) 
 backlog 0b 0p requeues 0
======================================================================
Timestamp: 2026-04-28 14:39:40
qdisc htb 1: root refcnt 13 r2q 10 default 0x10 direct_packets_stat 0 direct_qlen 1000
 Sent 12442894 bytes 8459 pkt (dropped 712, overlimits 6300 requeues 0) 
 backlog 22230b 11p requeues 0
qdisc pfifo 20: parent 1:10 limit 12p
 Sent 12442894 bytes 8459 pkt (dropped 712, overlimits 0 requeues 0) 
 backlog 22230b 11p requeues 0
======================================================================
Timestamp: 2026-04-28 14:39:41
qdisc htb 1: root refcnt 13 r2q 10 default 0x10 direct_packets_stat 0 direct_qlen 1000
 Sent 13031005 bytes 8858 pkt (dropped 736, overlimits 6596 requeues 0) 
 backlog 0b 0p requeues 0
qdisc pfifo 20: parent 1:10 limit 12p
 Sent 13031005 bytes 8858 pkt (dropped 736, overlimits 0 requeues 0) 
 backlog 0b 0p requeues 0
======================================================================
Timestamp: 2026-04-28 14:39:42
qdisc htb 1: root refcnt 13 r2q 10 default 0x10 direct_packets_stat 0 direct_qlen 1000
 Sent 13411678 bytes 9116 pkt (dropped 758, overlimits 6791 requeues 0) 
 backlog 23712b 12p requeues 0
qdisc pfifo 20: parent 1:10 limit 12p
 Sent 13411678 bytes 9116 pkt (dropped 758, overlimits 0 requeues 0) 
 backlog 23712b 12p requeues 0
======================================================================
Timestamp: 2026-04-28 14:39:43
qdisc htb 1: root refcnt 13 r2q 10 default 0x10 direct_packets_stat 0 direct_qlen 1000
 Sent 14290504 bytes 9709 pkt (dropped 799, overlimits 7230 requeues 0) 
 backlog 20748b 10p requeues 0
qdisc pfifo 20: parent 1:10 limit 12p
 Sent 14290504 bytes 9709 pkt (dropped 799, overlimits 0 requeues 0) 
 backlog 20748b 10p requeues 0
======================================================================
Timestamp: 2026-04-28 14:39:44
qdisc htb 1: root refcnt 13 r2q 10 default 0x10 direct_packets_stat 0 direct_qlen 1000
 Sent 14655323 bytes 9957 pkt (dropped 822, overlimits 7420 requeues 0) 
 backlog 20748b 11p requeues 0
qdisc pfifo 20: parent 1:10 limit 12p
 Sent 14655323 bytes 9957 pkt (dropped 822, overlimits 0 requeues 0) 
 backlog 20748b 11p requeues 0
======================================================================
Timestamp: 2026-04-28 14:39:45
qdisc htb 1: root refcnt 13 r2q 10 default 0x10 direct_packets_stat 0 direct_qlen 1000
 Sent 15166858 bytes 10304 pkt (dropped 848, overlimits 7674 requeues 0) 
 backlog 0b 0p requeues 0
qdisc pfifo 20: parent 1:10 limit 12p
 Sent 15166858 bytes 10304 pkt (dropped 848, overlimits 0 requeues 0) 
 backlog 0b 0p requeues 0
======================================================================
Timestamp: 2026-04-28 14:39:46
qdisc htb 1: root refcnt 13 r2q 10 default 0x10 direct_packets_stat 0 direct_qlen 1000
 Sent 15458541 bytes 10501 pkt (dropped 867, overlimits 7826 requeues 0) 
 backlog 17784b 9p requeues 0
qdisc pfifo 20: parent 1:10 limit 12p
 Sent 15458541 bytes 10501 pkt (dropped 867, overlimits 0 requeues 0) 
 backlog 17784b 9p requeues 0
======================================================================
Timestamp: 2026-04-28 14:39:47
qdisc htb 1: root refcnt 13 r2q 10 default 0x10 direct_packets_stat 0 direct_qlen 1000
 Sent 16272758 bytes 11053 pkt (dropped 913, overlimits 8238 requeues 0) 
 backlog 0b 0p requeues 0
qdisc pfifo 20: parent 1:10 limit 12p
 Sent 16272758 bytes 11053 pkt (dropped 913, overlimits 0 requeues 0) 
 backlog 0b 0p requeues 0
======================================================================
Timestamp: 2026-04-28 14:39:48
qdisc htb 1: root refcnt 13 r2q 10 default 0x10 direct_packets_stat 0 direct_qlen 1000
 Sent 16524427 bytes 11223 pkt (dropped 930, overlimits 8369 requeues 0) 
 backlog 22230b 11p requeues 0
qdisc pfifo 20: parent 1:10 limit 12p
 Sent 16524427 bytes 11223 pkt (dropped 930, overlimits 0 requeues 0) 
 backlog 22230b 11p requeues 0
======================================================================
Timestamp: 2026-04-28 14:39:49
qdisc htb 1: root refcnt 13 r2q 10 default 0x10 direct_packets_stat 0 direct_qlen 1000
 Sent 17248937 bytes 11720 pkt (dropped 962, overlimits 8730 requeues 0) 
 backlog 0b 0p requeues 0
qdisc pfifo 20: parent 1:10 limit 12p
 Sent 17248937 bytes 11720 pkt (dropped 962, overlimits 0 requeues 0) 
 backlog 0b 0p requeues 0
======================================================================
Timestamp: 2026-04-28 14:39:50
qdisc htb 1: root refcnt 13 r2q 10 default 0x10 direct_packets_stat 0 direct_qlen 1000
 Sent 17981677 bytes 12221 pkt (dropped 1090, overlimits 9183 requeues 0) 
 backlog 22358b 12p requeues 0
qdisc pfifo 20: parent 1:10 limit 12p
 Sent 17981677 bytes 12221 pkt (dropped 1090, overlimits 0 requeues 0) 
 backlog 22358b 12p requeues 0
======================================================================
Timestamp: 2026-04-28 14:39:51
qdisc htb 1: root refcnt 13 r2q 10 default 0x10 direct_packets_stat 0 direct_qlen 1000
 Sent 18859881 bytes 12811 pkt (dropped 1183, overlimits 9729 requeues 0) 
 backlog 14852b 10p requeues 0
qdisc pfifo 20: parent 1:10 limit 12p
 Sent 18859881 bytes 12811 pkt (dropped 1183, overlimits 0 requeues 0) 
 backlog 14852b 10p requeues 0
======================================================================
Timestamp: 2026-04-28 14:39:52
qdisc htb 1: root refcnt 13 r2q 10 default 0x10 direct_packets_stat 0 direct_qlen 1000
 Sent 19696320 bytes 13371 pkt (dropped 1231, overlimits 10261 requeues 0) 
 backlog 14948b 9p requeues 0
qdisc pfifo 20: parent 1:10 limit 12p
 Sent 19696320 bytes 13371 pkt (dropped 1231, overlimits 0 requeues 0) 
 backlog 14948b 9p requeues 0
======================================================================
Timestamp: 2026-04-28 14:39:53
qdisc htb 1: root refcnt 13 r2q 10 default 0x10 direct_packets_stat 0 direct_qlen 1000
 Sent 20573252 bytes 13961 pkt (dropped 1296, overlimits 10847 requeues 0) 
 backlog 8892b 6p requeues 0
qdisc pfifo 20: parent 1:10 limit 12p
 Sent 20573252 bytes 13961 pkt (dropped 1296, overlimits 0 requeues 0) 
 backlog 8892b 6p requeues 0
======================================================================
Timestamp: 2026-04-28 14:39:54
qdisc htb 1: root refcnt 13 r2q 10 default 0x10 direct_packets_stat 0 direct_qlen 1000
 Sent 21359338 bytes 14488 pkt (dropped 1337, overlimits 11339 requeues 0) 
 backlog 16Kb 11p requeues 0
qdisc pfifo 20: parent 1:10 limit 12p
 Sent 21359338 bytes 14488 pkt (dropped 1337, overlimits 0 requeues 0) 
 backlog 16Kb 11p requeues 0
======================================================================
Timestamp: 2026-04-28 14:39:55
qdisc htb 1: root refcnt 13 r2q 10 default 0x10 direct_packets_stat 0 direct_qlen 1000
 Sent 22238048 bytes 15079 pkt (dropped 1397, overlimits 11929 requeues 0) 
 backlog 7410b 5p requeues 0
qdisc pfifo 20: parent 1:10 limit 12p
 Sent 22238048 bytes 15079 pkt (dropped 1397, overlimits 0 requeues 0) 
 backlog 7410b 5p requeues 0
======================================================================
Timestamp: 2026-04-28 14:39:56
qdisc htb 1: root refcnt 13 r2q 10 default 0x10 direct_packets_stat 0 direct_qlen 1000
 Sent 22974727 bytes 15573 pkt (dropped 1438, overlimits 12396 requeues 0) 
 backlog 14916b 9p requeues 0
qdisc pfifo 20: parent 1:10 limit 12p
 Sent 22974727 bytes 15573 pkt (dropped 1438, overlimits 0 requeues 0) 
 backlog 14916b 9p requeues 0
======================================================================
Timestamp: 2026-04-28 14:39:57
qdisc htb 1: root refcnt 13 r2q 10 default 0x10 direct_packets_stat 0 direct_qlen 1000
 Sent 23854279 bytes 16165 pkt (dropped 1488, overlimits 12987 requeues 0) 
 backlog 11920b 8p requeues 0
qdisc pfifo 20: parent 1:10 limit 12p
 Sent 23854279 bytes 16165 pkt (dropped 1488, overlimits 0 requeues 0) 
 backlog 11920b 8p requeues 0
======================================================================
Timestamp: 2026-04-28 14:39:58
qdisc htb 1: root refcnt 13 r2q 10 default 0x10 direct_packets_stat 0 direct_qlen 1000
 Sent 24590091 bytes 16658 pkt (dropped 1515, overlimits 13442 requeues 0) 
 backlog 16366b 11p requeues 0
qdisc pfifo 20: parent 1:10 limit 12p
 Sent 24590091 bytes 16658 pkt (dropped 1515, overlimits 0 requeues 0) 
 backlog 16366b 11p requeues 0
======================================================================
Timestamp: 2026-04-28 14:39:59
qdisc htb 1: root refcnt 13 r2q 10 default 0x10 direct_packets_stat 0 direct_qlen 1000
 Sent 25468403 bytes 17250 pkt (dropped 1592, overlimits 14033 requeues 0) 
 backlog 16334b 11p requeues 0
qdisc pfifo 20: parent 1:10 limit 12p
 Sent 25468403 bytes 17250 pkt (dropped 1592, overlimits 0 requeues 0) 
 backlog 16334b 11p requeues 0
======================================================================
Timestamp: 2026-04-28 14:40:00
qdisc htb 1: root refcnt 13 r2q 10 default 0x10 direct_packets_stat 0 direct_qlen 1000
 Sent 26166481 bytes 17719 pkt (dropped 1618, overlimits 14469 requeues 0) 
 backlog 0b 0p requeues 0
qdisc pfifo 20: parent 1:10 limit 12p
 Sent 26166481 bytes 17719 pkt (dropped 1618, overlimits 0 requeues 0) 
 backlog 0b 0p requeues 0
======================================================================
Timestamp: 2026-04-28 14:40:01
qdisc htb 1: root refcnt 13 r2q 10 default 0x10 direct_packets_stat 0 direct_qlen 1000
 Sent 27045631 bytes 18310 pkt (dropped 1696, overlimits 15054 requeues 0) 
 backlog 16334b 11p requeues 0
qdisc pfifo 20: parent 1:10 limit 12p
 Sent 27045631 bytes 18310 pkt (dropped 1696, overlimits 0 requeues 0) 
 backlog 16334b 11p requeues 0
======================================================================
Timestamp: 2026-04-28 14:40:02
qdisc htb 1: root refcnt 13 r2q 10 default 0x10 direct_packets_stat 0 direct_qlen 1000
 Sent 27712695 bytes 18758 pkt (dropped 1723, overlimits 15465 requeues 0) 
 backlog 0b 0p requeues 0
qdisc pfifo 20: parent 1:10 limit 12p
 Sent 27712695 bytes 18758 pkt (dropped 1723, overlimits 0 requeues 0) 
 backlog 0b 0p requeues 0
======================================================================
Timestamp: 2026-04-28 14:40:03
qdisc htb 1: root refcnt 13 r2q 10 default 0x10 direct_packets_stat 0 direct_qlen 1000
 Sent 28501778 bytes 19286 pkt (dropped 1766, overlimits 15957 requeues 0) 
 backlog 10598b 7p requeues 0
qdisc pfifo 20: parent 1:10 limit 12p
 Sent 28501778 bytes 19286 pkt (dropped 1766, overlimits 0 requeues 0) 
 backlog 10598b 7p requeues 0
======================================================================
Timestamp: 2026-04-28 14:40:04
qdisc htb 1: root refcnt 13 r2q 10 default 0x10 direct_packets_stat 0 direct_qlen 1000
 Sent 29376870 bytes 19864 pkt (dropped 1783, overlimits 16534 requeues 0) 
 backlog 15140b 10p requeues 0
qdisc pfifo 20: parent 1:10 limit 12p
 Sent 29376870 bytes 19864 pkt (dropped 1783, overlimits 0 requeues 0) 
 backlog 15140b 10p requeues 0
======================================================================
Timestamp: 2026-04-28 14:40:05
qdisc htb 1: root refcnt 13 r2q 10 default 0x10 direct_packets_stat 0 direct_qlen 1000
 Sent 30087527 bytes 20341 pkt (dropped 1859, overlimits 16985 requeues 0) 
 backlog 1514b 1p requeues 0
qdisc pfifo 20: parent 1:10 limit 12p
 Sent 30087527 bytes 20341 pkt (dropped 1859, overlimits 0 requeues 0) 
 backlog 1514b 1p requeues 0
======================================================================
Timestamp: 2026-04-28 14:40:06
qdisc htb 1: root refcnt 13 r2q 10 default 0x10 direct_packets_stat 0 direct_qlen 1000
 Sent 30938395 bytes 20903 pkt (dropped 1867, overlimits 17540 requeues 0) 
 backlog 12112b 8p requeues 0
qdisc pfifo 20: parent 1:10 limit 12p
 Sent 30938395 bytes 20903 pkt (dropped 1867, overlimits 0 requeues 0) 
 backlog 12112b 8p requeues 0
======================================================================
Timestamp: 2026-04-28 14:40:07
qdisc htb 1: root refcnt 13 r2q 10 default 0x10 direct_packets_stat 0 direct_qlen 1000
 Sent 31816508 bytes 21491 pkt (dropped 1944, overlimits 18116 requeues 0) 
 backlog 11920b 8p requeues 0
qdisc pfifo 20: parent 1:10 limit 12p
 Sent 31816508 bytes 21491 pkt (dropped 1944, overlimits 0 requeues 0) 
 backlog 11920b 8p requeues 0
======================================================================
Timestamp: 2026-04-28 14:40:08
qdisc htb 1: root refcnt 13 r2q 10 default 0x10 direct_packets_stat 0 direct_qlen 1000
 Sent 32581404 bytes 22006 pkt (dropped 1971, overlimits 18602 requeues 0) 
 backlog 0b 0p requeues 0
qdisc pfifo 20: parent 1:10 limit 12p
 Sent 32581404 bytes 22006 pkt (dropped 1971, overlimits 0 requeues 0) 
 backlog 0b 0p requeues 0
======================================================================
Timestamp: 2026-04-28 14:40:09
qdisc htb 1: root refcnt 13 r2q 10 default 0x10 direct_packets_stat 0 direct_qlen 1000
 Sent 33434973 bytes 22578 pkt (dropped 2048, overlimits 19163 requeues 0) 
 backlog 17848b 12p requeues 0
qdisc pfifo 20: parent 1:10 limit 12p
 Sent 33434973 bytes 22578 pkt (dropped 2048, overlimits 0 requeues 0) 
 backlog 17848b 12p requeues 0
======================================================================
Timestamp: 2026-04-28 14:40:10
qdisc htb 1: root refcnt 13 r2q 10 default 0x10 direct_packets_stat 0 direct_qlen 1000
 Sent 34261120 bytes 23135 pkt (dropped 2086, overlimits 19712 requeues 0) 
 backlog 0b 0p requeues 0
qdisc pfifo 20: parent 1:10 limit 12p
 Sent 34261120 bytes 23135 pkt (dropped 2086, overlimits 0 requeues 0) 
 backlog 0b 0p requeues 0
======================================================================
Timestamp: 2026-04-28 14:40:11
qdisc htb 1: root refcnt 13 r2q 10 default 0x10 direct_packets_stat 0 direct_qlen 1000
 Sent 35056621 bytes 23669 pkt (dropped 2142, overlimits 20221 requeues 0) 
 backlog 11856b 8p requeues 0
qdisc pfifo 20: parent 1:10 limit 12p
 Sent 35056621 bytes 23669 pkt (dropped 2142, overlimits 0 requeues 0) 
 backlog 11856b 8p requeues 0
======================================================================
Timestamp: 2026-04-28 14:40:12
qdisc htb 1: root refcnt 13 r2q 10 default 0x10 direct_packets_stat 0 direct_qlen 1000
 Sent 35896557 bytes 24236 pkt (dropped 2176, overlimits 20778 requeues 0) 
 backlog 0b 0p requeues 0
qdisc pfifo 20: parent 1:10 limit 12p
 Sent 35896557 bytes 24236 pkt (dropped 2176, overlimits 0 requeues 0) 
 backlog 0b 0p requeues 0
======================================================================
Timestamp: 2026-04-28 14:40:13
qdisc htb 1: root refcnt 13 r2q 10 default 0x10 direct_packets_stat 0 direct_qlen 1000
 Sent 36673269 bytes 24758 pkt (dropped 2228, overlimits 21275 requeues 0) 
 backlog 8924b 6p requeues 0
qdisc pfifo 20: parent 1:10 limit 12p
 Sent 36673269 bytes 24758 pkt (dropped 2228, overlimits 0 requeues 0) 
 backlog 8924b 6p requeues 0
======================================================================
Timestamp: 2026-04-28 14:40:14
qdisc htb 1: root refcnt 13 r2q 10 default 0x10 direct_packets_stat 0 direct_qlen 1000
 Sent 37550701 bytes 25350 pkt (dropped 2274, overlimits 21867 requeues 0) 
 backlog 11055b 9p requeues 0
qdisc pfifo 20: parent 1:10 limit 12p
 Sent 37550701 bytes 25350 pkt (dropped 2274, overlimits 0 requeues 0) 
 backlog 11055b 9p requeues 0
======================================================================
Timestamp: 2026-04-28 14:40:15
qdisc htb 1: root refcnt 13 r2q 10 default 0x10 direct_packets_stat 0 direct_qlen 1000
 Sent 38311498 bytes 25862 pkt (dropped 2336, overlimits 22343 requeues 0) 
 backlog 17784b 12p requeues 0
qdisc pfifo 20: parent 1:10 limit 12p
 Sent 38311498 bytes 25862 pkt (dropped 2336, overlimits 0 requeues 0) 
 backlog 17784b 12p requeues 0
======================================================================
Timestamp: 2026-04-28 14:40:16
qdisc htb 1: root refcnt 13 r2q 10 default 0x10 direct_packets_stat 0 direct_qlen 1000
 Sent 39190634 bytes 26454 pkt (dropped 2381, overlimits 22935 requeues 0) 
 backlog 6Kb 5p requeues 0
qdisc pfifo 20: parent 1:10 limit 12p
 Sent 39190634 bytes 26454 pkt (dropped 2381, overlimits 0 requeues 0) 
 backlog 6Kb 5p requeues 0
======================================================================
Timestamp: 2026-04-28 14:40:17
qdisc htb 1: root refcnt 13 r2q 10 default 0x10 direct_packets_stat 0 direct_qlen 1000
 Sent 39880067 bytes 26917 pkt (dropped 2438, overlimits 23362 requeues 0) 
 backlog 13338b 9p requeues 0
qdisc pfifo 20: parent 1:10 limit 12p
 Sent 39880067 bytes 26917 pkt (dropped 2438, overlimits 0 requeues 0) 
 backlog 13338b 9p requeues 0
======================================================================
Timestamp: 2026-04-28 14:40:18
qdisc htb 1: root refcnt 13 r2q 10 default 0x10 direct_packets_stat 0 direct_qlen 1000
 Sent 40758521 bytes 27508 pkt (dropped 2479, overlimits 23953 requeues 0) 
 backlog 16334b 11p requeues 0
qdisc pfifo 20: parent 1:10 limit 12p
 Sent 40758521 bytes 27508 pkt (dropped 2479, overlimits 0 requeues 0) 
 backlog 16334b 11p requeues 0
======================================================================
Timestamp: 2026-04-28 14:40:19
qdisc htb 1: root refcnt 13 r2q 10 default 0x10 direct_packets_stat 0 direct_qlen 1000
 Sent 41516364 bytes 28017 pkt (dropped 2535, overlimits 24430 requeues 0) 
 backlog 10406b 7p requeues 0
qdisc pfifo 20: parent 1:10 limit 12p
 Sent 41516364 bytes 28017 pkt (dropped 2535, overlimits 0 requeues 0) 
 backlog 10406b 7p requeues 0
======================================================================
Timestamp: 2026-04-28 14:40:20
qdisc htb 1: root refcnt 13 r2q 10 default 0x10 direct_packets_stat 0 direct_qlen 1000
 Sent 42395596 bytes 28609 pkt (dropped 2580, overlimits 25022 requeues 0) 
 backlog 16366b 11p requeues 0
qdisc pfifo 20: parent 1:10 limit 12p
 Sent 42395596 bytes 28609 pkt (dropped 2580, overlimits 0 requeues 0) 
 backlog 16366b 11p requeues 0
======================================================================
Timestamp: 2026-04-28 14:40:21
qdisc htb 1: root refcnt 13 r2q 10 default 0x10 direct_packets_stat 0 direct_qlen 1000
 Sent 43090148 bytes 29075 pkt (dropped 2633, overlimits 25464 requeues 0) 
 backlog 10374b 7p requeues 0
qdisc pfifo 20: parent 1:10 limit 12p
 Sent 43090148 bytes 29075 pkt (dropped 2633, overlimits 0 requeues 0) 
 backlog 10374b 7p requeues 0
======================================================================
Timestamp: 2026-04-28 14:40:22
qdisc htb 1: root refcnt 13 r2q 10 default 0x10 direct_packets_stat 0 direct_qlen 1000
 Sent 43968402 bytes 29666 pkt (dropped 2679, overlimits 26055 requeues 0) 
 backlog 16334b 11p requeues 0
qdisc pfifo 20: parent 1:10 limit 12p
 Sent 43968402 bytes 29666 pkt (dropped 2679, overlimits 0 requeues 0) 
 backlog 16334b 11p requeues 0
======================================================================
Timestamp: 2026-04-28 14:40:23
qdisc htb 1: root refcnt 13 r2q 10 default 0x10 direct_packets_stat 0 direct_qlen 1000
 Sent 44708753 bytes 30162 pkt (dropped 2736, overlimits 26513 requeues 0) 
 backlog 7474b 5p requeues 0
qdisc pfifo 20: parent 1:10 limit 12p
 Sent 44708753 bytes 30162 pkt (dropped 2736, overlimits 0 requeues 0) 
 backlog 7474b 5p requeues 0
======================================================================
Timestamp: 2026-04-28 14:40:24
qdisc htb 1: root refcnt 13 r2q 10 default 0x10 direct_packets_stat 0 direct_qlen 1000
 Sent 45489651 bytes 30688 pkt (dropped 2772, overlimits 27027 requeues 0) 
 backlog 0b 0p requeues 0
qdisc pfifo 20: parent 1:10 limit 12p
 Sent 45489651 bytes 30688 pkt (dropped 2772, overlimits 0 requeues 0) 
 backlog 0b 0p requeues 0
======================================================================
Timestamp: 2026-04-28 14:40:25
qdisc htb 1: root refcnt 13 r2q 10 default 0x10 direct_packets_stat 0 direct_qlen 1000
 Sent 46241782 bytes 31189 pkt (dropped 2822, overlimits 27490 requeues 0) 
 backlog 8924b 6p requeues 0
qdisc pfifo 20: parent 1:10 limit 12p
 Sent 46241782 bytes 31189 pkt (dropped 2822, overlimits 0 requeues 0) 
 backlog 8924b 6p requeues 0
======================================================================
Timestamp: 2026-04-28 14:40:26
qdisc htb 1: root refcnt 13 r2q 10 default 0x10 direct_packets_stat 0 direct_qlen 1000
 Sent 47049844 bytes 31733 pkt (dropped 2857, overlimits 28021 requeues 0) 
 backlog 0b 0p requeues 0
qdisc pfifo 20: parent 1:10 limit 12p
 Sent 47049844 bytes 31733 pkt (dropped 2857, overlimits 0 requeues 0) 
 backlog 0b 0p requeues 0
======================================================================
Timestamp: 2026-04-28 14:40:27
qdisc htb 1: root refcnt 13 r2q 10 default 0x10 direct_packets_stat 0 direct_qlen 1000
 Sent 47850749 bytes 32265 pkt (dropped 2915, overlimits 28526 requeues 0) 
 backlog 14820b 10p requeues 0
qdisc pfifo 20: parent 1:10 limit 12p
 Sent 47850749 bytes 32265 pkt (dropped 2915, overlimits 0 requeues 0) 
 backlog 14820b 10p requeues 0
======================================================================
Timestamp: 2026-04-28 14:40:28
qdisc htb 1: root refcnt 13 r2q 10 default 0x10 direct_packets_stat 0 direct_qlen 1000
 Sent 48728883 bytes 32856 pkt (dropped 2978, overlimits 29117 requeues 0) 
 backlog 13370b 9p requeues 0
qdisc pfifo 20: parent 1:10 limit 12p
 Sent 48728883 bytes 32856 pkt (dropped 2978, overlimits 0 requeues 0) 
 backlog 13370b 9p requeues 0
======================================================================
Timestamp: 2026-04-28 14:40:29
qdisc htb 1: root refcnt 13 r2q 10 default 0x10 direct_packets_stat 0 direct_qlen 1000
 Sent 49463696 bytes 33349 pkt (dropped 3027, overlimits 29567 requeues 0) 
 backlog 16334b 10p requeues 0
qdisc pfifo 20: parent 1:10 limit 12p
 Sent 49463696 bytes 33349 pkt (dropped 3027, overlimits 0 requeues 0) 
 backlog 16334b 10p requeues 0
======================================================================
Timestamp: 2026-04-28 14:40:30
qdisc htb 1: root refcnt 13 r2q 10 default 0x10 direct_packets_stat 0 direct_qlen 1000
 Sent 50269472 bytes 33891 pkt (dropped 3073, overlimits 30097 requeues 0) 
 backlog 0b 0p requeues 0
qdisc pfifo 20: parent 1:10 limit 12p
 Sent 50269472 bytes 33891 pkt (dropped 3073, overlimits 0 requeues 0) 
 backlog 0b 0p requeues 0
======================================================================
Timestamp: 2026-04-28 14:40:31
qdisc htb 1: root refcnt 13 r2q 10 default 0x10 direct_packets_stat 0 direct_qlen 1000
 Sent 51093423 bytes 34438 pkt (dropped 3127, overlimits 30624 requeues 0) 
 backlog 11856b 8p requeues 0
qdisc pfifo 20: parent 1:10 limit 12p
 Sent 51093423 bytes 34438 pkt (dropped 3127, overlimits 0 requeues 0) 
 backlog 11856b 8p requeues 0
======================================================================
Timestamp: 2026-04-28 14:40:32
qdisc htb 1: root refcnt 13 r2q 10 default 0x10 direct_packets_stat 0 direct_qlen 1000
 Sent 51972175 bytes 35030 pkt (dropped 3167, overlimits 31215 requeues 0) 
 backlog 16302b 11p requeues 0
qdisc pfifo 20: parent 1:10 limit 12p
 Sent 51972175 bytes 35030 pkt (dropped 3167, overlimits 0 requeues 0) 
 backlog 16302b 11p requeues 0
======================================================================
Timestamp: 2026-04-28 14:40:33
qdisc htb 1: root refcnt 13 r2q 10 default 0x10 direct_packets_stat 0 direct_qlen 1000
 Sent 52828615 bytes 35608 pkt (dropped 3214, overlimits 31787 requeues 0) 
 backlog 17816b 12p requeues 0
qdisc pfifo 20: parent 1:10 limit 12p
 Sent 52828615 bytes 35608 pkt (dropped 3214, overlimits 0 requeues 0) 
 backlog 17816b 12p requeues 0
======================================================================
Timestamp: 2026-04-28 14:40:34
qdisc htb 1: root refcnt 13 r2q 10 default 0x10 direct_packets_stat 0 direct_qlen 1000
 Sent 53706613 bytes 36199 pkt (dropped 3266, overlimits 32378 requeues 0) 
 backlog 14852b 10p requeues 0
qdisc pfifo 20: parent 1:10 limit 12p
 Sent 53706613 bytes 36199 pkt (dropped 3266, overlimits 0 requeues 0) 
 backlog 14852b 10p requeues 0
======================================================================
Timestamp: 2026-04-28 14:40:35
qdisc htb 1: root refcnt 13 r2q 10 default 0x10 direct_packets_stat 0 direct_qlen 1000
 Sent 54560400 bytes 36775 pkt (dropped 3312, overlimits 32950 requeues 0) 
 backlog 13338b 9p requeues 0
qdisc pfifo 20: parent 1:10 limit 12p
 Sent 54560400 bytes 36775 pkt (dropped 3312, overlimits 0 requeues 0) 
 backlog 13338b 9p requeues 0
======================================================================
Timestamp: 2026-04-28 14:40:36
qdisc htb 1: root refcnt 13 r2q 10 default 0x10 direct_packets_stat 0 direct_qlen 1000
 Sent 55275200 bytes 37256 pkt (dropped 3348, overlimits 33405 requeues 0) 
 backlog 0b 0p requeues 0
qdisc pfifo 20: parent 1:10 limit 12p
 Sent 55275200 bytes 37256 pkt (dropped 3348, overlimits 0 requeues 0) 
 backlog 0b 0p requeues 0
======================================================================
Timestamp: 2026-04-28 14:40:37
qdisc htb 1: root refcnt 13 r2q 10 default 0x10 direct_packets_stat 0 direct_qlen 1000
 Sent 56117093 bytes 37822 pkt (dropped 3418, overlimits 33959 requeues 0) 
 backlog 5928b 4p requeues 0
qdisc pfifo 20: parent 1:10 limit 12p
 Sent 56117093 bytes 37822 pkt (dropped 3418, overlimits 0 requeues 0) 
 backlog 5928b 4p requeues 0
======================================================================
Timestamp: 2026-04-28 14:40:38
qdisc htb 1: root refcnt 13 r2q 10 default 0x10 direct_packets_stat 0 direct_qlen 1000
 Sent 56939971 bytes 38375 pkt (dropped 3449, overlimits 34501 requeues 0) 
 backlog 4542b 3p requeues 0
qdisc pfifo 20: parent 1:10 limit 12p
 Sent 56939971 bytes 38375 pkt (dropped 3449, overlimits 0 requeues 0) 
 backlog 4542b 3p requeues 0
======================================================================
Timestamp: 2026-04-28 14:40:39
qdisc htb 1: root refcnt 13 r2q 10 default 0x10 direct_packets_stat 0 direct_qlen 1000
 Sent 57783600 bytes 38941 pkt (dropped 3518, overlimits 35049 requeues 0) 
 backlog 11888b 8p requeues 0
qdisc pfifo 20: parent 1:10 limit 12p
 Sent 57783600 bytes 38941 pkt (dropped 3518, overlimits 0 requeues 0) 
 backlog 11888b 8p requeues 0
======================================================================
Timestamp: 2026-04-28 14:40:40
qdisc htb 1: root refcnt 13 r2q 10 default 0x10 direct_packets_stat 0 direct_qlen 1000
 Sent 58559263 bytes 39466 pkt (dropped 3557, overlimits 35548 requeues 0) 
 backlog 0b 0p requeues 0
qdisc pfifo 20: parent 1:10 limit 12p
 Sent 58559263 bytes 39466 pkt (dropped 3557, overlimits 0 requeues 0) 
 backlog 0b 0p requeues 0
======================================================================
Timestamp: 2026-04-28 14:40:41
qdisc htb 1: root refcnt 13 r2q 10 default 0x10 direct_packets_stat 0 direct_qlen 1000
 Sent 59390677 bytes 40023 pkt (dropped 3614, overlimits 36087 requeues 0) 
 backlog 16302b 11p requeues 0
qdisc pfifo 20: parent 1:10 limit 12p
 Sent 59390677 bytes 40023 pkt (dropped 3614, overlimits 0 requeues 0) 
 backlog 16302b 11p requeues 0
======================================================================
Timestamp: 2026-04-28 14:40:42
qdisc htb 1: root refcnt 13 r2q 10 default 0x10 direct_packets_stat 0 direct_qlen 1000
 Sent 60259854 bytes 40608 pkt (dropped 3665, overlimits 36671 requeues 0) 
 backlog 0b 0p requeues 0
qdisc pfifo 20: parent 1:10 limit 12p
 Sent 60259854 bytes 40608 pkt (dropped 3665, overlimits 0 requeues 0) 
 backlog 0b 0p requeues 0
======================================================================
Timestamp: 2026-04-28 14:40:43
qdisc htb 1: root refcnt 13 r2q 10 default 0x10 direct_packets_stat 0 direct_qlen 1000
 Sent 61024224 bytes 41121 pkt (dropped 3720, overlimits 37151 requeues 0) 
 backlog 17784b 12p requeues 0
qdisc pfifo 20: parent 1:10 limit 12p
 Sent 61024224 bytes 41121 pkt (dropped 3720, overlimits 0 requeues 0) 
 backlog 17784b 12p requeues 0
======================================================================
Timestamp: 2026-04-28 14:40:44
qdisc htb 1: root refcnt 13 r2q 10 default 0x10 direct_packets_stat 0 direct_qlen 1000
 Sent 61877822 bytes 41697 pkt (dropped 3760, overlimits 37723 requeues 0) 
 backlog 0b 0p requeues 0
qdisc pfifo 20: parent 1:10 limit 12p
 Sent 61877822 bytes 41697 pkt (dropped 3760, overlimits 0 requeues 0) 
 backlog 0b 0p requeues 0
======================================================================
Timestamp: 2026-04-28 14:40:45
qdisc htb 1: root refcnt 13 r2q 10 default 0x10 direct_packets_stat 0 direct_qlen 1000
 Sent 62602369 bytes 42182 pkt (dropped 3807, overlimits 38178 requeues 0) 
 backlog 17848b 12p requeues 0
qdisc pfifo 20: parent 1:10 limit 12p
 Sent 62602369 bytes 42182 pkt (dropped 3807, overlimits 0 requeues 0) 
 backlog 17848b 12p requeues 0
======================================================================
Timestamp: 2026-04-28 14:40:46
qdisc htb 1: root refcnt 13 r2q 10 default 0x10 direct_packets_stat 0 direct_qlen 1000
 Sent 63480855 bytes 42773 pkt (dropped 3860, overlimits 38769 requeues 0) 
 backlog 14820b 10p requeues 0
qdisc pfifo 20: parent 1:10 limit 12p
 Sent 63480855 bytes 42773 pkt (dropped 3860, overlimits 0 requeues 0) 
 backlog 14820b 10p requeues 0
======================================================================
Timestamp: 2026-04-28 14:40:47
qdisc htb 1: root refcnt 13 r2q 10 default 0x10 direct_packets_stat 0 direct_qlen 1000
 Sent 64184973 bytes 43247 pkt (dropped 3904, overlimits 39226 requeues 0) 
 backlog 14820b 10p requeues 0
qdisc pfifo 20: parent 1:10 limit 12p
 Sent 64184973 bytes 43247 pkt (dropped 3904, overlimits 0 requeues 0) 
 backlog 14820b 10p requeues 0
======================================================================
Timestamp: 2026-04-28 14:40:48
qdisc htb 1: root refcnt 13 r2q 10 default 0x10 direct_packets_stat 0 direct_qlen 1000
 Sent 64969022 bytes 43774 pkt (dropped 3932, overlimits 39724 requeues 0) 
 backlog 1514b 1p requeues 0
qdisc pfifo 20: parent 1:10 limit 12p
 Sent 64969022 bytes 43774 pkt (dropped 3932, overlimits 0 requeues 0) 
 backlog 1514b 1p requeues 0
======================================================================
Timestamp: 2026-04-28 14:40:49
qdisc htb 1: root refcnt 13 r2q 10 default 0x10 direct_packets_stat 0 direct_qlen 1000
 Sent 65815191 bytes 44338 pkt (dropped 4005, overlimits 40264 requeues 0) 
 backlog 11856b 8p requeues 0
qdisc pfifo 20: parent 1:10 limit 12p
 Sent 65815191 bytes 44338 pkt (dropped 4005, overlimits 0 requeues 0) 
 backlog 11856b 8p requeues 0
======================================================================
Timestamp: 2026-04-28 14:40:50
qdisc htb 1: root refcnt 13 r2q 10 default 0x10 direct_packets_stat 0 direct_qlen 1000
 Sent 66693261 bytes 44929 pkt (dropped 4053, overlimits 40855 requeues 0) 
 backlog 17816b 12p requeues 0
qdisc pfifo 20: parent 1:10 limit 12p
 Sent 66693261 bytes 44929 pkt (dropped 4053, overlimits 0 requeues 0) 
 backlog 17816b 12p requeues 0
======================================================================
Timestamp: 2026-04-28 14:40:51
qdisc htb 1: root refcnt 13 r2q 10 default 0x10 direct_packets_stat 0 direct_qlen 1000
 Sent 67457181 bytes 45444 pkt (dropped 4106, overlimits 41348 requeues 0) 
 backlog 13370b 9p requeues 0
qdisc pfifo 20: parent 1:10 limit 12p
 Sent 67457181 bytes 45444 pkt (dropped 4106, overlimits 0 requeues 0) 
 backlog 13370b 9p requeues 0
======================================================================
Timestamp: 2026-04-28 14:40:52
qdisc htb 1: root refcnt 13 r2q 10 default 0x10 direct_packets_stat 0 direct_qlen 1000
 Sent 68335987 bytes 46035 pkt (dropped 4160, overlimits 41938 requeues 0) 
 backlog 10374b 7p requeues 0
qdisc pfifo 20: parent 1:10 limit 12p
 Sent 68335987 bytes 46035 pkt (dropped 4160, overlimits 0 requeues 0) 
 backlog 10374b 7p requeues 0
======================================================================
Timestamp: 2026-04-28 14:40:53
qdisc htb 1: root refcnt 13 r2q 10 default 0x10 direct_packets_stat 0 direct_qlen 1000
 Sent 69113548 bytes 46556 pkt (dropped 4225, overlimits 42425 requeues 0) 
 backlog 8892b 6p requeues 0
qdisc pfifo 20: parent 1:10 limit 12p
 Sent 69113548 bytes 46556 pkt (dropped 4225, overlimits 0 requeues 0) 
 backlog 8892b 6p requeues 0
======================================================================
Timestamp: 2026-04-28 14:40:54
qdisc htb 1: root refcnt 13 r2q 10 default 0x10 direct_packets_stat 0 direct_qlen 1000
 Sent 69991362 bytes 47147 pkt (dropped 4279, overlimits 43015 requeues 0) 
 backlog 14916b 10p requeues 0
qdisc pfifo 20: parent 1:10 limit 12p
 Sent 69991362 bytes 47147 pkt (dropped 4279, overlimits 0 requeues 0) 
 backlog 14916b 10p requeues 0
======================================================================
Timestamp: 2026-04-28 14:40:55
qdisc htb 1: root refcnt 13 r2q 10 default 0x10 direct_packets_stat 0 direct_qlen 1000
 Sent 70711697 bytes 47630 pkt (dropped 4336, overlimits 43471 requeues 0) 
 backlog 7442b 5p requeues 0
qdisc pfifo 20: parent 1:10 limit 12p
 Sent 70711697 bytes 47630 pkt (dropped 4336, overlimits 0 requeues 0) 
 backlog 7442b 5p requeues 0
======================================================================
Timestamp: 2026-04-28 14:40:56
qdisc htb 1: root refcnt 13 r2q 10 default 0x10 direct_packets_stat 0 direct_qlen 1000
 Sent 71589879 bytes 48221 pkt (dropped 4383, overlimits 44062 requeues 0) 
 backlog 14884b 10p requeues 0
qdisc pfifo 20: parent 1:10 limit 12p
 Sent 71589879 bytes 48221 pkt (dropped 4383, overlimits 0 requeues 0) 
 backlog 14884b 10p requeues 0
======================================================================
Timestamp: 2026-04-28 14:40:57
qdisc htb 1: root refcnt 13 r2q 10 default 0x10 direct_packets_stat 0 direct_qlen 1000
 Sent 72402783 bytes 48767 pkt (dropped 4439, overlimits 44584 requeues 0) 
 backlog 14820b 10p requeues 0
qdisc pfifo 20: parent 1:10 limit 12p
 Sent 72402783 bytes 48767 pkt (dropped 4439, overlimits 0 requeues 0) 
 backlog 14820b 10p requeues 0
======================================================================
Timestamp: 2026-04-28 14:40:58
qdisc htb 1: root refcnt 13 r2q 10 default 0x10 direct_packets_stat 0 direct_qlen 1000
 Sent 73281461 bytes 49358 pkt (dropped 4486, overlimits 45175 requeues 0) 
 backlog 14820b 10p requeues 0
qdisc pfifo 20: parent 1:10 limit 12p
 Sent 73281461 bytes 49358 pkt (dropped 4486, overlimits 0 requeues 0) 
 backlog 14820b 10p requeues 0
======================================================================
Timestamp: 2026-04-28 14:40:59
qdisc htb 1: root refcnt 13 r2q 10 default 0x10 direct_packets_stat 0 direct_qlen 1000
 Sent 74137225 bytes 49935 pkt (dropped 4536, overlimits 45744 requeues 0) 
 backlog 7410b 5p requeues 0
qdisc pfifo 20: parent 1:10 limit 12p
 Sent 74137225 bytes 49935 pkt (dropped 4536, overlimits 0 requeues 0) 
 backlog 7410b 5p requeues 0
======================================================================
Timestamp: 2026-04-28 14:41:00
qdisc htb 1: root refcnt 13 r2q 10 default 0x10 direct_packets_stat 0 direct_qlen 1000
 Sent 75003061 bytes 50520 pkt (dropped 4574, overlimits 46321 requeues 0) 
 backlog 8892b 6p requeues 0
qdisc pfifo 20: parent 1:10 limit 12p
 Sent 75003061 bytes 50520 pkt (dropped 4574, overlimits 0 requeues 0) 
 backlog 8892b 6p requeues 0
======================================================================
Timestamp: 2026-04-28 14:41:01
qdisc htb 1: root refcnt 13 r2q 10 default 0x10 direct_packets_stat 0 direct_qlen 1000
 Sent 75881451 bytes 51111 pkt (dropped 4628, overlimits 46912 requeues 0) 
 backlog 11856b 8p requeues 0
qdisc pfifo 20: parent 1:10 limit 12p
 Sent 75881451 bytes 51111 pkt (dropped 4628, overlimits 0 requeues 0) 
 backlog 11856b 8p requeues 0
======================================================================
Timestamp: 2026-04-28 14:41:02
qdisc htb 1: root refcnt 13 r2q 10 default 0x10 direct_packets_stat 0 direct_qlen 1000
 Sent 76555164 bytes 51564 pkt (dropped 4674, overlimits 47336 requeues 0) 
 backlog 16358b 11p requeues 0
qdisc pfifo 20: parent 1:10 limit 12p
 Sent 76555164 bytes 51564 pkt (dropped 4674, overlimits 0 requeues 0) 
 backlog 16358b 11p requeues 0
======================================================================
Timestamp: 2026-04-28 14:41:03
qdisc htb 1: root refcnt 13 r2q 10 default 0x10 direct_packets_stat 0 direct_qlen 1000
 Sent 77276701 bytes 52050 pkt (dropped 4707, overlimits 47805 requeues 0) 
 backlog 0b 0p requeues 0
qdisc pfifo 20: parent 1:10 limit 12p
 Sent 77276701 bytes 52050 pkt (dropped 4707, overlimits 0 requeues 0) 
 backlog 0b 0p requeues 0
======================================================================
Timestamp: 2026-04-28 14:41:04
qdisc htb 1: root refcnt 13 r2q 10 default 0x10 direct_packets_stat 0 direct_qlen 1000
 Sent 78117095 bytes 52606 pkt (dropped 4746, overlimits 48338 requeues 0) 
 backlog 19330b 12p requeues 0
qdisc pfifo 20: parent 1:10 limit 12p
 Sent 78117095 bytes 52606 pkt (dropped 4746, overlimits 0 requeues 0) 
 backlog 19330b 12p requeues 0
======================================================================
Timestamp: 2026-04-28 14:41:05
qdisc htb 1: root refcnt 13 r2q 10 default 0x10 direct_packets_stat 0 direct_qlen 1000
 Sent 78995093 bytes 53197 pkt (dropped 4809, overlimits 48926 requeues 0) 
 backlog 16302b 11p requeues 0
qdisc pfifo 20: parent 1:10 limit 12p
 Sent 78995093 bytes 53197 pkt (dropped 4809, overlimits 0 requeues 0) 
 backlog 16302b 11p requeues 0
======================================================================
Timestamp: 2026-04-28 14:41:06
qdisc htb 1: root refcnt 13 r2q 10 default 0x10 direct_packets_stat 0 direct_qlen 1000
 Sent 79724934 bytes 53684 pkt (dropped 4853, overlimits 49370 requeues 0) 
 backlog 16366b 11p requeues 0
qdisc pfifo 20: parent 1:10 limit 12p
 Sent 79724934 bytes 53684 pkt (dropped 4853, overlimits 0 requeues 0) 
 backlog 16366b 11p requeues 0
======================================================================
Timestamp: 2026-04-28 14:41:07
qdisc htb 1: root refcnt 13 r2q 10 default 0x10 direct_packets_stat 0 direct_qlen 1000
 Sent 80603162 bytes 54276 pkt (dropped 4907, overlimits 49962 requeues 0) 
 backlog 8892b 6p requeues 0
qdisc pfifo 20: parent 1:10 limit 12p
 Sent 80603162 bytes 54276 pkt (dropped 4907, overlimits 0 requeues 0) 
 backlog 8892b 6p requeues 0
======================================================================
Timestamp: 2026-04-28 14:41:08
qdisc htb 1: root refcnt 13 r2q 10 default 0x10 direct_packets_stat 0 direct_qlen 1000
 Sent 81281915 bytes 54731 pkt (dropped 4947, overlimits 50376 requeues 0) 
 backlog 13466b 8p requeues 0
qdisc pfifo 20: parent 1:10 limit 12p
 Sent 81281915 bytes 54731 pkt (dropped 4947, overlimits 0 requeues 0) 
 backlog 13466b 8p requeues 0
======================================================================
Timestamp: 2026-04-28 14:41:09
qdisc htb 1: root refcnt 13 r2q 10 default 0x10 direct_packets_stat 0 direct_qlen 1000
 Sent 82161299 bytes 55323 pkt (dropped 5002, overlimits 50961 requeues 0) 
 backlog 13370b 9p requeues 0
qdisc pfifo 20: parent 1:10 limit 12p
 Sent 82161299 bytes 55323 pkt (dropped 5002, overlimits 0 requeues 0) 
 backlog 13370b 9p requeues 0
======================================================================
Timestamp: 2026-04-28 14:41:10
qdisc htb 1: root refcnt 13 r2q 10 default 0x10 direct_packets_stat 0 direct_qlen 1000
 Sent 82882578 bytes 55806 pkt (dropped 5039, overlimits 51418 requeues 0) 
 backlog 17912b 12p requeues 0
qdisc pfifo 20: parent 1:10 limit 12p
 Sent 82882578 bytes 55806 pkt (dropped 5039, overlimits 0 requeues 0) 
 backlog 17912b 12p requeues 0
======================================================================
Timestamp: 2026-04-28 14:41:11
qdisc htb 1: root refcnt 13 r2q 10 default 0x10 direct_packets_stat 0 direct_qlen 1000
 Sent 83761217 bytes 56398 pkt (dropped 5119, overlimits 52009 requeues 0) 
 backlog 16302b 11p requeues 0
qdisc pfifo 20: parent 1:10 limit 12p
 Sent 83761217 bytes 56398 pkt (dropped 5119, overlimits 0 requeues 0) 
 backlog 16302b 11p requeues 0
======================================================================
Timestamp: 2026-04-28 14:41:12
qdisc htb 1: root refcnt 13 r2q 10 default 0x10 direct_packets_stat 0 direct_qlen 1000
 Sent 84548151 bytes 56925 pkt (dropped 5143, overlimits 52503 requeues 0) 
 backlog 7570b 5p requeues 0
qdisc pfifo 20: parent 1:10 limit 12p
 Sent 84548151 bytes 56925 pkt (dropped 5143, overlimits 0 requeues 0) 
 backlog 7570b 5p requeues 0
======================================================================
Timestamp: 2026-04-28 14:41:13
qdisc htb 1: root refcnt 13 r2q 10 default 0x10 direct_packets_stat 0 direct_qlen 1000
 Sent 85427163 bytes 57515 pkt (dropped 5221, overlimits 53087 requeues 0) 
 backlog 17784b 12p requeues 0
qdisc pfifo 20: parent 1:10 limit 12p
 Sent 85427163 bytes 57515 pkt (dropped 5221, overlimits 0 requeues 0) 
 backlog 17784b 12p requeues 0
======================================================================
Timestamp: 2026-04-28 14:41:14
qdisc htb 1: root refcnt 13 r2q 10 default 0x10 direct_packets_stat 0 direct_qlen 1000
 Sent 86233054 bytes 58058 pkt (dropped 5259, overlimits 53612 requeues 0) 
 backlog 0b 0p requeues 0
qdisc pfifo 20: parent 1:10 limit 12p
 Sent 86233054 bytes 58058 pkt (dropped 5259, overlimits 0 requeues 0) 
 backlog 0b 0p requeues 0
======================================================================
Timestamp: 2026-04-28 14:41:15
qdisc htb 1: root refcnt 13 r2q 10 default 0x10 direct_packets_stat 0 direct_qlen 1000
 Sent 87082491 bytes 58630 pkt (dropped 5312, overlimits 54178 requeues 0) 
 backlog 16366b 11p requeues 0
qdisc pfifo 20: parent 1:10 limit 12p
 Sent 87082491 bytes 58630 pkt (dropped 5312, overlimits 0 requeues 0) 
 backlog 16366b 11p requeues 0
======================================================================
Timestamp: 2026-04-28 14:41:16
qdisc htb 1: root refcnt 13 r2q 10 default 0x10 direct_packets_stat 0 direct_qlen 1000
 Sent 87883060 bytes 59169 pkt (dropped 5340, overlimits 54697 requeues 0) 
 backlog 0b 0p requeues 0
qdisc pfifo 20: parent 1:10 limit 12p
 Sent 87883060 bytes 59169 pkt (dropped 5340, overlimits 0 requeues 0) 
 backlog 0b 0p requeues 0
======================================================================
Timestamp: 2026-04-28 14:41:17
qdisc htb 1: root refcnt 13 r2q 10 default 0x10 direct_packets_stat 0 direct_qlen 1000
 Sent 88729949 bytes 59739 pkt (dropped 5407, overlimits 55259 requeues 0) 
 backlog 14820b 10p requeues 0
qdisc pfifo 20: parent 1:10 limit 12p
 Sent 88729949 bytes 59739 pkt (dropped 5407, overlimits 0 requeues 0) 
 backlog 14820b 10p requeues 0
======================================================================
Timestamp: 2026-04-28 14:41:18
qdisc htb 1: root refcnt 13 r2q 10 default 0x10 direct_packets_stat 0 direct_qlen 1000
 Sent 89268295 bytes 60097 pkt (dropped 5407, overlimits 55579 requeues 0) 
 backlog 7570b 5p requeues 0
qdisc pfifo 20: parent 1:10 limit 12p
 Sent 89268295 bytes 60097 pkt (dropped 5407, overlimits 0 requeues 0) 
 backlog 7570b 5p requeues 0
======================================================================
Timestamp: 2026-04-28 14:41:19
qdisc htb 1: root refcnt 13 r2q 10 default 0x10 direct_packets_stat 0 direct_qlen 1000
 Sent 90145952 bytes 60687 pkt (dropped 5498, overlimits 56164 requeues 0) 
 backlog 14820b 10p requeues 0
qdisc pfifo 20: parent 1:10 limit 12p
 Sent 90145952 bytes 60687 pkt (dropped 5498, overlimits 0 requeues 0) 
 backlog 14820b 10p requeues 0
======================================================================
Timestamp: 2026-04-28 14:41:20
qdisc htb 1: root refcnt 13 r2q 10 default 0x10 direct_packets_stat 0 direct_qlen 1000
 Sent 90905191 bytes 61194 pkt (dropped 5523, overlimits 56636 requeues 0) 
 backlog 12154b 9p requeues 0
qdisc pfifo 20: parent 1:10 limit 12p
 Sent 90905191 bytes 61194 pkt (dropped 5523, overlimits 0 requeues 0) 
 backlog 12154b 9p requeues 0
======================================================================
Timestamp: 2026-04-28 14:41:21
qdisc htb 1: root refcnt 13 r2q 10 default 0x10 direct_packets_stat 0 direct_qlen 1000
 Sent 91784101 bytes 61784 pkt (dropped 5610, overlimits 57220 requeues 0) 
 backlog 16302b 11p requeues 0
qdisc pfifo 20: parent 1:10 limit 12p
 Sent 91784101 bytes 61784 pkt (dropped 5610, overlimits 0 requeues 0) 
 backlog 16302b 11p requeues 0
======================================================================
Timestamp: 2026-04-28 14:41:22
qdisc htb 1: root refcnt 13 r2q 10 default 0x10 direct_packets_stat 0 direct_qlen 1000
 Sent 92640607 bytes 62361 pkt (dropped 5647, overlimits 57791 requeues 0) 
 backlog 0b 0p requeues 0
qdisc pfifo 20: parent 1:10 limit 12p
 Sent 92640607 bytes 62361 pkt (dropped 5647, overlimits 0 requeues 0) 
 backlog 0b 0p requeues 0
======================================================================
Timestamp: 2026-04-28 14:41:23
qdisc htb 1: root refcnt 13 r2q 10 default 0x10 direct_packets_stat 0 direct_qlen 1000
 Sent 93465451 bytes 62914 pkt (dropped 5714, overlimits 58322 requeues 0) 
 backlog 13370b 9p requeues 0
qdisc pfifo 20: parent 1:10 limit 12p
 Sent 93465451 bytes 62914 pkt (dropped 5714, overlimits 0 requeues 0) 
 backlog 13370b 9p requeues 0
======================================================================
Timestamp: 2026-04-28 14:41:24
qdisc htb 1: root refcnt 13 r2q 10 default 0x10 direct_packets_stat 0 direct_qlen 1000
 Sent 94294123 bytes 63473 pkt (dropped 5745, overlimits 58869 requeues 0) 
 backlog 0b 0p requeues 0
qdisc pfifo 20: parent 1:10 limit 12p
 Sent 94294123 bytes 63473 pkt (dropped 5745, overlimits 0 requeues 0) 
 backlog 0b 0p requeues 0
======================================================================
Timestamp: 2026-04-28 14:41:25
qdisc htb 1: root refcnt 13 r2q 10 default 0x10 direct_packets_stat 0 direct_qlen 1000
 Sent 95097570 bytes 64012 pkt (dropped 5797, overlimits 59387 requeues 0) 
 backlog 16430b 11p requeues 0
qdisc pfifo 20: parent 1:10 limit 12p
 Sent 95097570 bytes 64012 pkt (dropped 5797, overlimits 0 requeues 0) 
 backlog 16430b 11p requeues 0
======================================================================
Timestamp: 2026-04-28 14:41:26
qdisc htb 1: root refcnt 13 r2q 10 default 0x10 direct_packets_stat 0 direct_qlen 1000
 Sent 95955480 bytes 64589 pkt (dropped 5841, overlimits 59958 requeues 0) 
 backlog 0b 0p requeues 0
qdisc pfifo 20: parent 1:10 limit 12p
 Sent 95955480 bytes 64589 pkt (dropped 5841, overlimits 0 requeues 0) 
 backlog 0b 0p requeues 0
======================================================================
Timestamp: 2026-04-28 14:41:27
qdisc htb 1: root refcnt 13 r2q 10 default 0x10 direct_packets_stat 0 direct_qlen 1000
 Sent 96742783 bytes 65116 pkt (dropped 5910, overlimits 60459 requeues 0) 
 backlog 7410b 5p requeues 0
qdisc pfifo 20: parent 1:10 limit 12p
 Sent 96742783 bytes 65116 pkt (dropped 5910, overlimits 0 requeues 0) 
 backlog 7410b 5p requeues 0
======================================================================
Timestamp: 2026-04-28 14:41:28
qdisc htb 1: root refcnt 13 r2q 10 default 0x10 direct_packets_stat 0 direct_qlen 1000
 Sent 97556514 bytes 65664 pkt (dropped 5945, overlimits 60993 requeues 0) 
 backlog 0b 0p requeues 0
qdisc pfifo 20: parent 1:10 limit 12p
 Sent 97556514 bytes 65664 pkt (dropped 5945, overlimits 0 requeues 0) 
 backlog 0b 0p requeues 0
======================================================================
Timestamp: 2026-04-28 14:41:29
qdisc htb 1: root refcnt 13 r2q 10 default 0x10 direct_packets_stat 0 direct_qlen 1000
 Sent 98357754 bytes 66199 pkt (dropped 6002, overlimits 61495 requeues 0) 
 backlog 14884b 10p requeues 0
qdisc pfifo 20: parent 1:10 limit 12p
 Sent 98357754 bytes 66199 pkt (dropped 6002, overlimits 0 requeues 0) 
 backlog 14884b 10p requeues 0
======================================================================
Timestamp: 2026-04-28 14:41:30
qdisc htb 1: root refcnt 13 r2q 10 default 0x10 direct_packets_stat 0 direct_qlen 1000
 Sent 99214497 bytes 66777 pkt (dropped 6047, overlimits 62068 requeues 0) 
 backlog 0b 0p requeues 0
qdisc pfifo 20: parent 1:10 limit 12p
 Sent 99214497 bytes 66777 pkt (dropped 6047, overlimits 0 requeues 0) 
 backlog 0b 0p requeues 0
======================================================================
Timestamp: 2026-04-28 14:41:31
qdisc htb 1: root refcnt 13 r2q 10 default 0x10 direct_packets_stat 0 direct_qlen 1000
 Sent 99981853 bytes 67290 pkt (dropped 6103, overlimits 62554 requeues 0) 
 backlog 16334b 11p requeues 0
qdisc pfifo 20: parent 1:10 limit 12p
 Sent 99981853 bytes 67290 pkt (dropped 6103, overlimits 0 requeues 0) 
 backlog 16334b 11p requeues 0
======================================================================
Timestamp: 2026-04-28 14:41:32
qdisc htb 1: root refcnt 13 r2q 10 default 0x10 direct_packets_stat 0 direct_qlen 1000
 Sent 100733164 bytes 67790 pkt (dropped 6108, overlimits 63010 requeues 0) 
 backlog 15140b 10p requeues 0
qdisc pfifo 20: parent 1:10 limit 12p
 Sent 100733164 bytes 67790 pkt (dropped 6108, overlimits 0 requeues 0) 
 backlog 15140b 10p requeues 0
======================================================================
Timestamp: 2026-04-28 14:41:33
qdisc htb 1: root refcnt 13 r2q 10 default 0x10 direct_packets_stat 0 direct_qlen 1000
 Sent 101611906 bytes 68376 pkt (dropped 6175, overlimits 63584 requeues 0) 
 backlog 13370b 9p requeues 0
qdisc pfifo 20: parent 1:10 limit 12p
 Sent 101611906 bytes 68376 pkt (dropped 6175, overlimits 0 requeues 0) 
 backlog 13370b 9p requeues 0
======================================================================
Timestamp: 2026-04-28 14:41:34
qdisc htb 1: root refcnt 13 r2q 10 default 0x10 direct_packets_stat 0 direct_qlen 1000
 Sent 102490264 bytes 68967 pkt (dropped 6231, overlimits 64175 requeues 0) 
 backlog 13338b 9p requeues 0
qdisc pfifo 20: parent 1:10 limit 12p
 Sent 102490264 bytes 68967 pkt (dropped 6231, overlimits 0 requeues 0) 
 backlog 13338b 9p requeues 0
======================================================================
Timestamp: 2026-04-28 14:41:35
qdisc htb 1: root refcnt 13 r2q 10 default 0x10 direct_packets_stat 0 direct_qlen 1000
 Sent 103345264 bytes 69544 pkt (dropped 6272, overlimits 64745 requeues 0) 
 backlog 14884b 10p requeues 0
qdisc pfifo 20: parent 1:10 limit 12p
 Sent 103345264 bytes 69544 pkt (dropped 6272, overlimits 0 requeues 0) 
 backlog 14884b 10p requeues 0
======================================================================
Timestamp: 2026-04-28 14:41:36
qdisc htb 1: root refcnt 13 r2q 10 default 0x10 direct_packets_stat 0 direct_qlen 1000
 Sent 104215789 bytes 70130 pkt (dropped 6319, overlimits 65323 requeues 0) 
 backlog 11920b 8p requeues 0
qdisc pfifo 20: parent 1:10 limit 12p
 Sent 104215789 bytes 70130 pkt (dropped 6319, overlimits 0 requeues 0) 
 backlog 11920b 8p requeues 0
======================================================================
Timestamp: 2026-04-28 14:41:37
qdisc htb 1: root refcnt 13 r2q 10 default 0x10 direct_packets_stat 0 direct_qlen 1000
 Sent 105093763 bytes 70721 pkt (dropped 6364, overlimits 65913 requeues 0) 
 backlog 7410b 5p requeues 0
qdisc pfifo 20: parent 1:10 limit 12p
 Sent 105093763 bytes 70721 pkt (dropped 6364, overlimits 0 requeues 0) 
 backlog 7410b 5p requeues 0
======================================================================
Timestamp: 2026-04-28 14:41:38
qdisc htb 1: root refcnt 13 r2q 10 default 0x10 direct_packets_stat 0 direct_qlen 1000
 Sent 105855195 bytes 71230 pkt (dropped 6424, overlimits 66385 requeues 0) 
 backlog 10406b 7p requeues 0
qdisc pfifo 20: parent 1:10 limit 12p
 Sent 105855195 bytes 71230 pkt (dropped 6424, overlimits 0 requeues 0) 
 backlog 10406b 7p requeues 0
======================================================================
Timestamp: 2026-04-28 14:41:39
qdisc htb 1: root refcnt 13 r2q 10 default 0x10 direct_packets_stat 0 direct_qlen 1000
 Sent 106622833 bytes 71745 pkt (dropped 6439, overlimits 66868 requeues 0) 
 backlog 6056b 4p requeues 0
qdisc pfifo 20: parent 1:10 limit 12p
 Sent 106622833 bytes 71745 pkt (dropped 6439, overlimits 0 requeues 0) 
 backlog 6056b 4p requeues 0
======================================================================
Timestamp: 2026-04-28 14:41:40
qdisc htb 1: root refcnt 13 r2q 10 default 0x10 direct_packets_stat 0 direct_qlen 1000
 Sent 107489843 bytes 72321 pkt (dropped 6509, overlimits 67432 requeues 0) 
 backlog 17848b 12p requeues 0
qdisc pfifo 20: parent 1:10 limit 12p
 Sent 107489843 bytes 72321 pkt (dropped 6509, overlimits 0 requeues 0) 
 backlog 17848b 12p requeues 0
======================================================================
Timestamp: 2026-04-28 14:41:41
qdisc htb 1: root refcnt 13 r2q 10 default 0x10 direct_packets_stat 0 direct_qlen 1000
 Sent 108341717 bytes 72894 pkt (dropped 6560, overlimits 67997 requeues 0) 
 backlog 10406b 7p requeues 0
qdisc pfifo 20: parent 1:10 limit 12p
 Sent 108341717 bytes 72894 pkt (dropped 6560, overlimits 0 requeues 0) 
 backlog 10406b 7p requeues 0
======================================================================
Timestamp: 2026-04-28 14:41:42
qdisc htb 1: root refcnt 13 r2q 10 default 0x10 direct_packets_stat 0 direct_qlen 1000
 Sent 108959731 bytes 73308 pkt (dropped 6613, overlimits 68379 requeues 0) 
 backlog 4446b 3p requeues 0
qdisc pfifo 20: parent 1:10 limit 12p
 Sent 108959731 bytes 73308 pkt (dropped 6613, overlimits 0 requeues 0) 
 backlog 4446b 3p requeues 0
======================================================================
Timestamp: 2026-04-28 14:41:43
qdisc htb 1: root refcnt 13 r2q 10 default 0x10 direct_packets_stat 0 direct_qlen 1000
 Sent 109838283 bytes 73900 pkt (dropped 6664, overlimits 68970 requeues 0) 
 backlog 8956b 6p requeues 0
qdisc pfifo 20: parent 1:10 limit 12p
 Sent 109838283 bytes 73900 pkt (dropped 6664, overlimits 0 requeues 0) 
 backlog 8956b 6p requeues 0
======================================================================
Timestamp: 2026-04-28 14:41:44
qdisc htb 1: root refcnt 13 r2q 10 default 0x10 direct_packets_stat 0 direct_qlen 1000
 Sent 110570539 bytes 74391 pkt (dropped 6714, overlimits 69425 requeues 0) 
 backlog 16334b 11p requeues 0
qdisc pfifo 20: parent 1:10 limit 12p
 Sent 110570539 bytes 74391 pkt (dropped 6714, overlimits 0 requeues 0) 
 backlog 16334b 11p requeues 0
======================================================================
Timestamp: 2026-04-28 14:41:45
qdisc htb 1: root refcnt 13 r2q 10 default 0x10 direct_packets_stat 0 direct_qlen 1000
 Sent 111368875 bytes 74929 pkt (dropped 6748, overlimits 69943 requeues 0) 
 backlog 0b 0p requeues 0
qdisc pfifo 20: parent 1:10 limit 12p
 Sent 111368875 bytes 74929 pkt (dropped 6748, overlimits 0 requeues 0) 
 backlog 0b 0p requeues 0
======================================================================
Timestamp: 2026-04-28 14:41:46
qdisc htb 1: root refcnt 13 r2q 10 default 0x10 direct_packets_stat 0 direct_qlen 1000
 Sent 112173560 bytes 75463 pkt (dropped 6805, overlimits 70446 requeues 0) 
 backlog 10470b 6p requeues 0
qdisc pfifo 20: parent 1:10 limit 12p
 Sent 112173560 bytes 75463 pkt (dropped 6805, overlimits 0 requeues 0) 
 backlog 10470b 6p requeues 0
======================================================================
Timestamp: 2026-04-28 14:41:47
qdisc htb 1: root refcnt 13 r2q 10 default 0x10 direct_packets_stat 0 direct_qlen 1000
 Sent 113052518 bytes 76054 pkt (dropped 6853, overlimits 71036 requeues 0) 
 backlog 10374b 7p requeues 0
qdisc pfifo 20: parent 1:10 limit 12p
 Sent 113052518 bytes 76054 pkt (dropped 6853, overlimits 0 requeues 0) 
 backlog 10374b 7p requeues 0
======================================================================
Timestamp: 2026-04-28 14:41:48
qdisc htb 1: root refcnt 13 r2q 10 default 0x10 direct_packets_stat 0 direct_qlen 1000
 Sent 113757251 bytes 76526 pkt (dropped 6901, overlimits 71470 requeues 0) 
 backlog 17816b 12p requeues 0
qdisc pfifo 20: parent 1:10 limit 12p
 Sent 113757251 bytes 76526 pkt (dropped 6901, overlimits 0 requeues 0) 
 backlog 17816b 12p requeues 0
======================================================================
Timestamp: 2026-04-28 14:41:49
qdisc htb 1: root refcnt 13 r2q 10 default 0x10 direct_packets_stat 0 direct_qlen 1000
 Sent 114635548 bytes 77118 pkt (dropped 6940, overlimits 72060 requeues 0) 
 backlog 10374b 7p requeues 0
qdisc pfifo 20: parent 1:10 limit 12p
 Sent 114635548 bytes 77118 pkt (dropped 6940, overlimits 0 requeues 0) 
 backlog 10374b 7p requeues 0
======================================================================
Timestamp: 2026-04-28 14:41:50
qdisc htb 1: root refcnt 13 r2q 10 default 0x10 direct_packets_stat 0 direct_qlen 1000
 Sent 115059095 bytes 77402 pkt (dropped 6951, overlimits 72312 requeues 0) 
 backlog 16334b 11p requeues 0
qdisc pfifo 20: parent 1:10 limit 12p
 Sent 115059095 bytes 77402 pkt (dropped 6951, overlimits 0 requeues 0) 
 backlog 16334b 11p requeues 0
======================================================================
Timestamp: 2026-04-28 14:41:51
qdisc htb 1: root refcnt 13 r2q 10 default 0x10 direct_packets_stat 0 direct_qlen 1000
 Sent 115936169 bytes 77999 pkt (dropped 6961, overlimits 72909 requeues 0) 
 backlog 10374b 7p requeues 0
qdisc pfifo 20: parent 1:10 limit 12p
 Sent 115936169 bytes 77999 pkt (dropped 6961, overlimits 0 requeues 0) 
 backlog 10374b 7p requeues 0
======================================================================
Timestamp: 2026-04-28 14:41:52
qdisc htb 1: root refcnt 13 r2q 10 default 0x10 direct_packets_stat 0 direct_qlen 1000
 Sent 116187350 bytes 78171 pkt (dropped 6961, overlimits 73074 requeues 0) 
 backlog 11856b 8p requeues 0
qdisc pfifo 20: parent 1:10 limit 12p
 Sent 116187350 bytes 78171 pkt (dropped 6961, overlimits 0 requeues 0) 
 backlog 11856b 8p requeues 0
======================================================================
Timestamp: 2026-04-28 14:41:53
qdisc htb 1: root refcnt 13 r2q 10 default 0x10 direct_packets_stat 0 direct_qlen 1000
 Sent 117066176 bytes 78764 pkt (dropped 6964, overlimits 73667 requeues 0) 
 backlog 8892b 6p requeues 0
qdisc pfifo 20: parent 1:10 limit 12p
 Sent 117066176 bytes 78764 pkt (dropped 6964, overlimits 0 requeues 0) 
 backlog 8892b 6p requeues 0
======================================================================
Timestamp: 2026-04-28 14:41:54
qdisc htb 1: root refcnt 13 r2q 10 default 0x10 direct_packets_stat 0 direct_qlen 1000
 Sent 117371939 bytes 78972 pkt (dropped 6965, overlimits 73871 requeues 0) 
 backlog 8892b 6p requeues 0
qdisc pfifo 20: parent 1:10 limit 12p
 Sent 117371939 bytes 78972 pkt (dropped 6965, overlimits 0 requeues 0) 
 backlog 8892b 6p requeues 0
======================================================================
Timestamp: 2026-04-28 14:41:55
qdisc htb 1: root refcnt 13 r2q 10 default 0x10 direct_packets_stat 0 direct_qlen 1000
 Sent 118249283 bytes 79564 pkt (dropped 6966, overlimits 74463 requeues 0) 
 backlog 8892b 6p requeues 0
qdisc pfifo 20: parent 1:10 limit 12p
 Sent 118249283 bytes 79564 pkt (dropped 6966, overlimits 0 requeues 0) 
 backlog 8892b 6p requeues 0
======================================================================
Timestamp: 2026-04-28 14:41:56
qdisc htb 1: root refcnt 13 r2q 10 default 0x10 direct_packets_stat 0 direct_qlen 1000
 Sent 118541796 bytes 79763 pkt (dropped 6968, overlimits 74657 requeues 0) 
 backlog 17784b 12p requeues 0
qdisc pfifo 20: parent 1:10 limit 12p
 Sent 118541796 bytes 79763 pkt (dropped 6968, overlimits 0 requeues 0) 
 backlog 17784b 12p requeues 0
======================================================================
Timestamp: 2026-04-28 14:41:57
qdisc htb 1: root refcnt 13 r2q 10 default 0x10 direct_packets_stat 0 direct_qlen 1000
 Sent 119420622 bytes 80356 pkt (dropped 6971, overlimits 75250 requeues 0) 
 backlog 11856b 8p requeues 0
qdisc pfifo 20: parent 1:10 limit 12p
 Sent 119420622 bytes 80356 pkt (dropped 6971, overlimits 0 requeues 0) 
 backlog 11856b 8p requeues 0
======================================================================
Timestamp: 2026-04-28 14:41:58
qdisc htb 1: root refcnt 13 r2q 10 default 0x10 direct_packets_stat 0 direct_qlen 1000
 Sent 119704597 bytes 80549 pkt (dropped 6971, overlimits 75439 requeues 0) 
 backlog 5928b 4p requeues 0
qdisc pfifo 20: parent 1:10 limit 12p
 Sent 119704597 bytes 80549 pkt (dropped 6971, overlimits 0 requeues 0) 
 backlog 5928b 4p requeues 0
======================================================================
Timestamp: 2026-04-28 14:41:59
qdisc htb 1: root refcnt 13 r2q 10 default 0x10 direct_packets_stat 0 direct_qlen 1000
 Sent 120583423 bytes 81142 pkt (dropped 6973, overlimits 76031 requeues 0) 
 backlog 11856b 8p requeues 0
qdisc pfifo 20: parent 1:10 limit 12p
 Sent 120583423 bytes 81142 pkt (dropped 6973, overlimits 0 requeues 0) 
 backlog 11856b 8p requeues 0
======================================================================
Timestamp: 2026-04-28 14:42:00
qdisc htb 1: root refcnt 13 r2q 10 default 0x10 direct_packets_stat 0 direct_qlen 1000
 Sent 120935752 bytes 81382 pkt (dropped 6973, overlimits 76269 requeues 0) 
 backlog 0b 0p requeues 0
qdisc pfifo 20: parent 1:10 limit 12p
 Sent 120935752 bytes 81382 pkt (dropped 6973, overlimits 0 requeues 0) 
 backlog 0b 0p requeues 0
======================================================================
Timestamp: 2026-04-28 14:42:01
qdisc htb 1: root refcnt 13 r2q 10 default 0x10 direct_packets_stat 0 direct_qlen 1000
 Sent 121758262 bytes 81937 pkt (dropped 6976, overlimits 76819 requeues 0) 
 backlog 11856b 8p requeues 0
qdisc pfifo 20: parent 1:10 limit 12p
 Sent 121758262 bytes 81937 pkt (dropped 6976, overlimits 0 requeues 0) 
 backlog 11856b 8p requeues 0
======================================================================
Timestamp: 2026-04-28 14:42:02
qdisc htb 1: root refcnt 13 r2q 10 default 0x10 direct_packets_stat 0 direct_qlen 1000
 Sent 122085390 bytes 82160 pkt (dropped 6977, overlimits 77042 requeues 0) 
 backlog 0b 0p requeues 0
qdisc pfifo 20: parent 1:10 limit 12p
 Sent 122085390 bytes 82160 pkt (dropped 6977, overlimits 0 requeues 0) 
 backlog 0b 0p requeues 0
======================================================================
Timestamp: 2026-04-28 14:42:03
qdisc htb 1: root refcnt 13 r2q 10 default 0x10 direct_packets_stat 0 direct_qlen 1000
 Sent 122412626 bytes 82382 pkt (dropped 6977, overlimits 77260 requeues 0) 
 backlog 0b 0p requeues 0
qdisc pfifo 20: parent 1:10 limit 12p
 Sent 122412626 bytes 82382 pkt (dropped 6977, overlimits 0 requeues 0) 
 backlog 0b 0p requeues 0
======================================================================
Timestamp: 2026-04-28 14:42:04
qdisc htb 1: root refcnt 13 r2q 10 default 0x10 direct_packets_stat 0 direct_qlen 1000
 Sent 122412626 bytes 82382 pkt (dropped 6977, overlimits 77260 requeues 0) 
 backlog 0b 0p requeues 0
qdisc pfifo 20: parent 1:10 limit 12p
 Sent 122412626 bytes 82382 pkt (dropped 6977, overlimits 0 requeues 0) 
 backlog 0b 0p requeues 0
======================================================================
Timestamp: 2026-04-28 14:42:05
qdisc htb 1: root refcnt 13 r2q 10 default 0x10 direct_packets_stat 0 direct_qlen 1000
 Sent 122802312 bytes 82647 pkt (dropped 6980, overlimits 77517 requeues 0) 
 backlog 0b 0p requeues 0
qdisc pfifo 20: parent 1:10 limit 12p
 Sent 122802312 bytes 82647 pkt (dropped 6980, overlimits 0 requeues 0) 
 backlog 0b 0p requeues 0
======================================================================
Timestamp: 2026-04-28 14:42:06
qdisc htb 1: root refcnt 13 r2q 10 default 0x10 direct_packets_stat 0 direct_qlen 1000
 Sent 122802312 bytes 82647 pkt (dropped 6980, overlimits 77517 requeues 0) 
 backlog 0b 0p requeues 0
qdisc pfifo 20: parent 1:10 limit 12p
 Sent 122802312 bytes 82647 pkt (dropped 6980, overlimits 0 requeues 0) 
 backlog 0b 0p requeues 0
======================================================================
Timestamp: 2026-04-28 14:42:07
qdisc htb 1: root refcnt 13 r2q 10 default 0x10 direct_packets_stat 0 direct_qlen 1000
 Sent 123523780 bytes 83134 pkt (dropped 6982, overlimits 78001 requeues 0) 
 backlog 10374b 7p requeues 0
qdisc pfifo 20: parent 1:10 limit 12p
 Sent 123523780 bytes 83134 pkt (dropped 6982, overlimits 0 requeues 0) 
 backlog 10374b 7p requeues 0
======================================================================
Timestamp: 2026-04-28 14:42:08
qdisc htb 1: root refcnt 13 r2q 10 default 0x10 direct_packets_stat 0 direct_qlen 1000
 Sent 123882115 bytes 83377 pkt (dropped 6983, overlimits 78243 requeues 0) 
 backlog 0b 0p requeues 0
qdisc pfifo 20: parent 1:10 limit 12p
 Sent 123882115 bytes 83377 pkt (dropped 6983, overlimits 0 requeues 0) 
 backlog 0b 0p requeues 0
======================================================================
Timestamp: 2026-04-28 14:42:09
qdisc htb 1: root refcnt 13 r2q 10 default 0x10 direct_packets_stat 0 direct_qlen 1000
 Sent 124535411 bytes 83818 pkt (dropped 6987, overlimits 78678 requeues 0) 
 backlog 8892b 6p requeues 0
qdisc pfifo 20: parent 1:10 limit 12p
 Sent 124535411 bytes 83818 pkt (dropped 6987, overlimits 0 requeues 0) 
 backlog 8892b 6p requeues 0
======================================================================
Timestamp: 2026-04-28 14:42:10
qdisc htb 1: root refcnt 13 r2q 10 default 0x10 direct_packets_stat 0 direct_qlen 1000
 Sent 125159117 bytes 84239 pkt (dropped 6989, overlimits 79099 requeues 0) 
 backlog 0b 0p requeues 0
qdisc pfifo 20: parent 1:10 limit 12p
 Sent 125159117 bytes 84239 pkt (dropped 6989, overlimits 0 requeues 0) 
 backlog 0b 0p requeues 0
======================================================================
Timestamp: 2026-04-28 14:42:11
qdisc htb 1: root refcnt 13 r2q 10 default 0x10 direct_packets_stat 0 direct_qlen 1000
 Sent 125791665 bytes 84666 pkt (dropped 6989, overlimits 79523 requeues 0) 
 backlog 16302b 11p requeues 0
qdisc pfifo 20: parent 1:10 limit 12p
 Sent 125791665 bytes 84666 pkt (dropped 6989, overlimits 0 requeues 0) 
 backlog 16302b 11p requeues 0
======================================================================
Timestamp: 2026-04-28 14:42:12
qdisc htb 1: root refcnt 13 r2q 10 default 0x10 direct_packets_stat 0 direct_qlen 1000
 Sent 126499382 bytes 85145 pkt (dropped 6989, overlimits 80002 requeues 0) 
 backlog 0b 0p requeues 0
qdisc pfifo 20: parent 1:10 limit 12p
 Sent 126499382 bytes 85145 pkt (dropped 6989, overlimits 0 requeues 0) 
 backlog 0b 0p requeues 0
======================================================================
Timestamp: 2026-04-28 14:42:13
qdisc htb 1: root refcnt 13 r2q 10 default 0x10 direct_packets_stat 0 direct_qlen 1000
 Sent 127090434 bytes 85544 pkt (dropped 6990, overlimits 80398 requeues 0) 
 backlog 14820b 10p requeues 0
qdisc pfifo 20: parent 1:10 limit 12p
 Sent 127090434 bytes 85544 pkt (dropped 6990, overlimits 0 requeues 0) 
 backlog 14820b 10p requeues 0
======================================================================
Timestamp: 2026-04-28 14:42:14
qdisc htb 1: root refcnt 13 r2q 10 default 0x10 direct_packets_stat 0 direct_qlen 1000
 Sent 127738652 bytes 85983 pkt (dropped 6991, overlimits 80836 requeues 0) 
 backlog 0b 0p requeues 0
qdisc pfifo 20: parent 1:10 limit 12p
 Sent 127738652 bytes 85983 pkt (dropped 6991, overlimits 0 requeues 0) 
 backlog 0b 0p requeues 0
======================================================================
Timestamp: 2026-04-28 14:42:15
qdisc htb 1: root refcnt 13 r2q 10 default 0x10 direct_packets_stat 0 direct_qlen 1000
 Sent 128263014 bytes 86337 pkt (dropped 6992, overlimits 81184 requeues 0) 
 backlog 10374b 7p requeues 0
qdisc pfifo 20: parent 1:10 limit 12p
 Sent 128263014 bytes 86337 pkt (dropped 6992, overlimits 0 requeues 0) 
 backlog 10374b 7p requeues 0
======================================================================
Timestamp: 2026-04-28 14:42:16
qdisc htb 1: root refcnt 13 r2q 10 default 0x10 direct_packets_stat 0 direct_qlen 1000
 Sent 129113855 bytes 86912 pkt (dropped 6995, overlimits 81757 requeues 0) 
 backlog 10374b 7p requeues 0
qdisc pfifo 20: parent 1:10 limit 12p
 Sent 129113855 bytes 86912 pkt (dropped 6995, overlimits 0 requeues 0) 
 backlog 10374b 7p requeues 0
======================================================================
Timestamp: 2026-04-28 14:42:17
qdisc htb 1: root refcnt 13 r2q 10 default 0x10 direct_packets_stat 0 direct_qlen 1000
 Sent 129992681 bytes 87505 pkt (dropped 6997, overlimits 82350 requeues 0) 
 backlog 8892b 6p requeues 0
qdisc pfifo 20: parent 1:10 limit 12p
 Sent 129992681 bytes 87505 pkt (dropped 6997, overlimits 0 requeues 0) 
 backlog 8892b 6p requeues 0
======================================================================
Timestamp: 2026-04-28 14:42:18
qdisc htb 1: root refcnt 13 r2q 10 default 0x10 direct_packets_stat 0 direct_qlen 1000
 Sent 130843107 bytes 88080 pkt (dropped 6997, overlimits 82922 requeues 0) 
 backlog 8892b 6p requeues 0
qdisc pfifo 20: parent 1:10 limit 12p
 Sent 130843107 bytes 88080 pkt (dropped 6997, overlimits 0 requeues 0) 
 backlog 8892b 6p requeues 0
======================================================================
Timestamp: 2026-04-28 14:42:19
qdisc htb 1: root refcnt 13 r2q 10 default 0x10 direct_packets_stat 0 direct_qlen 1000
 Sent 131468705 bytes 88504 pkt (dropped 7001, overlimits 83327 requeues 0) 
 backlog 0b 0p requeues 0
qdisc pfifo 20: parent 1:10 limit 12p
 Sent 131468705 bytes 88504 pkt (dropped 7001, overlimits 0 requeues 0) 
 backlog 0b 0p requeues 0
======================================================================
Timestamp: 2026-04-28 14:42:20
qdisc htb 1: root refcnt 13 r2q 10 default 0x10 direct_packets_stat 0 direct_qlen 1000
 Sent 132010851 bytes 88870 pkt (dropped 7002, overlimits 83687 requeues 0) 
 backlog 8892b 6p requeues 0
qdisc pfifo 20: parent 1:10 limit 12p
 Sent 132010851 bytes 88870 pkt (dropped 7002, overlimits 0 requeues 0) 
 backlog 8892b 6p requeues 0
======================================================================
Timestamp: 2026-04-28 14:42:21
qdisc htb 1: root refcnt 13 r2q 10 default 0x10 direct_packets_stat 0 direct_qlen 1000
 Sent 132715841 bytes 89347 pkt (dropped 7004, overlimits 84163 requeues 0) 
 backlog 0b 0p requeues 0
qdisc pfifo 20: parent 1:10 limit 12p
 Sent 132715841 bytes 89347 pkt (dropped 7004, overlimits 0 requeues 0) 
 backlog 0b 0p requeues 0
======================================================================
Timestamp: 2026-04-28 14:42:22
qdisc htb 1: root refcnt 13 r2q 10 default 0x10 direct_packets_stat 0 direct_qlen 1000
 Sent 133240203 bytes 89701 pkt (dropped 7004, overlimits 84514 requeues 0) 
 backlog 7410b 5p requeues 0
qdisc pfifo 20: parent 1:10 limit 12p
 Sent 133240203 bytes 89701 pkt (dropped 7004, overlimits 0 requeues 0) 
 backlog 7410b 5p requeues 0
======================================================================
Timestamp: 2026-04-28 14:42:23
qdisc htb 1: root refcnt 13 r2q 10 default 0x10 direct_packets_stat 0 direct_qlen 1000
 Sent 133648910 bytes 89977 pkt (dropped 7004, overlimits 84790 requeues 0) 
 backlog 0b 0p requeues 0
qdisc pfifo 20: parent 1:10 limit 12p
 Sent 133648910 bytes 89977 pkt (dropped 7004, overlimits 0 requeues 0) 
 backlog 0b 0p requeues 0
======================================================================
Timestamp: 2026-04-28 14:42:24
qdisc htb 1: root refcnt 13 r2q 10 default 0x10 direct_packets_stat 0 direct_qlen 1000
 Sent 134131776 bytes 90303 pkt (dropped 7005, overlimits 85113 requeues 0) 
 backlog 7410b 5p requeues 0
qdisc pfifo 20: parent 1:10 limit 12p
 Sent 134131776 bytes 90303 pkt (dropped 7005, overlimits 0 requeues 0) 
 backlog 7410b 5p requeues 0
======================================================================
Timestamp: 2026-04-28 14:42:25
qdisc htb 1: root refcnt 13 r2q 10 default 0x10 direct_packets_stat 0 direct_qlen 1000
 Sent 134503401 bytes 90554 pkt (dropped 7005, overlimits 85364 requeues 0) 
 backlog 0b 0p requeues 0
qdisc pfifo 20: parent 1:10 limit 12p
 Sent 134503401 bytes 90554 pkt (dropped 7005, overlimits 0 requeues 0) 
 backlog 0b 0p requeues 0
======================================================================
Timestamp: 2026-04-28 14:42:26
qdisc htb 1: root refcnt 13 r2q 10 default 0x10 direct_packets_stat 0 direct_qlen 1000
 Sent 134943331 bytes 90852 pkt (dropped 7005, overlimits 85658 requeues 0) 
 backlog 13338b 9p requeues 0
qdisc pfifo 20: parent 1:10 limit 12p
 Sent 134943331 bytes 90852 pkt (dropped 7005, overlimits 0 requeues 0) 
 backlog 13338b 9p requeues 0
======================================================================
Timestamp: 2026-04-28 14:42:27
qdisc htb 1: root refcnt 13 r2q 10 default 0x10 direct_packets_stat 0 direct_qlen 1000
 Sent 135668449 bytes 91343 pkt (dropped 7005, overlimits 86149 requeues 0) 
 backlog 0b 0p requeues 0
qdisc pfifo 20: parent 1:10 limit 12p
 Sent 135668449 bytes 91343 pkt (dropped 7005, overlimits 0 requeues 0) 
 backlog 0b 0p requeues 0
======================================================================
Timestamp: 2026-04-28 14:42:28
qdisc htb 1: root refcnt 13 r2q 10 default 0x10 direct_packets_stat 0 direct_qlen 1000
 Sent 136044611 bytes 91597 pkt (dropped 7006, overlimits 86397 requeues 0) 
 backlog 7410b 5p requeues 0
qdisc pfifo 20: parent 1:10 limit 12p
 Sent 136044611 bytes 91597 pkt (dropped 7006, overlimits 0 requeues 0) 
 backlog 7410b 5p requeues 0
======================================================================
Timestamp: 2026-04-28 14:42:29
qdisc htb 1: root refcnt 13 r2q 10 default 0x10 direct_packets_stat 0 direct_qlen 1000
 Sent 136484576 bytes 91894 pkt (dropped 7006, overlimits 86694 requeues 0) 
 backlog 0b 0p requeues 0
qdisc pfifo 20: parent 1:10 limit 12p
 Sent 136484576 bytes 91894 pkt (dropped 7006, overlimits 0 requeues 0) 
 backlog 0b 0p requeues 0
======================================================================
Timestamp: 2026-04-28 14:42:30
qdisc htb 1: root refcnt 13 r2q 10 default 0x10 direct_packets_stat 0 direct_qlen 1000
 Sent 136734768 bytes 92063 pkt (dropped 7006, overlimits 86853 requeues 0) 
 backlog 10374b 7p requeues 0
qdisc pfifo 20: parent 1:10 limit 12p
 Sent 136734768 bytes 92063 pkt (dropped 7006, overlimits 0 requeues 0) 
 backlog 10374b 7p requeues 0
======================================================================
Timestamp: 2026-04-28 14:42:31
qdisc htb 1: root refcnt 13 r2q 10 default 0x10 direct_packets_stat 0 direct_qlen 1000
 Sent 137613594 bytes 92656 pkt (dropped 7007, overlimits 87445 requeues 0) 
 backlog 11856b 8p requeues 0
qdisc pfifo 20: parent 1:10 limit 12p
 Sent 137613594 bytes 92656 pkt (dropped 7007, overlimits 0 requeues 0) 
 backlog 11856b 8p requeues 0
======================================================================
Timestamp: 2026-04-28 14:42:32
qdisc htb 1: root refcnt 13 r2q 10 default 0x10 direct_packets_stat 0 direct_qlen 1000
 Sent 138037791 bytes 92944 pkt (dropped 7008, overlimits 87725 requeues 0) 
 backlog 13338b 9p requeues 0
qdisc pfifo 20: parent 1:10 limit 12p
 Sent 138037791 bytes 92944 pkt (dropped 7008, overlimits 0 requeues 0) 
 backlog 13338b 9p requeues 0
======================================================================
Timestamp: 2026-04-28 14:42:33
qdisc htb 1: root refcnt 13 r2q 10 default 0x10 direct_packets_stat 0 direct_qlen 1000
 Sent 138915135 bytes 93536 pkt (dropped 7008, overlimits 88317 requeues 0) 
 backlog 10374b 7p requeues 0
qdisc pfifo 20: parent 1:10 limit 12p
 Sent 138915135 bytes 93536 pkt (dropped 7008, overlimits 0 requeues 0) 
 backlog 10374b 7p requeues 0
======================================================================
Timestamp: 2026-04-28 14:42:34
qdisc htb 1: root refcnt 13 r2q 10 default 0x10 direct_packets_stat 0 direct_qlen 1000
 Sent 139335582 bytes 93821 pkt (dropped 7008, overlimits 88596 requeues 0) 
 backlog 11856b 8p requeues 0
qdisc pfifo 20: parent 1:10 limit 12p
 Sent 139335582 bytes 93821 pkt (dropped 7008, overlimits 0 requeues 0) 
 backlog 11856b 8p requeues 0
======================================================================
Timestamp: 2026-04-28 14:42:35
qdisc htb 1: root refcnt 13 r2q 10 default 0x10 direct_packets_stat 0 direct_qlen 1000
 Sent 140212926 bytes 94413 pkt (dropped 7008, overlimits 89187 requeues 0) 
 backlog 11856b 8p requeues 0
qdisc pfifo 20: parent 1:10 limit 12p
 Sent 140212926 bytes 94413 pkt (dropped 7008, overlimits 0 requeues 0) 
 backlog 11856b 8p requeues 0
======================================================================
Timestamp: 2026-04-28 14:42:36
qdisc htb 1: root refcnt 13 r2q 10 default 0x10 direct_packets_stat 0 direct_qlen 1000
 Sent 140512853 bytes 94616 pkt (dropped 7008, overlimits 89386 requeues 0) 
 backlog 8892b 6p requeues 0
qdisc pfifo 20: parent 1:10 limit 12p
 Sent 140512853 bytes 94616 pkt (dropped 7008, overlimits 0 requeues 0) 
 backlog 8892b 6p requeues 0
======================================================================
Timestamp: 2026-04-28 14:42:37
qdisc htb 1: root refcnt 13 r2q 10 default 0x10 direct_packets_stat 0 direct_qlen 1000
 Sent 141390197 bytes 95208 pkt (dropped 7009, overlimits 89978 requeues 0) 
 backlog 8892b 6p requeues 0
qdisc pfifo 20: parent 1:10 limit 12p
 Sent 141390197 bytes 95208 pkt (dropped 7009, overlimits 0 requeues 0) 
 backlog 8892b 6p requeues 0
======================================================================
Timestamp: 2026-04-28 14:42:38
qdisc htb 1: root refcnt 13 r2q 10 default 0x10 direct_packets_stat 0 direct_qlen 1000
 Sent 141816817 bytes 95497 pkt (dropped 7010, overlimits 90263 requeues 0) 
 backlog 7410b 5p requeues 0
qdisc pfifo 20: parent 1:10 limit 12p
 Sent 141816817 bytes 95497 pkt (dropped 7010, overlimits 0 requeues 0) 
 backlog 7410b 5p requeues 0
