Starting TC Qdisc Monitoring for s1-eth2
Timestamp, Qdisc Stats
======================================================================
Timestamp: 2026-04-02 12:46:32
qdisc htb 1: root refcnt 13 r2q 10 default 0x10 direct_packets_stat 0 direct_qlen 1000
 Sent 7580 bytes 36 pkt (dropped 0, overlimits 2 requeues 0) 
 backlog 0b 0p requeues 0
qdisc pfifo 20: parent 1:10 limit 12p
 Sent 7580 bytes 36 pkt (dropped 0, overlimits 0 requeues 0) 
 backlog 0b 0p requeues 0
======================================================================
Timestamp: 2026-04-02 12:46:33
qdisc htb 1: root refcnt 13 r2q 10 default 0x10 direct_packets_stat 0 direct_qlen 1000
 Sent 219505 bytes 180 pkt (dropped 0, overlimits 58 requeues 0) 
 backlog 1482b 1p requeues 0
qdisc pfifo 20: parent 1:10 limit 12p
 Sent 219505 bytes 180 pkt (dropped 0, overlimits 0 requeues 0) 
 backlog 1482b 1p requeues 0
======================================================================
Timestamp: 2026-04-02 12:46:34
qdisc htb 1: root refcnt 13 r2q 10 default 0x10 direct_packets_stat 0 direct_qlen 1000
 Sent 1021233 bytes 723 pkt (dropped 0, overlimits 220 requeues 0) 
 backlog 29640b 4p requeues 0
qdisc pfifo 20: parent 1:10 limit 12p
 Sent 1021233 bytes 723 pkt (dropped 0, overlimits 0 requeues 0) 
 backlog 29640b 4p requeues 0
======================================================================
Timestamp: 2026-04-02 12:46:35
qdisc htb 1: root refcnt 13 r2q 10 default 0x10 direct_packets_stat 0 direct_qlen 1000
 Sent 1809843 bytes 1258 pkt (dropped 31, overlimits 389 requeues 0) 
 backlog 23712b 3p requeues 0
qdisc pfifo 20: parent 1:10 limit 12p
 Sent 1809843 bytes 1258 pkt (dropped 31, overlimits 0 requeues 0) 
 backlog 23712b 3p requeues 0
======================================================================
Timestamp: 2026-04-02 12:46:36
qdisc htb 1: root refcnt 13 r2q 10 default 0x10 direct_packets_stat 0 direct_qlen 1000
 Sent 2595554 bytes 1791 pkt (dropped 43, overlimits 534 requeues 0) 
 backlog 19336b 4p requeues 0
qdisc pfifo 20: parent 1:10 limit 12p
 Sent 2595554 bytes 1791 pkt (dropped 43, overlimits 0 requeues 0) 
 backlog 19336b 4p requeues 0
======================================================================
Timestamp: 2026-04-02 12:46:37
qdisc htb 1: root refcnt 13 r2q 10 default 0x10 direct_packets_stat 0 direct_qlen 1000
 Sent 3474450 bytes 2385 pkt (dropped 43, overlimits 642 requeues 0) 
 backlog 35568b 4p requeues 0
qdisc pfifo 20: parent 1:10 limit 12p
 Sent 3474450 bytes 2385 pkt (dropped 43, overlimits 0 requeues 0) 
 backlog 35568b 4p requeues 0
======================================================================
Timestamp: 2026-04-02 12:46:38
qdisc htb 1: root refcnt 13 r2q 10 default 0x10 direct_packets_stat 0 direct_qlen 1000
 Sent 3939950 bytes 2701 pkt (dropped 57, overlimits 776 requeues 0) 
 backlog 17784b 3p requeues 0
qdisc pfifo 20: parent 1:10 limit 12p
 Sent 3939950 bytes 2701 pkt (dropped 57, overlimits 0 requeues 0) 
 backlog 17784b 3p requeues 0
======================================================================
Timestamp: 2026-04-02 12:46:39
qdisc htb 1: root refcnt 13 r2q 10 default 0x10 direct_packets_stat 0 direct_qlen 1000
 Sent 4813069 bytes 3291 pkt (dropped 57, overlimits 881 requeues 0) 
 backlog 35568b 4p requeues 0
qdisc pfifo 20: parent 1:10 limit 12p
 Sent 4813069 bytes 3291 pkt (dropped 57, overlimits 0 requeues 0) 
 backlog 35568b 4p requeues 0
======================================================================
Timestamp: 2026-04-02 12:46:40
qdisc htb 1: root refcnt 13 r2q 10 default 0x10 direct_packets_stat 0 direct_qlen 1000
 Sent 5071182 bytes 3467 pkt (dropped 79, overlimits 955 requeues 0) 
 backlog 26676b 5p requeues 0
qdisc pfifo 20: parent 1:10 limit 12p
 Sent 5071182 bytes 3467 pkt (dropped 79, overlimits 0 requeues 0) 
 backlog 26676b 5p requeues 0
======================================================================
Timestamp: 2026-04-02 12:46:41
qdisc htb 1: root refcnt 13 r2q 10 default 0x10 direct_packets_stat 0 direct_qlen 1000
 Sent 5717240 bytes 3903 pkt (dropped 79, overlimits 1032 requeues 0) 
 backlog 0b 0p requeues 0
qdisc pfifo 20: parent 1:10 limit 12p
 Sent 5717240 bytes 3903 pkt (dropped 79, overlimits 0 requeues 0) 
 backlog 0b 0p requeues 0
======================================================================
Timestamp: 2026-04-02 12:46:42
qdisc htb 1: root refcnt 13 r2q 10 default 0x10 direct_packets_stat 0 direct_qlen 1000
 Sent 5841457 bytes 3987 pkt (dropped 89, overlimits 1073 requeues 0) 
 backlog 19266b 4p requeues 0
qdisc pfifo 20: parent 1:10 limit 12p
 Sent 5841457 bytes 3987 pkt (dropped 89, overlimits 0 requeues 0) 
 backlog 19266b 4p requeues 0
======================================================================
Timestamp: 2026-04-02 12:46:43
qdisc htb 1: root refcnt 13 r2q 10 default 0x10 direct_packets_stat 0 direct_qlen 1000
 Sent 6544980 bytes 4462 pkt (dropped 89, overlimits 1160 requeues 0) 
 backlog 0b 0p requeues 0
qdisc pfifo 20: parent 1:10 limit 12p
 Sent 6544980 bytes 4462 pkt (dropped 89, overlimits 0 requeues 0) 
 backlog 0b 0p requeues 0
======================================================================
Timestamp: 2026-04-02 12:46:44
qdisc htb 1: root refcnt 13 r2q 10 default 0x10 direct_packets_stat 0 direct_qlen 1000
 Sent 6630666 bytes 4520 pkt (dropped 101, overlimits 1191 requeues 0) 
 backlog 25194b 8p requeues 0
qdisc pfifo 20: parent 1:10 limit 12p
 Sent 6630666 bytes 4520 pkt (dropped 101, overlimits 0 requeues 0) 
 backlog 25194b 8p requeues 0
======================================================================
Timestamp: 2026-04-02 12:46:45
qdisc htb 1: root refcnt 13 r2q 10 default 0x10 direct_packets_stat 0 direct_qlen 1000
 Sent 7378703 bytes 5026 pkt (dropped 101, overlimits 1301 requeues 0) 
 backlog 0b 0p requeues 0
qdisc pfifo 20: parent 1:10 limit 12p
 Sent 7378703 bytes 5026 pkt (dropped 101, overlimits 0 requeues 0) 
 backlog 0b 0p requeues 0
======================================================================
Timestamp: 2026-04-02 12:46:46
qdisc htb 1: root refcnt 13 r2q 10 default 0x10 direct_packets_stat 0 direct_qlen 1000
 Sent 7427338 bytes 5059 pkt (dropped 101, overlimits 1325 requeues 0) 
 backlog 8892b 6p requeues 0
qdisc pfifo 20: parent 1:10 limit 12p
 Sent 7427338 bytes 5059 pkt (dropped 101, overlimits 0 requeues 0) 
 backlog 8892b 6p requeues 0
======================================================================
Timestamp: 2026-04-02 12:46:47
qdisc htb 1: root refcnt 13 r2q 10 default 0x10 direct_packets_stat 0 direct_qlen 1000
 Sent 8208802 bytes 5588 pkt (dropped 103, overlimits 1470 requeues 0) 
 backlog 0b 0p requeues 0
qdisc pfifo 20: parent 1:10 limit 12p
 Sent 8208802 bytes 5588 pkt (dropped 103, overlimits 0 requeues 0) 
 backlog 0b 0p requeues 0
======================================================================
Timestamp: 2026-04-02 12:46:48
qdisc htb 1: root refcnt 13 r2q 10 default 0x10 direct_packets_stat 0 direct_qlen 1000
 Sent 8211495 bytes 5590 pkt (dropped 103, overlimits 1471 requeues 0) 
 backlog 0b 0p requeues 0
qdisc pfifo 20: parent 1:10 limit 12p
 Sent 8211495 bytes 5590 pkt (dropped 103, overlimits 0 requeues 0) 
 backlog 0b 0p requeues 0
======================================================================
Timestamp: 2026-04-02 12:46:49
qdisc htb 1: root refcnt 13 r2q 10 default 0x10 direct_packets_stat 0 direct_qlen 1000
 Sent 9093285 bytes 6185 pkt (dropped 112, overlimits 1600 requeues 0) 
 backlog 35568b 4p requeues 0
qdisc pfifo 20: parent 1:10 limit 12p
 Sent 9093285 bytes 6185 pkt (dropped 112, overlimits 0 requeues 0) 
 backlog 35568b 4p requeues 0
======================================================================
Timestamp: 2026-04-02 12:46:50
qdisc htb 1: root refcnt 13 r2q 10 default 0x10 direct_packets_stat 0 direct_qlen 1000
 Sent 9188201 bytes 6251 pkt (dropped 112, overlimits 1612 requeues 0) 
 backlog 0b 0p requeues 0
qdisc pfifo 20: parent 1:10 limit 12p
 Sent 9188201 bytes 6251 pkt (dropped 112, overlimits 0 requeues 0) 
 backlog 0b 0p requeues 0
======================================================================
Timestamp: 2026-04-02 12:46:51
qdisc htb 1: root refcnt 13 r2q 10 default 0x10 direct_packets_stat 0 direct_qlen 1000
 Sent 10027083 bytes 6818 pkt (dropped 120, overlimits 1785 requeues 0) 
 backlog 40014b 6p requeues 0
qdisc pfifo 20: parent 1:10 limit 12p
 Sent 10027083 bytes 6818 pkt (dropped 120, overlimits 0 requeues 0) 
 backlog 40014b 6p requeues 0
======================================================================
Timestamp: 2026-04-02 12:46:52
qdisc htb 1: root refcnt 13 r2q 10 default 0x10 direct_packets_stat 0 direct_qlen 1000
 Sent 10081681 bytes 6856 pkt (dropped 120, overlimits 1794 requeues 0) 
 backlog 0b 0p requeues 0
qdisc pfifo 20: parent 1:10 limit 12p
 Sent 10081681 bytes 6856 pkt (dropped 120, overlimits 0 requeues 0) 
 backlog 0b 0p requeues 0
======================================================================
Timestamp: 2026-04-02 12:46:53
qdisc htb 1: root refcnt 13 r2q 10 default 0x10 direct_packets_stat 0 direct_qlen 1000
 Sent 10547464 bytes 7173 pkt (dropped 130, overlimits 1881 requeues 0) 
 backlog 0b 0p requeues 0
qdisc pfifo 20: parent 1:10 limit 12p
 Sent 10547464 bytes 7173 pkt (dropped 130, overlimits 0 requeues 0) 
 backlog 0b 0p requeues 0
======================================================================
Timestamp: 2026-04-02 12:46:54
qdisc htb 1: root refcnt 13 r2q 10 default 0x10 direct_packets_stat 0 direct_qlen 1000
 Sent 10547464 bytes 7173 pkt (dropped 130, overlimits 1881 requeues 0) 
 backlog 0b 0p requeues 0
qdisc pfifo 20: parent 1:10 limit 12p
 Sent 10547464 bytes 7173 pkt (dropped 130, overlimits 0 requeues 0) 
 backlog 0b 0p requeues 0
======================================================================
Timestamp: 2026-04-02 12:46:55
qdisc htb 1: root refcnt 13 r2q 10 default 0x10 direct_packets_stat 0 direct_qlen 1000
 Sent 11310644 bytes 7689 pkt (dropped 137, overlimits 2014 requeues 0) 
 backlog 25194b 4p requeues 0
qdisc pfifo 20: parent 1:10 limit 12p
 Sent 11310644 bytes 7689 pkt (dropped 137, overlimits 0 requeues 0) 
 backlog 25194b 4p requeues 0
======================================================================
Timestamp: 2026-04-02 12:46:56
qdisc htb 1: root refcnt 13 r2q 10 default 0x10 direct_packets_stat 0 direct_qlen 1000
 Sent 11412402 bytes 7759 pkt (dropped 137, overlimits 2028 requeues 0) 
 backlog 0b 0p requeues 0
qdisc pfifo 20: parent 1:10 limit 12p
 Sent 11412402 bytes 7759 pkt (dropped 137, overlimits 0 requeues 0) 
 backlog 0b 0p requeues 0
======================================================================
Timestamp: 2026-04-02 12:46:57
qdisc htb 1: root refcnt 13 r2q 10 default 0x10 direct_packets_stat 0 direct_qlen 1000
 Sent 11910214 bytes 8097 pkt (dropped 148, overlimits 2108 requeues 0) 
 backlog 0b 0p requeues 0
qdisc pfifo 20: parent 1:10 limit 12p
 Sent 11910214 bytes 8097 pkt (dropped 148, overlimits 0 requeues 0) 
 backlog 0b 0p requeues 0
======================================================================
Timestamp: 2026-04-02 12:46:58
qdisc htb 1: root refcnt 13 r2q 10 default 0x10 direct_packets_stat 0 direct_qlen 1000
 Sent 11910214 bytes 8097 pkt (dropped 148, overlimits 2108 requeues 0) 
 backlog 0b 0p requeues 0
qdisc pfifo 20: parent 1:10 limit 12p
 Sent 11910214 bytes 8097 pkt (dropped 148, overlimits 0 requeues 0) 
 backlog 0b 0p requeues 0
======================================================================
Timestamp: 2026-04-02 12:46:59
qdisc htb 1: root refcnt 13 r2q 10 default 0x10 direct_packets_stat 0 direct_qlen 1000
 Sent 12489530 bytes 8489 pkt (dropped 156, overlimits 2203 requeues 0) 
 backlog 26676b 3p requeues 0
qdisc pfifo 20: parent 1:10 limit 12p
 Sent 12489530 bytes 8489 pkt (dropped 156, overlimits 0 requeues 0) 
 backlog 26676b 3p requeues 0
======================================================================
Timestamp: 2026-04-02 12:47:00
qdisc htb 1: root refcnt 13 r2q 10 default 0x10 direct_packets_stat 0 direct_qlen 1000
 Sent 12869952 bytes 8747 pkt (dropped 156, overlimits 2249 requeues 0) 
 backlog 0b 0p requeues 0
qdisc pfifo 20: parent 1:10 limit 12p
 Sent 12869952 bytes 8747 pkt (dropped 156, overlimits 0 requeues 0) 
 backlog 0b 0p requeues 0
======================================================================
Timestamp: 2026-04-02 12:47:01
qdisc htb 1: root refcnt 13 r2q 10 default 0x10 direct_packets_stat 0 direct_qlen 1000
 Sent 13407897 bytes 9112 pkt (dropped 168, overlimits 2333 requeues 0) 
 backlog 32604b 4p requeues 0
qdisc pfifo 20: parent 1:10 limit 12p
 Sent 13407897 bytes 9112 pkt (dropped 168, overlimits 0 requeues 0) 
 backlog 32604b 4p requeues 0
======================================================================
Timestamp: 2026-04-02 12:47:02
qdisc htb 1: root refcnt 13 r2q 10 default 0x10 direct_packets_stat 0 direct_qlen 1000
 Sent 13857338 bytes 9421 pkt (dropped 168, overlimits 2384 requeues 0) 
 backlog 0b 0p requeues 0
qdisc pfifo 20: parent 1:10 limit 12p
 Sent 13857338 bytes 9421 pkt (dropped 168, overlimits 0 requeues 0) 
 backlog 0b 0p requeues 0
======================================================================
Timestamp: 2026-04-02 12:47:03
qdisc htb 1: root refcnt 13 r2q 10 default 0x10 direct_packets_stat 0 direct_qlen 1000
 Sent 14655430 bytes 9967 pkt (dropped 241, overlimits 2825 requeues 0) 
 backlog 17976b 12p requeues 0
qdisc pfifo 20: parent 1:10 limit 12p
 Sent 14655430 bytes 9967 pkt (dropped 241, overlimits 0 requeues 0) 
 backlog 17976b 12p requeues 0
======================================================================
Timestamp: 2026-04-02 12:47:04
qdisc htb 1: root refcnt 13 r2q 10 default 0x10 direct_packets_stat 0 direct_qlen 1000
 Sent 15535963 bytes 10557 pkt (dropped 261, overlimits 3228 requeues 0) 
 backlog 23840b 9p requeues 0
qdisc pfifo 20: parent 1:10 limit 12p
 Sent 15535963 bytes 10557 pkt (dropped 261, overlimits 0 requeues 0) 
 backlog 23840b 9p requeues 0
======================================================================
Timestamp: 2026-04-02 12:47:05
qdisc htb 1: root refcnt 13 r2q 10 default 0x10 direct_packets_stat 0 direct_qlen 1000
 Sent 16402868 bytes 11140 pkt (dropped 271, overlimits 3480 requeues 0) 
 backlog 16430b 11p requeues 0
qdisc pfifo 20: parent 1:10 limit 12p
 Sent 16402868 bytes 11140 pkt (dropped 271, overlimits 0 requeues 0) 
 backlog 16430b 11p requeues 0
======================================================================
Timestamp: 2026-04-02 12:47:06
qdisc htb 1: root refcnt 13 r2q 10 default 0x10 direct_packets_stat 0 direct_qlen 1000
 Sent 17288266 bytes 11735 pkt (dropped 294, overlimits 3761 requeues 0) 
 backlog 29Kb 7p requeues 0
qdisc pfifo 20: parent 1:10 limit 12p
 Sent 17288266 bytes 11735 pkt (dropped 294, overlimits 0 requeues 0) 
 backlog 29Kb 7p requeues 0
======================================================================
Timestamp: 2026-04-02 12:47:07
qdisc htb 1: root refcnt 13 r2q 10 default 0x10 direct_packets_stat 0 direct_qlen 1000
 Sent 18131019 bytes 12295 pkt (dropped 294, overlimits 4273 requeues 0) 
 backlog 12112b 8p requeues 0
qdisc pfifo 20: parent 1:10 limit 12p
 Sent 18131019 bytes 12295 pkt (dropped 294, overlimits 0 requeues 0) 
 backlog 12112b 8p requeues 0
======================================================================
Timestamp: 2026-04-02 12:47:08
qdisc htb 1: root refcnt 13 r2q 10 default 0x10 direct_packets_stat 0 direct_qlen 1000
 Sent 19010619 bytes 12883 pkt (dropped 375, overlimits 4721 requeues 0) 
 backlog 14916b 6p requeues 0
qdisc pfifo 20: parent 1:10 limit 12p
 Sent 19010619 bytes 12883 pkt (dropped 375, overlimits 0 requeues 0) 
 backlog 14916b 6p requeues 0
======================================================================
Timestamp: 2026-04-02 12:47:09
qdisc htb 1: root refcnt 13 r2q 10 default 0x10 direct_packets_stat 0 direct_qlen 1000
 Sent 19768351 bytes 13392 pkt (dropped 379, overlimits 5042 requeues 0) 
 backlog 0b 0p requeues 0
qdisc pfifo 20: parent 1:10 limit 12p
 Sent 19768351 bytes 13392 pkt (dropped 379, overlimits 0 requeues 0) 
 backlog 0b 0p requeues 0
======================================================================
Timestamp: 2026-04-02 12:47:10
qdisc htb 1: root refcnt 13 r2q 10 default 0x10 direct_packets_stat 0 direct_qlen 1000
 Sent 20651159 bytes 13983 pkt (dropped 430, overlimits 5440 requeues 0) 
 backlog 23808b 6p requeues 0
qdisc pfifo 20: parent 1:10 limit 12p
 Sent 20651159 bytes 13983 pkt (dropped 430, overlimits 0 requeues 0) 
 backlog 23808b 6p requeues 0
======================================================================
Timestamp: 2026-04-02 12:47:11
qdisc htb 1: root refcnt 13 r2q 10 default 0x10 direct_packets_stat 0 direct_qlen 1000
 Sent 21420772 bytes 14498 pkt (dropped 436, overlimits 5740 requeues 0) 
 backlog 6056b 4p requeues 0
qdisc pfifo 20: parent 1:10 limit 12p
 Sent 21420772 bytes 14498 pkt (dropped 436, overlimits 0 requeues 0) 
 backlog 6056b 4p requeues 0
======================================================================
Timestamp: 2026-04-02 12:47:12
qdisc htb 1: root refcnt 13 r2q 10 default 0x10 direct_packets_stat 0 direct_qlen 1000
 Sent 22300495 bytes 15087 pkt (dropped 493, overlimits 6090 requeues 0) 
 backlog 28254b 9p requeues 0
qdisc pfifo 20: parent 1:10 limit 12p
 Sent 22300495 bytes 15087 pkt (dropped 493, overlimits 0 requeues 0) 
 backlog 28254b 9p requeues 0
======================================================================
Timestamp: 2026-04-02 12:47:13
qdisc htb 1: root refcnt 13 r2q 10 default 0x10 direct_packets_stat 0 direct_qlen 1000
 Sent 23022132 bytes 15569 pkt (dropped 504, overlimits 6403 requeues 0) 
 backlog 1514b 1p requeues 0
qdisc pfifo 20: parent 1:10 limit 12p
 Sent 23022132 bytes 15569 pkt (dropped 504, overlimits 0 requeues 0) 
 backlog 1514b 1p requeues 0
======================================================================
Timestamp: 2026-04-02 12:47:14
qdisc htb 1: root refcnt 13 r2q 10 default 0x10 direct_packets_stat 0 direct_qlen 1000
 Sent 23900915 bytes 16156 pkt (dropped 544, overlimits 6832 requeues 0) 
 backlog 29800b 9p requeues 0
qdisc pfifo 20: parent 1:10 limit 12p
 Sent 23900915 bytes 16156 pkt (dropped 544, overlimits 0 requeues 0) 
 backlog 29800b 9p requeues 0
======================================================================
Timestamp: 2026-04-02 12:47:15
qdisc htb 1: root refcnt 13 r2q 10 default 0x10 direct_packets_stat 0 direct_qlen 1000
 Sent 24685883 bytes 16682 pkt (dropped 549, overlimits 7089 requeues 0) 
 backlog 9084b 6p requeues 0
qdisc pfifo 20: parent 1:10 limit 12p
 Sent 24685883 bytes 16682 pkt (dropped 549, overlimits 0 requeues 0) 
 backlog 9084b 6p requeues 0
======================================================================
Timestamp: 2026-04-02 12:47:16
qdisc htb 1: root refcnt 13 r2q 10 default 0x10 direct_packets_stat 0 direct_qlen 1000
 Sent 25552172 bytes 17262 pkt (dropped 607, overlimits 7442 requeues 0) 
 backlog 23872b 10p requeues 0
qdisc pfifo 20: parent 1:10 limit 12p
 Sent 25552172 bytes 17262 pkt (dropped 607, overlimits 0 requeues 0) 
 backlog 23872b 10p requeues 0
======================================================================
Timestamp: 2026-04-02 12:47:17
qdisc htb 1: root refcnt 13 r2q 10 default 0x10 direct_packets_stat 0 direct_qlen 1000
 Sent 26343059 bytes 17789 pkt (dropped 617, overlimits 7869 requeues 0) 
 backlog 13626b 9p requeues 0
qdisc pfifo 20: parent 1:10 limit 12p
 Sent 26343059 bytes 17789 pkt (dropped 617, overlimits 0 requeues 0) 
 backlog 13626b 9p requeues 0
======================================================================
Timestamp: 2026-04-02 12:47:18
qdisc htb 1: root refcnt 13 r2q 10 default 0x10 direct_packets_stat 0 direct_qlen 1000
 Sent 27220854 bytes 18374 pkt (dropped 668, overlimits 8358 requeues 0) 
 backlog 16430b 6p requeues 0
qdisc pfifo 20: parent 1:10 limit 12p
 Sent 27220854 bytes 18374 pkt (dropped 668, overlimits 0 requeues 0) 
 backlog 16430b 6p requeues 0
======================================================================
Timestamp: 2026-04-02 12:47:19
qdisc htb 1: root refcnt 13 r2q 10 default 0x10 direct_packets_stat 0 direct_qlen 1000
 Sent 27984407 bytes 18885 pkt (dropped 674, overlimits 8657 requeues 0) 
 backlog 0b 0p requeues 0
qdisc pfifo 20: parent 1:10 limit 12p
 Sent 27984407 bytes 18885 pkt (dropped 674, overlimits 0 requeues 0) 
 backlog 0b 0p requeues 0
======================================================================
Timestamp: 2026-04-02 12:47:20
qdisc htb 1: root refcnt 13 r2q 10 default 0x10 direct_packets_stat 0 direct_qlen 1000
 Sent 28847795 bytes 19462 pkt (dropped 719, overlimits 9045 requeues 0) 
 backlog 28350b 9p requeues 0
qdisc pfifo 20: parent 1:10 limit 12p
 Sent 28847795 bytes 19462 pkt (dropped 719, overlimits 0 requeues 0) 
 backlog 28350b 9p requeues 0
======================================================================
Timestamp: 2026-04-02 12:47:21
qdisc htb 1: root refcnt 13 r2q 10 default 0x10 direct_packets_stat 0 direct_qlen 1000
 Sent 29627123 bytes 19984 pkt (dropped 728, overlimits 9323 requeues 0) 
 backlog 7570b 5p requeues 0
qdisc pfifo 20: parent 1:10 limit 12p
 Sent 29627123 bytes 19984 pkt (dropped 728, overlimits 0 requeues 0) 
 backlog 7570b 5p requeues 0
======================================================================
Timestamp: 2026-04-02 12:47:22
qdisc htb 1: root refcnt 13 r2q 10 default 0x10 direct_packets_stat 0 direct_qlen 1000
 Sent 30504942 bytes 20571 pkt (dropped 788, overlimits 9740 requeues 0) 
 backlog 22390b 10p requeues 0
qdisc pfifo 20: parent 1:10 limit 12p
 Sent 30504942 bytes 20571 pkt (dropped 788, overlimits 0 requeues 0) 
 backlog 22390b 10p requeues 0
======================================================================
Timestamp: 2026-04-02 12:47:23
qdisc htb 1: root refcnt 13 r2q 10 default 0x10 direct_packets_stat 0 direct_qlen 1000
 Sent 31258379 bytes 21076 pkt (dropped 801, overlimits 10091 requeues 0) 
 backlog 0b 0p requeues 0
qdisc pfifo 20: parent 1:10 limit 12p
 Sent 31258379 bytes 21076 pkt (dropped 801, overlimits 0 requeues 0) 
 backlog 0b 0p requeues 0
======================================================================
Timestamp: 2026-04-02 12:47:24
qdisc htb 1: root refcnt 13 r2q 10 default 0x10 direct_packets_stat 0 direct_qlen 1000
 Sent 32116762 bytes 21649 pkt (dropped 841, overlimits 10535 requeues 0) 
 backlog 20780b 4p requeues 0
qdisc pfifo 20: parent 1:10 limit 12p
 Sent 32116762 bytes 21649 pkt (dropped 841, overlimits 0 requeues 0) 
 backlog 20780b 4p requeues 0
======================================================================
Timestamp: 2026-04-02 12:47:25
qdisc htb 1: root refcnt 13 r2q 10 default 0x10 direct_packets_stat 0 direct_qlen 1000
 Sent 32915686 bytes 22186 pkt (dropped 845, overlimits 10783 requeues 0) 
 backlog 0b 0p requeues 0
qdisc pfifo 20: parent 1:10 limit 12p
 Sent 32915686 bytes 22186 pkt (dropped 845, overlimits 0 requeues 0) 
 backlog 0b 0p requeues 0
======================================================================
Timestamp: 2026-04-02 12:47:26
qdisc htb 1: root refcnt 13 r2q 10 default 0x10 direct_packets_stat 0 direct_qlen 1000
 Sent 33762444 bytes 22750 pkt (dropped 909, overlimits 11250 requeues 0) 
 backlog 17976b 10p requeues 0
qdisc pfifo 20: parent 1:10 limit 12p
 Sent 33762444 bytes 22750 pkt (dropped 909, overlimits 0 requeues 0) 
 backlog 17976b 10p requeues 0
======================================================================
Timestamp: 2026-04-02 12:47:27
qdisc htb 1: root refcnt 13 r2q 10 default 0x10 direct_packets_stat 0 direct_qlen 1000
 Sent 34629051 bytes 23332 pkt (dropped 935, overlimits 11601 requeues 0) 
 backlog 0b 0p requeues 0
qdisc pfifo 20: parent 1:10 limit 12p
 Sent 34629051 bytes 23332 pkt (dropped 935, overlimits 0 requeues 0) 
 backlog 0b 0p requeues 0
======================================================================
Timestamp: 2026-04-02 12:47:28
qdisc htb 1: root refcnt 13 r2q 10 default 0x10 direct_packets_stat 0 direct_qlen 1000
 Sent 35381501 bytes 23834 pkt (dropped 967, overlimits 12006 requeues 0) 
 backlog 14948b 8p requeues 0
qdisc pfifo 20: parent 1:10 limit 12p
 Sent 35381501 bytes 23834 pkt (dropped 967, overlimits 0 requeues 0) 
 backlog 14948b 8p requeues 0
======================================================================
Timestamp: 2026-04-02 12:47:29
qdisc htb 1: root refcnt 13 r2q 10 default 0x10 direct_packets_stat 0 direct_qlen 1000
 Sent 36135019 bytes 24338 pkt (dropped 970, overlimits 12357 requeues 0) 
 backlog 0b 0p requeues 0
qdisc pfifo 20: parent 1:10 limit 12p
 Sent 36135019 bytes 24338 pkt (dropped 970, overlimits 0 requeues 0) 
 backlog 0b 0p requeues 0
======================================================================
Timestamp: 2026-04-02 12:47:30
qdisc htb 1: root refcnt 13 r2q 10 default 0x10 direct_packets_stat 0 direct_qlen 1000
 Sent 37010712 bytes 24922 pkt (dropped 1013, overlimits 12879 requeues 0) 
 backlog 15076b 9p requeues 0
qdisc pfifo 20: parent 1:10 limit 12p
 Sent 37010712 bytes 24922 pkt (dropped 1013, overlimits 0 requeues 0) 
 backlog 15076b 9p requeues 0
======================================================================
Timestamp: 2026-04-02 12:47:31
qdisc htb 1: root refcnt 13 r2q 10 default 0x10 direct_packets_stat 0 direct_qlen 1000
 Sent 37817006 bytes 25462 pkt (dropped 1026, overlimits 13243 requeues 0) 
 backlog 0b 0p requeues 0
qdisc pfifo 20: parent 1:10 limit 12p
 Sent 37817006 bytes 25462 pkt (dropped 1026, overlimits 0 requeues 0) 
 backlog 0b 0p requeues 0
======================================================================
Timestamp: 2026-04-02 12:47:32
qdisc htb 1: root refcnt 13 r2q 10 default 0x10 direct_packets_stat 0 direct_qlen 1000
 Sent 38663784 bytes 26025 pkt (dropped 1061, overlimits 13759 requeues 0) 
 backlog 8988b 5p requeues 0
qdisc pfifo 20: parent 1:10 limit 12p
 Sent 38663784 bytes 26025 pkt (dropped 1061, overlimits 0 requeues 0) 
 backlog 8988b 5p requeues 0
======================================================================
Timestamp: 2026-04-02 12:47:33
qdisc htb 1: root refcnt 13 r2q 10 default 0x10 direct_packets_stat 0 direct_qlen 1000
 Sent 39420574 bytes 26532 pkt (dropped 1076, overlimits 14139 requeues 0) 
 backlog 0b 0p requeues 0
qdisc pfifo 20: parent 1:10 limit 12p
 Sent 39420574 bytes 26532 pkt (dropped 1076, overlimits 0 requeues 0) 
 backlog 0b 0p requeues 0
======================================================================
Timestamp: 2026-04-02 12:47:34
qdisc htb 1: root refcnt 13 r2q 10 default 0x10 direct_packets_stat 0 direct_qlen 1000
 Sent 40297302 bytes 27114 pkt (dropped 1103, overlimits 14676 requeues 0) 
 backlog 19Kb 10p requeues 0
qdisc pfifo 20: parent 1:10 limit 12p
 Sent 40297302 bytes 27114 pkt (dropped 1103, overlimits 0 requeues 0) 
 backlog 19Kb 10p requeues 0
======================================================================
Timestamp: 2026-04-02 12:47:35
qdisc htb 1: root refcnt 13 r2q 10 default 0x10 direct_packets_stat 0 direct_qlen 1000
 Sent 41040120 bytes 27610 pkt (dropped 1117, overlimits 15007 requeues 0) 
 backlog 12112b 8p requeues 0
qdisc pfifo 20: parent 1:10 limit 12p
 Sent 41040120 bytes 27610 pkt (dropped 1117, overlimits 0 requeues 0) 
 backlog 12112b 8p requeues 0
======================================================================
Timestamp: 2026-04-02 12:47:36
qdisc htb 1: root refcnt 13 r2q 10 default 0x10 direct_packets_stat 0 direct_qlen 1000
 Sent 41921301 bytes 28195 pkt (dropped 1143, overlimits 15560 requeues 0) 
 backlog 17912b 11p requeues 0
qdisc pfifo 20: parent 1:10 limit 12p
 Sent 41921301 bytes 28195 pkt (dropped 1143, overlimits 0 requeues 0) 
 backlog 17912b 11p requeues 0
======================================================================
Timestamp: 2026-04-02 12:47:37
qdisc htb 1: root refcnt 13 r2q 10 default 0x10 direct_packets_stat 0 direct_qlen 1000
 Sent 42802859 bytes 28786 pkt (dropped 1167, overlimits 15902 requeues 0) 
 backlog 31282b 10p requeues 0
qdisc pfifo 20: parent 1:10 limit 12p
 Sent 42802859 bytes 28786 pkt (dropped 1167, overlimits 0 requeues 0) 
 backlog 31282b 10p requeues 0
======================================================================
Timestamp: 2026-04-02 12:47:38
qdisc htb 1: root refcnt 13 r2q 10 default 0x10 direct_packets_stat 0 direct_qlen 1000
 Sent 43565650 bytes 29298 pkt (dropped 1207, overlimits 16218 requeues 0) 
 backlog 5928b 4p requeues 0
qdisc pfifo 20: parent 1:10 limit 12p
 Sent 43565650 bytes 29298 pkt (dropped 1207, overlimits 0 requeues 0) 
 backlog 5928b 4p requeues 0
======================================================================
Timestamp: 2026-04-02 12:47:39
qdisc htb 1: root refcnt 13 r2q 10 default 0x10 direct_packets_stat 0 direct_qlen 1000
 Sent 44407398 bytes 29863 pkt (dropped 1215, overlimits 16547 requeues 0) 
 backlog 10598b 7p requeues 0
qdisc pfifo 20: parent 1:10 limit 12p
 Sent 44407398 bytes 29863 pkt (dropped 1215, overlimits 0 requeues 0) 
 backlog 10598b 7p requeues 0
======================================================================
Timestamp: 2026-04-02 12:47:40
qdisc htb 1: root refcnt 13 r2q 10 default 0x10 direct_packets_stat 0 direct_qlen 1000
 Sent 45274773 bytes 30438 pkt (dropped 1215, overlimits 17111 requeues 0) 
 backlog 25386b 9p requeues 0
qdisc pfifo 20: parent 1:10 limit 12p
 Sent 45274773 bytes 30438 pkt (dropped 1215, overlimits 0 requeues 0) 
 backlog 25386b 9p requeues 0
======================================================================
Timestamp: 2026-04-02 12:47:41
qdisc htb 1: root refcnt 13 r2q 10 default 0x10 direct_packets_stat 0 direct_qlen 1000
 Sent 46152451 bytes 31025 pkt (dropped 1261, overlimits 17525 requeues 0) 
 backlog 17944b 7p requeues 0
qdisc pfifo 20: parent 1:10 limit 12p
 Sent 46152451 bytes 31025 pkt (dropped 1261, overlimits 0 requeues 0) 
 backlog 17944b 7p requeues 0
======================================================================
Timestamp: 2026-04-02 12:47:42
qdisc htb 1: root refcnt 13 r2q 10 default 0x10 direct_packets_stat 0 direct_qlen 1000
 Sent 46950393 bytes 31561 pkt (dropped 1267, overlimits 17940 requeues 0) 
 backlog 6056b 4p requeues 0
qdisc pfifo 20: parent 1:10 limit 12p
 Sent 46950393 bytes 31561 pkt (dropped 1267, overlimits 0 requeues 0) 
 backlog 6056b 4p requeues 0
======================================================================
Timestamp: 2026-04-02 12:47:43
qdisc htb 1: root refcnt 13 r2q 10 default 0x10 direct_packets_stat 0 direct_qlen 1000
 Sent 47807297 bytes 32135 pkt (dropped 1310, overlimits 18353 requeues 0) 
 backlog 1514b 1p requeues 0
qdisc pfifo 20: parent 1:10 limit 12p
 Sent 47807297 bytes 32135 pkt (dropped 1310, overlimits 0 requeues 0) 
 backlog 1514b 1p requeues 0
======================================================================
Timestamp: 2026-04-02 12:47:44
qdisc htb 1: root refcnt 13 r2q 10 default 0x10 direct_packets_stat 0 direct_qlen 1000
 Sent 48628827 bytes 32683 pkt (dropped 1310, overlimits 18880 requeues 0) 
 backlog 12112b 8p requeues 0
qdisc pfifo 20: parent 1:10 limit 12p
 Sent 48628827 bytes 32683 pkt (dropped 1310, overlimits 0 requeues 0) 
 backlog 12112b 8p requeues 0
======================================================================
Timestamp: 2026-04-02 12:47:45
qdisc htb 1: root refcnt 13 r2q 10 default 0x10 direct_packets_stat 0 direct_qlen 1000
 Sent 49511392 bytes 33273 pkt (dropped 1374, overlimits 19329 requeues 0) 
 backlog 19330b 6p requeues 0
qdisc pfifo 20: parent 1:10 limit 12p
 Sent 49511392 bytes 33273 pkt (dropped 1374, overlimits 0 requeues 0) 
 backlog 19330b 6p requeues 0
======================================================================
Timestamp: 2026-04-02 12:47:46
qdisc htb 1: root refcnt 13 r2q 10 default 0x10 direct_packets_stat 0 direct_qlen 1000
 Sent 50258596 bytes 33775 pkt (dropped 1376, overlimits 19604 requeues 0) 
 backlog 0b 0p requeues 0
qdisc pfifo 20: parent 1:10 limit 12p
 Sent 50258596 bytes 33775 pkt (dropped 1376, overlimits 0 requeues 0) 
 backlog 0b 0p requeues 0
======================================================================
Timestamp: 2026-04-02 12:47:47
qdisc htb 1: root refcnt 13 r2q 10 default 0x10 direct_packets_stat 0 direct_qlen 1000
 Sent 51069563 bytes 34317 pkt (dropped 1412, overlimits 20050 requeues 0) 
 backlog 9084b 6p requeues 0
qdisc pfifo 20: parent 1:10 limit 12p
 Sent 51069563 bytes 34317 pkt (dropped 1412, overlimits 0 requeues 0) 
 backlog 9084b 6p requeues 0
======================================================================
Timestamp: 2026-04-02 12:47:48
qdisc htb 1: root refcnt 13 r2q 10 default 0x10 direct_packets_stat 0 direct_qlen 1000
 Sent 51948673 bytes 34900 pkt (dropped 1412, overlimits 20633 requeues 0) 
 backlog 12112b 8p requeues 0
qdisc pfifo 20: parent 1:10 limit 12p
 Sent 51948673 bytes 34900 pkt (dropped 1412, overlimits 0 requeues 0) 
 backlog 12112b 8p requeues 0
======================================================================
Timestamp: 2026-04-02 12:47:49
qdisc htb 1: root refcnt 13 r2q 10 default 0x10 direct_packets_stat 0 direct_qlen 1000
 Sent 52827041 bytes 35487 pkt (dropped 1461, overlimits 21142 requeues 0) 
 backlog 13402b 8p requeues 0
qdisc pfifo 20: parent 1:10 limit 12p
 Sent 52827041 bytes 35487 pkt (dropped 1461, overlimits 0 requeues 0) 
 backlog 13402b 8p requeues 0
======================================================================
Timestamp: 2026-04-02 12:47:50
qdisc htb 1: root refcnt 13 r2q 10 default 0x10 direct_packets_stat 0 direct_qlen 1000
 Sent 53610701 bytes 36012 pkt (dropped 1461, overlimits 21600 requeues 0) 
 backlog 12112b 8p requeues 0
qdisc pfifo 20: parent 1:10 limit 12p
 Sent 53610701 bytes 36012 pkt (dropped 1461, overlimits 0 requeues 0) 
 backlog 12112b 8p requeues 0
======================================================================
Timestamp: 2026-04-02 12:47:51
qdisc htb 1: root refcnt 13 r2q 10 default 0x10 direct_packets_stat 0 direct_qlen 1000
 Sent 54490336 bytes 36599 pkt (dropped 1507, overlimits 22102 requeues 0) 
 backlog 17944b 7p requeues 0
qdisc pfifo 20: parent 1:10 limit 12p
 Sent 54490336 bytes 36599 pkt (dropped 1507, overlimits 0 requeues 0) 
 backlog 17944b 7p requeues 0
======================================================================
Timestamp: 2026-04-02 12:47:52
qdisc htb 1: root refcnt 13 r2q 10 default 0x10 direct_packets_stat 0 direct_qlen 1000
 Sent 55335217 bytes 37168 pkt (dropped 1542, overlimits 22414 requeues 0) 
 backlog 23744b 5p requeues 0
qdisc pfifo 20: parent 1:10 limit 12p
 Sent 55335217 bytes 37168 pkt (dropped 1542, overlimits 0 requeues 0) 
 backlog 23744b 5p requeues 0
======================================================================
Timestamp: 2026-04-02 12:47:53
qdisc htb 1: root refcnt 13 r2q 10 default 0x10 direct_packets_stat 0 direct_qlen 1000
 Sent 56156069 bytes 37723 pkt (dropped 1561, overlimits 22670 requeues 0) 
 backlog 23872b 10p requeues 0
qdisc pfifo 20: parent 1:10 limit 12p
 Sent 56156069 bytes 37723 pkt (dropped 1561, overlimits 0 requeues 0) 
 backlog 23872b 10p requeues 0
======================================================================
Timestamp: 2026-04-02 12:47:54
qdisc htb 1: root refcnt 13 r2q 10 default 0x10 direct_packets_stat 0 direct_qlen 1000
 Sent 57037935 bytes 38316 pkt (dropped 1570, overlimits 22878 requeues 0) 
 backlog 46102b 10p requeues 0
qdisc pfifo 20: parent 1:10 limit 12p
 Sent 57037935 bytes 38316 pkt (dropped 1570, overlimits 0 requeues 0) 
 backlog 46102b 10p requeues 0
======================================================================
Timestamp: 2026-04-02 12:47:55
qdisc htb 1: root refcnt 13 r2q 10 default 0x10 direct_packets_stat 0 direct_qlen 1000
 Sent 57773985 bytes 38813 pkt (dropped 1612, overlimits 23168 requeues 0) 
 backlog 23872b 8p requeues 0
qdisc pfifo 20: parent 1:10 limit 12p
 Sent 57773985 bytes 38813 pkt (dropped 1612, overlimits 0 requeues 0) 
 backlog 23872b 8p requeues 0
======================================================================
Timestamp: 2026-04-02 12:47:56
qdisc htb 1: root refcnt 13 r2q 10 default 0x10 direct_packets_stat 0 direct_qlen 1000
 Sent 58661033 bytes 39409 pkt (dropped 1619, overlimits 23405 requeues 0) 
 backlog 38724b 10p requeues 0
qdisc pfifo 20: parent 1:10 limit 12p
 Sent 58661033 bytes 39409 pkt (dropped 1619, overlimits 0 requeues 0) 
 backlog 38724b 10p requeues 0
======================================================================
Timestamp: 2026-04-02 12:47:57
qdisc htb 1: root refcnt 13 r2q 10 default 0x10 direct_packets_stat 0 direct_qlen 1000
 Sent 59423030 bytes 39921 pkt (dropped 1651, overlimits 23720 requeues 0) 
 backlog 23840b 7p requeues 0
qdisc pfifo 20: parent 1:10 limit 12p
 Sent 59423030 bytes 39921 pkt (dropped 1651, overlimits 0 requeues 0) 
 backlog 23840b 7p requeues 0
======================================================================
Timestamp: 2026-04-02 12:47:58
qdisc htb 1: root refcnt 13 r2q 10 default 0x10 direct_packets_stat 0 direct_qlen 1000
 Sent 60305248 bytes 40514 pkt (dropped 1668, overlimits 24016 requeues 0) 
 backlog 32828b 11p requeues 0
qdisc pfifo 20: parent 1:10 limit 12p
 Sent 60305248 bytes 40514 pkt (dropped 1668, overlimits 0 requeues 0) 
 backlog 32828b 11p requeues 0
======================================================================
Timestamp: 2026-04-02 12:47:59
qdisc htb 1: root refcnt 13 r2q 10 default 0x10 direct_packets_stat 0 direct_qlen 1000
 Sent 61084840 bytes 41038 pkt (dropped 1703, overlimits 24334 requeues 0) 
 backlog 23776b 7p requeues 0
qdisc pfifo 20: parent 1:10 limit 12p
 Sent 61084840 bytes 41038 pkt (dropped 1703, overlimits 0 requeues 0) 
 backlog 23776b 7p requeues 0
======================================================================
Timestamp: 2026-04-02 12:48:00
qdisc htb 1: root refcnt 13 r2q 10 default 0x10 direct_packets_stat 0 direct_qlen 1000
 Sent 61970224 bytes 41634 pkt (dropped 1719, overlimits 24572 requeues 0) 
 backlog 35632b 7p requeues 0
qdisc pfifo 20: parent 1:10 limit 12p
 Sent 61970224 bytes 41634 pkt (dropped 1719, overlimits 0 requeues 0) 
 backlog 35632b 7p requeues 0
======================================================================
Timestamp: 2026-04-02 12:48:01
qdisc htb 1: root refcnt 13 r2q 10 default 0x10 direct_packets_stat 0 direct_qlen 1000
 Sent 62729446 bytes 42143 pkt (dropped 1750, overlimits 24903 requeues 0) 
 backlog 3028b 2p requeues 0
qdisc pfifo 20: parent 1:10 limit 12p
 Sent 62729446 bytes 42143 pkt (dropped 1750, overlimits 0 requeues 0) 
 backlog 3028b 2p requeues 0
======================================================================
Timestamp: 2026-04-02 12:48:02
qdisc htb 1: root refcnt 13 r2q 10 default 0x10 direct_packets_stat 0 direct_qlen 1000
 Sent 63540773 bytes 42680 pkt (dropped 1750, overlimits 25402 requeues 0) 
 backlog 13626b 9p requeues 0
qdisc pfifo 20: parent 1:10 limit 12p
 Sent 63540773 bytes 42680 pkt (dropped 1750, overlimits 0 requeues 0) 
 backlog 13626b 9p requeues 0
======================================================================
Timestamp: 2026-04-02 12:48:03
qdisc htb 1: root refcnt 13 r2q 10 default 0x10 direct_packets_stat 0 direct_qlen 1000
 Sent 64420381 bytes 43263 pkt (dropped 1794, overlimits 25958 requeues 0) 
 backlog 16462b 9p requeues 0
qdisc pfifo 20: parent 1:10 limit 12p
 Sent 64420381 bytes 43263 pkt (dropped 1794, overlimits 0 requeues 0) 
 backlog 16462b 9p requeues 0
======================================================================
Timestamp: 2026-04-02 12:48:04
qdisc htb 1: root refcnt 13 r2q 10 default 0x10 direct_packets_stat 0 direct_qlen 1000
 Sent 65177671 bytes 43768 pkt (dropped 1808, overlimits 26392 requeues 0) 
 backlog 3028b 2p requeues 0
qdisc pfifo 20: parent 1:10 limit 12p
 Sent 65177671 bytes 43768 pkt (dropped 1808, overlimits 0 requeues 0) 
 backlog 3028b 2p requeues 0
======================================================================
Timestamp: 2026-04-02 12:48:05
qdisc htb 1: root refcnt 13 r2q 10 default 0x10 direct_packets_stat 0 direct_qlen 1000
 Sent 66056341 bytes 44350 pkt (dropped 1844, overlimits 26951 requeues 0) 
 backlog 18040b 12p requeues 0
qdisc pfifo 20: parent 1:10 limit 12p
 Sent 66056341 bytes 44350 pkt (dropped 1844, overlimits 0 requeues 0) 
 backlog 18040b 12p requeues 0
======================================================================
Timestamp: 2026-04-02 12:48:06
qdisc htb 1: root refcnt 13 r2q 10 default 0x10 direct_packets_stat 0 direct_qlen 1000
 Sent 66935053 bytes 44938 pkt (dropped 1873, overlimits 27397 requeues 0) 
 backlog 23808b 8p requeues 0
qdisc pfifo 20: parent 1:10 limit 12p
 Sent 66935053 bytes 44938 pkt (dropped 1873, overlimits 0 requeues 0) 
 backlog 23808b 8p requeues 0
======================================================================
Timestamp: 2026-04-02 12:48:08
qdisc htb 1: root refcnt 13 r2q 10 default 0x10 direct_packets_stat 0 direct_qlen 1000
 Sent 67698886 bytes 45451 pkt (dropped 1904, overlimits 27706 requeues 0) 
 backlog 22358b 7p requeues 0
qdisc pfifo 20: parent 1:10 limit 12p
 Sent 67698886 bytes 45451 pkt (dropped 1904, overlimits 0 requeues 0) 
 backlog 22358b 7p requeues 0
======================================================================
Timestamp: 2026-04-02 12:48:09
qdisc htb 1: root refcnt 13 r2q 10 default 0x10 direct_packets_stat 0 direct_qlen 1000
 Sent 68577426 bytes 46041 pkt (dropped 1922, overlimits 27979 requeues 0) 
 backlog 35760b 10p requeues 0
qdisc pfifo 20: parent 1:10 limit 12p
 Sent 68577426 bytes 46041 pkt (dropped 1922, overlimits 0 requeues 0) 
 backlog 35760b 10p requeues 0
======================================================================
Timestamp: 2026-04-02 12:48:10
qdisc htb 1: root refcnt 13 r2q 10 default 0x10 direct_packets_stat 0 direct_qlen 1000
 Sent 69341087 bytes 46549 pkt (dropped 1968, overlimits 28408 requeues 0) 
 backlog 23832b 10p requeues 0
qdisc pfifo 20: parent 1:10 limit 12p
 Sent 69341087 bytes 46549 pkt (dropped 1968, overlimits 0 requeues 0) 
 backlog 23832b 10p requeues 0
======================================================================
Timestamp: 2026-04-02 12:48:11
qdisc htb 1: root refcnt 13 r2q 10 default 0x10 direct_packets_stat 0 direct_qlen 1000
 Sent 70221475 bytes 47139 pkt (dropped 1994, overlimits 28795 requeues 0) 
 backlog 20908b 11p requeues 0
qdisc pfifo 20: parent 1:10 limit 12p
 Sent 70221475 bytes 47139 pkt (dropped 1994, overlimits 0 requeues 0) 
 backlog 20908b 11p requeues 0
======================================================================
Timestamp: 2026-04-02 12:48:12
qdisc htb 1: root refcnt 13 r2q 10 default 0x10 direct_packets_stat 0 direct_qlen 1000
 Sent 70968257 bytes 47638 pkt (dropped 2032, overlimits 29164 requeues 0) 
 backlog 13402b 9p requeues 0
qdisc pfifo 20: parent 1:10 limit 12p
 Sent 70968257 bytes 47638 pkt (dropped 2032, overlimits 0 requeues 0) 
 backlog 13402b 9p requeues 0
======================================================================
Timestamp: 2026-04-02 12:48:13
qdisc htb 1: root refcnt 13 r2q 10 default 0x10 direct_packets_stat 0 direct_qlen 1000
 Sent 71846819 bytes 48227 pkt (dropped 2052, overlimits 29544 requeues 0) 
 backlog 23808b 6p requeues 0
qdisc pfifo 20: parent 1:10 limit 12p
 Sent 71846819 bytes 48227 pkt (dropped 2052, overlimits 0 requeues 0) 
 backlog 23808b 6p requeues 0
======================================================================
Timestamp: 2026-04-02 12:48:14
qdisc htb 1: root refcnt 13 r2q 10 default 0x10 direct_packets_stat 0 direct_qlen 1000
 Sent 72632916 bytes 48752 pkt (dropped 2083, overlimits 29934 requeues 0) 
 backlog 16494b 7p requeues 0
qdisc pfifo 20: parent 1:10 limit 12p
 Sent 72632916 bytes 48752 pkt (dropped 2083, overlimits 0 requeues 0) 
 backlog 16494b 7p requeues 0
======================================================================
Timestamp: 2026-04-02 12:48:15
qdisc htb 1: root refcnt 13 r2q 10 default 0x10 direct_packets_stat 0 direct_qlen 1000
 Sent 73505968 bytes 49338 pkt (dropped 2116, overlimits 30266 requeues 0) 
 backlog 26804b 7p requeues 0
qdisc pfifo 20: parent 1:10 limit 12p
 Sent 73505968 bytes 49338 pkt (dropped 2116, overlimits 0 requeues 0) 
 backlog 26804b 7p requeues 0
======================================================================
Timestamp: 2026-04-02 12:48:16
qdisc htb 1: root refcnt 13 r2q 10 default 0x10 direct_packets_stat 0 direct_qlen 1000
 Sent 74322566 bytes 49882 pkt (dropped 2144, overlimits 30705 requeues 0) 
 backlog 23872b 12p requeues 0
qdisc pfifo 20: parent 1:10 limit 12p
 Sent 74322566 bytes 49882 pkt (dropped 2144, overlimits 0 requeues 0) 
 backlog 23872b 12p requeues 0
======================================================================
Timestamp: 2026-04-02 12:48:17
qdisc htb 1: root refcnt 13 r2q 10 default 0x10 direct_packets_stat 0 direct_qlen 1000
 Sent 75205062 bytes 50474 pkt (dropped 2190, overlimits 31051 requeues 0) 
 backlog 23904b 9p requeues 0
qdisc pfifo 20: parent 1:10 limit 12p
 Sent 75205062 bytes 50474 pkt (dropped 2190, overlimits 0 requeues 0) 
 backlog 23904b 9p requeues 0
======================================================================
Timestamp: 2026-04-02 12:48:18
qdisc htb 1: root refcnt 13 r2q 10 default 0x10 direct_packets_stat 0 direct_qlen 1000
 Sent 75946528 bytes 50970 pkt (dropped 2196, overlimits 31420 requeues 0) 
 backlog 10598b 7p requeues 0
qdisc pfifo 20: parent 1:10 limit 12p
 Sent 75946528 bytes 50970 pkt (dropped 2196, overlimits 0 requeues 0) 
 backlog 10598b 7p requeues 0
======================================================================
Timestamp: 2026-04-02 12:48:19
qdisc htb 1: root refcnt 13 r2q 10 default 0x10 direct_packets_stat 0 direct_qlen 1000
 Sent 76830688 bytes 51562 pkt (dropped 2244, overlimits 31835 requeues 0) 
 backlog 17880b 6p requeues 0
qdisc pfifo 20: parent 1:10 limit 12p
 Sent 76830688 bytes 51562 pkt (dropped 2244, overlimits 0 requeues 0) 
 backlog 17880b 6p requeues 0
======================================================================
Timestamp: 2026-04-02 12:48:20
qdisc htb 1: root refcnt 13 r2q 10 default 0x10 direct_packets_stat 0 direct_qlen 1000
 Sent 77616014 bytes 52088 pkt (dropped 2248, overlimits 32144 requeues 0) 
 backlog 0b 0p requeues 0
qdisc pfifo 20: parent 1:10 limit 12p
 Sent 77616014 bytes 52088 pkt (dropped 2248, overlimits 0 requeues 0) 
 backlog 0b 0p requeues 0
======================================================================
Timestamp: 2026-04-02 12:48:21
qdisc htb 1: root refcnt 13 r2q 10 default 0x10 direct_packets_stat 0 direct_qlen 1000
 Sent 78474715 bytes 52665 pkt (dropped 2306, overlimits 32522 requeues 0) 
 backlog 3028b 2p requeues 0
qdisc pfifo 20: parent 1:10 limit 12p
 Sent 78474715 bytes 52665 pkt (dropped 2306, overlimits 0 requeues 0) 
 backlog 3028b 2p requeues 0
======================================================================
Timestamp: 2026-04-02 12:48:22
qdisc htb 1: root refcnt 13 r2q 10 default 0x10 direct_packets_stat 0 direct_qlen 1000
 Sent 79294593 bytes 53207 pkt (dropped 2306, overlimits 33042 requeues 0) 
 backlog 12112b 8p requeues 0
qdisc pfifo 20: parent 1:10 limit 12p
 Sent 79294593 bytes 53207 pkt (dropped 2306, overlimits 0 requeues 0) 
 backlog 12112b 8p requeues 0
======================================================================
Timestamp: 2026-04-02 12:48:23
qdisc htb 1: root refcnt 13 r2q 10 default 0x10 direct_packets_stat 0 direct_qlen 1000
 Sent 80100570 bytes 53745 pkt (dropped 2345, overlimits 33485 requeues 0) 
 backlog 0b 0p requeues 0
qdisc pfifo 20: parent 1:10 limit 12p
 Sent 80100570 bytes 53745 pkt (dropped 2345, overlimits 0 requeues 0) 
 backlog 0b 0p requeues 0
======================================================================
Timestamp: 2026-04-02 12:48:24
qdisc htb 1: root refcnt 13 r2q 10 default 0x10 direct_packets_stat 0 direct_qlen 1000
 Sent 80960522 bytes 54313 pkt (dropped 2345, overlimits 34042 requeues 0) 
 backlog 13626b 9p requeues 0
qdisc pfifo 20: parent 1:10 limit 12p
 Sent 80960522 bytes 54313 pkt (dropped 2345, overlimits 0 requeues 0) 
 backlog 13626b 9p requeues 0
======================================================================
Timestamp: 2026-04-02 12:48:25
qdisc htb 1: root refcnt 13 r2q 10 default 0x10 direct_packets_stat 0 direct_qlen 1000
 Sent 81841096 bytes 54901 pkt (dropped 2401, overlimits 34554 requeues 0) 
 backlog 13594b 9p requeues 0
qdisc pfifo 20: parent 1:10 limit 12p
 Sent 81841096 bytes 54901 pkt (dropped 2401, overlimits 0 requeues 0) 
 backlog 13594b 9p requeues 0
======================================================================
Timestamp: 2026-04-02 12:48:26
qdisc htb 1: root refcnt 13 r2q 10 default 0x10 direct_packets_stat 0 direct_qlen 1000
 Sent 82658261 bytes 55442 pkt (dropped 2401, overlimits 35070 requeues 0) 
 backlog 12112b 8p requeues 0
qdisc pfifo 20: parent 1:10 limit 12p
 Sent 82658261 bytes 55442 pkt (dropped 2401, overlimits 0 requeues 0) 
 backlog 12112b 8p requeues 0
======================================================================
Timestamp: 2026-04-02 12:48:27
qdisc htb 1: root refcnt 13 r2q 10 default 0x10 direct_packets_stat 0 direct_qlen 1000
 Sent 83536336 bytes 56030 pkt (dropped 2453, overlimits 35517 requeues 0) 
 backlog 1514b 1p requeues 0
qdisc pfifo 20: parent 1:10 limit 12p
 Sent 83536336 bytes 56030 pkt (dropped 2453, overlimits 0 requeues 0) 
 backlog 1514b 1p requeues 0
======================================================================
Timestamp: 2026-04-02 12:48:28
qdisc htb 1: root refcnt 13 r2q 10 default 0x10 direct_packets_stat 0 direct_qlen 1000
 Sent 84316046 bytes 56545 pkt (dropped 2453, overlimits 35995 requeues 0) 
 backlog 12112b 8p requeues 0
qdisc pfifo 20: parent 1:10 limit 12p
 Sent 84316046 bytes 56545 pkt (dropped 2453, overlimits 0 requeues 0) 
 backlog 12112b 8p requeues 0
======================================================================
Timestamp: 2026-04-02 12:48:29
qdisc htb 1: root refcnt 13 r2q 10 default 0x10 direct_packets_stat 0 direct_qlen 1000
 Sent 85162187 bytes 57111 pkt (dropped 2516, overlimits 36440 requeues 0) 
 backlog 0b 0p requeues 0
qdisc pfifo 20: parent 1:10 limit 12p
 Sent 85162187 bytes 57111 pkt (dropped 2516, overlimits 0 requeues 0) 
 backlog 0b 0p requeues 0
======================================================================
Timestamp: 2026-04-02 12:48:30
qdisc htb 1: root refcnt 13 r2q 10 default 0x10 direct_packets_stat 0 direct_qlen 1000
 Sent 86019111 bytes 57677 pkt (dropped 2516, overlimits 36991 requeues 0) 
 backlog 9084b 6p requeues 0
qdisc pfifo 20: parent 1:10 limit 12p
 Sent 86019111 bytes 57677 pkt (dropped 2516, overlimits 0 requeues 0) 
 backlog 9084b 6p requeues 0
======================================================================
Timestamp: 2026-04-02 12:48:31
qdisc htb 1: root refcnt 13 r2q 10 default 0x10 direct_packets_stat 0 direct_qlen 1000
 Sent 86897009 bytes 58264 pkt (dropped 2573, overlimits 37484 requeues 0) 
 backlog 23904b 10p requeues 0
qdisc pfifo 20: parent 1:10 limit 12p
 Sent 86897009 bytes 58264 pkt (dropped 2573, overlimits 0 requeues 0) 
 backlog 23904b 10p requeues 0
======================================================================
Timestamp: 2026-04-02 12:48:32
qdisc htb 1: root refcnt 13 r2q 10 default 0x10 direct_packets_stat 0 direct_qlen 1000
 Sent 87658884 bytes 58773 pkt (dropped 2576, overlimits 37895 requeues 0) 
 backlog 12112b 8p requeues 0
qdisc pfifo 20: parent 1:10 limit 12p
 Sent 87658884 bytes 58773 pkt (dropped 2576, overlimits 0 requeues 0) 
 backlog 12112b 8p requeues 0
======================================================================
Timestamp: 2026-04-02 12:48:33
qdisc htb 1: root refcnt 13 r2q 10 default 0x10 direct_packets_stat 0 direct_qlen 1000
 Sent 88544016 bytes 59363 pkt (dropped 2614, overlimits 38383 requeues 0) 
 backlog 10534b 7p requeues 0
qdisc pfifo 20: parent 1:10 limit 12p
 Sent 88544016 bytes 59363 pkt (dropped 2614, overlimits 0 requeues 0) 
 backlog 10534b 7p requeues 0
======================================================================
Timestamp: 2026-04-02 12:48:34
qdisc htb 1: root refcnt 13 r2q 10 default 0x10 direct_packets_stat 0 direct_qlen 1000
 Sent 89330771 bytes 59887 pkt (dropped 2627, overlimits 38815 requeues 0) 
 backlog 9084b 6p requeues 0
qdisc pfifo 20: parent 1:10 limit 12p
 Sent 89330771 bytes 59887 pkt (dropped 2627, overlimits 0 requeues 0) 
 backlog 9084b 6p requeues 0
======================================================================
Timestamp: 2026-04-02 12:48:35
qdisc htb 1: root refcnt 13 r2q 10 default 0x10 direct_packets_stat 0 direct_qlen 1000
 Sent 90209323 bytes 60473 pkt (dropped 2664, overlimits 39351 requeues 0) 
 backlog 10374b 3p requeues 0
qdisc pfifo 20: parent 1:10 limit 12p
 Sent 90209323 bytes 60473 pkt (dropped 2664, overlimits 0 requeues 0) 
 backlog 10374b 3p requeues 0
======================================================================
Timestamp: 2026-04-02 12:48:36
qdisc htb 1: root refcnt 13 r2q 10 default 0x10 direct_packets_stat 0 direct_qlen 1000
 Sent 91010126 bytes 61009 pkt (dropped 2678, overlimits 39808 requeues 0) 
 backlog 11402b 8p requeues 0
qdisc pfifo 20: parent 1:10 limit 12p
 Sent 91010126 bytes 61009 pkt (dropped 2678, overlimits 0 requeues 0) 
 backlog 11402b 8p requeues 0
======================================================================
Timestamp: 2026-04-02 12:48:37
qdisc htb 1: root refcnt 13 r2q 10 default 0x10 direct_packets_stat 0 direct_qlen 1000
 Sent 91888289 bytes 61596 pkt (dropped 2708, overlimits 40330 requeues 0) 
 backlog 8892b 5p requeues 0
qdisc pfifo 20: parent 1:10 limit 12p
 Sent 91888289 bytes 61596 pkt (dropped 2708, overlimits 0 requeues 0) 
 backlog 8892b 5p requeues 0
======================================================================
Timestamp: 2026-04-02 12:48:38
qdisc htb 1: root refcnt 13 r2q 10 default 0x10 direct_packets_stat 0 direct_qlen 1000
 Sent 92606685 bytes 62076 pkt (dropped 2720, overlimits 40730 requeues 0) 
 backlog 10598b 7p requeues 0
qdisc pfifo 20: parent 1:10 limit 12p
 Sent 92606685 bytes 62076 pkt (dropped 2720, overlimits 0 requeues 0) 
 backlog 10598b 7p requeues 0
======================================================================
Timestamp: 2026-04-02 12:48:39
qdisc htb 1: root refcnt 13 r2q 10 default 0x10 direct_packets_stat 0 direct_qlen 1000
 Sent 93483973 bytes 62661 pkt (dropped 2759, overlimits 41262 requeues 0) 
 backlog 16526b 9p requeues 0
qdisc pfifo 20: parent 1:10 limit 12p
 Sent 93483973 bytes 62661 pkt (dropped 2759, overlimits 0 requeues 0) 
 backlog 16526b 9p requeues 0
======================================================================
Timestamp: 2026-04-02 12:48:40
qdisc htb 1: root refcnt 13 r2q 10 default 0x10 direct_packets_stat 0 direct_qlen 1000
 Sent 94364354 bytes 63252 pkt (dropped 2778, overlimits 41645 requeues 0) 
 backlog 22326b 6p requeues 0
qdisc pfifo 20: parent 1:10 limit 12p
 Sent 94364354 bytes 63252 pkt (dropped 2778, overlimits 0 requeues 0) 
 backlog 22326b 6p requeues 0
======================================================================
Timestamp: 2026-04-02 12:48:41
qdisc htb 1: root refcnt 13 r2q 10 default 0x10 direct_packets_stat 0 direct_qlen 1000
 Sent 95112887 bytes 63755 pkt (dropped 2805, overlimits 42014 requeues 0) 
 backlog 19394b 7p requeues 0
qdisc pfifo 20: parent 1:10 limit 12p
 Sent 95112887 bytes 63755 pkt (dropped 2805, overlimits 0 requeues 0) 
 backlog 19394b 7p requeues 0
======================================================================
Timestamp: 2026-04-02 12:48:42
qdisc htb 1: root refcnt 13 r2q 10 default 0x10 direct_packets_stat 0 direct_qlen 1000
 Sent 95986452 bytes 64342 pkt (dropped 2822, overlimits 42386 requeues 0) 
 backlog 0b 0p requeues 0
qdisc pfifo 20: parent 1:10 limit 12p
 Sent 95986452 bytes 64342 pkt (dropped 2822, overlimits 0 requeues 0) 
 backlog 0b 0p requeues 0
======================================================================
Timestamp: 2026-04-02 12:48:43
qdisc htb 1: root refcnt 13 r2q 10 default 0x10 direct_packets_stat 0 direct_qlen 1000
 Sent 96791080 bytes 64879 pkt (dropped 2847, overlimits 42867 requeues 0) 
 backlog 21004b 12p requeues 0
qdisc pfifo 20: parent 1:10 limit 12p
 Sent 96791080 bytes 64879 pkt (dropped 2847, overlimits 0 requeues 0) 
 backlog 21004b 12p requeues 0
======================================================================
Timestamp: 2026-04-02 12:48:44
qdisc htb 1: root refcnt 13 r2q 10 default 0x10 direct_packets_stat 0 direct_qlen 1000
 Sent 97671572 bytes 65469 pkt (dropped 2873, overlimits 43264 requeues 0) 
 backlog 29736b 8p requeues 0
qdisc pfifo 20: parent 1:10 limit 12p
 Sent 97671572 bytes 65469 pkt (dropped 2873, overlimits 0 requeues 0) 
 backlog 29736b 8p requeues 0
======================================================================
Timestamp: 2026-04-02 12:48:45
qdisc htb 1: root refcnt 13 r2q 10 default 0x10 direct_packets_stat 0 direct_qlen 1000
 Sent 98408197 bytes 65964 pkt (dropped 2899, overlimits 43610 requeues 0) 
 backlog 19490b 10p requeues 0
qdisc pfifo 20: parent 1:10 limit 12p
 Sent 98408197 bytes 65964 pkt (dropped 2899, overlimits 0 requeues 0) 
 backlog 19490b 10p requeues 0
======================================================================
Timestamp: 2026-04-02 12:48:46
qdisc htb 1: root refcnt 13 r2q 10 default 0x10 direct_packets_stat 0 direct_qlen 1000
 Sent 99284989 bytes 66552 pkt (dropped 2927, overlimits 43927 requeues 0) 
 backlog 34278b 11p requeues 0
qdisc pfifo 20: parent 1:10 limit 12p
 Sent 99284989 bytes 66552 pkt (dropped 2927, overlimits 0 requeues 0) 
 backlog 34278b 11p requeues 0
======================================================================
Timestamp: 2026-04-02 12:48:47
qdisc htb 1: root refcnt 13 r2q 10 default 0x10 direct_packets_stat 0 direct_qlen 1000
 Sent 100037936 bytes 67057 pkt (dropped 2965, overlimits 44306 requeues 0) 
 backlog 20876b 6p requeues 0
qdisc pfifo 20: parent 1:10 limit 12p
 Sent 100037936 bytes 67057 pkt (dropped 2965, overlimits 0 requeues 0) 
 backlog 20876b 6p requeues 0
======================================================================
Timestamp: 2026-04-02 12:48:48
qdisc htb 1: root refcnt 13 r2q 10 default 0x10 direct_packets_stat 0 direct_qlen 1000
 Sent 100834603 bytes 67590 pkt (dropped 2980, overlimits 44663 requeues 0) 
 backlog 10598b 7p requeues 0
qdisc pfifo 20: parent 1:10 limit 12p
 Sent 100834603 bytes 67590 pkt (dropped 2980, overlimits 0 requeues 0) 
 backlog 10598b 7p requeues 0
======================================================================
Timestamp: 2026-04-02 12:48:49
qdisc htb 1: root refcnt 13 r2q 10 default 0x10 direct_packets_stat 0 direct_qlen 1000
 Sent 101713223 bytes 68175 pkt (dropped 3010, overlimits 45233 requeues 0) 
 backlog 18008b 10p requeues 0
qdisc pfifo 20: parent 1:10 limit 12p
 Sent 101713223 bytes 68175 pkt (dropped 3010, overlimits 0 requeues 0) 
 backlog 18008b 10p requeues 0
======================================================================
Timestamp: 2026-04-02 12:48:50
qdisc htb 1: root refcnt 13 r2q 10 default 0x10 direct_packets_stat 0 direct_qlen 1000
 Sent 102591511 bytes 68763 pkt (dropped 3029, overlimits 45635 requeues 0) 
 backlog 23840b 7p requeues 0
qdisc pfifo 20: parent 1:10 limit 12p
 Sent 102591511 bytes 68763 pkt (dropped 3029, overlimits 0 requeues 0) 
 backlog 23840b 7p requeues 0
======================================================================
Timestamp: 2026-04-02 12:48:51
qdisc htb 1: root refcnt 13 r2q 10 default 0x10 direct_packets_stat 0 direct_qlen 1000
 Sent 103418300 bytes 69318 pkt (dropped 3052, overlimits 45947 requeues 0) 
 backlog 13466b 6p requeues 0
qdisc pfifo 20: parent 1:10 limit 12p
 Sent 103418300 bytes 69318 pkt (dropped 3052, overlimits 0 requeues 0) 
 backlog 13466b 6p requeues 0
======================================================================
Timestamp: 2026-04-02 12:48:52
qdisc htb 1: root refcnt 13 r2q 10 default 0x10 direct_packets_stat 0 direct_qlen 1000
 Sent 104265233 bytes 69883 pkt (dropped 3066, overlimits 46421 requeues 0) 
 backlog 7570b 5p requeues 0
qdisc pfifo 20: parent 1:10 limit 12p
 Sent 104265233 bytes 69883 pkt (dropped 3066, overlimits 0 requeues 0) 
 backlog 7570b 5p requeues 0
======================================================================
Timestamp: 2026-04-02 12:48:53
qdisc htb 1: root refcnt 13 r2q 10 default 0x10 direct_packets_stat 0 direct_qlen 1000
 Sent 105145099 bytes 70470 pkt (dropped 3066, overlimits 47007 requeues 0) 
 backlog 12112b 8p requeues 0
qdisc pfifo 20: parent 1:10 limit 12p
 Sent 105145099 bytes 70470 pkt (dropped 3066, overlimits 0 requeues 0) 
 backlog 12112b 8p requeues 0
======================================================================
Timestamp: 2026-04-02 12:48:54
qdisc htb 1: root refcnt 13 r2q 10 default 0x10 direct_packets_stat 0 direct_qlen 1000
 Sent 105995215 bytes 71039 pkt (dropped 3122, overlimits 47412 requeues 0) 
 backlog 28350b 10p requeues 0
qdisc pfifo 20: parent 1:10 limit 12p
 Sent 105995215 bytes 71039 pkt (dropped 3122, overlimits 0 requeues 0) 
 backlog 28350b 10p requeues 0
======================================================================
Timestamp: 2026-04-02 12:48:55
qdisc htb 1: root refcnt 13 r2q 10 default 0x10 direct_packets_stat 0 direct_qlen 1000
 Sent 106823180 bytes 71595 pkt (dropped 3136, overlimits 47689 requeues 0) 
 backlog 16334b 11p requeues 0
qdisc pfifo 20: parent 1:10 limit 12p
 Sent 106823180 bytes 71595 pkt (dropped 3136, overlimits 0 requeues 0) 
 backlog 16334b 11p requeues 0
======================================================================
Timestamp: 2026-04-02 12:48:56
qdisc htb 1: root refcnt 13 r2q 10 default 0x10 direct_packets_stat 0 direct_qlen 1000
 Sent 107706264 bytes 72189 pkt (dropped 3155, overlimits 47947 requeues 0) 
 backlog 40238b 12p requeues 0
qdisc pfifo 20: parent 1:10 limit 12p
 Sent 107706264 bytes 72189 pkt (dropped 3155, overlimits 0 requeues 0) 
 backlog 40238b 12p requeues 0
======================================================================
Timestamp: 2026-04-02 12:48:57
qdisc htb 1: root refcnt 13 r2q 10 default 0x10 direct_packets_stat 0 direct_qlen 1000
 Sent 108510771 bytes 72725 pkt (dropped 3156, overlimits 48344 requeues 0) 
 backlog 12112b 8p requeues 0
qdisc pfifo 20: parent 1:10 limit 12p
 Sent 108510771 bytes 72725 pkt (dropped 3156, overlimits 0 requeues 0) 
 backlog 12112b 8p requeues 0
======================================================================
Timestamp: 2026-04-02 12:48:58
qdisc htb 1: root refcnt 13 r2q 10 default 0x10 direct_packets_stat 0 direct_qlen 1000
 Sent 109390037 bytes 73314 pkt (dropped 3233, overlimits 48755 requeues 0) 
 backlog 22390b 10p requeues 0
qdisc pfifo 20: parent 1:10 limit 12p
 Sent 109390037 bytes 73314 pkt (dropped 3233, overlimits 0 requeues 0) 
 backlog 22390b 10p requeues 0
======================================================================
Timestamp: 2026-04-02 12:48:59
qdisc htb 1: root refcnt 13 r2q 10 default 0x10 direct_packets_stat 0 direct_qlen 1000
 Sent 110131104 bytes 73810 pkt (dropped 3242, overlimits 49077 requeues 0) 
 backlog 9084b 6p requeues 0
qdisc pfifo 20: parent 1:10 limit 12p
 Sent 110131104 bytes 73810 pkt (dropped 3242, overlimits 0 requeues 0) 
 backlog 9084b 6p requeues 0
======================================================================
Timestamp: 2026-04-02 12:49:00
qdisc htb 1: root refcnt 13 r2q 10 default 0x10 direct_packets_stat 0 direct_qlen 1000
 Sent 111012830 bytes 74400 pkt (dropped 3277, overlimits 49516 requeues 0) 
 backlog 22454b 9p requeues 0
qdisc pfifo 20: parent 1:10 limit 12p
 Sent 111012830 bytes 74400 pkt (dropped 3277, overlimits 0 requeues 0) 
 backlog 22454b 9p requeues 0
======================================================================
Timestamp: 2026-04-02 12:49:01
qdisc htb 1: root refcnt 13 r2q 10 default 0x10 direct_packets_stat 0 direct_qlen 1000
 Sent 111816030 bytes 74938 pkt (dropped 3292, overlimits 49870 requeues 0) 
 backlog 0b 0p requeues 0
qdisc pfifo 20: parent 1:10 limit 12p
 Sent 111816030 bytes 74938 pkt (dropped 3292, overlimits 0 requeues 0) 
 backlog 0b 0p requeues 0
======================================================================
Timestamp: 2026-04-02 12:49:02
qdisc htb 1: root refcnt 13 r2q 10 default 0x10 direct_packets_stat 0 direct_qlen 1000
 Sent 112685964 bytes 75520 pkt (dropped 3329, overlimits 50274 requeues 0) 
 backlog 19394b 9p requeues 0
qdisc pfifo 20: parent 1:10 limit 12p
 Sent 112685964 bytes 75520 pkt (dropped 3329, overlimits 0 requeues 0) 
 backlog 19394b 9p requeues 0
======================================================================
Timestamp: 2026-04-02 12:49:03
qdisc htb 1: root refcnt 13 r2q 10 default 0x10 direct_packets_stat 0 direct_qlen 1000
 Sent 113187708 bytes 75864 pkt (dropped 3334, overlimits 50532 requeues 0) 
 backlog 0b 0p requeues 0
qdisc pfifo 20: parent 1:10 limit 12p
 Sent 113187708 bytes 75864 pkt (dropped 3334, overlimits 0 requeues 0) 
 backlog 0b 0p requeues 0
======================================================================
Timestamp: 2026-04-02 12:49:04
qdisc htb 1: root refcnt 13 r2q 10 default 0x10 direct_packets_stat 0 direct_qlen 1000
 Sent 113941776 bytes 76373 pkt (dropped 3334, overlimits 50711 requeues 0) 
 backlog 22230b 5p requeues 0
qdisc pfifo 20: parent 1:10 limit 12p
 Sent 113941776 bytes 76373 pkt (dropped 3334, overlimits 0 requeues 0) 
 backlog 22230b 5p requeues 0
======================================================================
Timestamp: 2026-04-02 12:49:05
qdisc htb 1: root refcnt 13 r2q 10 default 0x10 direct_packets_stat 0 direct_qlen 1000
 Sent 114014660 bytes 76423 pkt (dropped 3334, overlimits 50723 requeues 0) 
 backlog 0b 0p requeues 0
qdisc pfifo 20: parent 1:10 limit 12p
 Sent 114014660 bytes 76423 pkt (dropped 3334, overlimits 0 requeues 0) 
 backlog 0b 0p requeues 0
======================================================================
Timestamp: 2026-04-02 12:49:06
qdisc htb 1: root refcnt 13 r2q 10 default 0x10 direct_packets_stat 0 direct_qlen 1000
 Sent 114719822 bytes 76899 pkt (dropped 3345, overlimits 50851 requeues 0) 
 backlog 35568b 4p requeues 0
qdisc pfifo 20: parent 1:10 limit 12p
 Sent 114719822 bytes 76899 pkt (dropped 3345, overlimits 0 requeues 0) 
 backlog 35568b 4p requeues 0
======================================================================
Timestamp: 2026-04-02 12:49:07
qdisc htb 1: root refcnt 13 r2q 10 default 0x10 direct_packets_stat 0 direct_qlen 1000
 Sent 114809791 bytes 76961 pkt (dropped 3345, overlimits 50863 requeues 0) 
 backlog 0b 0p requeues 0
qdisc pfifo 20: parent 1:10 limit 12p
 Sent 114809791 bytes 76961 pkt (dropped 3345, overlimits 0 requeues 0) 
 backlog 0b 0p requeues 0
======================================================================
Timestamp: 2026-04-02 12:49:08
qdisc htb 1: root refcnt 13 r2q 10 default 0x10 direct_packets_stat 0 direct_qlen 1000
 Sent 115488277 bytes 77419 pkt (dropped 3357, overlimits 50983 requeues 0) 
 backlog 28158b 3p requeues 0
qdisc pfifo 20: parent 1:10 limit 12p
 Sent 115488277 bytes 77419 pkt (dropped 3357, overlimits 0 requeues 0) 
 backlog 28158b 3p requeues 0
======================================================================
Timestamp: 2026-04-02 12:49:09
qdisc htb 1: root refcnt 13 r2q 10 default 0x10 direct_packets_stat 0 direct_qlen 1000
 Sent 115644138 bytes 77526 pkt (dropped 3357, overlimits 51001 requeues 0) 
 backlog 0b 0p requeues 0
qdisc pfifo 20: parent 1:10 limit 12p
 Sent 115644138 bytes 77526 pkt (dropped 3357, overlimits 0 requeues 0) 
 backlog 0b 0p requeues 0
======================================================================
Timestamp: 2026-04-02 12:49:10
qdisc htb 1: root refcnt 13 r2q 10 default 0x10 direct_packets_stat 0 direct_qlen 1000
 Sent 116281128 bytes 77956 pkt (dropped 3371, overlimits 51146 requeues 0) 
 backlog 32604b 5p requeues 0
qdisc pfifo 20: parent 1:10 limit 12p
 Sent 116281128 bytes 77956 pkt (dropped 3371, overlimits 0 requeues 0) 
 backlog 32604b 5p requeues 0
======================================================================
Timestamp: 2026-04-02 12:49:11
qdisc htb 1: root refcnt 13 r2q 10 default 0x10 direct_packets_stat 0 direct_qlen 1000
 Sent 116557806 bytes 78145 pkt (dropped 3371, overlimits 51188 requeues 0) 
 backlog 0b 0p requeues 0
qdisc pfifo 20: parent 1:10 limit 12p
 Sent 116557806 bytes 78145 pkt (dropped 3371, overlimits 0 requeues 0) 
 backlog 0b 0p requeues 0
======================================================================
Timestamp: 2026-04-02 12:49:12
qdisc htb 1: root refcnt 13 r2q 10 default 0x10 direct_packets_stat 0 direct_qlen 1000
 Sent 117153300 bytes 78547 pkt (dropped 3385, overlimits 51280 requeues 0) 
 backlog 37050b 4p requeues 0
qdisc pfifo 20: parent 1:10 limit 12p
 Sent 117153300 bytes 78547 pkt (dropped 3385, overlimits 0 requeues 0) 
 backlog 37050b 4p requeues 0
======================================================================
Timestamp: 2026-04-02 12:49:13
qdisc htb 1: root refcnt 13 r2q 10 default 0x10 direct_packets_stat 0 direct_qlen 1000
 Sent 117884888 bytes 79042 pkt (dropped 3385, overlimits 51359 requeues 0) 
 backlog 0b 0p requeues 0
qdisc pfifo 20: parent 1:10 limit 12p
 Sent 117884888 bytes 79042 pkt (dropped 3385, overlimits 0 requeues 0) 
 backlog 0b 0p requeues 0
======================================================================
Timestamp: 2026-04-02 12:49:14
qdisc htb 1: root refcnt 13 r2q 10 default 0x10 direct_packets_stat 0 direct_qlen 1000
 Sent 118438983 bytes 79417 pkt (dropped 3406, overlimits 51523 requeues 0) 
 backlog 17784b 3p requeues 0
qdisc pfifo 20: parent 1:10 limit 12p
 Sent 118438983 bytes 79417 pkt (dropped 3406, overlimits 0 requeues 0) 
 backlog 17784b 3p requeues 0
======================================================================
Timestamp: 2026-04-02 12:49:15
qdisc htb 1: root refcnt 13 r2q 10 default 0x10 direct_packets_stat 0 direct_qlen 1000
 Sent 119169894 bytes 79912 pkt (dropped 3406, overlimits 51609 requeues 0) 
 backlog 0b 0p requeues 0
qdisc pfifo 20: parent 1:10 limit 12p
 Sent 119169894 bytes 79912 pkt (dropped 3406, overlimits 0 requeues 0) 
 backlog 0b 0p requeues 0
======================================================================
Timestamp: 2026-04-02 12:49:16
qdisc htb 1: root refcnt 13 r2q 10 default 0x10 direct_packets_stat 0 direct_qlen 1000
 Sent 119679432 bytes 80256 pkt (dropped 3420, overlimits 51754 requeues 0) 
 backlog 26676b 4p requeues 0
qdisc pfifo 20: parent 1:10 limit 12p
 Sent 119679432 bytes 80256 pkt (dropped 3420, overlimits 0 requeues 0) 
 backlog 26676b 4p requeues 0
======================================================================
Timestamp: 2026-04-02 12:49:17
qdisc htb 1: root refcnt 13 r2q 10 default 0x10 direct_packets_stat 0 direct_qlen 1000
 Sent 119899279 bytes 80406 pkt (dropped 3420, overlimits 51786 requeues 0) 
 backlog 0b 0p requeues 0
qdisc pfifo 20: parent 1:10 limit 12p
 Sent 119899279 bytes 80406 pkt (dropped 3420, overlimits 0 requeues 0) 
 backlog 0b 0p requeues 0
======================================================================
Timestamp: 2026-04-02 12:49:18
qdisc htb 1: root refcnt 13 r2q 10 default 0x10 direct_packets_stat 0 direct_qlen 1000
 Sent 120370285 bytes 80724 pkt (dropped 3426, overlimits 51927 requeues 0) 
 backlog 17784b 3p requeues 0
qdisc pfifo 20: parent 1:10 limit 12p
 Sent 120370285 bytes 80724 pkt (dropped 3426, overlimits 0 requeues 0) 
 backlog 17784b 3p requeues 0
======================================================================
Timestamp: 2026-04-02 12:49:19
qdisc htb 1: root refcnt 13 r2q 10 default 0x10 direct_packets_stat 0 direct_qlen 1000
 Sent 120844116 bytes 81045 pkt (dropped 3426, overlimits 51997 requeues 0) 
 backlog 0b 0p requeues 0
qdisc pfifo 20: parent 1:10 limit 12p
 Sent 120844116 bytes 81045 pkt (dropped 3426, overlimits 0 requeues 0) 
 backlog 0b 0p requeues 0
======================================================================
Timestamp: 2026-04-02 12:49:20
qdisc htb 1: root refcnt 13 r2q 10 default 0x10 direct_packets_stat 0 direct_qlen 1000
 Sent 121276590 bytes 81337 pkt (dropped 3438, overlimits 52091 requeues 0) 
 backlog 28158b 3p requeues 0
qdisc pfifo 20: parent 1:10 limit 12p
 Sent 121276590 bytes 81337 pkt (dropped 3438, overlimits 0 requeues 0) 
 backlog 28158b 3p requeues 0
======================================================================
Timestamp: 2026-04-02 12:49:21
qdisc htb 1: root refcnt 13 r2q 10 default 0x10 direct_packets_stat 0 direct_qlen 1000
 Sent 122159862 bytes 81933 pkt (dropped 3438, overlimits 52188 requeues 0) 
 backlog 10769b 3p requeues 0
qdisc pfifo 20: parent 1:10 limit 12p
 Sent 122159862 bytes 81933 pkt (dropped 3438, overlimits 0 requeues 0) 
 backlog 10769b 3p requeues 0
======================================================================
Timestamp: 2026-04-02 12:49:22
qdisc htb 1: root refcnt 13 r2q 10 default 0x10 direct_packets_stat 0 direct_qlen 1000
 Sent 122560224 bytes 82206 pkt (dropped 3474, overlimits 52314 requeues 0) 
 backlog 26676b 3p requeues 0
qdisc pfifo 20: parent 1:10 limit 12p
 Sent 122560224 bytes 82206 pkt (dropped 3474, overlimits 0 requeues 0) 
 backlog 26676b 3p requeues 0
======================================================================
Timestamp: 2026-04-02 12:49:23
qdisc htb 1: root refcnt 13 r2q 10 default 0x10 direct_packets_stat 0 direct_qlen 1000
 Sent 123431829 bytes 82795 pkt (dropped 3474, overlimits 52412 requeues 0) 
 backlog 97b 1p requeues 0
qdisc pfifo 20: parent 1:10 limit 12p
 Sent 123431829 bytes 82795 pkt (dropped 3474, overlimits 0 requeues 0) 
 backlog 97b 1p requeues 0
======================================================================
Timestamp: 2026-04-02 12:49:24
qdisc htb 1: root refcnt 13 r2q 10 default 0x10 direct_packets_stat 0 direct_qlen 1000
 Sent 123763624 bytes 83020 pkt (dropped 3495, overlimits 52521 requeues 0) 
 backlog 20748b 3p requeues 0
qdisc pfifo 20: parent 1:10 limit 12p
 Sent 123763624 bytes 83020 pkt (dropped 3495, overlimits 0 requeues 0) 
 backlog 20748b 3p requeues 0
======================================================================
Timestamp: 2026-04-02 12:49:25
qdisc htb 1: root refcnt 13 r2q 10 default 0x10 direct_packets_stat 0 direct_qlen 1000
 Sent 124638004 bytes 83610 pkt (dropped 3495, overlimits 52641 requeues 0) 
 backlog 44460b 5p requeues 0
qdisc pfifo 20: parent 1:10 limit 12p
 Sent 124638004 bytes 83610 pkt (dropped 3495, overlimits 0 requeues 0) 
 backlog 44460b 5p requeues 0
======================================================================
Timestamp: 2026-04-02 12:49:26
qdisc htb 1: root refcnt 13 r2q 10 default 0x10 direct_packets_stat 0 direct_qlen 1000
 Sent 125020772 bytes 83871 pkt (dropped 3530, overlimits 52739 requeues 0) 
 backlog 29640b 4p requeues 0
qdisc pfifo 20: parent 1:10 limit 12p
 Sent 125020772 bytes 83871 pkt (dropped 3530, overlimits 0 requeues 0) 
 backlog 29640b 4p requeues 0
======================================================================
Timestamp: 2026-04-02 12:49:27
qdisc htb 1: root refcnt 13 r2q 10 default 0x10 direct_packets_stat 0 direct_qlen 1000
 Sent 125867985 bytes 84444 pkt (dropped 3530, overlimits 52843 requeues 0) 
 backlog 0b 0p requeues 0
qdisc pfifo 20: parent 1:10 limit 12p
 Sent 125867985 bytes 84444 pkt (dropped 3530, overlimits 0 requeues 0) 
 backlog 0b 0p requeues 0
======================================================================
Timestamp: 2026-04-02 12:49:28
qdisc htb 1: root refcnt 13 r2q 10 default 0x10 direct_packets_stat 0 direct_qlen 1000
 Sent 126127869 bytes 84620 pkt (dropped 3542, overlimits 52913 requeues 0) 
 backlog 19266b 3p requeues 0
qdisc pfifo 20: parent 1:10 limit 12p
 Sent 126127869 bytes 84620 pkt (dropped 3542, overlimits 0 requeues 0) 
 backlog 19266b 3p requeues 0
======================================================================
Timestamp: 2026-04-02 12:49:29
qdisc htb 1: root refcnt 13 r2q 10 default 0x10 direct_packets_stat 0 direct_qlen 1000
 Sent 126819784 bytes 85088 pkt (dropped 3542, overlimits 53017 requeues 0) 
 backlog 0b 0p requeues 0
qdisc pfifo 20: parent 1:10 limit 12p
 Sent 126819784 bytes 85088 pkt (dropped 3542, overlimits 0 requeues 0) 
 backlog 0b 0p requeues 0
======================================================================
Timestamp: 2026-04-02 12:49:30
qdisc htb 1: root refcnt 13 r2q 10 default 0x10 direct_packets_stat 0 direct_qlen 1000
 Sent 127004890 bytes 85214 pkt (dropped 3555, overlimits 53066 requeues 0) 
 backlog 26676b 3p requeues 0
qdisc pfifo 20: parent 1:10 limit 12p
 Sent 127004890 bytes 85214 pkt (dropped 3555, overlimits 0 requeues 0) 
 backlog 26676b 3p requeues 0
======================================================================
Timestamp: 2026-04-02 12:49:31
qdisc htb 1: root refcnt 13 r2q 10 default 0x10 direct_packets_stat 0 direct_qlen 1000
 Sent 127434516 bytes 85504 pkt (dropped 3555, overlimits 53114 requeues 0) 
 backlog 0b 0p requeues 0
qdisc pfifo 20: parent 1:10 limit 12p
 Sent 127434516 bytes 85504 pkt (dropped 3555, overlimits 0 requeues 0) 
 backlog 0b 0p requeues 0
======================================================================
Timestamp: 2026-04-02 12:49:32
qdisc htb 1: root refcnt 13 r2q 10 default 0x10 direct_packets_stat 0 direct_qlen 1000
 Sent 127563180 bytes 85591 pkt (dropped 3566, overlimits 53176 requeues 0) 
 backlog 16302b 10p requeues 0
qdisc pfifo 20: parent 1:10 limit 12p
 Sent 127563180 bytes 85591 pkt (dropped 3566, overlimits 0 requeues 0) 
 backlog 16302b 10p requeues 0
======================================================================
Timestamp: 2026-04-02 12:49:33
qdisc htb 1: root refcnt 13 r2q 10 default 0x10 direct_packets_stat 0 direct_qlen 1000
 Sent 128447934 bytes 86188 pkt (dropped 3566, overlimits 53314 requeues 0) 
 backlog 38532b 6p requeues 0
qdisc pfifo 20: parent 1:10 limit 12p
 Sent 128447934 bytes 86188 pkt (dropped 3566, overlimits 0 requeues 0) 
 backlog 38532b 6p requeues 0
======================================================================
Timestamp: 2026-04-02 12:49:34
qdisc htb 1: root refcnt 13 r2q 10 default 0x10 direct_packets_stat 0 direct_qlen 1000
 Sent 128679764 bytes 86346 pkt (dropped 3580, overlimits 53358 requeues 0) 
 backlog 16302b 11p requeues 0
qdisc pfifo 20: parent 1:10 limit 12p
 Sent 128679764 bytes 86346 pkt (dropped 3580, overlimits 0 requeues 0) 
 backlog 16302b 11p requeues 0
======================================================================
Timestamp: 2026-04-02 12:49:35
qdisc htb 1: root refcnt 13 r2q 10 default 0x10 direct_packets_stat 0 direct_qlen 1000
 Sent 129433875 bytes 86858 pkt (dropped 3595, overlimits 53508 requeues 0) 
 backlog 0b 0p requeues 0
qdisc pfifo 20: parent 1:10 limit 12p
 Sent 129433875 bytes 86858 pkt (dropped 3595, overlimits 0 requeues 0) 
 backlog 0b 0p requeues 0
======================================================================
Timestamp: 2026-04-02 12:49:36
qdisc htb 1: root refcnt 13 r2q 10 default 0x10 direct_packets_stat 0 direct_qlen 1000
 Sent 129494367 bytes 86899 pkt (dropped 3605, overlimits 53536 requeues 0) 
 backlog 17784b 9p requeues 0
qdisc pfifo 20: parent 1:10 limit 12p
 Sent 129494367 bytes 86899 pkt (dropped 3605, overlimits 0 requeues 0) 
 backlog 17784b 9p requeues 0
======================================================================
Timestamp: 2026-04-02 12:49:37
qdisc htb 1: root refcnt 13 r2q 10 default 0x10 direct_packets_stat 0 direct_qlen 1000
 Sent 130386531 bytes 87501 pkt (dropped 3605, overlimits 53664 requeues 0) 
 backlog 22230b 3p requeues 0
qdisc pfifo 20: parent 1:10 limit 12p
 Sent 130386531 bytes 87501 pkt (dropped 3605, overlimits 0 requeues 0) 
 backlog 22230b 3p requeues 0
======================================================================
Timestamp: 2026-04-02 12:49:38
qdisc htb 1: root refcnt 13 r2q 10 default 0x10 direct_packets_stat 0 direct_qlen 1000
 Sent 130674584 bytes 87696 pkt (dropped 3605, overlimits 53699 requeues 0) 
 backlog 25194b 10p requeues 0
qdisc pfifo 20: parent 1:10 limit 12p
 Sent 130674584 bytes 87696 pkt (dropped 3605, overlimits 0 requeues 0) 
 backlog 25194b 10p requeues 0
======================================================================
Timestamp: 2026-04-02 12:49:39
qdisc htb 1: root refcnt 13 r2q 10 default 0x10 direct_packets_stat 0 direct_qlen 1000
 Sent 131470993 bytes 88235 pkt (dropped 3635, overlimits 53867 requeues 0) 
 backlog 0b 0p requeues 0
qdisc pfifo 20: parent 1:10 limit 12p
 Sent 131470993 bytes 88235 pkt (dropped 3635, overlimits 0 requeues 0) 
 backlog 0b 0p requeues 0
======================================================================
Timestamp: 2026-04-02 12:49:40
qdisc htb 1: root refcnt 13 r2q 10 default 0x10 direct_packets_stat 0 direct_qlen 1000
 Sent 131474491 bytes 88238 pkt (dropped 3635, overlimits 53868 requeues 0) 
 backlog 0b 0p requeues 0
qdisc pfifo 20: parent 1:10 limit 12p
 Sent 131474491 bytes 88238 pkt (dropped 3635, overlimits 0 requeues 0) 
 backlog 0b 0p requeues 0
======================================================================
Timestamp: 2026-04-02 12:49:41
qdisc htb 1: root refcnt 13 r2q 10 default 0x10 direct_packets_stat 0 direct_qlen 1000
 Sent 132260755 bytes 88769 pkt (dropped 3647, overlimits 54049 requeues 0) 
 backlog 25194b 3p requeues 0
qdisc pfifo 20: parent 1:10 limit 12p
 Sent 132260755 bytes 88769 pkt (dropped 3647, overlimits 0 requeues 0) 
 backlog 25194b 3p requeues 0
======================================================================
Timestamp: 2026-04-02 12:49:42
qdisc htb 1: root refcnt 13 r2q 10 default 0x10 direct_packets_stat 0 direct_qlen 1000
 Sent 132483876 bytes 88920 pkt (dropped 3647, overlimits 54075 requeues 0) 
 backlog 0b 0p requeues 0
qdisc pfifo 20: parent 1:10 limit 12p
 Sent 132483876 bytes 88920 pkt (dropped 3647, overlimits 0 requeues 0) 
 backlog 0b 0p requeues 0
======================================================================
Timestamp: 2026-04-02 12:49:43
qdisc htb 1: root refcnt 13 r2q 10 default 0x10 direct_packets_stat 0 direct_qlen 1000
 Sent 133262460 bytes 89446 pkt (dropped 3665, overlimits 54223 requeues 0) 
 backlog 17784b 3p requeues 0
qdisc pfifo 20: parent 1:10 limit 12p
 Sent 133262460 bytes 89446 pkt (dropped 3665, overlimits 0 requeues 0) 
 backlog 17784b 3p requeues 0
======================================================================
Timestamp: 2026-04-02 12:49:44
qdisc htb 1: root refcnt 13 r2q 10 default 0x10 direct_packets_stat 0 direct_qlen 1000
 Sent 133358248 bytes 89513 pkt (dropped 3665, overlimits 54237 requeues 0) 
 backlog 0b 0p requeues 0
qdisc pfifo 20: parent 1:10 limit 12p
 Sent 133358248 bytes 89513 pkt (dropped 3665, overlimits 0 requeues 0) 
 backlog 0b 0p requeues 0
======================================================================
Timestamp: 2026-04-02 12:49:45
qdisc htb 1: root refcnt 13 r2q 10 default 0x10 direct_packets_stat 0 direct_qlen 1000
 Sent 134032414 bytes 89969 pkt (dropped 3676, overlimits 54351 requeues 0) 
 backlog 25194b 3p requeues 0
qdisc pfifo 20: parent 1:10 limit 12p
 Sent 134032414 bytes 89969 pkt (dropped 3676, overlimits 0 requeues 0) 
 backlog 25194b 3p requeues 0
======================================================================
Timestamp: 2026-04-02 12:49:46
qdisc htb 1: root refcnt 13 r2q 10 default 0x10 direct_packets_stat 0 direct_qlen 1000
 Sent 134209050 bytes 90092 pkt (dropped 3676, overlimits 54377 requeues 0) 
 backlog 0b 0p requeues 0
qdisc pfifo 20: parent 1:10 limit 12p
 Sent 134209050 bytes 90092 pkt (dropped 3676, overlimits 0 requeues 0) 
 backlog 0b 0p requeues 0
======================================================================
Timestamp: 2026-04-02 12:49:47
qdisc htb 1: root refcnt 13 r2q 10 default 0x10 direct_packets_stat 0 direct_qlen 1000
 Sent 134841042 bytes 90520 pkt (dropped 3690, overlimits 54512 requeues 0) 
 backlog 26676b 4p requeues 0
qdisc pfifo 20: parent 1:10 limit 12p
 Sent 134841042 bytes 90520 pkt (dropped 3690, overlimits 0 requeues 0) 
 backlog 26676b 4p requeues 0
======================================================================
Timestamp: 2026-04-02 12:49:48
qdisc htb 1: root refcnt 13 r2q 10 default 0x10 direct_packets_stat 0 direct_qlen 1000
 Sent 135041590 bytes 90658 pkt (dropped 3690, overlimits 54539 requeues 0) 
 backlog 0b 0p requeues 0
qdisc pfifo 20: parent 1:10 limit 12p
 Sent 135041590 bytes 90658 pkt (dropped 3690, overlimits 0 requeues 0) 
 backlog 0b 0p requeues 0
======================================================================
Timestamp: 2026-04-02 12:49:49
qdisc htb 1: root refcnt 13 r2q 10 default 0x10 direct_packets_stat 0 direct_qlen 1000
 Sent 135635050 bytes 91060 pkt (dropped 3700, overlimits 54629 requeues 0) 
 backlog 26676b 3p requeues 0
qdisc pfifo 20: parent 1:10 limit 12p
 Sent 135635050 bytes 91060 pkt (dropped 3700, overlimits 0 requeues 0) 
 backlog 26676b 3p requeues 0
======================================================================
Timestamp: 2026-04-02 12:49:50
qdisc htb 1: root refcnt 13 r2q 10 default 0x10 direct_packets_stat 0 direct_qlen 1000
 Sent 135892858 bytes 91236 pkt (dropped 3700, overlimits 54661 requeues 0) 
 backlog 0b 0p requeues 0
qdisc pfifo 20: parent 1:10 limit 12p
 Sent 135892858 bytes 91236 pkt (dropped 3700, overlimits 0 requeues 0) 
 backlog 0b 0p requeues 0
======================================================================
Timestamp: 2026-04-02 12:49:51
qdisc htb 1: root refcnt 13 r2q 10 default 0x10 direct_packets_stat 0 direct_qlen 1000
 Sent 136415986 bytes 91591 pkt (dropped 3712, overlimits 54749 requeues 0) 
 backlog 34086b 4p requeues 0
qdisc pfifo 20: parent 1:10 limit 12p
 Sent 136415986 bytes 91591 pkt (dropped 3712, overlimits 0 requeues 0) 
 backlog 34086b 4p requeues 0
======================================================================
Timestamp: 2026-04-02 12:49:52
qdisc htb 1: root refcnt 13 r2q 10 default 0x10 direct_packets_stat 0 direct_qlen 1000
 Sent 137057770 bytes 92026 pkt (dropped 3712, overlimits 54829 requeues 0) 
 backlog 0b 0p requeues 0
qdisc pfifo 20: parent 1:10 limit 12p
 Sent 137057770 bytes 92026 pkt (dropped 3712, overlimits 0 requeues 0) 
 backlog 0b 0p requeues 0
