Starting TC Qdisc Monitoring for s1-eth2
Timestamp, Qdisc Stats
======================================================================
Timestamp: 2026-04-28 17:23:37
qdisc htb 1: root refcnt 13 r2q 10 default 0x10 direct_packets_stat 0 direct_qlen 1000
 Sent 7576 bytes 36 pkt (dropped 0, overlimits 2 requeues 0) 
 backlog 0b 0p requeues 0
qdisc pfifo 20: parent 1:10 limit 12p
 Sent 7576 bytes 36 pkt (dropped 0, overlimits 0 requeues 0) 
 backlog 0b 0p requeues 0
======================================================================
Timestamp: 2026-04-28 17:23:38
qdisc htb 1: root refcnt 13 r2q 10 default 0x10 direct_packets_stat 0 direct_qlen 1000
 Sent 242529 bytes 204 pkt (dropped 15, overlimits 81 requeues 0) 
 backlog 17784b 12p requeues 0
qdisc pfifo 20: parent 1:10 limit 12p
 Sent 242529 bytes 204 pkt (dropped 15, overlimits 0 requeues 0) 
 backlog 17784b 12p requeues 0
======================================================================
Timestamp: 2026-04-28 17:23:39
qdisc htb 1: root refcnt 13 r2q 10 default 0x10 direct_packets_stat 0 direct_qlen 1000
 Sent 1125801 bytes 800 pkt (dropped 38, overlimits 287 requeues 0) 
 backlog 25194b 3p requeues 0
qdisc pfifo 20: parent 1:10 limit 12p
 Sent 1125801 bytes 800 pkt (dropped 38, overlimits 0 requeues 0) 
 backlog 25194b 3p requeues 0
======================================================================
Timestamp: 2026-04-28 17:23:40
qdisc htb 1: root refcnt 13 r2q 10 default 0x10 direct_packets_stat 0 direct_qlen 1000
 Sent 1972839 bytes 1375 pkt (dropped 61, overlimits 479 requeues 0) 
 backlog 26676b 4p requeues 0
qdisc pfifo 20: parent 1:10 limit 12p
 Sent 1972839 bytes 1375 pkt (dropped 61, overlimits 0 requeues 0) 
 backlog 26676b 4p requeues 0
======================================================================
Timestamp: 2026-04-28 17:23:41
qdisc htb 1: root refcnt 13 r2q 10 default 0x10 direct_packets_stat 0 direct_qlen 1000
 Sent 2821679 bytes 1949 pkt (dropped 72, overlimits 646 requeues 0) 
 backlog 25194b 3p requeues 0
qdisc pfifo 20: parent 1:10 limit 12p
 Sent 2821679 bytes 1949 pkt (dropped 72, overlimits 0 requeues 0) 
 backlog 25194b 3p requeues 0
======================================================================
Timestamp: 2026-04-28 17:23:42
qdisc htb 1: root refcnt 13 r2q 10 default 0x10 direct_packets_stat 0 direct_qlen 1000
 Sent 3241462 bytes 2236 pkt (dropped 72, overlimits 703 requeues 0) 
 backlog 0b 0p requeues 0
qdisc pfifo 20: parent 1:10 limit 12p
 Sent 3241462 bytes 2236 pkt (dropped 72, overlimits 0 requeues 0) 
 backlog 0b 0p requeues 0
======================================================================
Timestamp: 2026-04-28 17:23:43
qdisc htb 1: root refcnt 13 r2q 10 default 0x10 direct_packets_stat 0 direct_qlen 1000
 Sent 3796938 bytes 2611 pkt (dropped 99, overlimits 848 requeues 0) 
 backlog 20748b 3p requeues 0
qdisc pfifo 20: parent 1:10 limit 12p
 Sent 3796938 bytes 2611 pkt (dropped 99, overlimits 0 requeues 0) 
 backlog 20748b 3p requeues 0
======================================================================
Timestamp: 2026-04-28 17:23:44
qdisc htb 1: root refcnt 13 r2q 10 default 0x10 direct_packets_stat 0 direct_qlen 1000
 Sent 4527214 bytes 3106 pkt (dropped 99, overlimits 940 requeues 0) 
 backlog 0b 0p requeues 0
qdisc pfifo 20: parent 1:10 limit 12p
 Sent 4527214 bytes 3106 pkt (dropped 99, overlimits 0 requeues 0) 
 backlog 0b 0p requeues 0
======================================================================
Timestamp: 2026-04-28 17:23:45
qdisc htb 1: root refcnt 13 r2q 10 default 0x10 direct_packets_stat 0 direct_qlen 1000
 Sent 5041291 bytes 3454 pkt (dropped 131, overlimits 1084 requeues 0) 
 backlog 19266b 2p requeues 0
qdisc pfifo 20: parent 1:10 limit 12p
 Sent 5041291 bytes 3454 pkt (dropped 131, overlimits 0 requeues 0) 
 backlog 19266b 2p requeues 0
======================================================================
Timestamp: 2026-04-28 17:23:46
qdisc htb 1: root refcnt 13 r2q 10 default 0x10 direct_packets_stat 0 direct_qlen 1000
 Sent 5375736 bytes 3681 pkt (dropped 131, overlimits 1126 requeues 0) 
 backlog 0b 0p requeues 0
qdisc pfifo 20: parent 1:10 limit 12p
 Sent 5375736 bytes 3681 pkt (dropped 131, overlimits 0 requeues 0) 
 backlog 0b 0p requeues 0
======================================================================
Timestamp: 2026-04-28 17:23:47
qdisc htb 1: root refcnt 13 r2q 10 default 0x10 direct_packets_stat 0 direct_qlen 1000
 Sent 5840811 bytes 3995 pkt (dropped 136, overlimits 1246 requeues 0) 
 backlog 22230b 3p requeues 0
qdisc pfifo 20: parent 1:10 limit 12p
 Sent 5840811 bytes 3995 pkt (dropped 136, overlimits 0 requeues 0) 
 backlog 22230b 3p requeues 0
======================================================================
Timestamp: 2026-04-28 17:23:48
qdisc htb 1: root refcnt 13 r2q 10 default 0x10 direct_packets_stat 0 direct_qlen 1000
 Sent 6480667 bytes 4428 pkt (dropped 136, overlimits 1327 requeues 0) 
 backlog 0b 0p requeues 0
qdisc pfifo 20: parent 1:10 limit 12p
 Sent 6480667 bytes 4428 pkt (dropped 136, overlimits 0 requeues 0) 
 backlog 0b 0p requeues 0
======================================================================
Timestamp: 2026-04-28 17:23:49
qdisc htb 1: root refcnt 13 r2q 10 default 0x10 direct_packets_stat 0 direct_qlen 1000
 Sent 6907306 bytes 4717 pkt (dropped 165, overlimits 1461 requeues 0) 
 backlog 17784b 3p requeues 0
qdisc pfifo 20: parent 1:10 limit 12p
 Sent 6907306 bytes 4717 pkt (dropped 165, overlimits 0 requeues 0) 
 backlog 17784b 3p requeues 0
======================================================================
Timestamp: 2026-04-28 17:23:50
qdisc htb 1: root refcnt 13 r2q 10 default 0x10 direct_packets_stat 0 direct_qlen 1000
 Sent 7456335 bytes 5089 pkt (dropped 165, overlimits 1541 requeues 0) 
 backlog 0b 0p requeues 0
qdisc pfifo 20: parent 1:10 limit 12p
 Sent 7456335 bytes 5089 pkt (dropped 165, overlimits 0 requeues 0) 
 backlog 0b 0p requeues 0
======================================================================
Timestamp: 2026-04-28 17:23:51
qdisc htb 1: root refcnt 13 r2q 10 default 0x10 direct_packets_stat 0 direct_qlen 1000
 Sent 7836938 bytes 5346 pkt (dropped 172, overlimits 1644 requeues 0) 
 backlog 20748b 3p requeues 0
qdisc pfifo 20: parent 1:10 limit 12p
 Sent 7836938 bytes 5346 pkt (dropped 172, overlimits 0 requeues 0) 
 backlog 20748b 3p requeues 0
======================================================================
Timestamp: 2026-04-28 17:23:52
qdisc htb 1: root refcnt 13 r2q 10 default 0x10 direct_packets_stat 0 direct_qlen 1000
 Sent 8615705 bytes 5873 pkt (dropped 172, overlimits 1745 requeues 0) 
 backlog 0b 0p requeues 0
qdisc pfifo 20: parent 1:10 limit 12p
 Sent 8615705 bytes 5873 pkt (dropped 172, overlimits 0 requeues 0) 
 backlog 0b 0p requeues 0
======================================================================
Timestamp: 2026-04-28 17:23:53
qdisc htb 1: root refcnt 13 r2q 10 default 0x10 direct_packets_stat 0 direct_qlen 1000
 Sent 8953330 bytes 6101 pkt (dropped 185, overlimits 1865 requeues 0) 
 backlog 11856b 2p requeues 0
qdisc pfifo 20: parent 1:10 limit 12p
 Sent 8953330 bytes 6101 pkt (dropped 185, overlimits 0 requeues 0) 
 backlog 11856b 2p requeues 0
======================================================================
Timestamp: 2026-04-28 17:23:54
qdisc htb 1: root refcnt 13 r2q 10 default 0x10 direct_packets_stat 0 direct_qlen 1000
 Sent 9817873 bytes 6686 pkt (dropped 185, overlimits 1983 requeues 0) 
 backlog 0b 0p requeues 0
qdisc pfifo 20: parent 1:10 limit 12p
 Sent 9817873 bytes 6686 pkt (dropped 185, overlimits 0 requeues 0) 
 backlog 0b 0p requeues 0
======================================================================
Timestamp: 2026-04-28 17:23:55
qdisc htb 1: root refcnt 13 r2q 10 default 0x10 direct_packets_stat 0 direct_qlen 1000
 Sent 10115554 bytes 6888 pkt (dropped 194, overlimits 2079 requeues 0) 
 backlog 20748b 3p requeues 0
qdisc pfifo 20: parent 1:10 limit 12p
 Sent 10115554 bytes 6888 pkt (dropped 194, overlimits 0 requeues 0) 
 backlog 20748b 3p requeues 0
======================================================================
Timestamp: 2026-04-28 17:23:56
qdisc htb 1: root refcnt 13 r2q 10 default 0x10 direct_packets_stat 0 direct_qlen 1000
 Sent 10992898 bytes 7480 pkt (dropped 194, overlimits 2193 requeues 0) 
 backlog 39095b 4p requeues 0
qdisc pfifo 20: parent 1:10 limit 12p
 Sent 10992898 bytes 7480 pkt (dropped 194, overlimits 0 requeues 0) 
 backlog 39095b 4p requeues 0
======================================================================
Timestamp: 2026-04-28 17:23:57
qdisc htb 1: root refcnt 13 r2q 10 default 0x10 direct_packets_stat 0 direct_qlen 1000
 Sent 11291266 bytes 7684 pkt (dropped 227, overlimits 2298 requeues 0) 
 backlog 28158b 4p requeues 0
qdisc pfifo 20: parent 1:10 limit 12p
 Sent 11291266 bytes 7684 pkt (dropped 227, overlimits 0 requeues 0) 
 backlog 28158b 4p requeues 0
======================================================================
Timestamp: 2026-04-28 17:23:58
qdisc htb 1: root refcnt 13 r2q 10 default 0x10 direct_packets_stat 0 direct_qlen 1000
 Sent 12167128 bytes 8275 pkt (dropped 227, overlimits 2408 requeues 0) 
 backlog 41496b 4p requeues 0
qdisc pfifo 20: parent 1:10 limit 12p
 Sent 12167128 bytes 8275 pkt (dropped 227, overlimits 0 requeues 0) 
 backlog 41496b 4p requeues 0
======================================================================
Timestamp: 2026-04-28 17:23:59
qdisc htb 1: root refcnt 13 r2q 10 default 0x10 direct_packets_stat 0 direct_qlen 1000
 Sent 12450915 bytes 8468 pkt (dropped 240, overlimits 2518 requeues 0) 
 backlog 28158b 4p requeues 0
qdisc pfifo 20: parent 1:10 limit 12p
 Sent 12450915 bytes 8468 pkt (dropped 240, overlimits 0 requeues 0) 
 backlog 28158b 4p requeues 0
======================================================================
Timestamp: 2026-04-28 17:24:00
qdisc htb 1: root refcnt 13 r2q 10 default 0x10 direct_packets_stat 0 direct_qlen 1000
 Sent 13335890 bytes 9066 pkt (dropped 240, overlimits 2626 requeues 0) 
 backlog 34226b 6p requeues 0
qdisc pfifo 20: parent 1:10 limit 12p
 Sent 13335890 bytes 9066 pkt (dropped 240, overlimits 0 requeues 0) 
 backlog 34226b 6p requeues 0
======================================================================
Timestamp: 2026-04-28 17:24:01
qdisc htb 1: root refcnt 13 r2q 10 default 0x10 direct_packets_stat 0 direct_qlen 1000
 Sent 13652072 bytes 9283 pkt (dropped 266, overlimits 2706 requeues 0) 
 backlog 20748b 3p requeues 0
qdisc pfifo 20: parent 1:10 limit 12p
 Sent 13652072 bytes 9283 pkt (dropped 266, overlimits 0 requeues 0) 
 backlog 20748b 3p requeues 0
======================================================================
Timestamp: 2026-04-28 17:24:02
qdisc htb 1: root refcnt 13 r2q 10 default 0x10 direct_packets_stat 0 direct_qlen 1000
 Sent 14542796 bytes 9885 pkt (dropped 266, overlimits 2827 requeues 0) 
 backlog 23712b 3p requeues 0
qdisc pfifo 20: parent 1:10 limit 12p
 Sent 14542796 bytes 9885 pkt (dropped 266, overlimits 0 requeues 0) 
 backlog 23712b 3p requeues 0
======================================================================
Timestamp: 2026-04-28 17:24:03
qdisc htb 1: root refcnt 13 r2q 10 default 0x10 direct_packets_stat 0 direct_qlen 1000
 Sent 15090224 bytes 10257 pkt (dropped 291, overlimits 3014 requeues 0) 
 backlog 2964b 2p requeues 0
qdisc pfifo 20: parent 1:10 limit 12p
 Sent 15090224 bytes 10257 pkt (dropped 291, overlimits 0 requeues 0) 
 backlog 2964b 2p requeues 0
======================================================================
Timestamp: 2026-04-28 17:24:04
qdisc htb 1: root refcnt 13 r2q 10 default 0x10 direct_packets_stat 0 direct_qlen 1000
 Sent 15346804 bytes 10432 pkt (dropped 291, overlimits 3110 requeues 0) 
 backlog 0b 0p requeues 0
qdisc pfifo 20: parent 1:10 limit 12p
 Sent 15346804 bytes 10432 pkt (dropped 291, overlimits 0 requeues 0) 
 backlog 0b 0p requeues 0
======================================================================
Timestamp: 2026-04-28 17:24:05
qdisc htb 1: root refcnt 13 r2q 10 default 0x10 direct_packets_stat 0 direct_qlen 1000
 Sent 15438418 bytes 10494 pkt (dropped 291, overlimits 3142 requeues 0) 
 backlog 7410b 2p requeues 0
qdisc pfifo 20: parent 1:10 limit 12p
 Sent 15438418 bytes 10494 pkt (dropped 291, overlimits 0 requeues 0) 
 backlog 7410b 2p requeues 0
======================================================================
Timestamp: 2026-04-28 17:24:06
qdisc htb 1: root refcnt 13 r2q 10 default 0x10 direct_packets_stat 0 direct_qlen 1000
 Sent 16323172 bytes 11091 pkt (dropped 291, overlimits 3270 requeues 0) 
 backlog 31122b 4p requeues 0
qdisc pfifo 20: parent 1:10 limit 12p
 Sent 16323172 bytes 11091 pkt (dropped 291, overlimits 0 requeues 0) 
 backlog 31122b 4p requeues 0
======================================================================
Timestamp: 2026-04-28 17:24:07
qdisc htb 1: root refcnt 13 r2q 10 default 0x10 direct_packets_stat 0 direct_qlen 1000
 Sent 16474063 bytes 11201 pkt (dropped 304, overlimits 3299 requeues 0) 
 backlog 17784b 12p requeues 0
qdisc pfifo 20: parent 1:10 limit 12p
 Sent 16474063 bytes 11201 pkt (dropped 304, overlimits 0 requeues 0) 
 backlog 17784b 12p requeues 0
======================================================================
Timestamp: 2026-04-28 17:24:08
qdisc htb 1: root refcnt 13 r2q 10 default 0x10 direct_packets_stat 0 direct_qlen 1000
 Sent 17355384 bytes 11805 pkt (dropped 370, overlimits 3654 requeues 0) 
 backlog 16430b 9p requeues 0
qdisc pfifo 20: parent 1:10 limit 12p
 Sent 17355384 bytes 11805 pkt (dropped 370, overlimits 0 requeues 0) 
 backlog 16430b 9p requeues 0
======================================================================
Timestamp: 2026-04-28 17:24:09
qdisc htb 1: root refcnt 13 r2q 10 default 0x10 direct_packets_stat 0 direct_qlen 1000
 Sent 18166104 bytes 12353 pkt (dropped 373, overlimits 3915 requeues 0) 
 backlog 22262b 3p requeues 0
qdisc pfifo 20: parent 1:10 limit 12p
 Sent 18166104 bytes 12353 pkt (dropped 373, overlimits 0 requeues 0) 
 backlog 22262b 3p requeues 0
======================================================================
Timestamp: 2026-04-28 17:24:10
qdisc htb 1: root refcnt 13 r2q 10 default 0x10 direct_packets_stat 0 direct_qlen 1000
 Sent 19045488 bytes 12945 pkt (dropped 427, overlimits 4281 requeues 0) 
 backlog 20748b 8p requeues 0
qdisc pfifo 20: parent 1:10 limit 12p
 Sent 19045488 bytes 12945 pkt (dropped 427, overlimits 0 requeues 0) 
 backlog 20748b 8p requeues 0
======================================================================
Timestamp: 2026-04-28 17:24:11
qdisc htb 1: root refcnt 13 r2q 10 default 0x10 direct_packets_stat 0 direct_qlen 1000
 Sent 19921910 bytes 13537 pkt (dropped 437, overlimits 4522 requeues 0) 
 backlog 7570b 5p requeues 0
qdisc pfifo 20: parent 1:10 limit 12p
 Sent 19921910 bytes 13537 pkt (dropped 437, overlimits 0 requeues 0) 
 backlog 7570b 5p requeues 0
======================================================================
Timestamp: 2026-04-28 17:24:12
qdisc htb 1: root refcnt 13 r2q 10 default 0x10 direct_packets_stat 0 direct_qlen 1000
 Sent 20800594 bytes 14127 pkt (dropped 491, overlimits 4832 requeues 0) 
 backlog 34278b 10p requeues 0
qdisc pfifo 20: parent 1:10 limit 12p
 Sent 20800594 bytes 14127 pkt (dropped 491, overlimits 0 requeues 0) 
 backlog 34278b 10p requeues 0
======================================================================
Timestamp: 2026-04-28 17:24:13
qdisc htb 1: root refcnt 13 r2q 10 default 0x10 direct_packets_stat 0 direct_qlen 1000
 Sent 21679114 bytes 14717 pkt (dropped 497, overlimits 5115 requeues 0) 
 backlog 6056b 4p requeues 0
qdisc pfifo 20: parent 1:10 limit 12p
 Sent 21679114 bytes 14717 pkt (dropped 497, overlimits 0 requeues 0) 
 backlog 6056b 4p requeues 0
======================================================================
Timestamp: 2026-04-28 17:24:14
qdisc htb 1: root refcnt 13 r2q 10 default 0x10 direct_packets_stat 0 direct_qlen 1000
 Sent 22558423 bytes 15307 pkt (dropped 547, overlimits 5452 requeues 0) 
 backlog 31250b 8p requeues 0
qdisc pfifo 20: parent 1:10 limit 12p
 Sent 22558423 bytes 15307 pkt (dropped 547, overlimits 0 requeues 0) 
 backlog 31250b 8p requeues 0
======================================================================
Timestamp: 2026-04-28 17:24:15
qdisc htb 1: root refcnt 13 r2q 10 default 0x10 direct_packets_stat 0 direct_qlen 1000
 Sent 23430813 bytes 15894 pkt (dropped 565, overlimits 5673 requeues 0) 
 backlog 0b 0p requeues 0
qdisc pfifo 20: parent 1:10 limit 12p
 Sent 23430813 bytes 15894 pkt (dropped 565, overlimits 0 requeues 0) 
 backlog 0b 0p requeues 0
======================================================================
Timestamp: 2026-04-28 17:24:16
qdisc htb 1: root refcnt 13 r2q 10 default 0x10 direct_packets_stat 0 direct_qlen 1000
 Sent 24302398 bytes 16478 pkt (dropped 624, overlimits 6031 requeues 0) 
 backlog 22294b 6p requeues 0
qdisc pfifo 20: parent 1:10 limit 12p
 Sent 24302398 bytes 16478 pkt (dropped 624, overlimits 0 requeues 0) 
 backlog 22294b 6p requeues 0
======================================================================
Timestamp: 2026-04-28 17:24:17
qdisc htb 1: root refcnt 13 r2q 10 default 0x10 direct_packets_stat 0 direct_qlen 1000
 Sent 25181125 bytes 17068 pkt (dropped 640, overlimits 6273 requeues 0) 
 backlog 9084b 6p requeues 0
qdisc pfifo 20: parent 1:10 limit 12p
 Sent 25181125 bytes 17068 pkt (dropped 640, overlimits 0 requeues 0) 
 backlog 9084b 6p requeues 0
======================================================================
Timestamp: 2026-04-28 17:24:18
qdisc htb 1: root refcnt 13 r2q 10 default 0x10 direct_packets_stat 0 direct_qlen 1000
 Sent 26033467 bytes 17639 pkt (dropped 695, overlimits 6693 requeues 0) 
 backlog 26900b 11p requeues 0
qdisc pfifo 20: parent 1:10 limit 12p
 Sent 26033467 bytes 17639 pkt (dropped 695, overlimits 0 requeues 0) 
 backlog 26900b 11p requeues 0
======================================================================
Timestamp: 2026-04-28 17:24:19
qdisc htb 1: root refcnt 13 r2q 10 default 0x10 direct_packets_stat 0 direct_qlen 1000
 Sent 26921773 bytes 18236 pkt (dropped 708, overlimits 6913 requeues 0) 
 backlog 40096b 10p requeues 0
qdisc pfifo 20: parent 1:10 limit 12p
 Sent 26921773 bytes 18236 pkt (dropped 708, overlimits 0 requeues 0) 
 backlog 40096b 10p requeues 0
======================================================================
Timestamp: 2026-04-28 17:24:20
qdisc htb 1: root refcnt 13 r2q 10 default 0x10 direct_packets_stat 0 direct_qlen 1000
 Sent 27734309 bytes 18783 pkt (dropped 757, overlimits 7200 requeues 0) 
 backlog 16430b 11p requeues 0
qdisc pfifo 20: parent 1:10 limit 12p
 Sent 27734309 bytes 18783 pkt (dropped 757, overlimits 0 requeues 0) 
 backlog 16430b 11p requeues 0
======================================================================
Timestamp: 2026-04-28 17:24:21
qdisc htb 1: root refcnt 13 r2q 10 default 0x10 direct_packets_stat 0 direct_qlen 1000
 Sent 28593565 bytes 19361 pkt (dropped 775, overlimits 7519 requeues 0) 
 backlog 0b 0p requeues 0
qdisc pfifo 20: parent 1:10 limit 12p
 Sent 28593565 bytes 19361 pkt (dropped 775, overlimits 0 requeues 0) 
 backlog 0b 0p requeues 0
======================================================================
Timestamp: 2026-04-28 17:24:22
qdisc htb 1: root refcnt 13 r2q 10 default 0x10 direct_packets_stat 0 direct_qlen 1000
 Sent 29400817 bytes 19902 pkt (dropped 822, overlimits 7888 requeues 0) 
 backlog 10502b 6p requeues 0
qdisc pfifo 20: parent 1:10 limit 12p
 Sent 29400817 bytes 19902 pkt (dropped 822, overlimits 0 requeues 0) 
 backlog 10502b 6p requeues 0
======================================================================
Timestamp: 2026-04-28 17:24:23
qdisc htb 1: root refcnt 13 r2q 10 default 0x10 direct_packets_stat 0 direct_qlen 1000
 Sent 30222521 bytes 20454 pkt (dropped 839, overlimits 8255 requeues 0) 
 backlog 4542b 3p requeues 0
qdisc pfifo 20: parent 1:10 limit 12p
 Sent 30222521 bytes 20454 pkt (dropped 839, overlimits 0 requeues 0) 
 backlog 4542b 3p requeues 0
======================================================================
Timestamp: 2026-04-28 17:24:24
qdisc htb 1: root refcnt 13 r2q 10 default 0x10 direct_packets_stat 0 direct_qlen 1000
 Sent 31089384 bytes 21033 pkt (dropped 886, overlimits 8632 requeues 0) 
 backlog 22390b 8p requeues 0
qdisc pfifo 20: parent 1:10 limit 12p
 Sent 31089384 bytes 21033 pkt (dropped 886, overlimits 0 requeues 0) 
 backlog 22390b 8p requeues 0
======================================================================
Timestamp: 2026-04-28 17:24:25
qdisc htb 1: root refcnt 13 r2q 10 default 0x10 direct_packets_stat 0 direct_qlen 1000
 Sent 31885662 bytes 21565 pkt (dropped 891, overlimits 9005 requeues 0) 
 backlog 9084b 6p requeues 0
qdisc pfifo 20: parent 1:10 limit 12p
 Sent 31885662 bytes 21565 pkt (dropped 891, overlimits 0 requeues 0) 
 backlog 9084b 6p requeues 0
======================================================================
Timestamp: 2026-04-28 17:24:26
qdisc htb 1: root refcnt 13 r2q 10 default 0x10 direct_packets_stat 0 direct_qlen 1000
 Sent 32761525 bytes 22148 pkt (dropped 959, overlimits 9515 requeues 0) 
 backlog 16462b 10p requeues 0
qdisc pfifo 20: parent 1:10 limit 12p
 Sent 32761525 bytes 22148 pkt (dropped 959, overlimits 0 requeues 0) 
 backlog 16462b 10p requeues 0
======================================================================
Timestamp: 2026-04-28 17:24:27
qdisc htb 1: root refcnt 13 r2q 10 default 0x10 direct_packets_stat 0 direct_qlen 1000
 Sent 33637421 bytes 22736 pkt (dropped 981, overlimits 9840 requeues 0) 
 backlog 35760b 11p requeues 0
qdisc pfifo 20: parent 1:10 limit 12p
 Sent 33637421 bytes 22736 pkt (dropped 981, overlimits 0 requeues 0) 
 backlog 35760b 11p requeues 0
======================================================================
Timestamp: 2026-04-28 17:24:28
qdisc htb 1: root refcnt 13 r2q 10 default 0x10 direct_packets_stat 0 direct_qlen 1000
 Sent 34439519 bytes 23276 pkt (dropped 1007, overlimits 10168 requeues 0) 
 backlog 8924b 3p requeues 0
qdisc pfifo 20: parent 1:10 limit 12p
 Sent 34439519 bytes 23276 pkt (dropped 1007, overlimits 0 requeues 0) 
 backlog 8924b 3p requeues 0
======================================================================
Timestamp: 2026-04-28 17:24:29
qdisc htb 1: root refcnt 13 r2q 10 default 0x10 direct_packets_stat 0 direct_qlen 1000
 Sent 35170861 bytes 23764 pkt (dropped 1014, overlimits 10530 requeues 0) 
 backlog 1514b 1p requeues 0
qdisc pfifo 20: parent 1:10 limit 12p
 Sent 35170861 bytes 23764 pkt (dropped 1014, overlimits 0 requeues 0) 
 backlog 1514b 1p requeues 0
======================================================================
Timestamp: 2026-04-28 17:24:30
qdisc htb 1: root refcnt 13 r2q 10 default 0x10 direct_packets_stat 0 direct_qlen 1000
 Sent 36044336 bytes 24345 pkt (dropped 1062, overlimits 11012 requeues 0) 
 backlog 13498b 9p requeues 0
qdisc pfifo 20: parent 1:10 limit 12p
 Sent 36044336 bytes 24345 pkt (dropped 1062, overlimits 0 requeues 0) 
 backlog 13498b 9p requeues 0
======================================================================
Timestamp: 2026-04-28 17:24:31
qdisc htb 1: root refcnt 13 r2q 10 default 0x10 direct_packets_stat 0 direct_qlen 1000
 Sent 36923131 bytes 24933 pkt (dropped 1105, overlimits 11482 requeues 0) 
 backlog 13466b 7p requeues 0
qdisc pfifo 20: parent 1:10 limit 12p
 Sent 36923131 bytes 24933 pkt (dropped 1105, overlimits 0 requeues 0) 
 backlog 13466b 7p requeues 0
======================================================================
Timestamp: 2026-04-28 17:24:32
qdisc htb 1: root refcnt 13 r2q 10 default 0x10 direct_packets_stat 0 direct_qlen 1000
 Sent 37684833 bytes 25442 pkt (dropped 1150, overlimits 11914 requeues 0) 
 backlog 18008b 10p requeues 0
qdisc pfifo 20: parent 1:10 limit 12p
 Sent 37684833 bytes 25442 pkt (dropped 1150, overlimits 0 requeues 0) 
 backlog 18008b 10p requeues 0
======================================================================
Timestamp: 2026-04-28 17:24:33
qdisc htb 1: root refcnt 13 r2q 10 default 0x10 direct_packets_stat 0 direct_qlen 1000
 Sent 38565517 bytes 26032 pkt (dropped 1190, overlimits 12325 requeues 0) 
 backlog 28414b 11p requeues 0
qdisc pfifo 20: parent 1:10 limit 12p
 Sent 38565517 bytes 26032 pkt (dropped 1190, overlimits 0 requeues 0) 
 backlog 28414b 11p requeues 0
======================================================================
Timestamp: 2026-04-28 17:24:34
qdisc htb 1: root refcnt 13 r2q 10 default 0x10 direct_packets_stat 0 direct_qlen 1000
 Sent 39350482 bytes 26556 pkt (dropped 1239, overlimits 12746 requeues 0) 
 backlog 17944b 8p requeues 0
qdisc pfifo 20: parent 1:10 limit 12p
 Sent 39350482 bytes 26556 pkt (dropped 1239, overlimits 0 requeues 0) 
 backlog 17944b 8p requeues 0
======================================================================
Timestamp: 2026-04-28 17:24:35
qdisc htb 1: root refcnt 13 r2q 10 default 0x10 direct_packets_stat 0 direct_qlen 1000
 Sent 40210690 bytes 27135 pkt (dropped 1273, overlimits 13167 requeues 0) 
 backlog 0b 0p requeues 0
qdisc pfifo 20: parent 1:10 limit 12p
 Sent 40210690 bytes 27135 pkt (dropped 1273, overlimits 0 requeues 0) 
 backlog 0b 0p requeues 0
======================================================================
Timestamp: 2026-04-28 17:24:36
qdisc htb 1: root refcnt 13 r2q 10 default 0x10 direct_packets_stat 0 direct_qlen 1000
 Sent 40970893 bytes 27640 pkt (dropped 1326, overlimits 13606 requeues 0) 
 backlog 16430b 10p requeues 0
qdisc pfifo 20: parent 1:10 limit 12p
 Sent 40970893 bytes 27640 pkt (dropped 1326, overlimits 0 requeues 0) 
 backlog 16430b 10p requeues 0
======================================================================
Timestamp: 2026-04-28 17:24:37
qdisc htb 1: root refcnt 13 r2q 10 default 0x10 direct_packets_stat 0 direct_qlen 1000
 Sent 41850293 bytes 28230 pkt (dropped 1350, overlimits 14013 requeues 0) 
 backlog 28286b 11p requeues 0
qdisc pfifo 20: parent 1:10 limit 12p
 Sent 41850293 bytes 28230 pkt (dropped 1350, overlimits 0 requeues 0) 
 backlog 28286b 11p requeues 0
======================================================================
Timestamp: 2026-04-28 17:24:38
qdisc htb 1: root refcnt 13 r2q 10 default 0x10 direct_packets_stat 0 direct_qlen 1000
 Sent 42636385 bytes 28754 pkt (dropped 1399, overlimits 14428 requeues 0) 
 backlog 19Kb 11p requeues 0
qdisc pfifo 20: parent 1:10 limit 12p
 Sent 42636385 bytes 28754 pkt (dropped 1399, overlimits 0 requeues 0) 
 backlog 19Kb 11p requeues 0
======================================================================
Timestamp: 2026-04-28 17:24:39
qdisc htb 1: root refcnt 13 r2q 10 default 0x10 direct_packets_stat 0 direct_qlen 1000
 Sent 43484786 bytes 29324 pkt (dropped 1422, overlimits 14712 requeues 0) 
 backlog 0b 0p requeues 0
qdisc pfifo 20: parent 1:10 limit 12p
 Sent 43484786 bytes 29324 pkt (dropped 1422, overlimits 0 requeues 0) 
 backlog 0b 0p requeues 0
======================================================================
Timestamp: 2026-04-28 17:24:40
qdisc htb 1: root refcnt 13 r2q 10 default 0x10 direct_packets_stat 0 direct_qlen 1000
 Sent 44299727 bytes 29866 pkt (dropped 1473, overlimits 15174 requeues 0) 
 backlog 14916b 7p requeues 0
qdisc pfifo 20: parent 1:10 limit 12p
 Sent 44299727 bytes 29866 pkt (dropped 1473, overlimits 0 requeues 0) 
 backlog 14916b 7p requeues 0
======================================================================
Timestamp: 2026-04-28 17:24:41
qdisc htb 1: root refcnt 13 r2q 10 default 0x10 direct_packets_stat 0 direct_qlen 1000
 Sent 45173801 bytes 30451 pkt (dropped 1508, overlimits 15651 requeues 0) 
 backlog 13402b 4p requeues 0
qdisc pfifo 20: parent 1:10 limit 12p
 Sent 45173801 bytes 30451 pkt (dropped 1508, overlimits 0 requeues 0) 
 backlog 13402b 4p requeues 0
======================================================================
Timestamp: 2026-04-28 17:24:42
qdisc htb 1: root refcnt 13 r2q 10 default 0x10 direct_packets_stat 0 direct_qlen 1000
 Sent 45956699 bytes 30973 pkt (dropped 1551, overlimits 16078 requeues 0) 
 backlog 22422b 11p requeues 0
qdisc pfifo 20: parent 1:10 limit 12p
 Sent 45956699 bytes 30973 pkt (dropped 1551, overlimits 0 requeues 0) 
 backlog 22422b 11p requeues 0
======================================================================
Timestamp: 2026-04-28 17:24:43
qdisc htb 1: root refcnt 13 r2q 10 default 0x10 direct_packets_stat 0 direct_qlen 1000
 Sent 46836743 bytes 31563 pkt (dropped 1579, overlimits 16449 requeues 0) 
 backlog 32Kb 8p requeues 0
qdisc pfifo 20: parent 1:10 limit 12p
 Sent 46836743 bytes 31563 pkt (dropped 1579, overlimits 0 requeues 0) 
 backlog 32Kb 8p requeues 0
======================================================================
Timestamp: 2026-04-28 17:24:44
qdisc htb 1: root refcnt 13 r2q 10 default 0x10 direct_packets_stat 0 direct_qlen 1000
 Sent 47577791 bytes 32057 pkt (dropped 1623, overlimits 16817 requeues 0) 
 backlog 26804b 10p requeues 0
qdisc pfifo 20: parent 1:10 limit 12p
 Sent 47577791 bytes 32057 pkt (dropped 1623, overlimits 0 requeues 0) 
 backlog 26804b 10p requeues 0
======================================================================
Timestamp: 2026-04-28 17:24:45
qdisc htb 1: root refcnt 13 r2q 10 default 0x10 direct_packets_stat 0 direct_qlen 1000
 Sent 48457635 bytes 32647 pkt (dropped 1653, overlimits 17166 requeues 0) 
 backlog 28254b 6p requeues 0
qdisc pfifo 20: parent 1:10 limit 12p
 Sent 48457635 bytes 32647 pkt (dropped 1653, overlimits 0 requeues 0) 
 backlog 28254b 6p requeues 0
======================================================================
Timestamp: 2026-04-28 17:24:46
qdisc htb 1: root refcnt 13 r2q 10 default 0x10 direct_packets_stat 0 direct_qlen 1000
 Sent 49219194 bytes 33154 pkt (dropped 1703, overlimits 17583 requeues 0) 
 backlog 14884b 10p requeues 0
qdisc pfifo 20: parent 1:10 limit 12p
 Sent 49219194 bytes 33154 pkt (dropped 1703, overlimits 0 requeues 0) 
 backlog 14884b 10p requeues 0
======================================================================
Timestamp: 2026-04-28 17:24:47
qdisc htb 1: root refcnt 13 r2q 10 default 0x10 direct_packets_stat 0 direct_qlen 1000
 Sent 50098598 bytes 33744 pkt (dropped 1740, overlimits 17957 requeues 0) 
 backlog 29768b 7p requeues 0
qdisc pfifo 20: parent 1:10 limit 12p
 Sent 50098598 bytes 33744 pkt (dropped 1740, overlimits 0 requeues 0) 
 backlog 29768b 7p requeues 0
======================================================================
Timestamp: 2026-04-28 17:24:48
qdisc htb 1: root refcnt 13 r2q 10 default 0x10 direct_packets_stat 0 direct_qlen 1000
 Sent 50881240 bytes 34265 pkt (dropped 1790, overlimits 18370 requeues 0) 
 backlog 17848b 12p requeues 0
qdisc pfifo 20: parent 1:10 limit 12p
 Sent 50881240 bytes 34265 pkt (dropped 1790, overlimits 0 requeues 0) 
 backlog 17848b 12p requeues 0
======================================================================
Timestamp: 2026-04-28 17:24:49
qdisc htb 1: root refcnt 13 r2q 10 default 0x10 direct_packets_stat 0 direct_qlen 1000
 Sent 51761222 bytes 34856 pkt (dropped 1819, overlimits 18655 requeues 0) 
 backlog 25386b 10p requeues 0
qdisc pfifo 20: parent 1:10 limit 12p
 Sent 51761222 bytes 34856 pkt (dropped 1819, overlimits 0 requeues 0) 
 backlog 25386b 10p requeues 0
======================================================================
Timestamp: 2026-04-28 17:24:50
qdisc htb 1: root refcnt 13 r2q 10 default 0x10 direct_packets_stat 0 direct_qlen 1000
 Sent 52479140 bytes 35336 pkt (dropped 1868, overlimits 18990 requeues 0) 
 backlog 7410b 5p requeues 0
qdisc pfifo 20: parent 1:10 limit 12p
 Sent 52479140 bytes 35336 pkt (dropped 1868, overlimits 0 requeues 0) 
 backlog 7410b 5p requeues 0
======================================================================
Timestamp: 2026-04-28 17:24:51
qdisc htb 1: root refcnt 13 r2q 10 default 0x10 direct_packets_stat 0 direct_qlen 1000
 Sent 53356477 bytes 35925 pkt (dropped 1909, overlimits 19408 requeues 0) 
 backlog 16494b 9p requeues 0
qdisc pfifo 20: parent 1:10 limit 12p
 Sent 53356477 bytes 35925 pkt (dropped 1909, overlimits 0 requeues 0) 
 backlog 16494b 9p requeues 0
======================================================================
Timestamp: 2026-04-28 17:24:52
qdisc htb 1: root refcnt 13 r2q 10 default 0x10 direct_packets_stat 0 direct_qlen 1000
 Sent 54077191 bytes 36406 pkt (dropped 1928, overlimits 19764 requeues 0) 
 backlog 23904b 12p requeues 0
qdisc pfifo 20: parent 1:10 limit 12p
 Sent 54077191 bytes 36406 pkt (dropped 1928, overlimits 0 requeues 0) 
 backlog 23904b 12p requeues 0
======================================================================
Timestamp: 2026-04-28 17:24:53
qdisc htb 1: root refcnt 13 r2q 10 default 0x10 direct_packets_stat 0 direct_qlen 1000
 Sent 54956485 bytes 36995 pkt (dropped 1977, overlimits 20244 requeues 0) 
 backlog 13402b 4p requeues 0
qdisc pfifo 20: parent 1:10 limit 12p
 Sent 54956485 bytes 36995 pkt (dropped 1977, overlimits 0 requeues 0) 
 backlog 13402b 4p requeues 0
======================================================================
Timestamp: 2026-04-28 17:24:54
qdisc htb 1: root refcnt 13 r2q 10 default 0x10 direct_packets_stat 0 direct_qlen 1000
 Sent 55704298 bytes 37496 pkt (dropped 1991, overlimits 20545 requeues 0) 
 backlog 6056b 4p requeues 0
qdisc pfifo 20: parent 1:10 limit 12p
 Sent 55704298 bytes 37496 pkt (dropped 1991, overlimits 0 requeues 0) 
 backlog 6056b 4p requeues 0
======================================================================
Timestamp: 2026-04-28 17:24:55
qdisc htb 1: root refcnt 13 r2q 10 default 0x10 direct_packets_stat 0 direct_qlen 1000
 Sent 56582178 bytes 38084 pkt (dropped 2028, overlimits 20990 requeues 0) 
 backlog 19586b 11p requeues 0
qdisc pfifo 20: parent 1:10 limit 12p
 Sent 56582178 bytes 38084 pkt (dropped 2028, overlimits 0 requeues 0) 
 backlog 19586b 11p requeues 0
======================================================================
Timestamp: 2026-04-28 17:24:56
qdisc htb 1: root refcnt 13 r2q 10 default 0x10 direct_packets_stat 0 direct_qlen 1000
 Sent 57284126 bytes 38554 pkt (dropped 2051, overlimits 21315 requeues 0) 
 backlog 1514b 1p requeues 0
qdisc pfifo 20: parent 1:10 limit 12p
 Sent 57284126 bytes 38554 pkt (dropped 2051, overlimits 0 requeues 0) 
 backlog 1514b 1p requeues 0
======================================================================
Timestamp: 2026-04-28 17:24:57
qdisc htb 1: root refcnt 13 r2q 10 default 0x10 direct_packets_stat 0 direct_qlen 1000
 Sent 58163986 bytes 39143 pkt (dropped 2083, overlimits 21724 requeues 0) 
 backlog 22358b 7p requeues 0
qdisc pfifo 20: parent 1:10 limit 12p
 Sent 58163986 bytes 39143 pkt (dropped 2083, overlimits 0 requeues 0) 
 backlog 22358b 7p requeues 0
======================================================================
Timestamp: 2026-04-28 17:24:58
qdisc htb 1: root refcnt 13 r2q 10 default 0x10 direct_packets_stat 0 direct_qlen 1000
 Sent 58912143 bytes 39644 pkt (dropped 2099, overlimits 22062 requeues 0) 
 backlog 0b 0p requeues 0
qdisc pfifo 20: parent 1:10 limit 12p
 Sent 58912143 bytes 39644 pkt (dropped 2099, overlimits 0 requeues 0) 
 backlog 0b 0p requeues 0
======================================================================
Timestamp: 2026-04-28 17:24:59
qdisc htb 1: root refcnt 13 r2q 10 default 0x10 direct_packets_stat 0 direct_qlen 1000
 Sent 59784784 bytes 40228 pkt (dropped 2155, overlimits 22454 requeues 0) 
 backlog 23808b 11p requeues 0
qdisc pfifo 20: parent 1:10 limit 12p
 Sent 59784784 bytes 40228 pkt (dropped 2155, overlimits 0 requeues 0) 
 backlog 23808b 11p requeues 0
======================================================================
Timestamp: 2026-04-28 17:25:00
qdisc htb 1: root refcnt 13 r2q 10 default 0x10 direct_packets_stat 0 direct_qlen 1000
 Sent 60553146 bytes 40742 pkt (dropped 2164, overlimits 22742 requeues 0) 
 backlog 9084b 6p requeues 0
qdisc pfifo 20: parent 1:10 limit 12p
 Sent 60553146 bytes 40742 pkt (dropped 2164, overlimits 0 requeues 0) 
 backlog 9084b 6p requeues 0
======================================================================
Timestamp: 2026-04-28 17:25:01
qdisc htb 1: root refcnt 13 r2q 10 default 0x10 direct_packets_stat 0 direct_qlen 1000
 Sent 61421704 bytes 41325 pkt (dropped 2234, overlimits 23098 requeues 0) 
 backlog 22326b 6p requeues 0
qdisc pfifo 20: parent 1:10 limit 12p
 Sent 61421704 bytes 41325 pkt (dropped 2234, overlimits 0 requeues 0) 
 backlog 22326b 6p requeues 0
======================================================================
Timestamp: 2026-04-28 17:25:02
qdisc htb 1: root refcnt 13 r2q 10 default 0x10 direct_packets_stat 0 direct_qlen 1000
 Sent 62145744 bytes 41810 pkt (dropped 2243, overlimits 23359 requeues 0) 
 backlog 0b 0p requeues 0
qdisc pfifo 20: parent 1:10 limit 12p
 Sent 62145744 bytes 41810 pkt (dropped 2243, overlimits 0 requeues 0) 
 backlog 0b 0p requeues 0
======================================================================
Timestamp: 2026-04-28 17:25:03
qdisc htb 1: root refcnt 13 r2q 10 default 0x10 direct_packets_stat 0 direct_qlen 1000
 Sent 63005913 bytes 42386 pkt (dropped 2306, overlimits 23700 requeues 0) 
 backlog 20780b 9p requeues 0
qdisc pfifo 20: parent 1:10 limit 12p
 Sent 63005913 bytes 42386 pkt (dropped 2306, overlimits 0 requeues 0) 
 backlog 20780b 9p requeues 0
======================================================================
Timestamp: 2026-04-28 17:25:04
qdisc htb 1: root refcnt 13 r2q 10 default 0x10 direct_packets_stat 0 direct_qlen 1000
 Sent 63655640 bytes 42818 pkt (dropped 2316, overlimits 24088 requeues 0) 
 backlog 13626b 9p requeues 0
qdisc pfifo 20: parent 1:10 limit 12p
 Sent 63655640 bytes 42818 pkt (dropped 2316, overlimits 0 requeues 0) 
 backlog 13626b 9p requeues 0
======================================================================
Timestamp: 2026-04-28 17:25:05
qdisc htb 1: root refcnt 13 r2q 10 default 0x10 direct_packets_stat 0 direct_qlen 1000
 Sent 64533902 bytes 43404 pkt (dropped 2377, overlimits 24579 requeues 0) 
 backlog 14852b 8p requeues 0
qdisc pfifo 20: parent 1:10 limit 12p
 Sent 64533902 bytes 43404 pkt (dropped 2377, overlimits 0 requeues 0) 
 backlog 14852b 8p requeues 0
======================================================================
Timestamp: 2026-04-28 17:25:06
qdisc htb 1: root refcnt 13 r2q 10 default 0x10 direct_packets_stat 0 direct_qlen 1000
 Sent 65273869 bytes 43901 pkt (dropped 2398, overlimits 24914 requeues 0) 
 backlog 0b 0p requeues 0
qdisc pfifo 20: parent 1:10 limit 12p
 Sent 65273869 bytes 43901 pkt (dropped 2398, overlimits 0 requeues 0) 
 backlog 0b 0p requeues 0
======================================================================
Timestamp: 2026-04-28 17:25:07
qdisc htb 1: root refcnt 13 r2q 10 default 0x10 direct_packets_stat 0 direct_qlen 1000
 Sent 66133986 bytes 44475 pkt (dropped 2446, overlimits 25393 requeues 0) 
 backlog 14884b 6p requeues 0
qdisc pfifo 20: parent 1:10 limit 12p
 Sent 66133986 bytes 44475 pkt (dropped 2446, overlimits 0 requeues 0) 
 backlog 14884b 6p requeues 0
======================================================================
Timestamp: 2026-04-28 17:25:08
qdisc htb 1: root refcnt 13 r2q 10 default 0x10 direct_packets_stat 0 direct_qlen 1000
 Sent 67013308 bytes 45064 pkt (dropped 2477, overlimits 25805 requeues 0) 
 backlog 17944b 12p requeues 0
qdisc pfifo 20: parent 1:10 limit 12p
 Sent 67013308 bytes 45064 pkt (dropped 2477, overlimits 0 requeues 0) 
 backlog 17944b 12p requeues 0
======================================================================
Timestamp: 2026-04-28 17:25:09
qdisc htb 1: root refcnt 13 r2q 10 default 0x10 direct_packets_stat 0 direct_qlen 1000
 Sent 67867362 bytes 45638 pkt (dropped 2514, overlimits 26259 requeues 0) 
 backlog 11888b 5p requeues 0
qdisc pfifo 20: parent 1:10 limit 12p
 Sent 67867362 bytes 45638 pkt (dropped 2514, overlimits 0 requeues 0) 
 backlog 11888b 5p requeues 0
======================================================================
Timestamp: 2026-04-28 17:25:10
qdisc htb 1: root refcnt 13 r2q 10 default 0x10 direct_packets_stat 0 direct_qlen 1000
 Sent 68727040 bytes 46216 pkt (dropped 2527, overlimits 26590 requeues 0) 
 backlog 1514b 1p requeues 0
qdisc pfifo 20: parent 1:10 limit 12p
 Sent 68727040 bytes 46216 pkt (dropped 2527, overlimits 0 requeues 0) 
 backlog 1514b 1p requeues 0
======================================================================
Timestamp: 2026-04-28 17:25:11
qdisc htb 1: root refcnt 13 r2q 10 default 0x10 direct_packets_stat 0 direct_qlen 1000
 Sent 69552419 bytes 46765 pkt (dropped 2586, overlimits 27042 requeues 0) 
 backlog 19Kb 12p requeues 0
qdisc pfifo 20: parent 1:10 limit 12p
 Sent 69552419 bytes 46765 pkt (dropped 2586, overlimits 0 requeues 0) 
 backlog 19Kb 12p requeues 0
======================================================================
Timestamp: 2026-04-28 17:25:12
qdisc htb 1: root refcnt 13 r2q 10 default 0x10 direct_packets_stat 0 direct_qlen 1000
 Sent 70426425 bytes 47353 pkt (dropped 2607, overlimits 27370 requeues 0) 
 backlog 0b 0p requeues 0
qdisc pfifo 20: parent 1:10 limit 12p
 Sent 70426425 bytes 47353 pkt (dropped 2607, overlimits 0 requeues 0) 
 backlog 0b 0p requeues 0
======================================================================
Timestamp: 2026-04-28 17:25:13
qdisc htb 1: root refcnt 13 r2q 10 default 0x10 direct_packets_stat 0 direct_qlen 1000
 Sent 71311160 bytes 47949 pkt (dropped 2644, overlimits 27723 requeues 0) 
 backlog 13402b 4p requeues 0
qdisc pfifo 20: parent 1:10 limit 12p
 Sent 71311160 bytes 47949 pkt (dropped 2644, overlimits 0 requeues 0) 
 backlog 13402b 4p requeues 0
======================================================================
Timestamp: 2026-04-28 17:25:14
qdisc htb 1: root refcnt 13 r2q 10 default 0x10 direct_packets_stat 0 direct_qlen 1000
 Sent 72172890 bytes 48528 pkt (dropped 2662, overlimits 27991 requeues 0) 
 backlog 31250b 9p requeues 0
qdisc pfifo 20: parent 1:10 limit 12p
 Sent 72172890 bytes 48528 pkt (dropped 2662, overlimits 0 requeues 0) 
 backlog 31250b 9p requeues 0
======================================================================
Timestamp: 2026-04-28 17:25:15
qdisc htb 1: root refcnt 13 r2q 10 default 0x10 direct_packets_stat 0 direct_qlen 1000
 Sent 72908526 bytes 49021 pkt (dropped 2665, overlimits 28279 requeues 0) 
 backlog 3028b 2p requeues 0
qdisc pfifo 20: parent 1:10 limit 12p
 Sent 72908526 bytes 49021 pkt (dropped 2665, overlimits 0 requeues 0) 
 backlog 3028b 2p requeues 0
======================================================================
Timestamp: 2026-04-28 17:25:16
qdisc htb 1: root refcnt 13 r2q 10 default 0x10 direct_packets_stat 0 direct_qlen 1000
 Sent 73779813 bytes 49604 pkt (dropped 2753, overlimits 28685 requeues 0) 
 backlog 31410b 12p requeues 0
qdisc pfifo 20: parent 1:10 limit 12p
 Sent 73779813 bytes 49604 pkt (dropped 2753, overlimits 0 requeues 0) 
 backlog 31410b 12p requeues 0
======================================================================
Timestamp: 2026-04-28 17:25:17
qdisc htb 1: root refcnt 13 r2q 10 default 0x10 direct_packets_stat 0 direct_qlen 1000
 Sent 74463106 bytes 50060 pkt (dropped 2764, overlimits 29016 requeues 0) 
 backlog 6056b 4p requeues 0
qdisc pfifo 20: parent 1:10 limit 12p
 Sent 74463106 bytes 50060 pkt (dropped 2764, overlimits 0 requeues 0) 
 backlog 6056b 4p requeues 0
======================================================================
Timestamp: 2026-04-28 17:25:18
qdisc htb 1: root refcnt 13 r2q 10 default 0x10 direct_packets_stat 0 direct_qlen 1000
 Sent 75340696 bytes 50646 pkt (dropped 2832, overlimits 29434 requeues 0) 
 backlog 14948b 10p requeues 0
qdisc pfifo 20: parent 1:10 limit 12p
 Sent 75340696 bytes 50646 pkt (dropped 2832, overlimits 0 requeues 0) 
 backlog 14948b 10p requeues 0
======================================================================
Timestamp: 2026-04-28 17:25:19
qdisc htb 1: root refcnt 13 r2q 10 default 0x10 direct_packets_stat 0 direct_qlen 1000
 Sent 76130141 bytes 51176 pkt (dropped 2847, overlimits 29771 requeues 0) 
 backlog 3028b 2p requeues 0
qdisc pfifo 20: parent 1:10 limit 12p
 Sent 76130141 bytes 51176 pkt (dropped 2847, overlimits 0 requeues 0) 
 backlog 3028b 2p requeues 0
======================================================================
Timestamp: 2026-04-28 17:25:20
qdisc htb 1: root refcnt 13 r2q 10 default 0x10 direct_packets_stat 0 direct_qlen 1000
 Sent 76974039 bytes 51740 pkt (dropped 2897, overlimits 30151 requeues 0) 
 backlog 29768b 9p requeues 0
qdisc pfifo 20: parent 1:10 limit 12p
 Sent 76974039 bytes 51740 pkt (dropped 2897, overlimits 0 requeues 0) 
 backlog 29768b 9p requeues 0
======================================================================
Timestamp: 2026-04-28 17:25:21
qdisc htb 1: root refcnt 13 r2q 10 default 0x10 direct_packets_stat 0 direct_qlen 1000
 Sent 77850887 bytes 52328 pkt (dropped 2936, overlimits 30484 requeues 0) 
 backlog 34246b 10p requeues 0
qdisc pfifo 20: parent 1:10 limit 12p
 Sent 77850887 bytes 52328 pkt (dropped 2936, overlimits 0 requeues 0) 
 backlog 34246b 10p requeues 0
======================================================================
Timestamp: 2026-04-28 17:25:22
qdisc htb 1: root refcnt 13 r2q 10 default 0x10 direct_packets_stat 0 direct_qlen 1000
 Sent 78710784 bytes 52909 pkt (dropped 2961, overlimits 30744 requeues 0) 
 backlog 31346b 10p requeues 0
qdisc pfifo 20: parent 1:10 limit 12p
 Sent 78710784 bytes 52909 pkt (dropped 2961, overlimits 0 requeues 0) 
 backlog 31346b 10p requeues 0
======================================================================
Timestamp: 2026-04-28 17:25:23
qdisc htb 1: root refcnt 13 r2q 10 default 0x10 direct_packets_stat 0 direct_qlen 1000
 Sent 79589122 bytes 53498 pkt (dropped 2994, overlimits 31100 requeues 0) 
 backlog 14852b 5p requeues 0
qdisc pfifo 20: parent 1:10 limit 12p
 Sent 79589122 bytes 53498 pkt (dropped 2994, overlimits 0 requeues 0) 
 backlog 14852b 5p requeues 0
======================================================================
Timestamp: 2026-04-28 17:25:24
qdisc htb 1: root refcnt 13 r2q 10 default 0x10 direct_packets_stat 0 direct_qlen 1000
 Sent 80445701 bytes 54074 pkt (dropped 3012, overlimits 31450 requeues 0) 
 backlog 20940b 8p requeues 0
qdisc pfifo 20: parent 1:10 limit 12p
 Sent 80445701 bytes 54074 pkt (dropped 3012, overlimits 0 requeues 0) 
 backlog 20940b 8p requeues 0
======================================================================
Timestamp: 2026-04-28 17:25:25
qdisc htb 1: root refcnt 13 r2q 10 default 0x10 direct_packets_stat 0 direct_qlen 1000
 Sent 81320733 bytes 54662 pkt (dropped 3028, overlimits 31679 requeues 0) 
 backlog 43106b 9p requeues 0
qdisc pfifo 20: parent 1:10 limit 12p
 Sent 81320733 bytes 54662 pkt (dropped 3028, overlimits 0 requeues 0) 
 backlog 43106b 9p requeues 0
======================================================================
Timestamp: 2026-04-28 17:25:26
qdisc htb 1: root refcnt 13 r2q 10 default 0x10 direct_packets_stat 0 direct_qlen 1000
 Sent 82147437 bytes 55218 pkt (dropped 3078, overlimits 31985 requeues 0) 
 backlog 19266b 12p requeues 0
qdisc pfifo 20: parent 1:10 limit 12p
 Sent 82147437 bytes 55218 pkt (dropped 3078, overlimits 0 requeues 0) 
 backlog 19266b 12p requeues 0
======================================================================
Timestamp: 2026-04-28 17:25:27
qdisc htb 1: root refcnt 13 r2q 10 default 0x10 direct_packets_stat 0 direct_qlen 1000
 Sent 83028005 bytes 55810 pkt (dropped 3091, overlimits 32206 requeues 0) 
 backlog 46166b 11p requeues 0
qdisc pfifo 20: parent 1:10 limit 12p
 Sent 83028005 bytes 55810 pkt (dropped 3091, overlimits 0 requeues 0) 
 backlog 46166b 11p requeues 0
======================================================================
Timestamp: 2026-04-28 17:25:28
qdisc htb 1: root refcnt 13 r2q 10 default 0x10 direct_packets_stat 0 direct_qlen 1000
 Sent 83789875 bytes 56321 pkt (dropped 3148, overlimits 32555 requeues 0) 
 backlog 29800b 9p requeues 0
qdisc pfifo 20: parent 1:10 limit 12p
 Sent 83789875 bytes 56321 pkt (dropped 3148, overlimits 0 requeues 0) 
 backlog 29800b 9p requeues 0
======================================================================
Timestamp: 2026-04-28 17:25:29
qdisc htb 1: root refcnt 13 r2q 10 default 0x10 direct_packets_stat 0 direct_qlen 1000
 Sent 84665347 bytes 56909 pkt (dropped 3174, overlimits 32830 requeues 0) 
 backlog 16462b 11p requeues 0
qdisc pfifo 20: parent 1:10 limit 12p
 Sent 84665347 bytes 56909 pkt (dropped 3174, overlimits 0 requeues 0) 
 backlog 16462b 11p requeues 0
======================================================================
Timestamp: 2026-04-28 17:25:30
qdisc htb 1: root refcnt 13 r2q 10 default 0x10 direct_packets_stat 0 direct_qlen 1000
 Sent 85414020 bytes 57410 pkt (dropped 3209, overlimits 33223 requeues 0) 
 backlog 19426b 11p requeues 0
qdisc pfifo 20: parent 1:10 limit 12p
 Sent 85414020 bytes 57410 pkt (dropped 3209, overlimits 0 requeues 0) 
 backlog 19426b 11p requeues 0
======================================================================
Timestamp: 2026-04-28 17:25:31
qdisc htb 1: root refcnt 13 r2q 10 default 0x10 direct_packets_stat 0 direct_qlen 1000
 Sent 86180973 bytes 57923 pkt (dropped 3218, overlimits 33567 requeues 0) 
 backlog 7570b 5p requeues 0
qdisc pfifo 20: parent 1:10 limit 12p
 Sent 86180973 bytes 57923 pkt (dropped 3218, overlimits 0 requeues 0) 
 backlog 7570b 5p requeues 0
======================================================================
Timestamp: 2026-04-28 17:25:32
qdisc htb 1: root refcnt 13 r2q 10 default 0x10 direct_packets_stat 0 direct_qlen 1000
 Sent 87053213 bytes 58502 pkt (dropped 3267, overlimits 34089 requeues 0) 
 backlog 17976b 12p requeues 0
qdisc pfifo 20: parent 1:10 limit 12p
 Sent 87053213 bytes 58502 pkt (dropped 3267, overlimits 0 requeues 0) 
 backlog 17976b 12p requeues 0
======================================================================
Timestamp: 2026-04-28 17:25:33
qdisc htb 1: root refcnt 13 r2q 10 default 0x10 direct_packets_stat 0 direct_qlen 1000
 Sent 87932169 bytes 59092 pkt (dropped 3285, overlimits 34404 requeues 0) 
 backlog 37274b 11p requeues 0
qdisc pfifo 20: parent 1:10 limit 12p
 Sent 87932169 bytes 59092 pkt (dropped 3285, overlimits 0 requeues 0) 
 backlog 37274b 11p requeues 0
======================================================================
Timestamp: 2026-04-28 17:25:34
qdisc htb 1: root refcnt 13 r2q 10 default 0x10 direct_packets_stat 0 direct_qlen 1000
 Sent 88763964 bytes 59654 pkt (dropped 3397, overlimits 34685 requeues 0) 
 backlog 26676b 10p requeues 0
qdisc pfifo 20: parent 1:10 limit 12p
 Sent 88763964 bytes 59654 pkt (dropped 3397, overlimits 0 requeues 0) 
 backlog 26676b 10p requeues 0
======================================================================
Timestamp: 2026-04-28 17:25:35
qdisc htb 1: root refcnt 13 r2q 10 default 0x10 direct_packets_stat 0 direct_qlen 1000
 Sent 89645113 bytes 60247 pkt (dropped 3418, overlimits 34929 requeues 0) 
 backlog 17816b 12p requeues 0
qdisc pfifo 20: parent 1:10 limit 12p
 Sent 89645113 bytes 60247 pkt (dropped 3418, overlimits 0 requeues 0) 
 backlog 17816b 12p requeues 0
======================================================================
Timestamp: 2026-04-28 17:25:36
qdisc htb 1: root refcnt 13 r2q 10 default 0x10 direct_packets_stat 0 direct_qlen 1000
 Sent 90311717 bytes 60692 pkt (dropped 3456, overlimits 35262 requeues 0) 
 backlog 22326b 8p requeues 0
qdisc pfifo 20: parent 1:10 limit 12p
 Sent 90311717 bytes 60692 pkt (dropped 3456, overlimits 0 requeues 0) 
 backlog 22326b 8p requeues 0
======================================================================
Timestamp: 2026-04-28 17:25:37
qdisc htb 1: root refcnt 13 r2q 10 default 0x10 direct_packets_stat 0 direct_qlen 1000
 Sent 91189599 bytes 61281 pkt (dropped 3493, overlimits 35603 requeues 0) 
 backlog 23872b 8p requeues 0
qdisc pfifo 20: parent 1:10 limit 12p
 Sent 91189599 bytes 61281 pkt (dropped 3493, overlimits 0 requeues 0) 
 backlog 23872b 8p requeues 0
======================================================================
Timestamp: 2026-04-28 17:25:38
qdisc htb 1: root refcnt 13 r2q 10 default 0x10 direct_packets_stat 0 direct_qlen 1000
 Sent 92003414 bytes 61828 pkt (dropped 3525, overlimits 35978 requeues 0) 
 backlog 22390b 8p requeues 0
qdisc pfifo 20: parent 1:10 limit 12p
 Sent 92003414 bytes 61828 pkt (dropped 3525, overlimits 0 requeues 0) 
 backlog 22390b 8p requeues 0
======================================================================
Timestamp: 2026-04-28 17:25:39
qdisc htb 1: root refcnt 13 r2q 10 default 0x10 direct_packets_stat 0 direct_qlen 1000
 Sent 92882562 bytes 62418 pkt (dropped 3566, overlimits 36289 requeues 0) 
 backlog 3517b 2p requeues 0
qdisc pfifo 20: parent 1:10 limit 12p
 Sent 92882562 bytes 62418 pkt (dropped 3566, overlimits 0 requeues 0) 
 backlog 3517b 2p requeues 0
======================================================================
Timestamp: 2026-04-28 17:25:40
qdisc htb 1: root refcnt 13 r2q 10 default 0x10 direct_packets_stat 0 direct_qlen 1000
 Sent 93562194 bytes 62870 pkt (dropped 3598, overlimits 36674 requeues 0) 
 backlog 19490b 11p requeues 0
qdisc pfifo 20: parent 1:10 limit 12p
 Sent 93562194 bytes 62870 pkt (dropped 3598, overlimits 0 requeues 0) 
 backlog 19490b 11p requeues 0
======================================================================
Timestamp: 2026-04-28 17:25:41
qdisc htb 1: root refcnt 13 r2q 10 default 0x10 direct_packets_stat 0 direct_qlen 1000
 Sent 94442462 bytes 63460 pkt (dropped 3627, overlimits 37049 requeues 0) 
 backlog 34352b 12p requeues 0
qdisc pfifo 20: parent 1:10 limit 12p
 Sent 94442462 bytes 63460 pkt (dropped 3627, overlimits 0 requeues 0) 
 backlog 34352b 12p requeues 0
======================================================================
Timestamp: 2026-04-28 17:25:42
qdisc htb 1: root refcnt 13 r2q 10 default 0x10 direct_packets_stat 0 direct_qlen 1000
 Sent 95192585 bytes 63964 pkt (dropped 3666, overlimits 37346 requeues 0) 
 backlog 25360b 10p requeues 0
qdisc pfifo 20: parent 1:10 limit 12p
 Sent 95192585 bytes 63964 pkt (dropped 3666, overlimits 0 requeues 0) 
 backlog 25360b 10p requeues 0
======================================================================
Timestamp: 2026-04-28 17:25:43
qdisc htb 1: root refcnt 13 r2q 10 default 0x10 direct_packets_stat 0 direct_qlen 1000
 Sent 96076377 bytes 64558 pkt (dropped 3692, overlimits 37691 requeues 0) 
 backlog 26964b 11p requeues 0
qdisc pfifo 20: parent 1:10 limit 12p
 Sent 96076377 bytes 64558 pkt (dropped 3692, overlimits 0 requeues 0) 
 backlog 26964b 11p requeues 0
======================================================================
Timestamp: 2026-04-28 17:25:44
qdisc htb 1: root refcnt 13 r2q 10 default 0x10 direct_packets_stat 0 direct_qlen 1000
 Sent 96919254 bytes 65125 pkt (dropped 3719, overlimits 38039 requeues 0) 
 backlog 20876b 9p requeues 0
qdisc pfifo 20: parent 1:10 limit 12p
 Sent 96919254 bytes 65125 pkt (dropped 3719, overlimits 0 requeues 0) 
 backlog 20876b 9p requeues 0
======================================================================
Timestamp: 2026-04-28 17:25:45
qdisc htb 1: root refcnt 13 r2q 10 default 0x10 direct_packets_stat 0 direct_qlen 1000
 Sent 97805004 bytes 65720 pkt (dropped 3739, overlimits 38284 requeues 0) 
 backlog 32Kb 9p requeues 0
qdisc pfifo 20: parent 1:10 limit 12p
 Sent 97805004 bytes 65720 pkt (dropped 3739, overlimits 0 requeues 0) 
 backlog 32Kb 9p requeues 0
======================================================================
Timestamp: 2026-04-28 17:25:46
qdisc htb 1: root refcnt 13 r2q 10 default 0x10 direct_packets_stat 0 direct_qlen 1000
 Sent 98551811 bytes 66217 pkt (dropped 3782, overlimits 38687 requeues 0) 
 backlog 17848b 12p requeues 0
qdisc pfifo 20: parent 1:10 limit 12p
 Sent 98551811 bytes 66217 pkt (dropped 3782, overlimits 0 requeues 0) 
 backlog 17848b 12p requeues 0
======================================================================
Timestamp: 2026-04-28 17:25:47
qdisc htb 1: root refcnt 13 r2q 10 default 0x10 direct_packets_stat 0 direct_qlen 1000
 Sent 99433911 bytes 66809 pkt (dropped 3836, overlimits 39156 requeues 0) 
 backlog 22358b 7p requeues 0
qdisc pfifo 20: parent 1:10 limit 12p
 Sent 99433911 bytes 66809 pkt (dropped 3836, overlimits 0 requeues 0) 
 backlog 22358b 7p requeues 0
======================================================================
Timestamp: 2026-04-28 17:25:48
qdisc htb 1: root refcnt 13 r2q 10 default 0x10 direct_packets_stat 0 direct_qlen 1000
 Sent 100260253 bytes 67365 pkt (dropped 3857, overlimits 39430 requeues 0) 
 backlog 14820b 6p requeues 0
qdisc pfifo 20: parent 1:10 limit 12p
 Sent 100260253 bytes 67365 pkt (dropped 3857, overlimits 0 requeues 0) 
 backlog 14820b 6p requeues 0
======================================================================
Timestamp: 2026-04-28 17:25:49
qdisc htb 1: root refcnt 13 r2q 10 default 0x10 direct_packets_stat 0 direct_qlen 1000
 Sent 101138729 bytes 67955 pkt (dropped 3908, overlimits 39764 requeues 0) 
 backlog 25386b 9p requeues 0
qdisc pfifo 20: parent 1:10 limit 12p
 Sent 101138729 bytes 67955 pkt (dropped 3908, overlimits 0 requeues 0) 
 backlog 25386b 9p requeues 0
======================================================================
Timestamp: 2026-04-28 17:25:50
qdisc htb 1: root refcnt 13 r2q 10 default 0x10 direct_packets_stat 0 direct_qlen 1000
 Sent 101869707 bytes 68441 pkt (dropped 3919, overlimits 40151 requeues 0) 
 backlog 16654b 11p requeues 0
qdisc pfifo 20: parent 1:10 limit 12p
 Sent 101869707 bytes 68441 pkt (dropped 3919, overlimits 0 requeues 0) 
 backlog 16654b 11p requeues 0
======================================================================
Timestamp: 2026-04-28 17:25:51
qdisc htb 1: root refcnt 13 r2q 10 default 0x10 direct_packets_stat 0 direct_qlen 1000
 Sent 102753485 bytes 69034 pkt (dropped 3976, overlimits 40552 requeues 0) 
 backlog 23968b 10p requeues 0
qdisc pfifo 20: parent 1:10 limit 12p
 Sent 102753485 bytes 69034 pkt (dropped 3976, overlimits 0 requeues 0) 
 backlog 23968b 10p requeues 0
======================================================================
Timestamp: 2026-04-28 17:25:52
qdisc htb 1: root refcnt 13 r2q 10 default 0x10 direct_packets_stat 0 direct_qlen 1000
 Sent 103542271 bytes 69560 pkt (dropped 3988, overlimits 40939 requeues 0) 
 backlog 7570b 5p requeues 0
qdisc pfifo 20: parent 1:10 limit 12p
 Sent 103542271 bytes 69560 pkt (dropped 3988, overlimits 0 requeues 0) 
 backlog 7570b 5p requeues 0
======================================================================
Timestamp: 2026-04-28 17:25:53
qdisc htb 1: root refcnt 13 r2q 10 default 0x10 direct_packets_stat 0 direct_qlen 1000
 Sent 104421013 bytes 70146 pkt (dropped 4037, overlimits 41447 requeues 0) 
 backlog 16430b 8p requeues 0
qdisc pfifo 20: parent 1:10 limit 12p
 Sent 104421013 bytes 70146 pkt (dropped 4037, overlimits 0 requeues 0) 
 backlog 16430b 8p requeues 0
======================================================================
Timestamp: 2026-04-28 17:25:54
qdisc htb 1: root refcnt 13 r2q 10 default 0x10 direct_packets_stat 0 direct_qlen 1000
 Sent 105224747 bytes 70686 pkt (dropped 4079, overlimits 41832 requeues 0) 
 backlog 6056b 4p requeues 0
qdisc pfifo 20: parent 1:10 limit 12p
 Sent 105224747 bytes 70686 pkt (dropped 4079, overlimits 0 requeues 0) 
 backlog 6056b 4p requeues 0
======================================================================
Timestamp: 2026-04-28 17:25:55
qdisc htb 1: root refcnt 13 r2q 10 default 0x10 direct_packets_stat 0 direct_qlen 1000
 Sent 106040487 bytes 71231 pkt (dropped 4121, overlimits 42267 requeues 0) 
 backlog 19362b 8p requeues 0
qdisc pfifo 20: parent 1:10 limit 12p
 Sent 106040487 bytes 71231 pkt (dropped 4121, overlimits 0 requeues 0) 
 backlog 19362b 8p requeues 0
======================================================================
Timestamp: 2026-04-28 17:25:56
qdisc htb 1: root refcnt 13 r2q 10 default 0x10 direct_packets_stat 0 direct_qlen 1000
 Sent 106817004 bytes 71752 pkt (dropped 4133, overlimits 42571 requeues 0) 
 backlog 0b 0p requeues 0
qdisc pfifo 20: parent 1:10 limit 12p
 Sent 106817004 bytes 71752 pkt (dropped 4133, overlimits 0 requeues 0) 
 backlog 0b 0p requeues 0
======================================================================
Timestamp: 2026-04-28 17:25:57
qdisc htb 1: root refcnt 13 r2q 10 default 0x10 direct_packets_stat 0 direct_qlen 1000
 Sent 107680838 bytes 72330 pkt (dropped 4186, overlimits 42954 requeues 0) 
 backlog 25290b 6p requeues 0
qdisc pfifo 20: parent 1:10 limit 12p
 Sent 107680838 bytes 72330 pkt (dropped 4186, overlimits 0 requeues 0) 
 backlog 25290b 6p requeues 0
======================================================================
Timestamp: 2026-04-28 17:25:58
qdisc htb 1: root refcnt 13 r2q 10 default 0x10 direct_packets_stat 0 direct_qlen 1000
 Sent 108479517 bytes 72866 pkt (dropped 4192, overlimits 43241 requeues 0) 
 backlog 12112b 8p requeues 0
qdisc pfifo 20: parent 1:10 limit 12p
 Sent 108479517 bytes 72866 pkt (dropped 4192, overlimits 0 requeues 0) 
 backlog 12112b 8p requeues 0
======================================================================
Timestamp: 2026-04-28 17:25:59
qdisc htb 1: root refcnt 13 r2q 10 default 0x10 direct_packets_stat 0 direct_qlen 1000
 Sent 109355707 bytes 73452 pkt (dropped 4253, overlimits 43641 requeues 0) 
 backlog 28414b 11p requeues 0
qdisc pfifo 20: parent 1:10 limit 12p
 Sent 109355707 bytes 73452 pkt (dropped 4253, overlimits 0 requeues 0) 
 backlog 28414b 11p requeues 0
======================================================================
Timestamp: 2026-04-28 17:26:00
qdisc htb 1: root refcnt 13 r2q 10 default 0x10 direct_packets_stat 0 direct_qlen 1000
 Sent 110205919 bytes 74024 pkt (dropped 4302, overlimits 43978 requeues 0) 
 backlog 11920b 6p requeues 0
qdisc pfifo 20: parent 1:10 limit 12p
 Sent 110205919 bytes 74024 pkt (dropped 4302, overlimits 0 requeues 0) 
 backlog 11920b 6p requeues 0
======================================================================
Timestamp: 2026-04-28 17:26:01
qdisc htb 1: root refcnt 13 r2q 10 default 0x10 direct_packets_stat 0 direct_qlen 1000
 Sent 111086262 bytes 74616 pkt (dropped 4313, overlimits 44246 requeues 0) 
 backlog 41560b 7p requeues 0
qdisc pfifo 20: parent 1:10 limit 12p
 Sent 111086262 bytes 74616 pkt (dropped 4313, overlimits 0 requeues 0) 
 backlog 41560b 7p requeues 0
======================================================================
Timestamp: 2026-04-28 17:26:02
qdisc htb 1: root refcnt 13 r2q 10 default 0x10 direct_packets_stat 0 direct_qlen 1000
 Sent 111861462 bytes 75139 pkt (dropped 4356, overlimits 44498 requeues 0) 
 backlog 9084b 6p requeues 0
qdisc pfifo 20: parent 1:10 limit 12p
 Sent 111861462 bytes 75139 pkt (dropped 4356, overlimits 0 requeues 0) 
 backlog 9084b 6p requeues 0
======================================================================
Timestamp: 2026-04-28 17:26:03
qdisc htb 1: root refcnt 13 r2q 10 default 0x10 direct_packets_stat 0 direct_qlen 1000
 Sent 112689620 bytes 75686 pkt (dropped 4367, overlimits 45031 requeues 0) 
 backlog 10598b 7p requeues 0
qdisc pfifo 20: parent 1:10 limit 12p
 Sent 112689620 bytes 75686 pkt (dropped 4367, overlimits 0 requeues 0) 
 backlog 10598b 7p requeues 0
======================================================================
Timestamp: 2026-04-28 17:26:04
qdisc htb 1: root refcnt 13 r2q 10 default 0x10 direct_packets_stat 0 direct_qlen 1000
 Sent 113567606 bytes 76270 pkt (dropped 4418, overlimits 45560 requeues 0) 
 backlog 17976b 10p requeues 0
qdisc pfifo 20: parent 1:10 limit 12p
 Sent 113567606 bytes 76270 pkt (dropped 4418, overlimits 0 requeues 0) 
 backlog 17976b 10p requeues 0
======================================================================
Timestamp: 2026-04-28 17:26:05
qdisc htb 1: root refcnt 13 r2q 10 default 0x10 direct_packets_stat 0 direct_qlen 1000
 Sent 114348042 bytes 76789 pkt (dropped 4434, overlimits 46034 requeues 0) 
 backlog 9084b 6p requeues 0
qdisc pfifo 20: parent 1:10 limit 12p
 Sent 114348042 bytes 76789 pkt (dropped 4434, overlimits 0 requeues 0) 
 backlog 9084b 6p requeues 0
======================================================================
Timestamp: 2026-04-28 17:26:06
qdisc htb 1: root refcnt 13 r2q 10 default 0x10 direct_packets_stat 0 direct_qlen 1000
 Sent 115225442 bytes 77372 pkt (dropped 4492, overlimits 46571 requeues 0) 
 backlog 17944b 9p requeues 0
qdisc pfifo 20: parent 1:10 limit 12p
 Sent 115225442 bytes 77372 pkt (dropped 4492, overlimits 0 requeues 0) 
 backlog 17944b 9p requeues 0
======================================================================
Timestamp: 2026-04-28 17:26:07
qdisc htb 1: root refcnt 13 r2q 10 default 0x10 direct_packets_stat 0 direct_qlen 1000
 Sent 116102791 bytes 77962 pkt (dropped 4523, overlimits 46873 requeues 0) 
 backlog 16400b 8p requeues 0
qdisc pfifo 20: parent 1:10 limit 12p
 Sent 116102791 bytes 77962 pkt (dropped 4523, overlimits 0 requeues 0) 
 backlog 16400b 8p requeues 0
======================================================================
Timestamp: 2026-04-28 17:26:08
qdisc htb 1: root refcnt 13 r2q 10 default 0x10 direct_packets_stat 0 direct_qlen 1000
 Sent 116710847 bytes 78381 pkt (dropped 4523, overlimits 47084 requeues 0) 
 backlog 22230b 5p requeues 0
qdisc pfifo 20: parent 1:10 limit 12p
 Sent 116710847 bytes 78381 pkt (dropped 4523, overlimits 0 requeues 0) 
 backlog 22230b 5p requeues 0
======================================================================
Timestamp: 2026-04-28 17:26:09
qdisc htb 1: root refcnt 13 r2q 10 default 0x10 direct_packets_stat 0 direct_qlen 1000
 Sent 117561157 bytes 78956 pkt (dropped 4523, overlimits 47185 requeues 0) 
 backlog 0b 0p requeues 0
qdisc pfifo 20: parent 1:10 limit 12p
 Sent 117561157 bytes 78956 pkt (dropped 4523, overlimits 0 requeues 0) 
 backlog 0b 0p requeues 0
======================================================================
Timestamp: 2026-04-28 17:26:10
qdisc htb 1: root refcnt 13 r2q 10 default 0x10 direct_packets_stat 0 direct_qlen 1000
 Sent 117946207 bytes 79216 pkt (dropped 4557, overlimits 47308 requeues 0) 
 backlog 23712b 3p requeues 0
qdisc pfifo 20: parent 1:10 limit 12p
 Sent 117946207 bytes 79216 pkt (dropped 4557, overlimits 0 requeues 0) 
 backlog 23712b 3p requeues 0
======================================================================
Timestamp: 2026-04-28 17:26:11
qdisc htb 1: root refcnt 13 r2q 10 default 0x10 direct_packets_stat 0 direct_qlen 1000
 Sent 118830961 bytes 79813 pkt (dropped 4557, overlimits 47412 requeues 0) 
 backlog 42978b 5p requeues 0
qdisc pfifo 20: parent 1:10 limit 12p
 Sent 118830961 bytes 79813 pkt (dropped 4557, overlimits 0 requeues 0) 
 backlog 42978b 5p requeues 0
======================================================================
Timestamp: 2026-04-28 17:26:12
qdisc htb 1: root refcnt 13 r2q 10 default 0x10 direct_packets_stat 0 direct_qlen 1000
 Sent 119250816 bytes 80099 pkt (dropped 4575, overlimits 47555 requeues 0) 
 backlog 7410b 1p requeues 0
qdisc pfifo 20: parent 1:10 limit 12p
 Sent 119250816 bytes 80099 pkt (dropped 4575, overlimits 0 requeues 0) 
 backlog 7410b 1p requeues 0
======================================================================
Timestamp: 2026-04-28 17:26:13
qdisc htb 1: root refcnt 13 r2q 10 default 0x10 direct_packets_stat 0 direct_qlen 1000
 Sent 120137052 bytes 80697 pkt (dropped 4575, overlimits 47665 requeues 0) 
 backlog 3333b 2p requeues 0
qdisc pfifo 20: parent 1:10 limit 12p
 Sent 120137052 bytes 80697 pkt (dropped 4575, overlimits 0 requeues 0) 
 backlog 3333b 2p requeues 0
======================================================================
Timestamp: 2026-04-28 17:26:14
qdisc htb 1: root refcnt 13 r2q 10 default 0x10 direct_packets_stat 0 direct_qlen 1000
 Sent 120435130 bytes 80901 pkt (dropped 4603, overlimits 47781 requeues 0) 
 backlog 20748b 3p requeues 0
qdisc pfifo 20: parent 1:10 limit 12p
 Sent 120435130 bytes 80901 pkt (dropped 4603, overlimits 0 requeues 0) 
 backlog 20748b 3p requeues 0
======================================================================
Timestamp: 2026-04-28 17:26:15
qdisc htb 1: root refcnt 13 r2q 10 default 0x10 direct_packets_stat 0 direct_qlen 1000
 Sent 121313956 bytes 81494 pkt (dropped 4603, overlimits 47893 requeues 0) 
 backlog 34086b 4p requeues 0
qdisc pfifo 20: parent 1:10 limit 12p
 Sent 121313956 bytes 81494 pkt (dropped 4603, overlimits 0 requeues 0) 
 backlog 34086b 4p requeues 0
======================================================================
Timestamp: 2026-04-28 17:26:16
qdisc htb 1: root refcnt 13 r2q 10 default 0x10 direct_packets_stat 0 direct_qlen 1000
 Sent 121663424 bytes 81731 pkt (dropped 4617, overlimits 48012 requeues 0) 
 backlog 20748b 3p requeues 0
qdisc pfifo 20: parent 1:10 limit 12p
 Sent 121663424 bytes 81731 pkt (dropped 4617, overlimits 0 requeues 0) 
 backlog 20748b 3p requeues 0
======================================================================
Timestamp: 2026-04-28 17:26:17
qdisc htb 1: root refcnt 13 r2q 10 default 0x10 direct_packets_stat 0 direct_qlen 1000
 Sent 122539286 bytes 82322 pkt (dropped 4617, overlimits 48121 requeues 0) 
 backlog 48906b 5p requeues 0
qdisc pfifo 20: parent 1:10 limit 12p
 Sent 122539286 bytes 82322 pkt (dropped 4617, overlimits 0 requeues 0) 
 backlog 48906b 5p requeues 0
======================================================================
Timestamp: 2026-04-28 17:26:18
qdisc htb 1: root refcnt 13 r2q 10 default 0x10 direct_packets_stat 0 direct_qlen 1000
 Sent 122854512 bytes 82536 pkt (dropped 4651, overlimits 48231 requeues 0) 
 backlog 17784b 3p requeues 0
qdisc pfifo 20: parent 1:10 limit 12p
 Sent 122854512 bytes 82536 pkt (dropped 4651, overlimits 0 requeues 0) 
 backlog 17784b 3p requeues 0
======================================================================
Timestamp: 2026-04-28 17:26:19
qdisc htb 1: root refcnt 13 r2q 10 default 0x10 direct_packets_stat 0 direct_qlen 1000
 Sent 123734820 bytes 83130 pkt (dropped 4651, overlimits 48345 requeues 0) 
 backlog 34086b 4p requeues 0
qdisc pfifo 20: parent 1:10 limit 12p
 Sent 123734820 bytes 83130 pkt (dropped 4651, overlimits 0 requeues 0) 
 backlog 34086b 4p requeues 0
======================================================================
Timestamp: 2026-04-28 17:26:20
qdisc htb 1: root refcnt 13 r2q 10 default 0x10 direct_packets_stat 0 direct_qlen 1000
 Sent 124049998 bytes 83343 pkt (dropped 4681, overlimits 48448 requeues 0) 
 backlog 22230b 12p requeues 0
qdisc pfifo 20: parent 1:10 limit 12p
 Sent 124049998 bytes 83343 pkt (dropped 4681, overlimits 0 requeues 0) 
 backlog 22230b 12p requeues 0
======================================================================
Timestamp: 2026-04-28 17:26:21
qdisc htb 1: root refcnt 13 r2q 10 default 0x10 direct_packets_stat 0 direct_qlen 1000
 Sent 124928824 bytes 83936 pkt (dropped 4681, overlimits 48568 requeues 0) 
 backlog 44460b 4p requeues 0
qdisc pfifo 20: parent 1:10 limit 12p
 Sent 124928824 bytes 83936 pkt (dropped 4681, overlimits 0 requeues 0) 
 backlog 44460b 4p requeues 0
======================================================================
Timestamp: 2026-04-28 17:26:22
qdisc htb 1: root refcnt 13 r2q 10 default 0x10 direct_packets_stat 0 direct_qlen 1000
 Sent 125255456 bytes 84158 pkt (dropped 4695, overlimits 48662 requeues 0) 
 backlog 14820b 10p requeues 0
qdisc pfifo 20: parent 1:10 limit 12p
 Sent 125255456 bytes 84158 pkt (dropped 4695, overlimits 0 requeues 0) 
 backlog 14820b 10p requeues 0
======================================================================
Timestamp: 2026-04-28 17:26:23
qdisc htb 1: root refcnt 13 r2q 10 default 0x10 direct_packets_stat 0 direct_qlen 1000
 Sent 126052416 bytes 84697 pkt (dropped 4696, overlimits 48796 requeues 0) 
 backlog 0b 0p requeues 0
qdisc pfifo 20: parent 1:10 limit 12p
 Sent 126052416 bytes 84697 pkt (dropped 4696, overlimits 0 requeues 0) 
 backlog 0b 0p requeues 0
======================================================================
Timestamp: 2026-04-28 17:26:24
qdisc htb 1: root refcnt 13 r2q 10 default 0x10 direct_packets_stat 0 direct_qlen 1000
 Sent 126149958 bytes 84763 pkt (dropped 4704, overlimits 48840 requeues 0) 
 backlog 14820b 5p requeues 0
qdisc pfifo 20: parent 1:10 limit 12p
 Sent 126149958 bytes 84763 pkt (dropped 4704, overlimits 0 requeues 0) 
 backlog 14820b 5p requeues 0
======================================================================
Timestamp: 2026-04-28 17:26:25
qdisc htb 1: root refcnt 13 r2q 10 default 0x10 direct_packets_stat 0 direct_qlen 1000
 Sent 126906786 bytes 85274 pkt (dropped 4706, overlimits 48968 requeues 0) 
 backlog 0b 0p requeues 0
qdisc pfifo 20: parent 1:10 limit 12p
 Sent 126906786 bytes 85274 pkt (dropped 4706, overlimits 0 requeues 0) 
 backlog 0b 0p requeues 0
======================================================================
Timestamp: 2026-04-28 17:26:26
qdisc htb 1: root refcnt 13 r2q 10 default 0x10 direct_packets_stat 0 direct_qlen 1000
 Sent 126958386 bytes 85309 pkt (dropped 4716, overlimits 48989 requeues 0) 
 backlog 17784b 12p requeues 0
qdisc pfifo 20: parent 1:10 limit 12p
 Sent 126958386 bytes 85309 pkt (dropped 4716, overlimits 0 requeues 0) 
 backlog 17784b 12p requeues 0
======================================================================
Timestamp: 2026-04-28 17:26:27
qdisc htb 1: root refcnt 13 r2q 10 default 0x10 direct_packets_stat 0 direct_qlen 1000
 Sent 127847586 bytes 85909 pkt (dropped 4722, overlimits 49153 requeues 0) 
 backlog 22230b 2p requeues 0
qdisc pfifo 20: parent 1:10 limit 12p
 Sent 127847586 bytes 85909 pkt (dropped 4722, overlimits 0 requeues 0) 
 backlog 22230b 2p requeues 0
======================================================================
Timestamp: 2026-04-28 17:26:28
qdisc htb 1: root refcnt 13 r2q 10 default 0x10 direct_packets_stat 0 direct_qlen 1000
 Sent 128087655 bytes 86073 pkt (dropped 4722, overlimits 49183 requeues 0) 
 backlog 16302b 6p requeues 0
qdisc pfifo 20: parent 1:10 limit 12p
 Sent 128087655 bytes 86073 pkt (dropped 4722, overlimits 0 requeues 0) 
 backlog 16302b 6p requeues 0
======================================================================
Timestamp: 2026-04-28 17:26:29
qdisc htb 1: root refcnt 13 r2q 10 default 0x10 direct_packets_stat 0 direct_qlen 1000
 Sent 128887741 bytes 86614 pkt (dropped 4733, overlimits 49360 requeues 0) 
 backlog 0b 0p requeues 0
qdisc pfifo 20: parent 1:10 limit 12p
 Sent 128887741 bytes 86614 pkt (dropped 4733, overlimits 0 requeues 0) 
 backlog 0b 0p requeues 0
======================================================================
Timestamp: 2026-04-28 17:26:30
qdisc htb 1: root refcnt 13 r2q 10 default 0x10 direct_packets_stat 0 direct_qlen 1000
 Sent 128890435 bytes 86616 pkt (dropped 4733, overlimits 49361 requeues 0) 
 backlog 0b 0p requeues 0
qdisc pfifo 20: parent 1:10 limit 12p
 Sent 128890435 bytes 86616 pkt (dropped 4733, overlimits 0 requeues 0) 
 backlog 0b 0p requeues 0
======================================================================
Timestamp: 2026-04-28 17:26:31
qdisc htb 1: root refcnt 13 r2q 10 default 0x10 direct_packets_stat 0 direct_qlen 1000
 Sent 129735175 bytes 87186 pkt (dropped 4739, overlimits 49549 requeues 0) 
 backlog 29640b 4p requeues 0
qdisc pfifo 20: parent 1:10 limit 12p
 Sent 129735175 bytes 87186 pkt (dropped 4739, overlimits 0 requeues 0) 
 backlog 29640b 4p requeues 0
======================================================================
Timestamp: 2026-04-28 17:26:32
qdisc htb 1: root refcnt 13 r2q 10 default 0x10 direct_packets_stat 0 direct_qlen 1000
 Sent 130150531 bytes 87468 pkt (dropped 4739, overlimits 49601 requeues 0) 
 backlog 0b 0p requeues 0
qdisc pfifo 20: parent 1:10 limit 12p
 Sent 130150531 bytes 87468 pkt (dropped 4739, overlimits 0 requeues 0) 
 backlog 0b 0p requeues 0
======================================================================
Timestamp: 2026-04-28 17:26:33
qdisc htb 1: root refcnt 13 r2q 10 default 0x10 direct_packets_stat 0 direct_qlen 1000
 Sent 130961012 bytes 88016 pkt (dropped 4774, overlimits 49781 requeues 0) 
 backlog 26676b 3p requeues 0
qdisc pfifo 20: parent 1:10 limit 12p
 Sent 130961012 bytes 88016 pkt (dropped 4774, overlimits 0 requeues 0) 
 backlog 26676b 3p requeues 0
======================================================================
Timestamp: 2026-04-28 17:26:34
qdisc htb 1: root refcnt 13 r2q 10 default 0x10 direct_packets_stat 0 direct_qlen 1000
 Sent 131465902 bytes 88357 pkt (dropped 4774, overlimits 49837 requeues 0) 
 backlog 0b 0p requeues 0
qdisc pfifo 20: parent 1:10 limit 12p
 Sent 131465902 bytes 88357 pkt (dropped 4774, overlimits 0 requeues 0) 
 backlog 0b 0p requeues 0
======================================================================
Timestamp: 2026-04-28 17:26:35
qdisc htb 1: root refcnt 13 r2q 10 default 0x10 direct_packets_stat 0 direct_qlen 1000
 Sent 132225898 bytes 88870 pkt (dropped 4811, overlimits 50007 requeues 0) 
 backlog 35568b 5p requeues 0
qdisc pfifo 20: parent 1:10 limit 12p
 Sent 132225898 bytes 88870 pkt (dropped 4811, overlimits 0 requeues 0) 
 backlog 35568b 5p requeues 0
======================================================================
Timestamp: 2026-04-28 17:26:36
qdisc htb 1: root refcnt 13 r2q 10 default 0x10 direct_packets_stat 0 direct_qlen 1000
 Sent 132686062 bytes 89182 pkt (dropped 4811, overlimits 50065 requeues 0) 
 backlog 0b 0p requeues 0
qdisc pfifo 20: parent 1:10 limit 12p
 Sent 132686062 bytes 89182 pkt (dropped 4811, overlimits 0 requeues 0) 
 backlog 0b 0p requeues 0
======================================================================
Timestamp: 2026-04-28 17:26:37
qdisc htb 1: root refcnt 13 r2q 10 default 0x10 direct_packets_stat 0 direct_qlen 1000
 Sent 133413538 bytes 89675 pkt (dropped 4844, overlimits 50231 requeues 0) 
 backlog 26676b 3p requeues 0
qdisc pfifo 20: parent 1:10 limit 12p
 Sent 133413538 bytes 89675 pkt (dropped 4844, overlimits 0 requeues 0) 
 backlog 26676b 3p requeues 0
======================================================================
Timestamp: 2026-04-28 17:26:38
qdisc htb 1: root refcnt 13 r2q 10 default 0x10 direct_packets_stat 0 direct_qlen 1000
 Sent 134266962 bytes 90251 pkt (dropped 4873, overlimits 50403 requeues 0) 
 backlog 26676b 4p requeues 0
qdisc pfifo 20: parent 1:10 limit 12p
 Sent 134266962 bytes 90251 pkt (dropped 4873, overlimits 0 requeues 0) 
 backlog 26676b 4p requeues 0
======================================================================
Timestamp: 2026-04-28 17:26:39
qdisc htb 1: root refcnt 13 r2q 10 default 0x10 direct_packets_stat 0 direct_qlen 1000
 Sent 135145885 bytes 90845 pkt (dropped 4873, overlimits 50509 requeues 0) 
 backlog 38532b 4p requeues 0
qdisc pfifo 20: parent 1:10 limit 12p
 Sent 135145885 bytes 90845 pkt (dropped 4873, overlimits 0 requeues 0) 
 backlog 38532b 4p requeues 0
======================================================================
Timestamp: 2026-04-28 17:26:40
qdisc htb 1: root refcnt 13 r2q 10 default 0x10 direct_packets_stat 0 direct_qlen 1000
 Sent 135999943 bytes 91424 pkt (dropped 4901, overlimits 50712 requeues 0) 
 backlog 32604b 5p requeues 0
qdisc pfifo 20: parent 1:10 limit 12p
 Sent 135999943 bytes 91424 pkt (dropped 4901, overlimits 0 requeues 0) 
 backlog 32604b 5p requeues 0
======================================================================
Timestamp: 2026-04-28 17:26:41
qdisc htb 1: root refcnt 13 r2q 10 default 0x10 direct_packets_stat 0 direct_qlen 1000
 Sent 136515623 bytes 91773 pkt (dropped 4901, overlimits 50773 requeues 0) 
 backlog 0b 0p requeues 0
qdisc pfifo 20: parent 1:10 limit 12p
 Sent 136515623 bytes 91773 pkt (dropped 4901, overlimits 0 requeues 0) 
 backlog 0b 0p requeues 0
======================================================================
Timestamp: 2026-04-28 17:26:42
qdisc htb 1: root refcnt 13 r2q 10 default 0x10 direct_packets_stat 0 direct_qlen 1000
 Sent 137263763 bytes 92278 pkt (dropped 4914, overlimits 50943 requeues 0) 
 backlog 37050b 5p requeues 0
qdisc pfifo 20: parent 1:10 limit 12p
 Sent 137263763 bytes 92278 pkt (dropped 4914, overlimits 0 requeues 0) 
 backlog 37050b 5p requeues 0
======================================================================
Timestamp: 2026-04-28 17:26:43
qdisc htb 1: root refcnt 13 r2q 10 default 0x10 direct_packets_stat 0 direct_qlen 1000
 Sent 137745786 bytes 92605 pkt (dropped 4914, overlimits 51001 requeues 0) 
 backlog 0b 0p requeues 0
qdisc pfifo 20: parent 1:10 limit 12p
 Sent 137745786 bytes 92605 pkt (dropped 4914, overlimits 0 requeues 0) 
 backlog 0b 0p requeues 0
======================================================================
Timestamp: 2026-04-28 17:26:44
qdisc htb 1: root refcnt 13 r2q 10 default 0x10 direct_packets_stat 0 direct_qlen 1000
 Sent 138452430 bytes 93082 pkt (dropped 4930, overlimits 51188 requeues 0) 
 backlog 23712b 4p requeues 0
qdisc pfifo 20: parent 1:10 limit 12p
 Sent 138452430 bytes 93082 pkt (dropped 4930, overlimits 0 requeues 0) 
 backlog 23712b 4p requeues 0
======================================================================
Timestamp: 2026-04-28 17:26:45
qdisc htb 1: root refcnt 13 r2q 10 default 0x10 direct_packets_stat 0 direct_qlen 1000
 Sent 139031542 bytes 93474 pkt (dropped 4930, overlimits 51259 requeues 0) 
 backlog 0b 0p requeues 0
qdisc pfifo 20: parent 1:10 limit 12p
 Sent 139031542 bytes 93474 pkt (dropped 4930, overlimits 0 requeues 0) 
 backlog 0b 0p requeues 0
======================================================================
Timestamp: 2026-04-28 17:26:46
qdisc htb 1: root refcnt 13 r2q 10 default 0x10 direct_packets_stat 0 direct_qlen 1000
 Sent 139695305 bytes 93923 pkt (dropped 4959, overlimits 51442 requeues 0) 
 backlog 19266b 2p requeues 0
qdisc pfifo 20: parent 1:10 limit 12p
 Sent 139695305 bytes 93923 pkt (dropped 4959, overlimits 0 requeues 0) 
 backlog 19266b 2p requeues 0
======================================================================
Timestamp: 2026-04-28 17:26:47
qdisc htb 1: root refcnt 13 r2q 10 default 0x10 direct_packets_stat 0 direct_qlen 1000
 Sent 140031348 bytes 94151 pkt (dropped 4959, overlimits 51489 requeues 0) 
 backlog 0b 0p requeues 0
qdisc pfifo 20: parent 1:10 limit 12p
 Sent 140031348 bytes 94151 pkt (dropped 4959, overlimits 0 requeues 0) 
 backlog 0b 0p requeues 0
======================================================================
Timestamp: 2026-04-28 17:26:48
qdisc htb 1: root refcnt 13 r2q 10 default 0x10 direct_packets_stat 0 direct_qlen 1000
 Sent 140652036 bytes 94570 pkt (dropped 4970, overlimits 51599 requeues 0) 
 backlog 28158b 3p requeues 0
qdisc pfifo 20: parent 1:10 limit 12p
 Sent 140652036 bytes 94570 pkt (dropped 4970, overlimits 0 requeues 0) 
 backlog 28158b 3p requeues 0
======================================================================
Timestamp: 2026-04-28 17:26:49
qdisc htb 1: root refcnt 13 r2q 10 default 0x10 direct_packets_stat 0 direct_qlen 1000
 Sent 141337421 bytes 95034 pkt (dropped 4970, overlimits 51674 requeues 0) 
 backlog 0b 0p requeues 0
qdisc pfifo 20: parent 1:10 limit 12p
 Sent 141337421 bytes 95034 pkt (dropped 4970, overlimits 0 requeues 0) 
 backlog 0b 0p requeues 0
======================================================================
Timestamp: 2026-04-28 17:26:50
qdisc htb 1: root refcnt 13 r2q 10 default 0x10 direct_packets_stat 0 direct_qlen 1000
 Sent 141912159 bytes 95422 pkt (dropped 4988, overlimits 51857 requeues 0) 
 backlog 20748b 4p requeues 0
qdisc pfifo 20: parent 1:10 limit 12p
 Sent 141912159 bytes 95422 pkt (dropped 4988, overlimits 0 requeues 0) 
 backlog 20748b 4p requeues 0
======================================================================
Timestamp: 2026-04-28 17:26:51
qdisc htb 1: root refcnt 13 r2q 10 default 0x10 direct_packets_stat 0 direct_qlen 1000
 Sent 142597921 bytes 95886 pkt (dropped 4988, overlimits 51950 requeues 0) 
 backlog 0b 0p requeues 0
qdisc pfifo 20: parent 1:10 limit 12p
 Sent 142597921 bytes 95886 pkt (dropped 4988, overlimits 0 requeues 0) 
 backlog 0b 0p requeues 0
======================================================================
Timestamp: 2026-04-28 17:26:52
qdisc htb 1: root refcnt 13 r2q 10 default 0x10 direct_packets_stat 0 direct_qlen 1000
 Sent 143135617 bytes 96249 pkt (dropped 4999, overlimits 52088 requeues 0) 
 backlog 22230b 3p requeues 0
qdisc pfifo 20: parent 1:10 limit 12p
 Sent 143135617 bytes 96249 pkt (dropped 4999, overlimits 0 requeues 0) 
 backlog 22230b 3p requeues 0
======================================================================
Timestamp: 2026-04-28 17:26:53
qdisc htb 1: root refcnt 13 r2q 10 default 0x10 direct_packets_stat 0 direct_qlen 1000
 Sent 143775465 bytes 96682 pkt (dropped 4999, overlimits 52168 requeues 0) 
 backlog 0b 0p requeues 0
qdisc pfifo 20: parent 1:10 limit 12p
 Sent 143775465 bytes 96682 pkt (dropped 4999, overlimits 0 requeues 0) 
 backlog 0b 0p requeues 0
======================================================================
Timestamp: 2026-04-28 17:26:54
qdisc htb 1: root refcnt 13 r2q 10 default 0x10 direct_packets_stat 0 direct_qlen 1000
 Sent 144276111 bytes 97020 pkt (dropped 5012, overlimits 52318 requeues 0) 
 backlog 20748b 3p requeues 0
qdisc pfifo 20: parent 1:10 limit 12p
 Sent 144276111 bytes 97020 pkt (dropped 5012, overlimits 0 requeues 0) 
 backlog 20748b 3p requeues 0
======================================================================
Timestamp: 2026-04-28 17:26:55
qdisc htb 1: root refcnt 13 r2q 10 default 0x10 direct_packets_stat 0 direct_qlen 1000
 Sent 145110091 bytes 97584 pkt (dropped 5012, overlimits 52417 requeues 0) 
 backlog 0b 0p requeues 0
qdisc pfifo 20: parent 1:10 limit 12p
 Sent 145110091 bytes 97584 pkt (dropped 5012, overlimits 0 requeues 0) 
 backlog 0b 0p requeues 0
======================================================================
Timestamp: 2026-04-28 17:26:56
qdisc htb 1: root refcnt 13 r2q 10 default 0x10 direct_packets_stat 0 direct_qlen 1000
 Sent 145566281 bytes 97892 pkt (dropped 5030, overlimits 52562 requeues 0) 
 backlog 14820b 2p requeues 0
qdisc pfifo 20: parent 1:10 limit 12p
 Sent 145566281 bytes 97892 pkt (dropped 5030, overlimits 0 requeues 0) 
 backlog 14820b 2p requeues 0
