  Time         s2-eth2      
HH:MM:SS   KB/s in  KB/s out
21:44:18      7.55    217.49
21:44:19     13.60    798.64
21:44:20      8.63    447.55
21:44:21     14.45    854.43
21:44:22      7.26    324.74
21:44:23      9.72    554.30
21:44:24      1.27      5.93
21:44:25      6.48    361.70
21:44:26      1.68      6.50
21:44:27      7.80    431.47
21:44:28      1.17      3.14
21:44:29     12.15    713.07
21:44:30      3.19     88.38
21:44:31     11.85    653.81
21:44:32      3.70    130.03
21:44:33      9.42    495.37
21:44:34      1.52      4.70
21:44:35      9.46    477.59
21:44:36     14.27    835.81
21:44:37     14.44    825.63
21:44:38     13.63    804.44
21:44:39      5.44    304.62
  Time         s2-eth2      
HH:MM:SS   KB/s in  KB/s out
21:44:40     14.57    854.95
21:44:41      6.58    365.55
21:44:42     14.38    854.36
21:44:43      5.53    305.00
21:44:44     14.38    854.31
21:44:45      6.39    355.17
21:44:46     13.81    806.25
21:44:47      2.13    109.48
21:44:48     14.19    854.38
21:44:49      7.21    385.82
21:44:50     13.53    799.24
21:44:51      0.80     28.53
21:44:52     14.42    854.46
21:44:53      2.60     35.86
21:44:54     13.90    811.37
21:44:55      8.97    491.55
21:44:56     12.92    761.97
21:44:57      3.57    189.24
21:44:58     12.25    713.89
21:44:59      6.15    350.31
21:45:00     11.82    668.94
21:45:01      9.84    573.09
  Time         s2-eth2      
HH:MM:SS   KB/s in  KB/s out
21:45:02     10.46    598.30
21:45:03      1.14     59.57
21:45:04     10.17    577.90
21:45:05      6.53    391.12
21:45:06      8.63    480.73
21:45:07      5.34    296.73
21:45:08      8.56    481.03
21:45:09     12.78    746.30
21:45:10      7.24    410.08
21:45:11     12.77    754.48
21:45:12      5.47    274.62
21:45:13     14.29    854.39
21:45:14      8.25    435.24
21:45:15     10.75    625.43
21:45:16      4.18    170.43
21:45:17      9.08    544.20
21:45:18      3.08    123.43
21:45:19     10.96    642.40
21:45:20      2.92     84.48
21:45:21     13.04    761.13
21:45:22      1.69      6.51
21:45:23     14.39    851.69
  Time         s2-eth2      
HH:MM:SS   KB/s in  KB/s out
21:45:24      8.59    383.63
21:45:25     13.62    805.94
21:45:26      3.07     61.43
21:45:27      8.44    466.46
21:45:28      1.78      5.49
21:45:29     12.22    681.27
21:45:30      6.29    253.24
21:45:31      6.43    309.09
21:45:32      1.94      5.49
21:45:33     10.77    578.79
21:45:34     13.95    783.10
21:45:35     12.99    744.33
21:45:36     14.29    854.33
21:45:37      6.77    368.08
21:45:38     10.22    609.11
21:45:39      1.51     52.94
21:45:40     14.02    826.09
21:45:41      3.36    179.71
21:45:42     14.39    853.55
21:45:43      6.58    370.19
21:45:44     13.44    788.05
21:45:45      0.42      2.59
  Time         s2-eth2      
HH:MM:SS   KB/s in  KB/s out
21:45:46     14.00    848.48
21:45:47      4.04    227.60
21:45:48     13.79    812.00
21:45:49      2.46    139.50
21:45:50     11.12    619.39
21:45:51      8.96    512.13
21:45:52     12.54    718.45
21:45:53      2.55    148.89
21:45:54     11.12    644.19
21:45:55      3.60    210.07
21:45:56     11.02    625.54
21:45:57      4.64    260.44
21:45:58      9.79    554.56
21:45:59      5.68    327.83
21:46:00      9.41    531.56
21:46:01      6.24    356.97
21:46:02      4.78    262.75
21:46:03      0.00      0.00
21:46:04      6.01    329.40
21:46:05      0.00      0.00
21:46:06      6.08    346.75
21:46:07      8.52    493.19
  Time         s2-eth2      
HH:MM:SS   KB/s in  KB/s out
21:46:08      6.20    346.72
21:46:09      8.65    502.28
21:46:10      5.06    278.53
21:46:11     10.03    585.44
21:46:12      4.21    233.67
21:46:13     10.22    585.86
21:46:14      3.46    186.25
21:46:15     11.26    656.12
21:46:16      2.83    121.59
21:46:17     12.77    734.04
21:46:18      0.97      4.20
21:46:19     14.19    838.41
21:46:20      2.40    111.83
21:46:21      8.94    500.87
21:46:22      0.92      2.35
21:46:23      9.79    557.03
21:46:24      0.51      1.57
21:46:25      7.18    365.04
21:46:26      0.76      2.35
21:46:27     10.53    557.55
21:46:28      9.28    489.36
21:46:29     11.22    663.78
  Time         s2-eth2      
HH:MM:SS   KB/s in  KB/s out
21:46:30     10.16    570.19
21:46:31     10.74    615.57
21:46:32     11.70    668.28
21:46:33      9.99    572.39
21:46:34      3.78    217.08
21:46:35      7.90    422.94
21:46:36      6.53    374.48
21:46:37      8.47    475.35
21:46:38      5.58    324.24
21:46:39      7.24    411.46
21:46:40      6.81    398.21
21:46:41      6.39    363.92
21:46:42      7.66    443.53
21:46:43      5.53    310.31
21:46:44      8.81    503.23
21:46:45      3.74    178.61
21:46:46     10.83    630.95
21:46:47      3.93    214.89
21:46:48     12.49    737.81
21:46:49      3.07    170.08
21:46:50     11.93    704.06
21:46:51      2.41    123.81
  Time         s2-eth2      
HH:MM:SS   KB/s in  KB/s out
21:46:52     13.34    789.11
21:46:53      1.75     79.00
21:46:54     13.07    764.87
21:46:55      0.80     24.11
21:46:56     13.34    746.90
21:46:57      3.59    186.77
21:46:58     14.02    828.91
21:46:59      1.86    100.45
21:47:00     13.81    791.43
21:47:01      2.93    166.37
21:47:02     11.02    620.44
21:47:03      0.00      0.00
21:47:04     12.07    693.55
21:47:05      2.08    113.16
21:47:06     11.31    645.98
21:47:07      2.27    129.72
21:47:08     10.93    622.63
21:47:09      3.31    191.17
21:47:10      9.80    553.42
21:47:11      5.77    336.30
21:47:12      8.56    493.86
21:47:13      5.77    329.53
  Time         s2-eth2      
HH:MM:SS   KB/s in  KB/s out
21:47:14      8.09    459.43
21:47:15      7.76    432.56
21:47:16      7.24    413.28
21:47:17      4.45    260.94
21:47:18      6.86    385.60
21:47:19      6.53    376.83
21:47:20      5.44    303.01
21:47:21      9.27    536.92
21:47:22      5.16    288.69
21:47:23      8.85    512.38
21:47:24      3.20    144.30
21:47:25     12.39    716.12
21:47:26      2.76    131.95
21:47:27      6.03    337.28
21:47:29      2.85    155.94
21:47:30     12.96    764.57
21:47:31      3.08     27.99
21:47:32      5.08    281.89
21:47:33      0.93      4.16
21:47:34     13.62    816.98
21:47:35      1.44      5.72
21:47:36     12.25    719.52
  Time         s2-eth2      
HH:MM:SS   KB/s in  KB/s out
21:47:37      2.15     69.02
