  Time         s2-eth2      
HH:MM:SS   KB/s in  KB/s out
18:44:00      3.41     79.52
18:44:01     14.04    768.45
18:44:02      8.89    567.71
18:44:03      3.79    251.67
18:44:04      0.77     17.15
18:44:05      6.25    362.59
18:44:06      0.25      3.06
18:44:07     12.67    817.38
18:44:08      3.50    233.11
18:44:09     12.83    753.63
18:44:10      7.66    491.82
18:44:11     11.77    728.34
18:44:12      9.28    578.33
18:44:13     11.40    680.76
18:44:14      8.42    528.05
18:44:15      9.90    633.51
18:44:16      9.27    595.59
18:44:17      8.85    597.01
18:44:18      9.46    610.01
18:44:19      8.94    549.16
18:44:20     10.12    656.22
18:44:21      8.00    503.18
  Time         s2-eth2      
HH:MM:SS   KB/s in  KB/s out
18:44:22     11.33    713.99
18:44:23      7.15    458.30
18:44:24      7.10    452.27
18:44:25      6.86    410.67
18:44:26      6.63    423.58
18:44:27      6.01    365.49
18:44:28     11.92    770.86
18:44:29      5.92    303.54
18:44:30     10.86    497.19
18:44:31     11.81    422.55
18:44:32     11.54    420.77
18:44:33     11.49    393.09
18:44:34     11.11    425.05
18:44:35     11.60    385.22
18:44:36     12.12    425.53
18:44:37     11.68    415.71
18:44:38     11.83    425.04
18:44:39     11.62    413.39
18:44:40     11.65    426.84
18:44:41     10.36    351.58
18:44:42     11.07    422.15
18:44:43     12.26    413.17
  Time         s2-eth2      
HH:MM:SS   KB/s in  KB/s out
18:44:44     11.45    425.21
18:44:45     10.97    409.22
18:44:46     11.49    423.71
18:44:47     10.46    368.58
18:44:48     10.98    425.02
18:44:49     11.59    409.95
18:44:50     11.27    423.91
18:44:51     11.05    408.09
18:44:52     11.54    424.99
18:44:53     12.00    421.19
18:44:54     10.86    386.13
18:44:55     11.34    422.45
18:44:56     11.21    411.94
18:44:57     11.92    423.83
18:44:58     11.68    400.08
18:44:59     11.64    426.64
18:45:00     11.68    416.95
18:45:01     11.83    426.47
18:45:02     11.78    416.29
18:45:03     11.64    423.78
18:45:04     11.33    422.32
18:45:05     10.87    345.80
  Time         s2-eth2      
HH:MM:SS   KB/s in  KB/s out
18:45:06     12.39    425.09
18:45:07     11.75    394.58
18:45:08     10.57    374.52
18:45:09      0.71     17.08
18:45:10     10.89    423.86
18:45:11     10.80    390.09
18:45:12     11.08    423.98
18:45:13     10.74    391.94
18:45:14     11.77    426.50
18:45:15     11.12    377.35
18:45:16     10.98    420.98
18:45:17     11.97    410.82
18:45:18     10.04    375.77
18:45:19      6.95    275.85
18:45:20     11.07    422.23
18:45:21      8.51    318.76
18:45:22     11.37    424.18
18:45:23     11.12    396.72
18:45:24     11.64    422.13
18:45:25      9.70    354.48
18:45:26     11.17    423.89
18:45:27     10.93    411.40
  Time         s2-eth2      
HH:MM:SS   KB/s in  KB/s out
18:45:28     11.27    421.10
18:45:29     11.31    414.92
18:45:30     11.17    422.22
18:45:31     11.97    417.75
18:45:32     11.64    426.47
18:45:33     11.59    416.05
18:45:34     11.64    426.56
18:45:35     11.81    411.27
18:45:36     11.83    426.47
18:45:37      9.70    340.24
18:45:38     11.07    423.57
18:45:39     11.78    408.96
18:45:40     11.07    393.10
18:45:41      4.97    181.89
18:45:42     11.54    422.11
18:45:43     11.12    412.98
18:45:44     11.54    422.22
18:45:45     11.24    413.24
18:45:46     11.26    422.18
18:45:47      9.89    375.18
18:45:48     11.83    425.26
18:45:49      9.79    360.99
  Time         s2-eth2      
HH:MM:SS   KB/s in  KB/s out
18:45:50     12.02    423.69
18:45:51     11.22    411.19
18:45:52     11.45    422.34
18:45:53     10.77    411.81
18:45:54     11.26    420.91
18:45:55     11.89    411.18
18:45:56     11.65    426.80
18:45:57     11.97    408.15
18:45:58     11.56    427.33
18:45:59     11.98    417.05
18:46:00     12.21    423.59
18:46:01     12.04    417.54
18:46:02     11.37    434.22
18:46:03     11.50    412.32
18:46:04     11.40    397.22
18:46:05      6.64    220.51
18:46:06     11.07    423.58
18:46:07     11.78    400.78
18:46:08     11.36    416.55
18:46:09     11.42    422.22
18:46:10     10.77    405.34
18:46:11     11.83    419.44
  Time         s2-eth2      
HH:MM:SS   KB/s in  KB/s out
18:46:12     11.78    413.50
18:46:13     11.64    425.02
18:46:14     10.17    371.93
18:46:15     12.11    426.56
18:46:16     11.22    396.22
18:46:17     11.26    422.13
18:46:18     11.31    409.27
18:46:19     11.07    420.78
18:46:20     11.68    410.70
18:46:21     11.18    422.52
18:46:22     11.21    411.02
18:46:23     10.98    425.13
18:46:24      3.66    128.75
18:46:25     11.34    404.90
18:46:26      8.80    306.29
18:46:27     10.26    384.28
18:46:28     11.64    422.33
18:46:29     10.84    385.80
18:46:30      6.10    256.11
18:46:31     10.83    673.44
18:46:32      1.77    105.31
18:46:33      9.89    621.68
  Time         s2-eth2      
HH:MM:SS   KB/s in  KB/s out
18:46:34     10.31    661.95
18:46:35      9.32    575.12
18:46:36      9.60    615.32
18:46:37      8.57    526.19
18:46:38     12.31    786.80
18:46:39      7.99    471.01
18:46:40     11.07    684.73
18:46:41      7.24    446.60
18:46:42     12.95    824.52
18:46:43     13.12    840.00
18:46:44     12.38    817.10
18:46:45     12.31    795.75
18:46:46      7.05    391.51
18:46:47      8.81    584.23
18:46:48      6.39    349.58
18:46:49     13.06    847.15
18:46:50      6.39    399.55
18:46:51     13.45    848.00
18:46:52      5.34    337.83
18:46:53     13.25    845.72
18:46:54      4.78    248.33
18:46:55     13.06    847.15
  Time         s2-eth2      
HH:MM:SS   KB/s in  KB/s out
18:46:56      6.86    417.73
18:46:57     13.06    845.78
18:46:58      3.45    200.04
18:46:59     13.25    845.68
18:47:00      2.70    171.05
18:47:01     12.96    844.24
18:47:02      6.29    353.26
18:47:03      9.19    605.49
18:47:04      0.42      5.52
18:47:05     13.48    827.38
18:47:06      2.05    139.52
18:47:07     12.95    800.18
18:47:08      4.92    323.41
18:47:09     12.35    760.24
18:47:10      7.10    467.27
18:47:11     11.68    716.78
18:47:12      6.91    448.22
18:47:13     10.64    671.98
18:47:14      9.37    622.96
18:47:15      9.60    627.16
18:47:16      9.94    626.56
18:47:17      8.85    585.31
  Time         s2-eth2      
HH:MM:SS   KB/s in  KB/s out
18:47:18      2.03    126.39
18:47:19      9.03    537.52
