Starting TC Qdisc Monitoring for s1-eth2
Timestamp, Qdisc Stats
======================================================================
Timestamp: 2026-04-02 15:08:07
qdisc htb 1: root refcnt 13 r2q 10 default 0x10 direct_packets_stat 0 direct_qlen 1000
 Sent 7569 bytes 36 pkt (dropped 0, overlimits 2 requeues 0) 
 backlog 0b 0p requeues 0
qdisc pfifo 20: parent 1:10 limit 12p
 Sent 7569 bytes 36 pkt (dropped 0, overlimits 0 requeues 0) 
 backlog 0b 0p requeues 0
======================================================================
Timestamp: 2026-04-02 15:08:08
qdisc htb 1: root refcnt 13 r2q 10 default 0x10 direct_packets_stat 0 direct_qlen 1000
 Sent 225399 bytes 188 pkt (dropped 13, overlimits 97 requeues 0) 
 backlog 10293b 5p requeues 0
qdisc pfifo 20: parent 1:10 limit 12p
 Sent 225399 bytes 188 pkt (dropped 13, overlimits 0 requeues 0) 
 backlog 10293b 5p requeues 0
======================================================================
Timestamp: 2026-04-02 15:08:09
qdisc htb 1: root refcnt 13 r2q 10 default 0x10 direct_packets_stat 0 direct_qlen 1000
 Sent 1014639 bytes 722 pkt (dropped 61, overlimits 497 requeues 0) 
 backlog 22230b 11p requeues 0
qdisc pfifo 20: parent 1:10 limit 12p
 Sent 1014639 bytes 722 pkt (dropped 61, overlimits 0 requeues 0) 
 backlog 22230b 11p requeues 0
======================================================================
Timestamp: 2026-04-02 15:08:10
qdisc htb 1: root refcnt 13 r2q 10 default 0x10 direct_packets_stat 0 direct_qlen 1000
 Sent 1812859 bytes 1264 pkt (dropped 108, overlimits 907 requeues 0) 
 backlog 19266b 10p requeues 0
qdisc pfifo 20: parent 1:10 limit 12p
 Sent 1812859 bytes 1264 pkt (dropped 108, overlimits 0 requeues 0) 
 backlog 19266b 10p requeues 0
======================================================================
Timestamp: 2026-04-02 15:08:11
qdisc htb 1: root refcnt 13 r2q 10 default 0x10 direct_packets_stat 0 direct_qlen 1000
 Sent 2688791 bytes 1856 pkt (dropped 155, overlimits 1345 requeues 0) 
 backlog 20748b 10p requeues 0
qdisc pfifo 20: parent 1:10 limit 12p
 Sent 2688791 bytes 1856 pkt (dropped 155, overlimits 0 requeues 0) 
 backlog 20748b 10p requeues 0
======================================================================
Timestamp: 2026-04-02 15:08:12
qdisc htb 1: root refcnt 13 r2q 10 default 0x10 direct_packets_stat 0 direct_qlen 1000
 Sent 3082637 bytes 2125 pkt (dropped 168, overlimits 1552 requeues 0) 
 backlog 22230b 11p requeues 0
qdisc pfifo 20: parent 1:10 limit 12p
 Sent 3082637 bytes 2125 pkt (dropped 168, overlimits 0 requeues 0) 
 backlog 22230b 11p requeues 0
======================================================================
Timestamp: 2026-04-02 15:08:13
qdisc htb 1: root refcnt 13 r2q 10 default 0x10 direct_packets_stat 0 direct_qlen 1000
 Sent 3961463 bytes 2718 pkt (dropped 211, overlimits 1990 requeues 0) 
 backlog 22230b 11p requeues 0
qdisc pfifo 20: parent 1:10 limit 12p
 Sent 3961463 bytes 2718 pkt (dropped 211, overlimits 0 requeues 0) 
 backlog 22230b 11p requeues 0
======================================================================
Timestamp: 2026-04-02 15:08:14
qdisc htb 1: root refcnt 13 r2q 10 default 0x10 direct_packets_stat 0 direct_qlen 1000
 Sent 4299017 bytes 2949 pkt (dropped 231, overlimits 2164 requeues 0) 
 backlog 20748b 11p requeues 0
qdisc pfifo 20: parent 1:10 limit 12p
 Sent 4299017 bytes 2949 pkt (dropped 231, overlimits 0 requeues 0) 
 backlog 20748b 11p requeues 0
======================================================================
Timestamp: 2026-04-02 15:08:15
qdisc htb 1: root refcnt 13 r2q 10 default 0x10 direct_packets_stat 0 direct_qlen 1000
 Sent 5176361 bytes 3541 pkt (dropped 279, overlimits 2601 requeues 0) 
 backlog 22230b 12p requeues 0
qdisc pfifo 20: parent 1:10 limit 12p
 Sent 5176361 bytes 3541 pkt (dropped 279, overlimits 0 requeues 0) 
 backlog 22230b 12p requeues 0
======================================================================
Timestamp: 2026-04-02 15:08:16
qdisc htb 1: root refcnt 13 r2q 10 default 0x10 direct_packets_stat 0 direct_qlen 1000
 Sent 5522954 bytes 3777 pkt (dropped 295, overlimits 2782 requeues 0) 
 backlog 20748b 11p requeues 0
qdisc pfifo 20: parent 1:10 limit 12p
 Sent 5522954 bytes 3777 pkt (dropped 295, overlimits 0 requeues 0) 
 backlog 20748b 11p requeues 0
======================================================================
Timestamp: 2026-04-02 15:08:17
qdisc htb 1: root refcnt 13 r2q 10 default 0x10 direct_packets_stat 0 direct_qlen 1000
 Sent 6227749 bytes 4255 pkt (dropped 328, overlimits 3129 requeues 0) 
 backlog 0b 0p requeues 0
qdisc pfifo 20: parent 1:10 limit 12p
 Sent 6227749 bytes 4255 pkt (dropped 328, overlimits 0 requeues 0) 
 backlog 0b 0p requeues 0
======================================================================
Timestamp: 2026-04-02 15:08:18
qdisc htb 1: root refcnt 13 r2q 10 default 0x10 direct_packets_stat 0 direct_qlen 1000
 Sent 6355733 bytes 4342 pkt (dropped 339, overlimits 3198 requeues 0) 
 backlog 22230b 11p requeues 0
qdisc pfifo 20: parent 1:10 limit 12p
 Sent 6355733 bytes 4342 pkt (dropped 339, overlimits 0 requeues 0) 
 backlog 22230b 11p requeues 0
======================================================================
Timestamp: 2026-04-02 15:08:19
qdisc htb 1: root refcnt 13 r2q 10 default 0x10 direct_packets_stat 0 direct_qlen 1000
 Sent 7202029 bytes 4914 pkt (dropped 385, overlimits 3623 requeues 0) 
 backlog 0b 0p requeues 0
qdisc pfifo 20: parent 1:10 limit 12p
 Sent 7202029 bytes 4914 pkt (dropped 385, overlimits 0 requeues 0) 
 backlog 0b 0p requeues 0
======================================================================
Timestamp: 2026-04-02 15:08:20
qdisc htb 1: root refcnt 13 r2q 10 default 0x10 direct_packets_stat 0 direct_qlen 1000
 Sent 7286232 bytes 4971 pkt (dropped 393, overlimits 3670 requeues 0) 
 backlog 22230b 11p requeues 0
qdisc pfifo 20: parent 1:10 limit 12p
 Sent 7286232 bytes 4971 pkt (dropped 393, overlimits 0 requeues 0) 
 backlog 22230b 11p requeues 0
======================================================================
Timestamp: 2026-04-02 15:08:21
qdisc htb 1: root refcnt 13 r2q 10 default 0x10 direct_packets_stat 0 direct_qlen 1000
 Sent 8163576 bytes 5563 pkt (dropped 437, overlimits 4109 requeues 0) 
 backlog 22230b 11p requeues 0
qdisc pfifo 20: parent 1:10 limit 12p
 Sent 8163576 bytes 5563 pkt (dropped 437, overlimits 0 requeues 0) 
 backlog 22230b 11p requeues 0
======================================================================
Timestamp: 2026-04-02 15:08:22
qdisc htb 1: root refcnt 13 r2q 10 default 0x10 direct_packets_stat 0 direct_qlen 1000
 Sent 8276438 bytes 5641 pkt (dropped 445, overlimits 4171 requeues 0) 
 backlog 19266b 10p requeues 0
qdisc pfifo 20: parent 1:10 limit 12p
 Sent 8276438 bytes 5641 pkt (dropped 445, overlimits 0 requeues 0) 
 backlog 19266b 10p requeues 0
======================================================================
Timestamp: 2026-04-02 15:08:23
qdisc htb 1: root refcnt 13 r2q 10 default 0x10 direct_packets_stat 0 direct_qlen 1000
 Sent 8805606 bytes 5999 pkt (dropped 470, overlimits 4436 requeues 0) 
 backlog 0b 0p requeues 0
qdisc pfifo 20: parent 1:10 limit 12p
 Sent 8805606 bytes 5999 pkt (dropped 470, overlimits 0 requeues 0) 
 backlog 0b 0p requeues 0
======================================================================
Timestamp: 2026-04-02 15:08:24
qdisc htb 1: root refcnt 13 r2q 10 default 0x10 direct_packets_stat 0 direct_qlen 1000
 Sent 8808300 bytes 6001 pkt (dropped 470, overlimits 4437 requeues 0) 
 backlog 0b 0p requeues 0
qdisc pfifo 20: parent 1:10 limit 12p
 Sent 8808300 bytes 6001 pkt (dropped 470, overlimits 0 requeues 0) 
 backlog 0b 0p requeues 0
======================================================================
Timestamp: 2026-04-02 15:08:25
qdisc htb 1: root refcnt 13 r2q 10 default 0x10 direct_packets_stat 0 direct_qlen 1000
 Sent 9536963 bytes 6495 pkt (dropped 510, overlimits 4807 requeues 0) 
 backlog 0b 0p requeues 0
qdisc pfifo 20: parent 1:10 limit 12p
 Sent 9536963 bytes 6495 pkt (dropped 510, overlimits 0 requeues 0) 
 backlog 0b 0p requeues 0
======================================================================
Timestamp: 2026-04-02 15:08:26
qdisc htb 1: root refcnt 13 r2q 10 default 0x10 direct_packets_stat 0 direct_qlen 1000
 Sent 9537033 bytes 6496 pkt (dropped 510, overlimits 4807 requeues 0) 
 backlog 0b 0p requeues 0
qdisc pfifo 20: parent 1:10 limit 12p
 Sent 9537033 bytes 6496 pkt (dropped 510, overlimits 0 requeues 0) 
 backlog 0b 0p requeues 0
======================================================================
Timestamp: 2026-04-02 15:08:27
qdisc htb 1: root refcnt 13 r2q 10 default 0x10 direct_packets_stat 0 direct_qlen 1000
 Sent 10369647 bytes 7058 pkt (dropped 560, overlimits 5231 requeues 0) 
 backlog 21932b 11p requeues 0
qdisc pfifo 20: parent 1:10 limit 12p
 Sent 10369647 bytes 7058 pkt (dropped 560, overlimits 0 requeues 0) 
 backlog 21932b 11p requeues 0
======================================================================
Timestamp: 2026-04-02 15:08:28
qdisc htb 1: root refcnt 13 r2q 10 default 0x10 direct_packets_stat 0 direct_qlen 1000
 Sent 10393158 bytes 7075 pkt (dropped 560, overlimits 5243 requeues 0) 
 backlog 0b 0p requeues 0
qdisc pfifo 20: parent 1:10 limit 12p
 Sent 10393158 bytes 7075 pkt (dropped 560, overlimits 0 requeues 0) 
 backlog 0b 0p requeues 0
======================================================================
Timestamp: 2026-04-02 15:08:29
qdisc htb 1: root refcnt 13 r2q 10 default 0x10 direct_packets_stat 0 direct_qlen 1000
 Sent 11021412 bytes 7501 pkt (dropped 592, overlimits 5558 requeues 0) 
 backlog 0b 0p requeues 0
qdisc pfifo 20: parent 1:10 limit 12p
 Sent 11021412 bytes 7501 pkt (dropped 592, overlimits 0 requeues 0) 
 backlog 0b 0p requeues 0
======================================================================
Timestamp: 2026-04-02 15:08:30
qdisc htb 1: root refcnt 13 r2q 10 default 0x10 direct_packets_stat 0 direct_qlen 1000
 Sent 11021633 bytes 7502 pkt (dropped 592, overlimits 5558 requeues 0) 
 backlog 0b 0p requeues 0
qdisc pfifo 20: parent 1:10 limit 12p
 Sent 11021633 bytes 7502 pkt (dropped 592, overlimits 0 requeues 0) 
 backlog 0b 0p requeues 0
======================================================================
Timestamp: 2026-04-02 15:08:31
qdisc htb 1: root refcnt 13 r2q 10 default 0x10 direct_packets_stat 0 direct_qlen 1000
 Sent 11766808 bytes 8005 pkt (dropped 629, overlimits 5938 requeues 0) 
 backlog 19266b 10p requeues 0
qdisc pfifo 20: parent 1:10 limit 12p
 Sent 11766808 bytes 8005 pkt (dropped 629, overlimits 0 requeues 0) 
 backlog 19266b 10p requeues 0
======================================================================
Timestamp: 2026-04-02 15:08:32
qdisc htb 1: root refcnt 13 r2q 10 default 0x10 direct_packets_stat 0 direct_qlen 1000
 Sent 11819174 bytes 8042 pkt (dropped 629, overlimits 5966 requeues 0) 
 backlog 0b 0p requeues 0
qdisc pfifo 20: parent 1:10 limit 12p
 Sent 11819174 bytes 8042 pkt (dropped 629, overlimits 0 requeues 0) 
 backlog 0b 0p requeues 0
======================================================================
Timestamp: 2026-04-02 15:08:33
qdisc htb 1: root refcnt 13 r2q 10 default 0x10 direct_packets_stat 0 direct_qlen 1000
 Sent 12527299 bytes 8520 pkt (dropped 667, overlimits 6327 requeues 0) 
 backlog 23712b 12p requeues 0
qdisc pfifo 20: parent 1:10 limit 12p
 Sent 12527299 bytes 8520 pkt (dropped 667, overlimits 0 requeues 0) 
 backlog 23712b 12p requeues 0
======================================================================
Timestamp: 2026-04-02 15:08:34
qdisc htb 1: root refcnt 13 r2q 10 default 0x10 direct_packets_stat 0 direct_qlen 1000
 Sent 12650815 bytes 8606 pkt (dropped 673, overlimits 6388 requeues 0) 
 backlog 0b 0p requeues 0
qdisc pfifo 20: parent 1:10 limit 12p
 Sent 12650815 bytes 8606 pkt (dropped 673, overlimits 0 requeues 0) 
 backlog 0b 0p requeues 0
======================================================================
Timestamp: 2026-04-02 15:08:35
qdisc htb 1: root refcnt 13 r2q 10 default 0x10 direct_packets_stat 0 direct_qlen 1000
 Sent 13139030 bytes 8938 pkt (dropped 702, overlimits 6639 requeues 0) 
 backlog 0b 0p requeues 0
qdisc pfifo 20: parent 1:10 limit 12p
 Sent 13139030 bytes 8938 pkt (dropped 702, overlimits 0 requeues 0) 
 backlog 0b 0p requeues 0
======================================================================
Timestamp: 2026-04-02 15:08:36
qdisc htb 1: root refcnt 13 r2q 10 default 0x10 direct_packets_stat 0 direct_qlen 1000
 Sent 13139030 bytes 8938 pkt (dropped 702, overlimits 6639 requeues 0) 
 backlog 0b 0p requeues 0
qdisc pfifo 20: parent 1:10 limit 12p
 Sent 13139030 bytes 8938 pkt (dropped 702, overlimits 0 requeues 0) 
 backlog 0b 0p requeues 0
======================================================================
Timestamp: 2026-04-02 15:08:37
qdisc htb 1: root refcnt 13 r2q 10 default 0x10 direct_packets_stat 0 direct_qlen 1000
 Sent 13741933 bytes 9345 pkt (dropped 738, overlimits 6944 requeues 0) 
 backlog 22230b 11p requeues 0
qdisc pfifo 20: parent 1:10 limit 12p
 Sent 13741933 bytes 9345 pkt (dropped 738, overlimits 0 requeues 0) 
 backlog 22230b 11p requeues 0
======================================================================
Timestamp: 2026-04-02 15:08:38
qdisc htb 1: root refcnt 13 r2q 10 default 0x10 direct_packets_stat 0 direct_qlen 1000
 Sent 13957601 bytes 9500 pkt (dropped 748, overlimits 7054 requeues 0) 
 backlog 0b 0p requeues 0
qdisc pfifo 20: parent 1:10 limit 12p
 Sent 13957601 bytes 9500 pkt (dropped 748, overlimits 0 requeues 0) 
 backlog 0b 0p requeues 0
======================================================================
Timestamp: 2026-04-02 15:08:39
qdisc htb 1: root refcnt 13 r2q 10 default 0x10 direct_packets_stat 0 direct_qlen 1000
 Sent 14768324 bytes 10052 pkt (dropped 855, overlimits 7519 requeues 0) 
 backlog 22230b 11p requeues 0
qdisc pfifo 20: parent 1:10 limit 12p
 Sent 14768324 bytes 10052 pkt (dropped 855, overlimits 0 requeues 0) 
 backlog 22230b 11p requeues 0
======================================================================
Timestamp: 2026-04-02 15:08:40
qdisc htb 1: root refcnt 13 r2q 10 default 0x10 direct_packets_stat 0 direct_qlen 1000
 Sent 15470210 bytes 10524 pkt (dropped 875, overlimits 7911 requeues 0) 
 backlog 7570b 5p requeues 0
qdisc pfifo 20: parent 1:10 limit 12p
 Sent 15470210 bytes 10524 pkt (dropped 875, overlimits 0 requeues 0) 
 backlog 7570b 5p requeues 0
======================================================================
Timestamp: 2026-04-02 15:08:41
qdisc htb 1: root refcnt 13 r2q 10 default 0x10 direct_packets_stat 0 direct_qlen 1000
 Sent 16349722 bytes 11111 pkt (dropped 984, overlimits 8435 requeues 0) 
 backlog 19266b 10p requeues 0
qdisc pfifo 20: parent 1:10 limit 12p
 Sent 16349722 bytes 11111 pkt (dropped 984, overlimits 0 requeues 0) 
 backlog 19266b 10p requeues 0
======================================================================
Timestamp: 2026-04-02 15:08:42
qdisc htb 1: root refcnt 13 r2q 10 default 0x10 direct_packets_stat 0 direct_qlen 1000
 Sent 16957681 bytes 11515 pkt (dropped 988, overlimits 8795 requeues 0) 
 backlog 10598b 7p requeues 0
qdisc pfifo 20: parent 1:10 limit 12p
 Sent 16957681 bytes 11515 pkt (dropped 988, overlimits 0 requeues 0) 
 backlog 10598b 7p requeues 0
======================================================================
Timestamp: 2026-04-02 15:08:43
qdisc htb 1: root refcnt 13 r2q 10 default 0x10 direct_packets_stat 0 direct_qlen 1000
 Sent 17837303 bytes 12101 pkt (dropped 1118, overlimits 9338 requeues 0) 
 backlog 17848b 9p requeues 0
qdisc pfifo 20: parent 1:10 limit 12p
 Sent 17837303 bytes 12101 pkt (dropped 1118, overlimits 0 requeues 0) 
 backlog 17848b 9p requeues 0
======================================================================
Timestamp: 2026-04-02 15:08:44
qdisc htb 1: root refcnt 13 r2q 10 default 0x10 direct_packets_stat 0 direct_qlen 1000
 Sent 18533833 bytes 12565 pkt (dropped 1124, overlimits 9754 requeues 0) 
 backlog 9084b 6p requeues 0
qdisc pfifo 20: parent 1:10 limit 12p
 Sent 18533833 bytes 12565 pkt (dropped 1124, overlimits 0 requeues 0) 
 backlog 9084b 6p requeues 0
======================================================================
Timestamp: 2026-04-02 15:08:45
qdisc htb 1: root refcnt 13 r2q 10 default 0x10 direct_packets_stat 0 direct_qlen 1000
 Sent 19414847 bytes 13154 pkt (dropped 1241, overlimits 10291 requeues 0) 
 backlog 14852b 8p requeues 0
qdisc pfifo 20: parent 1:10 limit 12p
 Sent 19414847 bytes 13154 pkt (dropped 1241, overlimits 0 requeues 0) 
 backlog 14852b 8p requeues 0
======================================================================
Timestamp: 2026-04-02 15:08:46
qdisc htb 1: root refcnt 13 r2q 10 default 0x10 direct_packets_stat 0 direct_qlen 1000
 Sent 19964436 bytes 13525 pkt (dropped 1269, overlimits 10560 requeues 0) 
 backlog 0b 0p requeues 0
qdisc pfifo 20: parent 1:10 limit 12p
 Sent 19964436 bytes 13525 pkt (dropped 1269, overlimits 0 requeues 0) 
 backlog 0b 0p requeues 0
======================================================================
Timestamp: 2026-04-02 15:08:47
qdisc htb 1: root refcnt 13 r2q 10 default 0x10 direct_packets_stat 0 direct_qlen 1000
 Sent 20716357 bytes 14026 pkt (dropped 1371, overlimits 10994 requeues 0) 
 backlog 22294b 12p requeues 0
qdisc pfifo 20: parent 1:10 limit 12p
 Sent 20716357 bytes 14026 pkt (dropped 1371, overlimits 0 requeues 0) 
 backlog 22294b 12p requeues 0
======================================================================
Timestamp: 2026-04-02 15:08:48
qdisc htb 1: root refcnt 13 r2q 10 default 0x10 direct_packets_stat 0 direct_qlen 1000
 Sent 21437723 bytes 14508 pkt (dropped 1407, overlimits 11423 requeues 0) 
 backlog 4542b 3p requeues 0
qdisc pfifo 20: parent 1:10 limit 12p
 Sent 21437723 bytes 14508 pkt (dropped 1407, overlimits 0 requeues 0) 
 backlog 4542b 3p requeues 0
======================================================================
Timestamp: 2026-04-02 15:08:49
qdisc htb 1: root refcnt 13 r2q 10 default 0x10 direct_packets_stat 0 direct_qlen 1000
 Sent 22316622 bytes 15092 pkt (dropped 1458, overlimits 12002 requeues 0) 
 backlog 13434b 9p requeues 0
qdisc pfifo 20: parent 1:10 limit 12p
 Sent 22316622 bytes 15092 pkt (dropped 1458, overlimits 0 requeues 0) 
 backlog 13434b 9p requeues 0
======================================================================
Timestamp: 2026-04-02 15:08:50
qdisc htb 1: root refcnt 13 r2q 10 default 0x10 direct_packets_stat 0 direct_qlen 1000
 Sent 23194362 bytes 15682 pkt (dropped 1496, overlimits 12592 requeues 0) 
 backlog 14948b 10p requeues 0
qdisc pfifo 20: parent 1:10 limit 12p
 Sent 23194362 bytes 15682 pkt (dropped 1496, overlimits 0 requeues 0) 
 backlog 14948b 10p requeues 0
======================================================================
Timestamp: 2026-04-02 15:08:51
qdisc htb 1: root refcnt 13 r2q 10 default 0x10 direct_packets_stat 0 direct_qlen 1000
 Sent 23910182 bytes 16161 pkt (dropped 1544, overlimits 13032 requeues 0) 
 backlog 13370b 9p requeues 0
qdisc pfifo 20: parent 1:10 limit 12p
 Sent 23910182 bytes 16161 pkt (dropped 1544, overlimits 0 requeues 0) 
 backlog 13370b 9p requeues 0
======================================================================
Timestamp: 2026-04-02 15:08:52
qdisc htb 1: root refcnt 13 r2q 10 default 0x10 direct_packets_stat 0 direct_qlen 1000
 Sent 24735326 bytes 16718 pkt (dropped 1585, overlimits 13582 requeues 0) 
 backlog 8892b 6p requeues 0
qdisc pfifo 20: parent 1:10 limit 12p
 Sent 24735326 bytes 16718 pkt (dropped 1585, overlimits 0 requeues 0) 
 backlog 8892b 6p requeues 0
======================================================================
Timestamp: 2026-04-02 15:08:53
qdisc htb 1: root refcnt 13 r2q 10 default 0x10 direct_packets_stat 0 direct_qlen 1000
 Sent 25553140 bytes 17269 pkt (dropped 1627, overlimits 14121 requeues 0) 
 backlog 16334b 11p requeues 0
qdisc pfifo 20: parent 1:10 limit 12p
 Sent 25553140 bytes 17269 pkt (dropped 1627, overlimits 0 requeues 0) 
 backlog 16334b 11p requeues 0
======================================================================
Timestamp: 2026-04-02 15:08:54
qdisc htb 1: root refcnt 13 r2q 10 default 0x10 direct_packets_stat 0 direct_qlen 1000
 Sent 26431412 bytes 17861 pkt (dropped 1661, overlimits 14713 requeues 0) 
 backlog 7410b 5p requeues 0
qdisc pfifo 20: parent 1:10 limit 12p
 Sent 26431412 bytes 17861 pkt (dropped 1661, overlimits 0 requeues 0) 
 backlog 7410b 5p requeues 0
======================================================================
Timestamp: 2026-04-02 15:08:55
qdisc htb 1: root refcnt 13 r2q 10 default 0x10 direct_packets_stat 0 direct_qlen 1000
 Sent 27086728 bytes 18303 pkt (dropped 1693, overlimits 15127 requeues 0) 
 backlog 14884b 10p requeues 0
qdisc pfifo 20: parent 1:10 limit 12p
 Sent 27086728 bytes 18303 pkt (dropped 1693, overlimits 0 requeues 0) 
 backlog 14884b 10p requeues 0
======================================================================
Timestamp: 2026-04-02 15:08:56
qdisc htb 1: root refcnt 13 r2q 10 default 0x10 direct_packets_stat 0 direct_qlen 1000
 Sent 27964190 bytes 18894 pkt (dropped 1726, overlimits 15718 requeues 0) 
 backlog 11856b 8p requeues 0
qdisc pfifo 20: parent 1:10 limit 12p
 Sent 27964190 bytes 18894 pkt (dropped 1726, overlimits 0 requeues 0) 
 backlog 11856b 8p requeues 0
======================================================================
Timestamp: 2026-04-02 15:08:57
qdisc htb 1: root refcnt 13 r2q 10 default 0x10 direct_packets_stat 0 direct_qlen 1000
 Sent 28578492 bytes 19306 pkt (dropped 1754, overlimits 16084 requeues 0) 
 backlog 14916b 9p requeues 0
qdisc pfifo 20: parent 1:10 limit 12p
 Sent 28578492 bytes 19306 pkt (dropped 1754, overlimits 0 requeues 0) 
 backlog 14916b 9p requeues 0
======================================================================
Timestamp: 2026-04-02 15:08:58
qdisc htb 1: root refcnt 13 r2q 10 default 0x10 direct_packets_stat 0 direct_qlen 1000
 Sent 29457118 bytes 19899 pkt (dropped 1808, overlimits 16673 requeues 0) 
 backlog 13370b 9p requeues 0
qdisc pfifo 20: parent 1:10 limit 12p
 Sent 29457118 bytes 19899 pkt (dropped 1808, overlimits 0 requeues 0) 
 backlog 13370b 9p requeues 0
======================================================================
Timestamp: 2026-04-02 15:08:59
qdisc htb 1: root refcnt 13 r2q 10 default 0x10 direct_packets_stat 0 direct_qlen 1000
 Sent 30147724 bytes 20362 pkt (dropped 1841, overlimits 17089 requeues 0) 
 backlog 13338b 9p requeues 0
qdisc pfifo 20: parent 1:10 limit 12p
 Sent 30147724 bytes 20362 pkt (dropped 1841, overlimits 0 requeues 0) 
 backlog 13338b 9p requeues 0
======================================================================
Timestamp: 2026-04-02 15:09:00
qdisc htb 1: root refcnt 13 r2q 10 default 0x10 direct_packets_stat 0 direct_qlen 1000
 Sent 31026188 bytes 20954 pkt (dropped 1880, overlimits 17681 requeues 0) 
 backlog 16366b 11p requeues 0
qdisc pfifo 20: parent 1:10 limit 12p
 Sent 31026188 bytes 20954 pkt (dropped 1880, overlimits 0 requeues 0) 
 backlog 16366b 11p requeues 0
======================================================================
Timestamp: 2026-04-02 15:09:01
qdisc htb 1: root refcnt 13 r2q 10 default 0x10 direct_packets_stat 0 direct_qlen 1000
 Sent 31659526 bytes 21376 pkt (dropped 1897, overlimits 18047 requeues 0) 
 backlog 19362b 12p requeues 0
qdisc pfifo 20: parent 1:10 limit 12p
 Sent 31659526 bytes 21376 pkt (dropped 1897, overlimits 0 requeues 0) 
 backlog 19362b 12p requeues 0
======================================================================
Timestamp: 2026-04-02 15:09:02
qdisc htb 1: root refcnt 13 r2q 10 default 0x10 direct_packets_stat 0 direct_qlen 1000
 Sent 32435763 bytes 21900 pkt (dropped 1963, overlimits 18556 requeues 0) 
 backlog 0b 0p requeues 0
qdisc pfifo 20: parent 1:10 limit 12p
 Sent 32435763 bytes 21900 pkt (dropped 1963, overlimits 0 requeues 0) 
 backlog 0b 0p requeues 0
======================================================================
Timestamp: 2026-04-02 15:09:03
qdisc htb 1: root refcnt 13 r2q 10 default 0x10 direct_packets_stat 0 direct_qlen 1000
 Sent 33221194 bytes 22419 pkt (dropped 1963, overlimits 19040 requeues 0) 
 backlog 13626b 9p requeues 0
qdisc pfifo 20: parent 1:10 limit 12p
 Sent 33221194 bytes 22419 pkt (dropped 1963, overlimits 0 requeues 0) 
 backlog 13626b 9p requeues 0
======================================================================
Timestamp: 2026-04-02 15:09:04
qdisc htb 1: root refcnt 13 r2q 10 default 0x10 direct_packets_stat 0 direct_qlen 1000
 Sent 34104478 bytes 23013 pkt (dropped 2055, overlimits 19629 requeues 0) 
 backlog 16366b 11p requeues 0
qdisc pfifo 20: parent 1:10 limit 12p
 Sent 34104478 bytes 23013 pkt (dropped 2055, overlimits 0 requeues 0) 
 backlog 16366b 11p requeues 0
======================================================================
Timestamp: 2026-04-02 15:09:05
qdisc htb 1: root refcnt 13 r2q 10 default 0x10 direct_packets_stat 0 direct_qlen 1000
 Sent 34563453 bytes 23320 pkt (dropped 2055, overlimits 19893 requeues 0) 
 backlog 7570b 5p requeues 0
qdisc pfifo 20: parent 1:10 limit 12p
 Sent 34563453 bytes 23320 pkt (dropped 2055, overlimits 0 requeues 0) 
 backlog 7570b 5p requeues 0
======================================================================
Timestamp: 2026-04-02 15:09:06
qdisc htb 1: root refcnt 13 r2q 10 default 0x10 direct_packets_stat 0 direct_qlen 1000
 Sent 35442202 bytes 23910 pkt (dropped 2123, overlimits 20472 requeues 0) 
 backlog 10374b 7p requeues 0
qdisc pfifo 20: parent 1:10 limit 12p
 Sent 35442202 bytes 23910 pkt (dropped 2123, overlimits 0 requeues 0) 
 backlog 10374b 7p requeues 0
======================================================================
Timestamp: 2026-04-02 15:09:07
qdisc htb 1: root refcnt 13 r2q 10 default 0x10 direct_packets_stat 0 direct_qlen 1000
 Sent 36099057 bytes 24348 pkt (dropped 2130, overlimits 20856 requeues 0) 
 backlog 3028b 2p requeues 0
qdisc pfifo 20: parent 1:10 limit 12p
 Sent 36099057 bytes 24348 pkt (dropped 2130, overlimits 0 requeues 0) 
 backlog 3028b 2p requeues 0
======================================================================
Timestamp: 2026-04-02 15:09:08
qdisc htb 1: root refcnt 13 r2q 10 default 0x10 direct_packets_stat 0 direct_qlen 1000
 Sent 36978160 bytes 24939 pkt (dropped 2199, overlimits 21441 requeues 0) 
 backlog 16334b 11p requeues 0
qdisc pfifo 20: parent 1:10 limit 12p
 Sent 36978160 bytes 24939 pkt (dropped 2199, overlimits 0 requeues 0) 
 backlog 16334b 11p requeues 0
======================================================================
Timestamp: 2026-04-02 15:09:09
qdisc htb 1: root refcnt 13 r2q 10 default 0x10 direct_packets_stat 0 direct_qlen 1000
 Sent 37676900 bytes 25404 pkt (dropped 2200, overlimits 21856 requeues 0) 
 backlog 12112b 8p requeues 0
qdisc pfifo 20: parent 1:10 limit 12p
 Sent 37676900 bytes 25404 pkt (dropped 2200, overlimits 0 requeues 0) 
 backlog 12112b 8p requeues 0
======================================================================
Timestamp: 2026-04-02 15:09:10
qdisc htb 1: root refcnt 13 r2q 10 default 0x10 direct_packets_stat 0 direct_qlen 1000
 Sent 38555554 bytes 25994 pkt (dropped 2283, overlimits 22441 requeues 0) 
 backlog 17848b 12p requeues 0
qdisc pfifo 20: parent 1:10 limit 12p
 Sent 38555554 bytes 25994 pkt (dropped 2283, overlimits 0 requeues 0) 
 backlog 17848b 12p requeues 0
======================================================================
Timestamp: 2026-04-02 15:09:11
qdisc htb 1: root refcnt 13 r2q 10 default 0x10 direct_packets_stat 0 direct_qlen 1000
 Sent 39229463 bytes 26444 pkt (dropped 2300, overlimits 22846 requeues 0) 
 backlog 12112b 8p requeues 0
qdisc pfifo 20: parent 1:10 limit 12p
 Sent 39229463 bytes 26444 pkt (dropped 2300, overlimits 0 requeues 0) 
 backlog 12112b 8p requeues 0
======================================================================
Timestamp: 2026-04-02 15:09:12
qdisc htb 1: root refcnt 13 r2q 10 default 0x10 direct_packets_stat 0 direct_qlen 1000
 Sent 40105686 bytes 27031 pkt (dropped 2377, overlimits 23425 requeues 0) 
 backlog 8892b 6p requeues 0
qdisc pfifo 20: parent 1:10 limit 12p
 Sent 40105686 bytes 27031 pkt (dropped 2377, overlimits 0 requeues 0) 
 backlog 8892b 6p requeues 0
======================================================================
Timestamp: 2026-04-02 15:09:13
qdisc htb 1: root refcnt 13 r2q 10 default 0x10 direct_packets_stat 0 direct_qlen 1000
 Sent 40770234 bytes 27474 pkt (dropped 2384, overlimits 23832 requeues 0) 
 backlog 0b 0p requeues 0
qdisc pfifo 20: parent 1:10 limit 12p
 Sent 40770234 bytes 27474 pkt (dropped 2384, overlimits 0 requeues 0) 
 backlog 0b 0p requeues 0
======================================================================
Timestamp: 2026-04-02 15:09:14
qdisc htb 1: root refcnt 13 r2q 10 default 0x10 direct_packets_stat 0 direct_qlen 1000
 Sent 41650221 bytes 28063 pkt (dropped 2478, overlimits 24411 requeues 0) 
 backlog 13370b 9p requeues 0
qdisc pfifo 20: parent 1:10 limit 12p
 Sent 41650221 bytes 28063 pkt (dropped 2478, overlimits 0 requeues 0) 
 backlog 13370b 9p requeues 0
======================================================================
Timestamp: 2026-04-02 15:09:15
qdisc htb 1: root refcnt 13 r2q 10 default 0x10 direct_packets_stat 0 direct_qlen 1000
 Sent 42263262 bytes 28477 pkt (dropped 2491, overlimits 24800 requeues 0) 
 backlog 4542b 3p requeues 0
qdisc pfifo 20: parent 1:10 limit 12p
 Sent 42263262 bytes 28477 pkt (dropped 2491, overlimits 0 requeues 0) 
 backlog 4542b 3p requeues 0
======================================================================
Timestamp: 2026-04-02 15:09:16
qdisc htb 1: root refcnt 13 r2q 10 default 0x10 direct_packets_stat 0 direct_qlen 1000
 Sent 43133403 bytes 29059 pkt (dropped 2578, overlimits 25372 requeues 0) 
 backlog 16302b 11p requeues 0
qdisc pfifo 20: parent 1:10 limit 12p
 Sent 43133403 bytes 29059 pkt (dropped 2578, overlimits 0 requeues 0) 
 backlog 16302b 11p requeues 0
======================================================================
Timestamp: 2026-04-02 15:09:17
qdisc htb 1: root refcnt 13 r2q 10 default 0x10 direct_packets_stat 0 direct_qlen 1000
 Sent 43803779 bytes 29506 pkt (dropped 2583, overlimits 25772 requeues 0) 
 backlog 7570b 5p requeues 0
qdisc pfifo 20: parent 1:10 limit 12p
 Sent 43803779 bytes 29506 pkt (dropped 2583, overlimits 0 requeues 0) 
 backlog 7570b 5p requeues 0
======================================================================
Timestamp: 2026-04-02 15:09:18
qdisc htb 1: root refcnt 13 r2q 10 default 0x10 direct_packets_stat 0 direct_qlen 1000
 Sent 44680294 bytes 30091 pkt (dropped 2649, overlimits 26343 requeues 0) 
 backlog 11888b 8p requeues 0
qdisc pfifo 20: parent 1:10 limit 12p
 Sent 44680294 bytes 30091 pkt (dropped 2649, overlimits 0 requeues 0) 
 backlog 11888b 8p requeues 0
======================================================================
Timestamp: 2026-04-02 15:09:19
qdisc htb 1: root refcnt 13 r2q 10 default 0x10 direct_packets_stat 0 direct_qlen 1000
 Sent 45384720 bytes 30563 pkt (dropped 2663, overlimits 26776 requeues 0) 
 backlog 4542b 3p requeues 0
qdisc pfifo 20: parent 1:10 limit 12p
 Sent 45384720 bytes 30563 pkt (dropped 2663, overlimits 0 requeues 0) 
 backlog 4542b 3p requeues 0
======================================================================
Timestamp: 2026-04-02 15:09:20
qdisc htb 1: root refcnt 13 r2q 10 default 0x10 direct_packets_stat 0 direct_qlen 1000
 Sent 46257631 bytes 31146 pkt (dropped 2733, overlimits 27347 requeues 0) 
 backlog 13338b 9p requeues 0
qdisc pfifo 20: parent 1:10 limit 12p
 Sent 46257631 bytes 31146 pkt (dropped 2733, overlimits 0 requeues 0) 
 backlog 13338b 9p requeues 0
======================================================================
Timestamp: 2026-04-02 15:09:21
qdisc htb 1: root refcnt 13 r2q 10 default 0x10 direct_packets_stat 0 direct_qlen 1000
 Sent 46820773 bytes 31526 pkt (dropped 2755, overlimits 27709 requeues 0) 
 backlog 0b 0p requeues 0
qdisc pfifo 20: parent 1:10 limit 12p
 Sent 46820773 bytes 31526 pkt (dropped 2755, overlimits 0 requeues 0) 
 backlog 0b 0p requeues 0
======================================================================
Timestamp: 2026-04-02 15:09:22
qdisc htb 1: root refcnt 13 r2q 10 default 0x10 direct_packets_stat 0 direct_qlen 1000
 Sent 47598343 bytes 32046 pkt (dropped 2806, overlimits 28199 requeues 0) 
 backlog 16302b 11p requeues 0
qdisc pfifo 20: parent 1:10 limit 12p
 Sent 47598343 bytes 32046 pkt (dropped 2806, overlimits 0 requeues 0) 
 backlog 16302b 11p requeues 0
======================================================================
Timestamp: 2026-04-02 15:09:23
qdisc htb 1: root refcnt 13 r2q 10 default 0x10 direct_packets_stat 0 direct_qlen 1000
 Sent 48479153 bytes 32639 pkt (dropped 2845, overlimits 28792 requeues 0) 
 backlog 11856b 8p requeues 0
qdisc pfifo 20: parent 1:10 limit 12p
 Sent 48479153 bytes 32639 pkt (dropped 2845, overlimits 0 requeues 0) 
 backlog 11856b 8p requeues 0
======================================================================
Timestamp: 2026-04-02 15:09:24
qdisc htb 1: root refcnt 13 r2q 10 default 0x10 direct_packets_stat 0 direct_qlen 1000
 Sent 49199670 bytes 33122 pkt (dropped 2891, overlimits 29236 requeues 0) 
 backlog 17848b 12p requeues 0
qdisc pfifo 20: parent 1:10 limit 12p
 Sent 49199670 bytes 33122 pkt (dropped 2891, overlimits 0 requeues 0) 
 backlog 17848b 12p requeues 0
======================================================================
Timestamp: 2026-04-02 15:09:25
qdisc htb 1: root refcnt 13 r2q 10 default 0x10 direct_packets_stat 0 direct_qlen 1000
 Sent 50079030 bytes 33714 pkt (dropped 2925, overlimits 29828 requeues 0) 
 backlog 13402b 9p requeues 0
qdisc pfifo 20: parent 1:10 limit 12p
 Sent 50079030 bytes 33714 pkt (dropped 2925, overlimits 0 requeues 0) 
 backlog 13402b 9p requeues 0
======================================================================
Timestamp: 2026-04-02 15:09:26
qdisc htb 1: root refcnt 13 r2q 10 default 0x10 direct_packets_stat 0 direct_qlen 1000
 Sent 50701069 bytes 34133 pkt (dropped 2959, overlimits 30220 requeues 0) 
 backlog 8892b 6p requeues 0
qdisc pfifo 20: parent 1:10 limit 12p
 Sent 50701069 bytes 34133 pkt (dropped 2959, overlimits 0 requeues 0) 
 backlog 8892b 6p requeues 0
======================================================================
Timestamp: 2026-04-02 15:09:27
qdisc htb 1: root refcnt 13 r2q 10 default 0x10 direct_packets_stat 0 direct_qlen 1000
 Sent 51466705 bytes 34650 pkt (dropped 2978, overlimits 30721 requeues 0) 
 backlog 0b 0p requeues 0
qdisc pfifo 20: parent 1:10 limit 12p
 Sent 51466705 bytes 34650 pkt (dropped 2978, overlimits 0 requeues 0) 
 backlog 0b 0p requeues 0
======================================================================
Timestamp: 2026-04-02 15:09:28
qdisc htb 1: root refcnt 13 r2q 10 default 0x10 direct_packets_stat 0 direct_qlen 1000
 Sent 52260098 bytes 35178 pkt (dropped 3039, overlimits 31219 requeues 0) 
 backlog 13434b 9p requeues 0
qdisc pfifo 20: parent 1:10 limit 12p
 Sent 52260098 bytes 35178 pkt (dropped 3039, overlimits 0 requeues 0) 
 backlog 13434b 9p requeues 0
======================================================================
Timestamp: 2026-04-02 15:09:29
qdisc htb 1: root refcnt 13 r2q 10 default 0x10 direct_packets_stat 0 direct_qlen 1000
 Sent 53137752 bytes 35769 pkt (dropped 3071, overlimits 31810 requeues 0) 
 backlog 11888b 8p requeues 0
qdisc pfifo 20: parent 1:10 limit 12p
 Sent 53137752 bytes 35769 pkt (dropped 3071, overlimits 0 requeues 0) 
 backlog 11888b 8p requeues 0
======================================================================
Timestamp: 2026-04-02 15:09:30
qdisc htb 1: root refcnt 13 r2q 10 default 0x10 direct_packets_stat 0 direct_qlen 1000
 Sent 53802238 bytes 36214 pkt (dropped 3116, overlimits 32199 requeues 0) 
 backlog 16302b 11p requeues 0
qdisc pfifo 20: parent 1:10 limit 12p
 Sent 53802238 bytes 36214 pkt (dropped 3116, overlimits 0 requeues 0) 
 backlog 16302b 11p requeues 0
======================================================================
Timestamp: 2026-04-02 15:09:31
qdisc htb 1: root refcnt 13 r2q 10 default 0x10 direct_packets_stat 0 direct_qlen 1000
 Sent 54526451 bytes 36701 pkt (dropped 3140, overlimits 32645 requeues 0) 
 backlog 9084b 6p requeues 0
qdisc pfifo 20: parent 1:10 limit 12p
 Sent 54526451 bytes 36701 pkt (dropped 3140, overlimits 0 requeues 0) 
 backlog 9084b 6p requeues 0
======================================================================
Timestamp: 2026-04-02 15:09:32
qdisc htb 1: root refcnt 13 r2q 10 default 0x10 direct_packets_stat 0 direct_qlen 1000
 Sent 55390713 bytes 37274 pkt (dropped 3206, overlimits 33199 requeues 0) 
 backlog 16366b 11p requeues 0
qdisc pfifo 20: parent 1:10 limit 12p
 Sent 55390713 bytes 37274 pkt (dropped 3206, overlimits 0 requeues 0) 
 backlog 16366b 11p requeues 0
======================================================================
Timestamp: 2026-04-02 15:09:33
qdisc htb 1: root refcnt 13 r2q 10 default 0x10 direct_packets_stat 0 direct_qlen 1000
 Sent 56268047 bytes 37865 pkt (dropped 3254, overlimits 33787 requeues 0) 
 backlog 13338b 9p requeues 0
qdisc pfifo 20: parent 1:10 limit 12p
 Sent 56268047 bytes 37865 pkt (dropped 3254, overlimits 0 requeues 0) 
 backlog 13338b 9p requeues 0
======================================================================
Timestamp: 2026-04-02 15:09:34
qdisc htb 1: root refcnt 13 r2q 10 default 0x10 direct_packets_stat 0 direct_qlen 1000
 Sent 56951113 bytes 38324 pkt (dropped 3284, overlimits 34206 requeues 0) 
 backlog 13402b 9p requeues 0
qdisc pfifo 20: parent 1:10 limit 12p
 Sent 56951113 bytes 38324 pkt (dropped 3284, overlimits 0 requeues 0) 
 backlog 13402b 9p requeues 0
======================================================================
Timestamp: 2026-04-02 15:09:35
qdisc htb 1: root refcnt 13 r2q 10 default 0x10 direct_packets_stat 0 direct_qlen 1000
 Sent 57827310 bytes 38914 pkt (dropped 3326, overlimits 34795 requeues 0) 
 backlog 0b 0p requeues 0
qdisc pfifo 20: parent 1:10 limit 12p
 Sent 57827310 bytes 38914 pkt (dropped 3326, overlimits 0 requeues 0) 
 backlog 0b 0p requeues 0
======================================================================
Timestamp: 2026-04-02 15:09:36
qdisc htb 1: root refcnt 13 r2q 10 default 0x10 direct_packets_stat 0 direct_qlen 1000
 Sent 58548812 bytes 39396 pkt (dropped 3327, overlimits 35232 requeues 0) 
 backlog 20908b 12p requeues 0
qdisc pfifo 20: parent 1:10 limit 12p
 Sent 58548812 bytes 39396 pkt (dropped 3327, overlimits 0 requeues 0) 
 backlog 20908b 12p requeues 0
======================================================================
Timestamp: 2026-04-02 15:09:37
qdisc htb 1: root refcnt 13 r2q 10 default 0x10 direct_packets_stat 0 direct_qlen 1000
 Sent 59429572 bytes 39988 pkt (dropped 3424, overlimits 35818 requeues 0) 
 backlog 13338b 9p requeues 0
qdisc pfifo 20: parent 1:10 limit 12p
 Sent 59429572 bytes 39988 pkt (dropped 3424, overlimits 0 requeues 0) 
 backlog 13338b 9p requeues 0
======================================================================
Timestamp: 2026-04-02 15:09:38
qdisc htb 1: root refcnt 13 r2q 10 default 0x10 direct_packets_stat 0 direct_qlen 1000
 Sent 60178211 bytes 40493 pkt (dropped 3432, overlimits 36297 requeues 0) 
 backlog 0b 0p requeues 0
qdisc pfifo 20: parent 1:10 limit 12p
 Sent 60178211 bytes 40493 pkt (dropped 3432, overlimits 0 requeues 0) 
 backlog 0b 0p requeues 0
======================================================================
Timestamp: 2026-04-02 15:09:39
qdisc htb 1: root refcnt 13 r2q 10 default 0x10 direct_packets_stat 0 direct_qlen 1000
 Sent 60948662 bytes 41008 pkt (dropped 3465, overlimits 36773 requeues 0) 
 backlog 9084b 6p requeues 0
qdisc pfifo 20: parent 1:10 limit 12p
 Sent 60948662 bytes 41008 pkt (dropped 3465, overlimits 0 requeues 0) 
 backlog 9084b 6p requeues 0
======================================================================
Timestamp: 2026-04-02 15:09:40
qdisc htb 1: root refcnt 13 r2q 10 default 0x10 direct_packets_stat 0 direct_qlen 1000
 Sent 61826778 bytes 41592 pkt (dropped 3465, overlimits 37356 requeues 0) 
 backlog 13626b 9p requeues 0
qdisc pfifo 20: parent 1:10 limit 12p
 Sent 61826778 bytes 41592 pkt (dropped 3465, overlimits 0 requeues 0) 
 backlog 13626b 9p requeues 0
======================================================================
Timestamp: 2026-04-02 15:09:41
qdisc htb 1: root refcnt 13 r2q 10 default 0x10 direct_packets_stat 0 direct_qlen 1000
 Sent 62704966 bytes 42182 pkt (dropped 3583, overlimits 37940 requeues 0) 
 backlog 7442b 5p requeues 0
qdisc pfifo 20: parent 1:10 limit 12p
 Sent 62704966 bytes 42182 pkt (dropped 3583, overlimits 0 requeues 0) 
 backlog 7442b 5p requeues 0
======================================================================
Timestamp: 2026-04-02 15:09:42
qdisc htb 1: root refcnt 13 r2q 10 default 0x10 direct_packets_stat 0 direct_qlen 1000
 Sent 63459500 bytes 42686 pkt (dropped 3583, overlimits 38411 requeues 0) 
 backlog 14806b 9p requeues 0
qdisc pfifo 20: parent 1:10 limit 12p
 Sent 63459500 bytes 42686 pkt (dropped 3583, overlimits 0 requeues 0) 
 backlog 14806b 9p requeues 0
======================================================================
Timestamp: 2026-04-02 15:09:43
qdisc htb 1: root refcnt 13 r2q 10 default 0x10 direct_packets_stat 0 direct_qlen 1000
 Sent 64336555 bytes 43275 pkt (dropped 3662, overlimits 38993 requeues 0) 
 backlog 11856b 8p requeues 0
qdisc pfifo 20: parent 1:10 limit 12p
 Sent 64336555 bytes 43275 pkt (dropped 3662, overlimits 0 requeues 0) 
 backlog 11856b 8p requeues 0
======================================================================
Timestamp: 2026-04-02 15:09:44
qdisc htb 1: root refcnt 13 r2q 10 default 0x10 direct_packets_stat 0 direct_qlen 1000
 Sent 65098243 bytes 43790 pkt (dropped 3695, overlimits 39490 requeues 0) 
 backlog 0b 0p requeues 0
qdisc pfifo 20: parent 1:10 limit 12p
 Sent 65098243 bytes 43790 pkt (dropped 3695, overlimits 0 requeues 0) 
 backlog 0b 0p requeues 0
======================================================================
Timestamp: 2026-04-02 15:09:45
qdisc htb 1: root refcnt 13 r2q 10 default 0x10 direct_packets_stat 0 direct_qlen 1000
 Sent 65903477 bytes 44332 pkt (dropped 3739, overlimits 40015 requeues 0) 
 backlog 17784b 12p requeues 0
qdisc pfifo 20: parent 1:10 limit 12p
 Sent 65903477 bytes 44332 pkt (dropped 3739, overlimits 0 requeues 0) 
 backlog 17784b 12p requeues 0
======================================================================
Timestamp: 2026-04-02 15:09:46
qdisc htb 1: root refcnt 13 r2q 10 default 0x10 direct_packets_stat 0 direct_qlen 1000
 Sent 66482744 bytes 44724 pkt (dropped 3743, overlimits 40353 requeues 0) 
 backlog 10598b 7p requeues 0
qdisc pfifo 20: parent 1:10 limit 12p
 Sent 66482744 bytes 44724 pkt (dropped 3743, overlimits 0 requeues 0) 
 backlog 10598b 7p requeues 0
======================================================================
Timestamp: 2026-04-02 15:09:47
qdisc htb 1: root refcnt 13 r2q 10 default 0x10 direct_packets_stat 0 direct_qlen 1000
 Sent 67242412 bytes 45235 pkt (dropped 3807, overlimits 40839 requeues 0) 
 backlog 0b 0p requeues 0
qdisc pfifo 20: parent 1:10 limit 12p
 Sent 67242412 bytes 45235 pkt (dropped 3807, overlimits 0 requeues 0) 
 backlog 0b 0p requeues 0
======================================================================
Timestamp: 2026-04-02 15:09:48
qdisc htb 1: root refcnt 13 r2q 10 default 0x10 direct_packets_stat 0 direct_qlen 1000
 Sent 68023918 bytes 45754 pkt (dropped 3807, overlimits 41328 requeues 0) 
 backlog 10598b 7p requeues 0
qdisc pfifo 20: parent 1:10 limit 12p
 Sent 68023918 bytes 45754 pkt (dropped 3807, overlimits 0 requeues 0) 
 backlog 10598b 7p requeues 0
======================================================================
Timestamp: 2026-04-02 15:09:49
qdisc htb 1: root refcnt 13 r2q 10 default 0x10 direct_packets_stat 0 direct_qlen 1000
 Sent 68903158 bytes 46343 pkt (dropped 3889, overlimits 41912 requeues 0) 
 backlog 11856b 8p requeues 0
qdisc pfifo 20: parent 1:10 limit 12p
 Sent 68903158 bytes 46343 pkt (dropped 3889, overlimits 0 requeues 0) 
 backlog 11856b 8p requeues 0
======================================================================
Timestamp: 2026-04-02 15:09:50
qdisc htb 1: root refcnt 13 r2q 10 default 0x10 direct_packets_stat 0 direct_qlen 1000
 Sent 69560473 bytes 46785 pkt (dropped 3909, overlimits 42312 requeues 0) 
 backlog 3028b 2p requeues 0
qdisc pfifo 20: parent 1:10 limit 12p
 Sent 69560473 bytes 46785 pkt (dropped 3909, overlimits 0 requeues 0) 
 backlog 3028b 2p requeues 0
======================================================================
Timestamp: 2026-04-02 15:09:51
qdisc htb 1: root refcnt 13 r2q 10 default 0x10 direct_packets_stat 0 direct_qlen 1000
 Sent 70425872 bytes 47365 pkt (dropped 3992, overlimits 42878 requeues 0) 
 backlog 13370b 9p requeues 0
qdisc pfifo 20: parent 1:10 limit 12p
 Sent 70425872 bytes 47365 pkt (dropped 3992, overlimits 0 requeues 0) 
 backlog 13370b 9p requeues 0
======================================================================
Timestamp: 2026-04-02 15:09:52
qdisc htb 1: root refcnt 13 r2q 10 default 0x10 direct_packets_stat 0 direct_qlen 1000
 Sent 71232740 bytes 47910 pkt (dropped 4027, overlimits 43408 requeues 0) 
 backlog 0b 0p requeues 0
qdisc pfifo 20: parent 1:10 limit 12p
 Sent 71232740 bytes 47910 pkt (dropped 4027, overlimits 0 requeues 0) 
 backlog 0b 0p requeues 0
======================================================================
Timestamp: 2026-04-02 15:09:53
qdisc htb 1: root refcnt 13 r2q 10 default 0x10 direct_packets_stat 0 direct_qlen 1000
 Sent 71993780 bytes 48422 pkt (dropped 4066, overlimits 43886 requeues 0) 
 backlog 0b 0p requeues 0
qdisc pfifo 20: parent 1:10 limit 12p
 Sent 71993780 bytes 48422 pkt (dropped 4066, overlimits 0 requeues 0) 
 backlog 0b 0p requeues 0
======================================================================
Timestamp: 2026-04-02 15:09:54
qdisc htb 1: root refcnt 13 r2q 10 default 0x10 direct_packets_stat 0 direct_qlen 1000
 Sent 72807983 bytes 48964 pkt (dropped 4066, overlimits 44407 requeues 0) 
 backlog 13626b 9p requeues 0
qdisc pfifo 20: parent 1:10 limit 12p
 Sent 72807983 bytes 48964 pkt (dropped 4066, overlimits 0 requeues 0) 
 backlog 13626b 9p requeues 0
======================================================================
Timestamp: 2026-04-02 15:09:55
qdisc htb 1: root refcnt 13 r2q 10 default 0x10 direct_packets_stat 0 direct_qlen 1000
 Sent 73684397 bytes 49550 pkt (dropped 4175, overlimits 44984 requeues 0) 
 backlog 17816b 12p requeues 0
qdisc pfifo 20: parent 1:10 limit 12p
 Sent 73684397 bytes 49550 pkt (dropped 4175, overlimits 0 requeues 0) 
 backlog 17816b 12p requeues 0
======================================================================
Timestamp: 2026-04-02 15:09:56
qdisc htb 1: root refcnt 13 r2q 10 default 0x10 direct_packets_stat 0 direct_qlen 1000
 Sent 74330973 bytes 49987 pkt (dropped 4191, overlimits 45399 requeues 0) 
 backlog 0b 0p requeues 0
qdisc pfifo 20: parent 1:10 limit 12p
 Sent 74330973 bytes 49987 pkt (dropped 4191, overlimits 0 requeues 0) 
 backlog 0b 0p requeues 0
======================================================================
Timestamp: 2026-04-02 15:09:57
qdisc htb 1: root refcnt 13 r2q 10 default 0x10 direct_packets_stat 0 direct_qlen 1000
 Sent 75149337 bytes 50535 pkt (dropped 4252, overlimits 45918 requeues 0) 
 backlog 13370b 9p requeues 0
qdisc pfifo 20: parent 1:10 limit 12p
 Sent 75149337 bytes 50535 pkt (dropped 4252, overlimits 0 requeues 0) 
 backlog 13370b 9p requeues 0
======================================================================
Timestamp: 2026-04-02 15:09:58
qdisc htb 1: root refcnt 13 r2q 10 default 0x10 direct_packets_stat 0 direct_qlen 1000
 Sent 75956391 bytes 51080 pkt (dropped 4277, overlimits 46455 requeues 0) 
 backlog 8892b 6p requeues 0
qdisc pfifo 20: parent 1:10 limit 12p
 Sent 75956391 bytes 51080 pkt (dropped 4277, overlimits 0 requeues 0) 
 backlog 8892b 6p requeues 0
======================================================================
Timestamp: 2026-04-02 15:09:59
qdisc htb 1: root refcnt 13 r2q 10 default 0x10 direct_packets_stat 0 direct_qlen 1000
 Sent 76819408 bytes 51663 pkt (dropped 4313, overlimits 47032 requeues 0) 
 backlog 16302b 11p requeues 0
qdisc pfifo 20: parent 1:10 limit 12p
 Sent 76819408 bytes 51663 pkt (dropped 4313, overlimits 0 requeues 0) 
 backlog 16302b 11p requeues 0
======================================================================
Timestamp: 2026-04-02 15:10:00
qdisc htb 1: root refcnt 13 r2q 10 default 0x10 direct_packets_stat 0 direct_qlen 1000
 Sent 77696454 bytes 52254 pkt (dropped 4352, overlimits 47623 requeues 0) 
 backlog 7410b 5p requeues 0
qdisc pfifo 20: parent 1:10 limit 12p
 Sent 77696454 bytes 52254 pkt (dropped 4352, overlimits 0 requeues 0) 
 backlog 7410b 5p requeues 0
======================================================================
Timestamp: 2026-04-02 15:10:01
qdisc htb 1: root refcnt 13 r2q 10 default 0x10 direct_packets_stat 0 direct_qlen 1000
 Sent 78449811 bytes 52756 pkt (dropped 4393, overlimits 48083 requeues 0) 
 backlog 17848b 12p requeues 0
qdisc pfifo 20: parent 1:10 limit 12p
 Sent 78449811 bytes 52756 pkt (dropped 4393, overlimits 0 requeues 0) 
 backlog 17848b 12p requeues 0
======================================================================
Timestamp: 2026-04-02 15:10:02
qdisc htb 1: root refcnt 13 r2q 10 default 0x10 direct_packets_stat 0 direct_qlen 1000
 Sent 79249580 bytes 53289 pkt (dropped 4415, overlimits 48591 requeues 0) 
 backlog 10598b 7p requeues 0
qdisc pfifo 20: parent 1:10 limit 12p
 Sent 79249580 bytes 53289 pkt (dropped 4415, overlimits 0 requeues 0) 
 backlog 10598b 7p requeues 0
======================================================================
Timestamp: 2026-04-02 15:10:03
qdisc htb 1: root refcnt 13 r2q 10 default 0x10 direct_packets_stat 0 direct_qlen 1000
 Sent 80127116 bytes 53870 pkt (dropped 4425, overlimits 49168 requeues 0) 
 backlog 13626b 9p requeues 0
qdisc pfifo 20: parent 1:10 limit 12p
 Sent 80127116 bytes 53870 pkt (dropped 4425, overlimits 0 requeues 0) 
 backlog 13626b 9p requeues 0
======================================================================
Timestamp: 2026-04-02 15:10:04
qdisc htb 1: root refcnt 13 r2q 10 default 0x10 direct_packets_stat 0 direct_qlen 1000
 Sent 80821816 bytes 54337 pkt (dropped 4491, overlimits 49600 requeues 0) 
 backlog 3028b 2p requeues 0
qdisc pfifo 20: parent 1:10 limit 12p
 Sent 80821816 bytes 54337 pkt (dropped 4491, overlimits 0 requeues 0) 
 backlog 3028b 2p requeues 0
======================================================================
Timestamp: 2026-04-02 15:10:05
qdisc htb 1: root refcnt 13 r2q 10 default 0x10 direct_packets_stat 0 direct_qlen 1000
 Sent 81661752 bytes 54892 pkt (dropped 4491, overlimits 50143 requeues 0) 
 backlog 19522b 11p requeues 0
qdisc pfifo 20: parent 1:10 limit 12p
 Sent 81661752 bytes 54892 pkt (dropped 4491, overlimits 0 requeues 0) 
 backlog 19522b 11p requeues 0
======================================================================
Timestamp: 2026-04-02 15:10:06
qdisc htb 1: root refcnt 13 r2q 10 default 0x10 direct_packets_stat 0 direct_qlen 1000
 Sent 82540001 bytes 55483 pkt (dropped 4581, overlimits 50725 requeues 0) 
 backlog 16Kb 11p requeues 0
qdisc pfifo 20: parent 1:10 limit 12p
 Sent 82540001 bytes 55483 pkt (dropped 4581, overlimits 0 requeues 0) 
 backlog 16Kb 11p requeues 0
======================================================================
Timestamp: 2026-04-02 15:10:07
qdisc htb 1: root refcnt 13 r2q 10 default 0x10 direct_packets_stat 0 direct_qlen 1000
 Sent 83230711 bytes 55946 pkt (dropped 4602, overlimits 51166 requeues 0) 
 backlog 0b 0p requeues 0
qdisc pfifo 20: parent 1:10 limit 12p
 Sent 83230711 bytes 55946 pkt (dropped 4602, overlimits 0 requeues 0) 
 backlog 0b 0p requeues 0
======================================================================
Timestamp: 2026-04-02 15:10:08
qdisc htb 1: root refcnt 13 r2q 10 default 0x10 direct_packets_stat 0 direct_qlen 1000
 Sent 84099367 bytes 56530 pkt (dropped 4665, overlimits 51744 requeues 0) 
 backlog 5928b 4p requeues 0
qdisc pfifo 20: parent 1:10 limit 12p
 Sent 84099367 bytes 56530 pkt (dropped 4665, overlimits 0 requeues 0) 
 backlog 5928b 4p requeues 0
======================================================================
Timestamp: 2026-04-02 15:10:09
qdisc htb 1: root refcnt 13 r2q 10 default 0x10 direct_packets_stat 0 direct_qlen 1000
 Sent 84836711 bytes 57027 pkt (dropped 4696, overlimits 52214 requeues 0) 
 backlog 0b 0p requeues 0
qdisc pfifo 20: parent 1:10 limit 12p
 Sent 84836711 bytes 57027 pkt (dropped 4696, overlimits 0 requeues 0) 
 backlog 0b 0p requeues 0
======================================================================
Timestamp: 2026-04-02 15:10:10
qdisc htb 1: root refcnt 13 r2q 10 default 0x10 direct_packets_stat 0 direct_qlen 1000
 Sent 85707379 bytes 57612 pkt (dropped 4753, overlimits 52782 requeues 0) 
 backlog 11888b 8p requeues 0
qdisc pfifo 20: parent 1:10 limit 12p
 Sent 85707379 bytes 57612 pkt (dropped 4753, overlimits 0 requeues 0) 
 backlog 11888b 8p requeues 0
======================================================================
Timestamp: 2026-04-02 15:10:11
qdisc htb 1: root refcnt 13 r2q 10 default 0x10 direct_packets_stat 0 direct_qlen 1000
 Sent 86523996 bytes 58161 pkt (dropped 4780, overlimits 53307 requeues 0) 
 backlog 16334b 11p requeues 0
qdisc pfifo 20: parent 1:10 limit 12p
 Sent 86523996 bytes 58161 pkt (dropped 4780, overlimits 0 requeues 0) 
 backlog 16334b 11p requeues 0
======================================================================
Timestamp: 2026-04-02 15:10:12
qdisc htb 1: root refcnt 13 r2q 10 default 0x10 direct_packets_stat 0 direct_qlen 1000
 Sent 87370377 bytes 58731 pkt (dropped 4821, overlimits 53872 requeues 0) 
 backlog 16366b 11p requeues 0
qdisc pfifo 20: parent 1:10 limit 12p
 Sent 87370377 bytes 58731 pkt (dropped 4821, overlimits 0 requeues 0) 
 backlog 16366b 11p requeues 0
======================================================================
Timestamp: 2026-04-02 15:10:13
qdisc htb 1: root refcnt 13 r2q 10 default 0x10 direct_packets_stat 0 direct_qlen 1000
 Sent 88092851 bytes 59217 pkt (dropped 4844, overlimits 54345 requeues 0) 
 backlog 3028b 2p requeues 0
qdisc pfifo 20: parent 1:10 limit 12p
 Sent 88092851 bytes 59217 pkt (dropped 4844, overlimits 0 requeues 0) 
 backlog 3028b 2p requeues 0
======================================================================
Timestamp: 2026-04-02 15:10:14
qdisc htb 1: root refcnt 13 r2q 10 default 0x10 direct_packets_stat 0 direct_qlen 1000
 Sent 88922487 bytes 59774 pkt (dropped 4908, overlimits 54887 requeues 0) 
 backlog 7410b 5p requeues 0
qdisc pfifo 20: parent 1:10 limit 12p
 Sent 88922487 bytes 59774 pkt (dropped 4908, overlimits 0 requeues 0) 
 backlog 7410b 5p requeues 0
======================================================================
Timestamp: 2026-04-02 15:10:15
qdisc htb 1: root refcnt 13 r2q 10 default 0x10 direct_packets_stat 0 direct_qlen 1000
 Sent 89688618 bytes 60291 pkt (dropped 4934, overlimits 55389 requeues 0) 
 backlog 1514b 1p requeues 0
qdisc pfifo 20: parent 1:10 limit 12p
 Sent 89688618 bytes 60291 pkt (dropped 4934, overlimits 0 requeues 0) 
 backlog 1514b 1p requeues 0
======================================================================
Timestamp: 2026-04-02 15:10:16
qdisc htb 1: root refcnt 13 r2q 10 default 0x10 direct_packets_stat 0 direct_qlen 1000
 Sent 90490154 bytes 60830 pkt (dropped 4981, overlimits 55911 requeues 0) 
 backlog 16334b 11p requeues 0
qdisc pfifo 20: parent 1:10 limit 12p
 Sent 90490154 bytes 60830 pkt (dropped 4981, overlimits 0 requeues 0) 
 backlog 16334b 11p requeues 0
======================================================================
Timestamp: 2026-04-02 15:10:17
qdisc htb 1: root refcnt 13 r2q 10 default 0x10 direct_packets_stat 0 direct_qlen 1000
 Sent 91272540 bytes 61357 pkt (dropped 5012, overlimits 56423 requeues 0) 
 backlog 0b 0p requeues 0
qdisc pfifo 20: parent 1:10 limit 12p
 Sent 91272540 bytes 61357 pkt (dropped 5012, overlimits 0 requeues 0) 
 backlog 0b 0p requeues 0
======================================================================
Timestamp: 2026-04-02 15:10:18
qdisc htb 1: root refcnt 13 r2q 10 default 0x10 direct_packets_stat 0 direct_qlen 1000
 Sent 92090738 bytes 61906 pkt (dropped 5063, overlimits 56948 requeues 0) 
 backlog 8892b 6p requeues 0
qdisc pfifo 20: parent 1:10 limit 12p
 Sent 92090738 bytes 61906 pkt (dropped 5063, overlimits 0 requeues 0) 
 backlog 8892b 6p requeues 0
======================================================================
Timestamp: 2026-04-02 15:10:19
qdisc htb 1: root refcnt 13 r2q 10 default 0x10 direct_packets_stat 0 direct_qlen 1000
 Sent 92722387 bytes 62332 pkt (dropped 5088, overlimits 57341 requeues 0) 
 backlog 6056b 4p requeues 0
qdisc pfifo 20: parent 1:10 limit 12p
 Sent 92722387 bytes 62332 pkt (dropped 5088, overlimits 0 requeues 0) 
 backlog 6056b 4p requeues 0
======================================================================
Timestamp: 2026-04-02 15:10:20
qdisc htb 1: root refcnt 13 r2q 10 default 0x10 direct_packets_stat 0 direct_qlen 1000
 Sent 93569057 bytes 62898 pkt (dropped 5147, overlimits 57877 requeues 0) 
 backlog 17784b 12p requeues 0
qdisc pfifo 20: parent 1:10 limit 12p
 Sent 93569057 bytes 62898 pkt (dropped 5147, overlimits 0 requeues 0) 
 backlog 17784b 12p requeues 0
======================================================================
Timestamp: 2026-04-02 15:10:21
qdisc htb 1: root refcnt 13 r2q 10 default 0x10 direct_packets_stat 0 direct_qlen 1000
 Sent 94314184 bytes 63399 pkt (dropped 5170, overlimits 58357 requeues 0) 
 backlog 0b 0p requeues 0
qdisc pfifo 20: parent 1:10 limit 12p
 Sent 94314184 bytes 63399 pkt (dropped 5170, overlimits 0 requeues 0) 
 backlog 0b 0p requeues 0
======================================================================
Timestamp: 2026-04-02 15:10:22
qdisc htb 1: root refcnt 13 r2q 10 default 0x10 direct_packets_stat 0 direct_qlen 1000
 Sent 95156024 bytes 63962 pkt (dropped 5226, overlimits 58895 requeues 0) 
 backlog 13338b 9p requeues 0
qdisc pfifo 20: parent 1:10 limit 12p
 Sent 95156024 bytes 63962 pkt (dropped 5226, overlimits 0 requeues 0) 
 backlog 13338b 9p requeues 0
======================================================================
Timestamp: 2026-04-02 15:10:23
qdisc htb 1: root refcnt 13 r2q 10 default 0x10 direct_packets_stat 0 direct_qlen 1000
 Sent 95845350 bytes 64421 pkt (dropped 5228, overlimits 59314 requeues 0) 
 backlog 12112b 8p requeues 0
qdisc pfifo 20: parent 1:10 limit 12p
 Sent 95845350 bytes 64421 pkt (dropped 5228, overlimits 0 requeues 0) 
 backlog 12112b 8p requeues 0
======================================================================
Timestamp: 2026-04-02 15:10:24
qdisc htb 1: root refcnt 13 r2q 10 default 0x10 direct_packets_stat 0 direct_qlen 1000
 Sent 96723772 bytes 65007 pkt (dropped 5326, overlimits 59893 requeues 0) 
 backlog 16366b 11p requeues 0
qdisc pfifo 20: parent 1:10 limit 12p
 Sent 96723772 bytes 65007 pkt (dropped 5326, overlimits 0 requeues 0) 
 backlog 16366b 11p requeues 0
======================================================================
Timestamp: 2026-04-02 15:10:25
qdisc htb 1: root refcnt 13 r2q 10 default 0x10 direct_packets_stat 0 direct_qlen 1000
 Sent 97437296 bytes 65486 pkt (dropped 5368, overlimits 60335 requeues 0) 
 backlog 4542b 3p requeues 0
qdisc pfifo 20: parent 1:10 limit 12p
 Sent 97437296 bytes 65486 pkt (dropped 5368, overlimits 0 requeues 0) 
 backlog 4542b 3p requeues 0
======================================================================
Timestamp: 2026-04-02 15:10:26
qdisc htb 1: root refcnt 13 r2q 10 default 0x10 direct_packets_stat 0 direct_qlen 1000
 Sent 98293671 bytes 66058 pkt (dropped 5421, overlimits 60895 requeues 0) 
 backlog 13434b 9p requeues 0
qdisc pfifo 20: parent 1:10 limit 12p
 Sent 98293671 bytes 66058 pkt (dropped 5421, overlimits 0 requeues 0) 
 backlog 13434b 9p requeues 0
======================================================================
Timestamp: 2026-04-02 15:10:27
qdisc htb 1: root refcnt 13 r2q 10 default 0x10 direct_packets_stat 0 direct_qlen 1000
 Sent 98964277 bytes 66510 pkt (dropped 5454, overlimits 61325 requeues 0) 
 backlog 0b 0p requeues 0
qdisc pfifo 20: parent 1:10 limit 12p
 Sent 98964277 bytes 66510 pkt (dropped 5454, overlimits 0 requeues 0) 
 backlog 0b 0p requeues 0
======================================================================
Timestamp: 2026-04-02 15:10:28
qdisc htb 1: root refcnt 13 r2q 10 default 0x10 direct_packets_stat 0 direct_qlen 1000
 Sent 99786883 bytes 67058 pkt (dropped 5531, overlimits 61845 requeues 0) 
 backlog 17848b 12p requeues 0
qdisc pfifo 20: parent 1:10 limit 12p
 Sent 99786883 bytes 67058 pkt (dropped 5531, overlimits 0 requeues 0) 
 backlog 17848b 12p requeues 0
======================================================================
Timestamp: 2026-04-02 15:10:29
qdisc htb 1: root refcnt 13 r2q 10 default 0x10 direct_packets_stat 0 direct_qlen 1000
 Sent 100510373 bytes 67545 pkt (dropped 5560, overlimits 62311 requeues 0) 
 backlog 0b 0p requeues 0
qdisc pfifo 20: parent 1:10 limit 12p
 Sent 100510373 bytes 67545 pkt (dropped 5560, overlimits 0 requeues 0) 
 backlog 0b 0p requeues 0
======================================================================
Timestamp: 2026-04-02 15:10:30
qdisc htb 1: root refcnt 13 r2q 10 default 0x10 direct_packets_stat 0 direct_qlen 1000
 Sent 101340282 bytes 68099 pkt (dropped 5621, overlimits 62835 requeues 0) 
 backlog 17784b 12p requeues 0
qdisc pfifo 20: parent 1:10 limit 12p
 Sent 101340282 bytes 68099 pkt (dropped 5621, overlimits 0 requeues 0) 
 backlog 17784b 12p requeues 0
======================================================================
Timestamp: 2026-04-02 15:10:31
qdisc htb 1: root refcnt 13 r2q 10 default 0x10 direct_packets_stat 0 direct_qlen 1000
 Sent 102219130 bytes 68691 pkt (dropped 5655, overlimits 63427 requeues 0) 
 backlog 16302b 11p requeues 0
qdisc pfifo 20: parent 1:10 limit 12p
 Sent 102219130 bytes 68691 pkt (dropped 5655, overlimits 0 requeues 0) 
 backlog 16302b 11p requeues 0
======================================================================
Timestamp: 2026-04-02 15:10:32
qdisc htb 1: root refcnt 13 r2q 10 default 0x10 direct_packets_stat 0 direct_qlen 1000
 Sent 102931350 bytes 69171 pkt (dropped 5693, overlimits 63871 requeues 0) 
 backlog 4446b 3p requeues 0
qdisc pfifo 20: parent 1:10 limit 12p
 Sent 102931350 bytes 69171 pkt (dropped 5693, overlimits 0 requeues 0) 
 backlog 4446b 3p requeues 0
======================================================================
Timestamp: 2026-04-02 15:10:33
qdisc htb 1: root refcnt 13 r2q 10 default 0x10 direct_packets_stat 0 direct_qlen 1000
 Sent 103809774 bytes 69763 pkt (dropped 5731, overlimits 64462 requeues 0) 
 backlog 11920b 8p requeues 0
qdisc pfifo 20: parent 1:10 limit 12p
 Sent 103809774 bytes 69763 pkt (dropped 5731, overlimits 0 requeues 0) 
 backlog 11920b 8p requeues 0
======================================================================
Timestamp: 2026-04-02 15:10:34
qdisc htb 1: root refcnt 13 r2q 10 default 0x10 direct_packets_stat 0 direct_qlen 1000
 Sent 104493137 bytes 70224 pkt (dropped 5770, overlimits 64887 requeues 0) 
 backlog 4446b 3p requeues 0
qdisc pfifo 20: parent 1:10 limit 12p
 Sent 104493137 bytes 70224 pkt (dropped 5770, overlimits 0 requeues 0) 
 backlog 4446b 3p requeues 0
======================================================================
Timestamp: 2026-04-02 15:10:35
qdisc htb 1: root refcnt 13 r2q 10 default 0x10 direct_packets_stat 0 direct_qlen 1000
 Sent 105376367 bytes 70819 pkt (dropped 5807, overlimits 65481 requeues 0) 
 backlog 16334b 11p requeues 0
qdisc pfifo 20: parent 1:10 limit 12p
 Sent 105376367 bytes 70819 pkt (dropped 5807, overlimits 0 requeues 0) 
 backlog 16334b 11p requeues 0
======================================================================
Timestamp: 2026-04-02 15:10:36
qdisc htb 1: root refcnt 13 r2q 10 default 0x10 direct_packets_stat 0 direct_qlen 1000
 Sent 106044102 bytes 71268 pkt (dropped 5855, overlimits 65883 requeues 0) 
 backlog 10374b 7p requeues 0
qdisc pfifo 20: parent 1:10 limit 12p
 Sent 106044102 bytes 71268 pkt (dropped 5855, overlimits 0 requeues 0) 
 backlog 10374b 7p requeues 0
======================================================================
Timestamp: 2026-04-02 15:10:37
qdisc htb 1: root refcnt 13 r2q 10 default 0x10 direct_packets_stat 0 direct_qlen 1000
 Sent 106858276 bytes 71815 pkt (dropped 5887, overlimits 66411 requeues 0) 
 backlog 16430b 11p requeues 0
qdisc pfifo 20: parent 1:10 limit 12p
 Sent 106858276 bytes 71815 pkt (dropped 5887, overlimits 0 requeues 0) 
 backlog 16430b 11p requeues 0
======================================================================
Timestamp: 2026-04-02 15:10:38
qdisc htb 1: root refcnt 13 r2q 10 default 0x10 direct_packets_stat 0 direct_qlen 1000
 Sent 107415767 bytes 72199 pkt (dropped 5887, overlimits 66748 requeues 0) 
 backlog 10374b 7p requeues 0
qdisc pfifo 20: parent 1:10 limit 12p
 Sent 107415767 bytes 72199 pkt (dropped 5887, overlimits 0 requeues 0) 
 backlog 10374b 7p requeues 0
======================================================================
Timestamp: 2026-04-02 15:10:39
qdisc htb 1: root refcnt 13 r2q 10 default 0x10 direct_packets_stat 0 direct_qlen 1000
 Sent 108296075 bytes 72793 pkt (dropped 5888, overlimits 67342 requeues 0) 
 backlog 10374b 7p requeues 0
qdisc pfifo 20: parent 1:10 limit 12p
 Sent 108296075 bytes 72793 pkt (dropped 5888, overlimits 0 requeues 0) 
 backlog 10374b 7p requeues 0
======================================================================
Timestamp: 2026-04-02 15:10:40
qdisc htb 1: root refcnt 13 r2q 10 default 0x10 direct_packets_stat 0 direct_qlen 1000
 Sent 108571834 bytes 72984 pkt (dropped 5888, overlimits 67523 requeues 0) 
 backlog 7410b 5p requeues 0
qdisc pfifo 20: parent 1:10 limit 12p
 Sent 108571834 bytes 72984 pkt (dropped 5888, overlimits 0 requeues 0) 
 backlog 7410b 5p requeues 0
======================================================================
Timestamp: 2026-04-02 15:10:41
qdisc htb 1: root refcnt 13 r2q 10 default 0x10 direct_packets_stat 0 direct_qlen 1000
 Sent 109449178 bytes 73576 pkt (dropped 5889, overlimits 68114 requeues 0) 
 backlog 13338b 9p requeues 0
qdisc pfifo 20: parent 1:10 limit 12p
 Sent 109449178 bytes 73576 pkt (dropped 5889, overlimits 0 requeues 0) 
 backlog 13338b 9p requeues 0
======================================================================
Timestamp: 2026-04-02 15:10:42
qdisc htb 1: root refcnt 13 r2q 10 default 0x10 direct_packets_stat 0 direct_qlen 1000
 Sent 109831675 bytes 73838 pkt (dropped 5889, overlimits 68365 requeues 0) 
 backlog 16302b 11p requeues 0
qdisc pfifo 20: parent 1:10 limit 12p
 Sent 109831675 bytes 73838 pkt (dropped 5889, overlimits 0 requeues 0) 
 backlog 16302b 11p requeues 0
======================================================================
Timestamp: 2026-04-02 15:10:43
qdisc htb 1: root refcnt 13 r2q 10 default 0x10 direct_packets_stat 0 direct_qlen 1000
 Sent 110599807 bytes 74357 pkt (dropped 5891, overlimits 68882 requeues 0) 
 backlog 0b 0p requeues 0
qdisc pfifo 20: parent 1:10 limit 12p
 Sent 110599807 bytes 74357 pkt (dropped 5891, overlimits 0 requeues 0) 
 backlog 0b 0p requeues 0
======================================================================
Timestamp: 2026-04-02 15:10:44
qdisc htb 1: root refcnt 13 r2q 10 default 0x10 direct_packets_stat 0 direct_qlen 1000
 Sent 110608933 bytes 74367 pkt (dropped 5891, overlimits 68883 requeues 0) 
 backlog 0b 0p requeues 0
qdisc pfifo 20: parent 1:10 limit 12p
 Sent 110608933 bytes 74367 pkt (dropped 5891, overlimits 0 requeues 0) 
 backlog 0b 0p requeues 0
======================================================================
Timestamp: 2026-04-02 15:10:45
qdisc htb 1: root refcnt 13 r2q 10 default 0x10 direct_packets_stat 0 direct_qlen 1000
 Sent 111440020 bytes 74929 pkt (dropped 5896, overlimits 69441 requeues 0) 
 backlog 0b 0p requeues 0
qdisc pfifo 20: parent 1:10 limit 12p
 Sent 111440020 bytes 74929 pkt (dropped 5896, overlimits 0 requeues 0) 
 backlog 0b 0p requeues 0
======================================================================
Timestamp: 2026-04-02 15:10:46
qdisc htb 1: root refcnt 13 r2q 10 default 0x10 direct_packets_stat 0 direct_qlen 1000
 Sent 111449950 bytes 74940 pkt (dropped 5896, overlimits 69442 requeues 0) 
 backlog 0b 0p requeues 0
qdisc pfifo 20: parent 1:10 limit 12p
 Sent 111449950 bytes 74940 pkt (dropped 5896, overlimits 0 requeues 0) 
 backlog 0b 0p requeues 0
======================================================================
Timestamp: 2026-04-02 15:10:47
qdisc htb 1: root refcnt 13 r2q 10 default 0x10 direct_packets_stat 0 direct_qlen 1000
 Sent 111907254 bytes 75250 pkt (dropped 5896, overlimits 69747 requeues 0) 
 backlog 0b 0p requeues 0
qdisc pfifo 20: parent 1:10 limit 12p
 Sent 111907254 bytes 75250 pkt (dropped 5896, overlimits 0 requeues 0) 
 backlog 0b 0p requeues 0
======================================================================
Timestamp: 2026-04-02 15:10:48
qdisc htb 1: root refcnt 13 r2q 10 default 0x10 direct_packets_stat 0 direct_qlen 1000
 Sent 111914490 bytes 75259 pkt (dropped 5896, overlimits 69747 requeues 0) 
 backlog 0b 0p requeues 0
qdisc pfifo 20: parent 1:10 limit 12p
 Sent 111914490 bytes 75259 pkt (dropped 5896, overlimits 0 requeues 0) 
 backlog 0b 0p requeues 0
======================================================================
Timestamp: 2026-04-02 15:10:49
qdisc htb 1: root refcnt 13 r2q 10 default 0x10 direct_packets_stat 0 direct_qlen 1000
 Sent 112651578 bytes 75757 pkt (dropped 5897, overlimits 70241 requeues 0) 
 backlog 16302b 11p requeues 0
qdisc pfifo 20: parent 1:10 limit 12p
 Sent 112651578 bytes 75757 pkt (dropped 5897, overlimits 0 requeues 0) 
 backlog 16302b 11p requeues 0
======================================================================
Timestamp: 2026-04-02 15:10:50
qdisc htb 1: root refcnt 13 r2q 10 default 0x10 direct_packets_stat 0 direct_qlen 1000
 Sent 113224604 bytes 76146 pkt (dropped 5897, overlimits 70626 requeues 0) 
 backlog 0b 0p requeues 0
qdisc pfifo 20: parent 1:10 limit 12p
 Sent 113224604 bytes 76146 pkt (dropped 5897, overlimits 0 requeues 0) 
 backlog 0b 0p requeues 0
======================================================================
Timestamp: 2026-04-02 15:10:51
qdisc htb 1: root refcnt 13 r2q 10 default 0x10 direct_packets_stat 0 direct_qlen 1000
 Sent 113909144 bytes 76609 pkt (dropped 5897, overlimits 71084 requeues 0) 
 backlog 7410b 5p requeues 0
qdisc pfifo 20: parent 1:10 limit 12p
 Sent 113909144 bytes 76609 pkt (dropped 5897, overlimits 0 requeues 0) 
 backlog 7410b 5p requeues 0
======================================================================
Timestamp: 2026-04-02 15:10:52
qdisc htb 1: root refcnt 13 r2q 10 default 0x10 direct_packets_stat 0 direct_qlen 1000
 Sent 114718697 bytes 77156 pkt (dropped 5897, overlimits 71628 requeues 0) 
 backlog 7410b 5p requeues 0
qdisc pfifo 20: parent 1:10 limit 12p
 Sent 114718697 bytes 77156 pkt (dropped 5897, overlimits 0 requeues 0) 
 backlog 7410b 5p requeues 0
======================================================================
Timestamp: 2026-04-02 15:10:53
qdisc htb 1: root refcnt 13 r2q 10 default 0x10 direct_packets_stat 0 direct_qlen 1000
 Sent 115491315 bytes 77679 pkt (dropped 5897, overlimits 72148 requeues 0) 
 backlog 14820b 10p requeues 0
qdisc pfifo 20: parent 1:10 limit 12p
 Sent 115491315 bytes 77679 pkt (dropped 5897, overlimits 0 requeues 0) 
 backlog 14820b 10p requeues 0
======================================================================
Timestamp: 2026-04-02 15:10:54
qdisc htb 1: root refcnt 13 r2q 10 default 0x10 direct_packets_stat 0 direct_qlen 1000
 Sent 116371623 bytes 78273 pkt (dropped 5900, overlimits 72742 requeues 0) 
 backlog 11856b 8p requeues 0
qdisc pfifo 20: parent 1:10 limit 12p
 Sent 116371623 bytes 78273 pkt (dropped 5900, overlimits 0 requeues 0) 
 backlog 11856b 8p requeues 0
======================================================================
Timestamp: 2026-04-02 15:10:55
qdisc htb 1: root refcnt 13 r2q 10 default 0x10 direct_packets_stat 0 direct_qlen 1000
 Sent 116851214 bytes 78599 pkt (dropped 5902, overlimits 73060 requeues 0) 
 backlog 0b 0p requeues 0
qdisc pfifo 20: parent 1:10 limit 12p
 Sent 116851214 bytes 78599 pkt (dropped 5902, overlimits 0 requeues 0) 
 backlog 0b 0p requeues 0
======================================================================
Timestamp: 2026-04-02 15:10:56
qdisc htb 1: root refcnt 13 r2q 10 default 0x10 direct_packets_stat 0 direct_qlen 1000
 Sent 117617408 bytes 79116 pkt (dropped 5906, overlimits 73562 requeues 0) 
 backlog 10374b 7p requeues 0
qdisc pfifo 20: parent 1:10 limit 12p
 Sent 117617408 bytes 79116 pkt (dropped 5906, overlimits 0 requeues 0) 
 backlog 10374b 7p requeues 0
======================================================================
Timestamp: 2026-04-02 15:10:57
qdisc htb 1: root refcnt 13 r2q 10 default 0x10 direct_packets_stat 0 direct_qlen 1000
 Sent 117936412 bytes 79332 pkt (dropped 5907, overlimits 73775 requeues 0) 
 backlog 13338b 9p requeues 0
qdisc pfifo 20: parent 1:10 limit 12p
 Sent 117936412 bytes 79332 pkt (dropped 5907, overlimits 0 requeues 0) 
 backlog 13338b 9p requeues 0
======================================================================
Timestamp: 2026-04-02 15:10:58
qdisc htb 1: root refcnt 13 r2q 10 default 0x10 direct_packets_stat 0 direct_qlen 1000
 Sent 118813756 bytes 79924 pkt (dropped 5909, overlimits 74366 requeues 0) 
 backlog 16302b 11p requeues 0
qdisc pfifo 20: parent 1:10 limit 12p
 Sent 118813756 bytes 79924 pkt (dropped 5909, overlimits 0 requeues 0) 
 backlog 16302b 11p requeues 0
======================================================================
Timestamp: 2026-04-02 15:10:59
qdisc htb 1: root refcnt 13 r2q 10 default 0x10 direct_packets_stat 0 direct_qlen 1000
 Sent 118982998 bytes 80039 pkt (dropped 5909, overlimits 74477 requeues 0) 
 backlog 5928b 4p requeues 0
qdisc pfifo 20: parent 1:10 limit 12p
 Sent 118982998 bytes 80039 pkt (dropped 5909, overlimits 0 requeues 0) 
 backlog 5928b 4p requeues 0
======================================================================
Timestamp: 2026-04-02 15:11:00
qdisc htb 1: root refcnt 13 r2q 10 default 0x10 direct_packets_stat 0 direct_qlen 1000
 Sent 119860342 bytes 80631 pkt (dropped 5911, overlimits 75069 requeues 0) 
 backlog 5928b 4p requeues 0
qdisc pfifo 20: parent 1:10 limit 12p
 Sent 119860342 bytes 80631 pkt (dropped 5911, overlimits 0 requeues 0) 
 backlog 5928b 4p requeues 0
======================================================================
Timestamp: 2026-04-02 15:11:01
qdisc htb 1: root refcnt 13 r2q 10 default 0x10 direct_packets_stat 0 direct_qlen 1000
 Sent 120237092 bytes 80886 pkt (dropped 5911, overlimits 75323 requeues 0) 
 backlog 0b 0p requeues 0
qdisc pfifo 20: parent 1:10 limit 12p
 Sent 120237092 bytes 80886 pkt (dropped 5911, overlimits 0 requeues 0) 
 backlog 0b 0p requeues 0
======================================================================
Timestamp: 2026-04-02 15:11:03
qdisc htb 1: root refcnt 13 r2q 10 default 0x10 direct_packets_stat 0 direct_qlen 1000
 Sent 120908838 bytes 81341 pkt (dropped 5913, overlimits 75775 requeues 0) 
 backlog 0b 0p requeues 0
qdisc pfifo 20: parent 1:10 limit 12p
 Sent 120908838 bytes 81341 pkt (dropped 5913, overlimits 0 requeues 0) 
 backlog 0b 0p requeues 0
======================================================================
Timestamp: 2026-04-02 15:11:04
qdisc htb 1: root refcnt 13 r2q 10 default 0x10 direct_packets_stat 0 direct_qlen 1000
 Sent 120908838 bytes 81341 pkt (dropped 5913, overlimits 75775 requeues 0) 
 backlog 0b 0p requeues 0
qdisc pfifo 20: parent 1:10 limit 12p
 Sent 120908838 bytes 81341 pkt (dropped 5913, overlimits 0 requeues 0) 
 backlog 0b 0p requeues 0
======================================================================
Timestamp: 2026-04-02 15:11:05
qdisc htb 1: root refcnt 13 r2q 10 default 0x10 direct_packets_stat 0 direct_qlen 1000
 Sent 121704402 bytes 81878 pkt (dropped 5915, overlimits 76306 requeues 0) 
 backlog 14820b 10p requeues 0
qdisc pfifo 20: parent 1:10 limit 12p
 Sent 121704402 bytes 81878 pkt (dropped 5915, overlimits 0 requeues 0) 
 backlog 14820b 10p requeues 0
======================================================================
Timestamp: 2026-04-02 15:11:06
qdisc htb 1: root refcnt 13 r2q 10 default 0x10 direct_packets_stat 0 direct_qlen 1000
 Sent 121902323 bytes 82012 pkt (dropped 5915, overlimits 76439 requeues 0) 
 backlog 0b 0p requeues 0
qdisc pfifo 20: parent 1:10 limit 12p
 Sent 121902323 bytes 82012 pkt (dropped 5915, overlimits 0 requeues 0) 
 backlog 0b 0p requeues 0
======================================================================
Timestamp: 2026-04-02 15:11:07
qdisc htb 1: root refcnt 13 r2q 10 default 0x10 direct_packets_stat 0 direct_qlen 1000
 Sent 122678621 bytes 82536 pkt (dropped 5916, overlimits 76960 requeues 0) 
 backlog 13338b 9p requeues 0
qdisc pfifo 20: parent 1:10 limit 12p
 Sent 122678621 bytes 82536 pkt (dropped 5916, overlimits 0 requeues 0) 
 backlog 13338b 9p requeues 0
======================================================================
Timestamp: 2026-04-02 15:11:08
qdisc htb 1: root refcnt 13 r2q 10 default 0x10 direct_packets_stat 0 direct_qlen 1000
 Sent 123056061 bytes 82792 pkt (dropped 5917, overlimits 77215 requeues 0) 
 backlog 0b 0p requeues 0
qdisc pfifo 20: parent 1:10 limit 12p
 Sent 123056061 bytes 82792 pkt (dropped 5917, overlimits 0 requeues 0) 
 backlog 0b 0p requeues 0
======================================================================
Timestamp: 2026-04-02 15:11:09
qdisc htb 1: root refcnt 13 r2q 10 default 0x10 direct_packets_stat 0 direct_qlen 1000
 Sent 123767155 bytes 83272 pkt (dropped 5918, overlimits 77689 requeues 0) 
 backlog 13338b 9p requeues 0
qdisc pfifo 20: parent 1:10 limit 12p
 Sent 123767155 bytes 83272 pkt (dropped 5918, overlimits 0 requeues 0) 
 backlog 13338b 9p requeues 0
======================================================================
Timestamp: 2026-04-02 15:11:10
qdisc htb 1: root refcnt 13 r2q 10 default 0x10 direct_packets_stat 0 direct_qlen 1000
 Sent 124313967 bytes 83641 pkt (dropped 5921, overlimits 78058 requeues 0) 
 backlog 0b 0p requeues 0
qdisc pfifo 20: parent 1:10 limit 12p
 Sent 124313967 bytes 83641 pkt (dropped 5921, overlimits 0 requeues 0) 
 backlog 0b 0p requeues 0
======================================================================
Timestamp: 2026-04-02 15:11:11
qdisc htb 1: root refcnt 13 r2q 10 default 0x10 direct_packets_stat 0 direct_qlen 1000
 Sent 124923611 bytes 84053 pkt (dropped 5922, overlimits 78463 requeues 0) 
 backlog 14820b 10p requeues 0
qdisc pfifo 20: parent 1:10 limit 12p
 Sent 124923611 bytes 84053 pkt (dropped 5922, overlimits 0 requeues 0) 
 backlog 14820b 10p requeues 0
======================================================================
Timestamp: 2026-04-02 15:11:12
qdisc htb 1: root refcnt 13 r2q 10 default 0x10 direct_packets_stat 0 direct_qlen 1000
 Sent 125226949 bytes 84259 pkt (dropped 5922, overlimits 78667 requeues 0) 
 backlog 0b 0p requeues 0
qdisc pfifo 20: parent 1:10 limit 12p
 Sent 125226949 bytes 84259 pkt (dropped 5922, overlimits 0 requeues 0) 
 backlog 0b 0p requeues 0
======================================================================
Timestamp: 2026-04-02 15:11:13
qdisc htb 1: root refcnt 13 r2q 10 default 0x10 direct_packets_stat 0 direct_qlen 1000
 Sent 125806145 bytes 84650 pkt (dropped 5922, overlimits 79052 requeues 0) 
 backlog 13338b 9p requeues 0
qdisc pfifo 20: parent 1:10 limit 12p
 Sent 125806145 bytes 84650 pkt (dropped 5922, overlimits 0 requeues 0) 
 backlog 13338b 9p requeues 0
======================================================================
Timestamp: 2026-04-02 15:11:14
qdisc htb 1: root refcnt 13 r2q 10 default 0x10 direct_packets_stat 0 direct_qlen 1000
 Sent 126071410 bytes 84830 pkt (dropped 5922, overlimits 79232 requeues 0) 
 backlog 0b 0p requeues 0
qdisc pfifo 20: parent 1:10 limit 12p
 Sent 126071410 bytes 84830 pkt (dropped 5922, overlimits 0 requeues 0) 
 backlog 0b 0p requeues 0
======================================================================
Timestamp: 2026-04-02 15:11:15
qdisc htb 1: root refcnt 13 r2q 10 default 0x10 direct_packets_stat 0 direct_qlen 1000
 Sent 126623930 bytes 85203 pkt (dropped 5923, overlimits 79599 requeues 0) 
 backlog 5928b 4p requeues 0
qdisc pfifo 20: parent 1:10 limit 12p
 Sent 126623930 bytes 85203 pkt (dropped 5923, overlimits 0 requeues 0) 
 backlog 5928b 4p requeues 0
======================================================================
Timestamp: 2026-04-02 15:11:16
qdisc htb 1: root refcnt 13 r2q 10 default 0x10 direct_packets_stat 0 direct_qlen 1000
 Sent 126985854 bytes 85448 pkt (dropped 5924, overlimits 79844 requeues 0) 
 backlog 0b 0p requeues 0
qdisc pfifo 20: parent 1:10 limit 12p
 Sent 126985854 bytes 85448 pkt (dropped 5924, overlimits 0 requeues 0) 
 backlog 0b 0p requeues 0
======================================================================
Timestamp: 2026-04-02 15:11:17
qdisc htb 1: root refcnt 13 r2q 10 default 0x10 direct_packets_stat 0 direct_qlen 1000
 Sent 127536892 bytes 85820 pkt (dropped 5925, overlimits 80213 requeues 0) 
 backlog 16302b 11p requeues 0
qdisc pfifo 20: parent 1:10 limit 12p
 Sent 127536892 bytes 85820 pkt (dropped 5925, overlimits 0 requeues 0) 
 backlog 16302b 11p requeues 0
======================================================================
Timestamp: 2026-04-02 15:11:18
qdisc htb 1: root refcnt 13 r2q 10 default 0x10 direct_packets_stat 0 direct_qlen 1000
 Sent 127677091 bytes 85916 pkt (dropped 5925, overlimits 80308 requeues 0) 
 backlog 0b 0p requeues 0
qdisc pfifo 20: parent 1:10 limit 12p
 Sent 127677091 bytes 85916 pkt (dropped 5925, overlimits 0 requeues 0) 
 backlog 0b 0p requeues 0
======================================================================
Timestamp: 2026-04-02 15:11:19
qdisc htb 1: root refcnt 13 r2q 10 default 0x10 direct_packets_stat 0 direct_qlen 1000
 Sent 128192561 bytes 86264 pkt (dropped 5926, overlimits 80653 requeues 0) 
 backlog 8892b 6p requeues 0
qdisc pfifo 20: parent 1:10 limit 12p
 Sent 128192561 bytes 86264 pkt (dropped 5926, overlimits 0 requeues 0) 
 backlog 8892b 6p requeues 0
======================================================================
Timestamp: 2026-04-02 15:11:20
qdisc htb 1: root refcnt 13 r2q 10 default 0x10 direct_packets_stat 0 direct_qlen 1000
 Sent 128458639 bytes 86445 pkt (dropped 5926, overlimits 80833 requeues 0) 
 backlog 0b 0p requeues 0
qdisc pfifo 20: parent 1:10 limit 12p
 Sent 128458639 bytes 86445 pkt (dropped 5926, overlimits 0 requeues 0) 
 backlog 0b 0p requeues 0
======================================================================
Timestamp: 2026-04-02 15:11:21
qdisc htb 1: root refcnt 13 r2q 10 default 0x10 direct_packets_stat 0 direct_qlen 1000
 Sent 128851911 bytes 86711 pkt (dropped 5926, overlimits 81095 requeues 0) 
 backlog 10374b 7p requeues 0
qdisc pfifo 20: parent 1:10 limit 12p
 Sent 128851911 bytes 86711 pkt (dropped 5926, overlimits 0 requeues 0) 
 backlog 10374b 7p requeues 0
======================================================================
Timestamp: 2026-04-02 15:11:22
qdisc htb 1: root refcnt 13 r2q 10 default 0x10 direct_packets_stat 0 direct_qlen 1000
 Sent 128895547 bytes 86741 pkt (dropped 5926, overlimits 81124 requeues 0) 
 backlog 0b 0p requeues 0
qdisc pfifo 20: parent 1:10 limit 12p
 Sent 128895547 bytes 86741 pkt (dropped 5926, overlimits 0 requeues 0) 
 backlog 0b 0p requeues 0
======================================================================
Timestamp: 2026-04-02 15:11:23
qdisc htb 1: root refcnt 13 r2q 10 default 0x10 direct_packets_stat 0 direct_qlen 1000
 Sent 129335435 bytes 87038 pkt (dropped 5927, overlimits 81418 requeues 0) 
 backlog 14820b 10p requeues 0
qdisc pfifo 20: parent 1:10 limit 12p
 Sent 129335435 bytes 87038 pkt (dropped 5927, overlimits 0 requeues 0) 
 backlog 14820b 10p requeues 0
======================================================================
Timestamp: 2026-04-02 15:11:24
qdisc htb 1: root refcnt 13 r2q 10 default 0x10 direct_packets_stat 0 direct_qlen 1000
 Sent 129716648 bytes 87296 pkt (dropped 5927, overlimits 81675 requeues 0) 
 backlog 0b 0p requeues 0
qdisc pfifo 20: parent 1:10 limit 12p
 Sent 129716648 bytes 87296 pkt (dropped 5927, overlimits 0 requeues 0) 
 backlog 0b 0p requeues 0
======================================================================
Timestamp: 2026-04-02 15:11:25
qdisc htb 1: root refcnt 13 r2q 10 default 0x10 direct_packets_stat 0 direct_qlen 1000
 Sent 130119486 bytes 87568 pkt (dropped 5929, overlimits 81944 requeues 0) 
 backlog 16302b 11p requeues 0
qdisc pfifo 20: parent 1:10 limit 12p
 Sent 130119486 bytes 87568 pkt (dropped 5929, overlimits 0 requeues 0) 
 backlog 16302b 11p requeues 0
======================================================================
Timestamp: 2026-04-02 15:11:26
qdisc htb 1: root refcnt 13 r2q 10 default 0x10 direct_packets_stat 0 direct_qlen 1000
 Sent 130597314 bytes 87892 pkt (dropped 5929, overlimits 82267 requeues 0) 
 backlog 0b 0p requeues 0
qdisc pfifo 20: parent 1:10 limit 12p
 Sent 130597314 bytes 87892 pkt (dropped 5929, overlimits 0 requeues 0) 
 backlog 0b 0p requeues 0
======================================================================
Timestamp: 2026-04-02 15:11:27
qdisc htb 1: root refcnt 13 r2q 10 default 0x10 direct_packets_stat 0 direct_qlen 1000
 Sent 130806144 bytes 88034 pkt (dropped 5930, overlimits 82402 requeues 0) 
 backlog 14820b 10p requeues 0
qdisc pfifo 20: parent 1:10 limit 12p
 Sent 130806144 bytes 88034 pkt (dropped 5930, overlimits 0 requeues 0) 
 backlog 14820b 10p requeues 0
