Starting TC Qdisc Monitoring for s1-eth2
Timestamp, Qdisc Stats
======================================================================
Timestamp: 2026-04-28 16:42:29
qdisc htb 1: root refcnt 13 r2q 10 default 0x10 direct_packets_stat 0 direct_qlen 1000
 Sent 7576 bytes 36 pkt (dropped 0, overlimits 2 requeues 0) 
 backlog 0b 0p requeues 0
qdisc pfifo 20: parent 1:10 limit 12p
 Sent 7576 bytes 36 pkt (dropped 0, overlimits 0 requeues 0) 
 backlog 0b 0p requeues 0
======================================================================
Timestamp: 2026-04-28 16:42:30
qdisc htb 1: root refcnt 13 r2q 10 default 0x10 direct_packets_stat 0 direct_qlen 1000
 Sent 185885 bytes 165 pkt (dropped 0, overlimits 78 requeues 0) 
 backlog 0b 0p requeues 0
qdisc pfifo 20: parent 1:10 limit 12p
 Sent 185885 bytes 165 pkt (dropped 0, overlimits 0 requeues 0) 
 backlog 0b 0p requeues 0
======================================================================
Timestamp: 2026-04-28 16:42:31
qdisc htb 1: root refcnt 13 r2q 10 default 0x10 direct_packets_stat 0 direct_qlen 1000
 Sent 1063229 bytes 757 pkt (dropped 0, overlimits 258 requeues 0) 
 backlog 35568b 4p requeues 0
qdisc pfifo 20: parent 1:10 limit 12p
 Sent 1063229 bytes 757 pkt (dropped 0, overlimits 0 requeues 0) 
 backlog 35568b 4p requeues 0
======================================================================
Timestamp: 2026-04-28 16:42:32
qdisc htb 1: root refcnt 13 r2q 10 default 0x10 direct_packets_stat 0 direct_qlen 1000
 Sent 1615973 bytes 1133 pkt (dropped 11, overlimits 403 requeues 0) 
 backlog 14820b 2p requeues 0
qdisc pfifo 20: parent 1:10 limit 12p
 Sent 1615973 bytes 1133 pkt (dropped 11, overlimits 0 requeues 0) 
 backlog 14820b 2p requeues 0
======================================================================
Timestamp: 2026-04-28 16:42:33
qdisc htb 1: root refcnt 13 r2q 10 default 0x10 direct_packets_stat 0 direct_qlen 1000
 Sent 2491975 bytes 1726 pkt (dropped 11, overlimits 515 requeues 0) 
 backlog 37050b 4p requeues 0
qdisc pfifo 20: parent 1:10 limit 12p
 Sent 2491975 bytes 1726 pkt (dropped 11, overlimits 0 requeues 0) 
 backlog 37050b 4p requeues 0
======================================================================
Timestamp: 2026-04-28 16:42:34
qdisc htb 1: root refcnt 13 r2q 10 default 0x10 direct_packets_stat 0 direct_qlen 1000
 Sent 2884701 bytes 1994 pkt (dropped 26, overlimits 634 requeues 0) 
 backlog 20748b 9p requeues 0
qdisc pfifo 20: parent 1:10 limit 12p
 Sent 2884701 bytes 1994 pkt (dropped 26, overlimits 0 requeues 0) 
 backlog 20748b 9p requeues 0
======================================================================
Timestamp: 2026-04-28 16:42:35
qdisc htb 1: root refcnt 13 r2q 10 default 0x10 direct_packets_stat 0 direct_qlen 1000
 Sent 3772516 bytes 2594 pkt (dropped 26, overlimits 786 requeues 0) 
 backlog 25194b 3p requeues 0
qdisc pfifo 20: parent 1:10 limit 12p
 Sent 3772516 bytes 2594 pkt (dropped 26, overlimits 0 requeues 0) 
 backlog 25194b 3p requeues 0
======================================================================
Timestamp: 2026-04-28 16:42:36
qdisc htb 1: root refcnt 13 r2q 10 default 0x10 direct_packets_stat 0 direct_qlen 1000
 Sent 4056847 bytes 2788 pkt (dropped 36, overlimits 858 requeues 0) 
 backlog 16302b 11p requeues 0
qdisc pfifo 20: parent 1:10 limit 12p
 Sent 4056847 bytes 2788 pkt (dropped 36, overlimits 0 requeues 0) 
 backlog 16302b 11p requeues 0
======================================================================
Timestamp: 2026-04-28 16:42:37
qdisc htb 1: root refcnt 13 r2q 10 default 0x10 direct_packets_stat 0 direct_qlen 1000
 Sent 4937155 bytes 3382 pkt (dropped 38, overlimits 1020 requeues 0) 
 backlog 34086b 4p requeues 0
qdisc pfifo 20: parent 1:10 limit 12p
 Sent 4937155 bytes 3382 pkt (dropped 38, overlimits 0 requeues 0) 
 backlog 34086b 4p requeues 0
======================================================================
Timestamp: 2026-04-28 16:42:38
qdisc htb 1: root refcnt 13 r2q 10 default 0x10 direct_packets_stat 0 direct_qlen 1000
 Sent 5362690 bytes 3671 pkt (dropped 47, overlimits 1100 requeues 0) 
 backlog 16302b 10p requeues 0
qdisc pfifo 20: parent 1:10 limit 12p
 Sent 5362690 bytes 3671 pkt (dropped 47, overlimits 0 requeues 0) 
 backlog 16302b 10p requeues 0
======================================================================
Timestamp: 2026-04-28 16:42:39
qdisc htb 1: root refcnt 13 r2q 10 default 0x10 direct_packets_stat 0 direct_qlen 1000
 Sent 6250408 bytes 4270 pkt (dropped 54, overlimits 1284 requeues 0) 
 backlog 25194b 4p requeues 0
qdisc pfifo 20: parent 1:10 limit 12p
 Sent 6250408 bytes 4270 pkt (dropped 54, overlimits 0 requeues 0) 
 backlog 25194b 4p requeues 0
======================================================================
Timestamp: 2026-04-28 16:42:40
qdisc htb 1: root refcnt 13 r2q 10 default 0x10 direct_packets_stat 0 direct_qlen 1000
 Sent 6503269 bytes 4442 pkt (dropped 56, overlimits 1319 requeues 0) 
 backlog 17784b 12p requeues 0
qdisc pfifo 20: parent 1:10 limit 12p
 Sent 6503269 bytes 4442 pkt (dropped 56, overlimits 0 requeues 0) 
 backlog 17784b 12p requeues 0
======================================================================
Timestamp: 2026-04-28 16:42:41
qdisc htb 1: root refcnt 13 r2q 10 default 0x10 direct_packets_stat 0 direct_qlen 1000
 Sent 7380613 bytes 5034 pkt (dropped 66, overlimits 1490 requeues 0) 
 backlog 35568b 4p requeues 0
qdisc pfifo 20: parent 1:10 limit 12p
 Sent 7380613 bytes 5034 pkt (dropped 66, overlimits 0 requeues 0) 
 backlog 35568b 4p requeues 0
======================================================================
Timestamp: 2026-04-28 16:42:42
qdisc htb 1: root refcnt 13 r2q 10 default 0x10 direct_packets_stat 0 direct_qlen 1000
 Sent 7775093 bytes 5302 pkt (dropped 66, overlimits 1537 requeues 0) 
 backlog 0b 0p requeues 0
qdisc pfifo 20: parent 1:10 limit 12p
 Sent 7775093 bytes 5302 pkt (dropped 66, overlimits 0 requeues 0) 
 backlog 0b 0p requeues 0
======================================================================
Timestamp: 2026-04-28 16:42:43
qdisc htb 1: root refcnt 13 r2q 10 default 0x10 direct_packets_stat 0 direct_qlen 1000
 Sent 8636135 bytes 5883 pkt (dropped 80, overlimits 1726 requeues 0) 
 backlog 47424b 6p requeues 0
qdisc pfifo 20: parent 1:10 limit 12p
 Sent 8636135 bytes 5883 pkt (dropped 80, overlimits 0 requeues 0) 
 backlog 47424b 6p requeues 0
======================================================================
Timestamp: 2026-04-28 16:42:44
qdisc htb 1: root refcnt 13 r2q 10 default 0x10 direct_packets_stat 0 direct_qlen 1000
 Sent 9002544 bytes 6132 pkt (dropped 80, overlimits 1768 requeues 0) 
 backlog 0b 0p requeues 0
qdisc pfifo 20: parent 1:10 limit 12p
 Sent 9002544 bytes 6132 pkt (dropped 80, overlimits 0 requeues 0) 
 backlog 0b 0p requeues 0
======================================================================
Timestamp: 2026-04-28 16:42:45
qdisc htb 1: root refcnt 13 r2q 10 default 0x10 direct_packets_stat 0 direct_qlen 1000
 Sent 9829326 bytes 6691 pkt (dropped 110, overlimits 1945 requeues 0) 
 backlog 32604b 3p requeues 0
qdisc pfifo 20: parent 1:10 limit 12p
 Sent 9829326 bytes 6691 pkt (dropped 110, overlimits 0 requeues 0) 
 backlog 32604b 3p requeues 0
======================================================================
Timestamp: 2026-04-28 16:42:46
qdisc htb 1: root refcnt 13 r2q 10 default 0x10 direct_packets_stat 0 direct_qlen 1000
 Sent 10288379 bytes 7002 pkt (dropped 110, overlimits 1998 requeues 0) 
 backlog 0b 0p requeues 0
qdisc pfifo 20: parent 1:10 limit 12p
 Sent 10288379 bytes 7002 pkt (dropped 110, overlimits 0 requeues 0) 
 backlog 0b 0p requeues 0
======================================================================
Timestamp: 2026-04-28 16:42:47
qdisc htb 1: root refcnt 13 r2q 10 default 0x10 direct_packets_stat 0 direct_qlen 1000
 Sent 11076532 bytes 7534 pkt (dropped 144, overlimits 2181 requeues 0) 
 backlog 25194b 4p requeues 0
qdisc pfifo 20: parent 1:10 limit 12p
 Sent 11076532 bytes 7534 pkt (dropped 144, overlimits 0 requeues 0) 
 backlog 25194b 4p requeues 0
======================================================================
Timestamp: 2026-04-28 16:42:48
qdisc htb 1: root refcnt 13 r2q 10 default 0x10 direct_packets_stat 0 direct_qlen 1000
 Sent 11921025 bytes 8106 pkt (dropped 169, overlimits 2417 requeues 0) 
 backlog 20748b 4p requeues 0
qdisc pfifo 20: parent 1:10 limit 12p
 Sent 11921025 bytes 8106 pkt (dropped 169, overlimits 0 requeues 0) 
 backlog 20748b 4p requeues 0
======================================================================
Timestamp: 2026-04-28 16:42:49
qdisc htb 1: root refcnt 13 r2q 10 default 0x10 direct_packets_stat 0 direct_qlen 1000
 Sent 12778239 bytes 8688 pkt (dropped 194, overlimits 2599 requeues 0) 
 backlog 22230b 10p requeues 0
qdisc pfifo 20: parent 1:10 limit 12p
 Sent 12778239 bytes 8688 pkt (dropped 194, overlimits 0 requeues 0) 
 backlog 22230b 10p requeues 0
======================================================================
Timestamp: 2026-04-28 16:42:50
qdisc htb 1: root refcnt 13 r2q 10 default 0x10 direct_packets_stat 0 direct_qlen 1000
 Sent 13655583 bytes 9280 pkt (dropped 194, overlimits 2734 requeues 0) 
 backlog 45942b 7p requeues 0
qdisc pfifo 20: parent 1:10 limit 12p
 Sent 13655583 bytes 9280 pkt (dropped 194, overlimits 0 requeues 0) 
 backlog 45942b 7p requeues 0
======================================================================
Timestamp: 2026-04-28 16:42:51
qdisc htb 1: root refcnt 13 r2q 10 default 0x10 direct_packets_stat 0 direct_qlen 1000
 Sent 13998758 bytes 9513 pkt (dropped 226, overlimits 2838 requeues 0) 
 backlog 8892b 1p requeues 0
qdisc pfifo 20: parent 1:10 limit 12p
 Sent 13998758 bytes 9513 pkt (dropped 226, overlimits 0 requeues 0) 
 backlog 8892b 1p requeues 0
======================================================================
Timestamp: 2026-04-28 16:42:52
qdisc htb 1: root refcnt 13 r2q 10 default 0x10 direct_packets_stat 0 direct_qlen 1000
 Sent 14877805 bytes 10107 pkt (dropped 228, overlimits 2962 requeues 0) 
 backlog 32604b 4p requeues 0
qdisc pfifo 20: parent 1:10 limit 12p
 Sent 14877805 bytes 10107 pkt (dropped 228, overlimits 0 requeues 0) 
 backlog 32604b 4p requeues 0
======================================================================
Timestamp: 2026-04-28 16:42:53
qdisc htb 1: root refcnt 13 r2q 10 default 0x10 direct_packets_stat 0 direct_qlen 1000
 Sent 15130577 bytes 10279 pkt (dropped 241, overlimits 3026 requeues 0) 
 backlog 16302b 11p requeues 0
qdisc pfifo 20: parent 1:10 limit 12p
 Sent 15130577 bytes 10279 pkt (dropped 241, overlimits 0 requeues 0) 
 backlog 16302b 11p requeues 0
======================================================================
Timestamp: 2026-04-28 16:42:54
qdisc htb 1: root refcnt 13 r2q 10 default 0x10 direct_packets_stat 0 direct_qlen 1000
 Sent 16018295 bytes 10878 pkt (dropped 243, overlimits 3186 requeues 0) 
 backlog 35568b 5p requeues 0
qdisc pfifo 20: parent 1:10 limit 12p
 Sent 16018295 bytes 10878 pkt (dropped 243, overlimits 0 requeues 0) 
 backlog 35568b 5p requeues 0
======================================================================
Timestamp: 2026-04-28 16:42:55
qdisc htb 1: root refcnt 13 r2q 10 default 0x10 direct_packets_stat 0 direct_qlen 1000
 Sent 16425179 bytes 11154 pkt (dropped 258, overlimits 3251 requeues 0) 
 backlog 17784b 12p requeues 0
qdisc pfifo 20: parent 1:10 limit 12p
 Sent 16425179 bytes 11154 pkt (dropped 258, overlimits 0 requeues 0) 
 backlog 17784b 12p requeues 0
======================================================================
Timestamp: 2026-04-28 16:42:56
qdisc htb 1: root refcnt 13 r2q 10 default 0x10 direct_packets_stat 0 direct_qlen 1000
 Sent 17308451 bytes 11750 pkt (dropped 273, overlimits 3408 requeues 0) 
 backlog 38532b 5p requeues 0
qdisc pfifo 20: parent 1:10 limit 12p
 Sent 17308451 bytes 11750 pkt (dropped 273, overlimits 0 requeues 0) 
 backlog 38532b 5p requeues 0
======================================================================
Timestamp: 2026-04-28 16:42:57
qdisc htb 1: root refcnt 13 r2q 10 default 0x10 direct_packets_stat 0 direct_qlen 1000
 Sent 17494126 bytes 11877 pkt (dropped 273, overlimits 3431 requeues 0) 
 backlog 25194b 12p requeues 0
qdisc pfifo 20: parent 1:10 limit 12p
 Sent 17494126 bytes 11877 pkt (dropped 273, overlimits 0 requeues 0) 
 backlog 25194b 12p requeues 0
======================================================================
Timestamp: 2026-04-28 16:42:58
qdisc htb 1: root refcnt 13 r2q 10 default 0x10 direct_packets_stat 0 direct_qlen 1000
 Sent 18380362 bytes 12475 pkt (dropped 288, overlimits 3623 requeues 0) 
 backlog 26676b 3p requeues 0
qdisc pfifo 20: parent 1:10 limit 12p
 Sent 18380362 bytes 12475 pkt (dropped 288, overlimits 0 requeues 0) 
 backlog 26676b 3p requeues 0
======================================================================
Timestamp: 2026-04-28 16:42:59
qdisc htb 1: root refcnt 13 r2q 10 default 0x10 direct_packets_stat 0 direct_qlen 1000
 Sent 18570708 bytes 12610 pkt (dropped 288, overlimits 3646 requeues 0) 
 backlog 0b 0p requeues 0
qdisc pfifo 20: parent 1:10 limit 12p
 Sent 18570708 bytes 12610 pkt (dropped 288, overlimits 0 requeues 0) 
 backlog 0b 0p requeues 0
======================================================================
Timestamp: 2026-04-28 16:43:00
qdisc htb 1: root refcnt 13 r2q 10 default 0x10 direct_packets_stat 0 direct_qlen 1000
 Sent 19422831 bytes 13190 pkt (dropped 320, overlimits 3929 requeues 0) 
 backlog 44620b 10p requeues 0
qdisc pfifo 20: parent 1:10 limit 12p
 Sent 19422831 bytes 13190 pkt (dropped 320, overlimits 0 requeues 0) 
 backlog 44620b 10p requeues 0
======================================================================
Timestamp: 2026-04-28 16:43:01
qdisc htb 1: root refcnt 13 r2q 10 default 0x10 direct_packets_stat 0 direct_qlen 1000
 Sent 20299263 bytes 13778 pkt (dropped 320, overlimits 4219 requeues 0) 
 backlog 3028b 2p requeues 0
qdisc pfifo 20: parent 1:10 limit 12p
 Sent 20299263 bytes 13778 pkt (dropped 320, overlimits 0 requeues 0) 
 backlog 3028b 2p requeues 0
======================================================================
Timestamp: 2026-04-28 16:43:02
qdisc htb 1: root refcnt 13 r2q 10 default 0x10 direct_packets_stat 0 direct_qlen 1000
 Sent 21179339 bytes 14370 pkt (dropped 376, overlimits 4568 requeues 0) 
 backlog 17133b 7p requeues 0
qdisc pfifo 20: parent 1:10 limit 12p
 Sent 21179339 bytes 14370 pkt (dropped 376, overlimits 0 requeues 0) 
 backlog 17133b 7p requeues 0
======================================================================
Timestamp: 2026-04-28 16:43:04
qdisc htb 1: root refcnt 13 r2q 10 default 0x10 direct_packets_stat 0 direct_qlen 1000
 Sent 22048854 bytes 14945 pkt (dropped 376, overlimits 5130 requeues 0) 
 backlog 6056b 4p requeues 0
qdisc pfifo 20: parent 1:10 limit 12p
 Sent 22048854 bytes 14945 pkt (dropped 376, overlimits 0 requeues 0) 
 backlog 6056b 4p requeues 0
======================================================================
Timestamp: 2026-04-28 16:43:05
qdisc htb 1: root refcnt 13 r2q 10 default 0x10 direct_packets_stat 0 direct_qlen 1000
 Sent 22932391 bytes 15537 pkt (dropped 403, overlimits 5466 requeues 0) 
 backlog 29768b 8p requeues 0
qdisc pfifo 20: parent 1:10 limit 12p
 Sent 22932391 bytes 15537 pkt (dropped 403, overlimits 0 requeues 0) 
 backlog 29768b 8p requeues 0
======================================================================
Timestamp: 2026-04-28 16:43:06
qdisc htb 1: root refcnt 13 r2q 10 default 0x10 direct_packets_stat 0 direct_qlen 1000
 Sent 23805493 bytes 16121 pkt (dropped 403, overlimits 5837 requeues 0) 
 backlog 6056b 4p requeues 0
qdisc pfifo 20: parent 1:10 limit 12p
 Sent 23805493 bytes 16121 pkt (dropped 403, overlimits 0 requeues 0) 
 backlog 6056b 4p requeues 0
======================================================================
Timestamp: 2026-04-28 16:43:07
qdisc htb 1: root refcnt 13 r2q 10 default 0x10 direct_packets_stat 0 direct_qlen 1000
 Sent 24687108 bytes 16712 pkt (dropped 452, overlimits 6193 requeues 0) 
 backlog 26804b 7p requeues 0
qdisc pfifo 20: parent 1:10 limit 12p
 Sent 24687108 bytes 16712 pkt (dropped 452, overlimits 0 requeues 0) 
 backlog 26804b 7p requeues 0
======================================================================
Timestamp: 2026-04-28 16:43:08
qdisc htb 1: root refcnt 13 r2q 10 default 0x10 direct_packets_stat 0 direct_qlen 1000
 Sent 25558929 bytes 17297 pkt (dropped 452, overlimits 6457 requeues 0) 
 backlog 4542b 3p requeues 0
qdisc pfifo 20: parent 1:10 limit 12p
 Sent 25558929 bytes 17297 pkt (dropped 452, overlimits 0 requeues 0) 
 backlog 4542b 3p requeues 0
======================================================================
Timestamp: 2026-04-28 16:43:09
qdisc htb 1: root refcnt 13 r2q 10 default 0x10 direct_packets_stat 0 direct_qlen 1000
 Sent 26441126 bytes 17888 pkt (dropped 505, overlimits 6838 requeues 0) 
 backlog 28286b 9p requeues 0
qdisc pfifo 20: parent 1:10 limit 12p
 Sent 26441126 bytes 17888 pkt (dropped 505, overlimits 0 requeues 0) 
 backlog 28286b 9p requeues 0
======================================================================
Timestamp: 2026-04-28 16:43:10
qdisc htb 1: root refcnt 13 r2q 10 default 0x10 direct_packets_stat 0 direct_qlen 1000
 Sent 27304629 bytes 18471 pkt (dropped 507, overlimits 7036 requeues 0) 
 backlog 0b 0p requeues 0
qdisc pfifo 20: parent 1:10 limit 12p
 Sent 27304629 bytes 18471 pkt (dropped 507, overlimits 0 requeues 0) 
 backlog 0b 0p requeues 0
======================================================================
Timestamp: 2026-04-28 16:43:11
qdisc htb 1: root refcnt 13 r2q 10 default 0x10 direct_packets_stat 0 direct_qlen 1000
 Sent 28139516 bytes 19030 pkt (dropped 546, overlimits 7375 requeues 0) 
 backlog 31250b 8p requeues 0
qdisc pfifo 20: parent 1:10 limit 12p
 Sent 28139516 bytes 19030 pkt (dropped 546, overlimits 0 requeues 0) 
 backlog 31250b 8p requeues 0
======================================================================
Timestamp: 2026-04-28 16:43:12
qdisc htb 1: root refcnt 13 r2q 10 default 0x10 direct_packets_stat 0 direct_qlen 1000
 Sent 29016514 bytes 19619 pkt (dropped 546, overlimits 7602 requeues 0) 
 backlog 1514b 1p requeues 0
qdisc pfifo 20: parent 1:10 limit 12p
 Sent 29016514 bytes 19619 pkt (dropped 546, overlimits 0 requeues 0) 
 backlog 1514b 1p requeues 0
======================================================================
Timestamp: 2026-04-28 16:43:13
qdisc htb 1: root refcnt 13 r2q 10 default 0x10 direct_packets_stat 0 direct_qlen 1000
 Sent 29894305 bytes 20206 pkt (dropped 596, overlimits 8022 requeues 0) 
 backlog 25322b 8p requeues 0
qdisc pfifo 20: parent 1:10 limit 12p
 Sent 29894305 bytes 20206 pkt (dropped 596, overlimits 0 requeues 0) 
 backlog 25322b 8p requeues 0
======================================================================
Timestamp: 2026-04-28 16:43:14
qdisc htb 1: root refcnt 13 r2q 10 default 0x10 direct_packets_stat 0 direct_qlen 1000
 Sent 30779167 bytes 20801 pkt (dropped 596, overlimits 8231 requeues 0) 
 backlog 38660b 10p requeues 0
qdisc pfifo 20: parent 1:10 limit 12p
 Sent 30779167 bytes 20801 pkt (dropped 596, overlimits 0 requeues 0) 
 backlog 38660b 10p requeues 0
======================================================================
Timestamp: 2026-04-28 16:43:15
qdisc htb 1: root refcnt 13 r2q 10 default 0x10 direct_packets_stat 0 direct_qlen 1000
 Sent 31650280 bytes 21385 pkt (dropped 650, overlimits 8564 requeues 0) 
 backlog 34214b 9p requeues 0
qdisc pfifo 20: parent 1:10 limit 12p
 Sent 31650280 bytes 21385 pkt (dropped 650, overlimits 0 requeues 0) 
 backlog 34214b 9p requeues 0
======================================================================
Timestamp: 2026-04-28 16:43:16
qdisc htb 1: root refcnt 13 r2q 10 default 0x10 direct_packets_stat 0 direct_qlen 1000
 Sent 32528894 bytes 21976 pkt (dropped 651, overlimits 8748 requeues 0) 
 backlog 53458b 9p requeues 0
qdisc pfifo 20: parent 1:10 limit 12p
 Sent 32528894 bytes 21976 pkt (dropped 651, overlimits 0 requeues 0) 
 backlog 53458b 9p requeues 0
======================================================================
Timestamp: 2026-04-28 16:43:17
qdisc htb 1: root refcnt 13 r2q 10 default 0x10 direct_packets_stat 0 direct_qlen 1000
 Sent 33401990 bytes 22564 pkt (dropped 704, overlimits 9109 requeues 0) 
 backlog 34214b 8p requeues 0
qdisc pfifo 20: parent 1:10 limit 12p
 Sent 33401990 bytes 22564 pkt (dropped 704, overlimits 0 requeues 0) 
 backlog 34214b 8p requeues 0
======================================================================
Timestamp: 2026-04-28 16:43:18
qdisc htb 1: root refcnt 13 r2q 10 default 0x10 direct_packets_stat 0 direct_qlen 1000
 Sent 34279489 bytes 23149 pkt (dropped 704, overlimits 9560 requeues 0) 
 backlog 7570b 5p requeues 0
qdisc pfifo 20: parent 1:10 limit 12p
 Sent 34279489 bytes 23149 pkt (dropped 704, overlimits 0 requeues 0) 
 backlog 7570b 5p requeues 0
======================================================================
Timestamp: 2026-04-28 16:43:19
qdisc htb 1: root refcnt 13 r2q 10 default 0x10 direct_packets_stat 0 direct_qlen 1000
 Sent 35158220 bytes 23734 pkt (dropped 742, overlimits 10069 requeues 0) 
 backlog 23942b 11p requeues 0
qdisc pfifo 20: parent 1:10 limit 12p
 Sent 35158220 bytes 23734 pkt (dropped 742, overlimits 0 requeues 0) 
 backlog 23942b 11p requeues 0
======================================================================
Timestamp: 2026-04-28 16:43:20
qdisc htb 1: root refcnt 13 r2q 10 default 0x10 direct_packets_stat 0 direct_qlen 1000
 Sent 36032959 bytes 24323 pkt (dropped 742, overlimits 10337 requeues 0) 
 backlog 3028b 2p requeues 0
qdisc pfifo 20: parent 1:10 limit 12p
 Sent 36032959 bytes 24323 pkt (dropped 742, overlimits 0 requeues 0) 
 backlog 3028b 2p requeues 0
======================================================================
Timestamp: 2026-04-28 16:43:21
qdisc htb 1: root refcnt 13 r2q 10 default 0x10 direct_packets_stat 0 direct_qlen 1000
 Sent 36913662 bytes 24910 pkt (dropped 787, overlimits 10803 requeues 0) 
 backlog 25322b 7p requeues 0
qdisc pfifo 20: parent 1:10 limit 12p
 Sent 36913662 bytes 24910 pkt (dropped 787, overlimits 0 requeues 0) 
 backlog 25322b 7p requeues 0
======================================================================
Timestamp: 2026-04-28 16:43:22
qdisc htb 1: root refcnt 13 r2q 10 default 0x10 direct_packets_stat 0 direct_qlen 1000
 Sent 37789638 bytes 25500 pkt (dropped 787, overlimits 11005 requeues 0) 
 backlog 45Kb 9p requeues 0
qdisc pfifo 20: parent 1:10 limit 12p
 Sent 37789638 bytes 25500 pkt (dropped 787, overlimits 0 requeues 0) 
 backlog 45Kb 9p requeues 0
======================================================================
Timestamp: 2026-04-28 16:43:23
qdisc htb 1: root refcnt 13 r2q 10 default 0x10 direct_packets_stat 0 direct_qlen 1000
 Sent 38662565 bytes 26087 pkt (dropped 839, overlimits 11343 requeues 0) 
 backlog 22326b 6p requeues 0
qdisc pfifo 20: parent 1:10 limit 12p
 Sent 38662565 bytes 26087 pkt (dropped 839, overlimits 0 requeues 0) 
 backlog 22326b 6p requeues 0
======================================================================
Timestamp: 2026-04-28 16:43:24
qdisc htb 1: root refcnt 13 r2q 10 default 0x10 direct_packets_stat 0 direct_qlen 1000
 Sent 39544629 bytes 26681 pkt (dropped 839, overlimits 11557 requeues 0) 
 backlog 35696b 9p requeues 0
qdisc pfifo 20: parent 1:10 limit 12p
 Sent 39544629 bytes 26681 pkt (dropped 839, overlimits 0 requeues 0) 
 backlog 35696b 9p requeues 0
======================================================================
Timestamp: 2026-04-28 16:43:25
qdisc htb 1: root refcnt 13 r2q 10 default 0x10 direct_packets_stat 0 direct_qlen 1000
 Sent 40411283 bytes 27264 pkt (dropped 889, overlimits 11946 requeues 0) 
 backlog 23872b 9p requeues 0
qdisc pfifo 20: parent 1:10 limit 12p
 Sent 40411283 bytes 27264 pkt (dropped 889, overlimits 0 requeues 0) 
 backlog 23872b 9p requeues 0
======================================================================
Timestamp: 2026-04-28 16:43:26
qdisc htb 1: root refcnt 13 r2q 10 default 0x10 direct_packets_stat 0 direct_qlen 1000
 Sent 41286315 bytes 27852 pkt (dropped 889, overlimits 12177 requeues 0) 
 backlog 44588b 11p requeues 0
qdisc pfifo 20: parent 1:10 limit 12p
 Sent 41286315 bytes 27852 pkt (dropped 889, overlimits 0 requeues 0) 
 backlog 44588b 11p requeues 0
======================================================================
Timestamp: 2026-04-28 16:43:27
qdisc htb 1: root refcnt 13 r2q 10 default 0x10 direct_packets_stat 0 direct_qlen 1000
 Sent 42169506 bytes 28445 pkt (dropped 942, overlimits 12559 requeues 0) 
 backlog 13402b 4p requeues 0
qdisc pfifo 20: parent 1:10 limit 12p
 Sent 42169506 bytes 28445 pkt (dropped 942, overlimits 0 requeues 0) 
 backlog 13402b 4p requeues 0
======================================================================
Timestamp: 2026-04-28 16:43:28
qdisc htb 1: root refcnt 13 r2q 10 default 0x10 direct_packets_stat 0 direct_qlen 1000
 Sent 43046830 bytes 29035 pkt (dropped 964, overlimits 12834 requeues 0) 
 backlog 20748b 3p requeues 0
qdisc pfifo 20: parent 1:10 limit 12p
 Sent 43046830 bytes 29035 pkt (dropped 964, overlimits 0 requeues 0) 
 backlog 20748b 3p requeues 0
======================================================================
Timestamp: 2026-04-28 16:43:29
qdisc htb 1: root refcnt 13 r2q 10 default 0x10 direct_packets_stat 0 direct_qlen 1000
 Sent 43864974 bytes 29583 pkt (dropped 999, overlimits 13219 requeues 0) 
 backlog 20908b 8p requeues 0
qdisc pfifo 20: parent 1:10 limit 12p
 Sent 43864974 bytes 29583 pkt (dropped 999, overlimits 0 requeues 0) 
 backlog 20908b 8p requeues 0
======================================================================
Timestamp: 2026-04-28 16:43:30
qdisc htb 1: root refcnt 13 r2q 10 default 0x10 direct_packets_stat 0 direct_qlen 1000
 Sent 44741712 bytes 30172 pkt (dropped 1000, overlimits 13474 requeues 0) 
 backlog 43106b 9p requeues 0
qdisc pfifo 20: parent 1:10 limit 12p
 Sent 44741712 bytes 30172 pkt (dropped 1000, overlimits 0 requeues 0) 
 backlog 43106b 9p requeues 0
======================================================================
Timestamp: 2026-04-28 16:43:31
qdisc htb 1: root refcnt 13 r2q 10 default 0x10 direct_packets_stat 0 direct_qlen 1000
 Sent 45607529 bytes 30753 pkt (dropped 1049, overlimits 13848 requeues 0) 
 backlog 25258b 6p requeues 0
qdisc pfifo 20: parent 1:10 limit 12p
 Sent 45607529 bytes 30753 pkt (dropped 1049, overlimits 0 requeues 0) 
 backlog 25258b 6p requeues 0
======================================================================
Timestamp: 2026-04-28 16:43:32
qdisc htb 1: root refcnt 13 r2q 10 default 0x10 direct_packets_stat 0 direct_qlen 1000
 Sent 46478364 bytes 31335 pkt (dropped 1049, overlimits 14205 requeues 0) 
 backlog 4542b 3p requeues 0
qdisc pfifo 20: parent 1:10 limit 12p
 Sent 46478364 bytes 31335 pkt (dropped 1049, overlimits 0 requeues 0) 
 backlog 4542b 3p requeues 0
======================================================================
Timestamp: 2026-04-28 16:43:33
qdisc htb 1: root refcnt 13 r2q 10 default 0x10 direct_packets_stat 0 direct_qlen 1000
 Sent 47356457 bytes 31917 pkt (dropped 1099, overlimits 14764 requeues 0) 
 backlog 17880b 5p requeues 0
qdisc pfifo 20: parent 1:10 limit 12p
 Sent 47356457 bytes 31917 pkt (dropped 1099, overlimits 0 requeues 0) 
 backlog 17880b 5p requeues 0
======================================================================
Timestamp: 2026-04-28 16:43:34
qdisc htb 1: root refcnt 13 r2q 10 default 0x10 direct_packets_stat 0 direct_qlen 1000
 Sent 48233227 bytes 32506 pkt (dropped 1099, overlimits 15012 requeues 0) 
 backlog 43138b 10p requeues 0
qdisc pfifo 20: parent 1:10 limit 12p
 Sent 48233227 bytes 32506 pkt (dropped 1099, overlimits 0 requeues 0) 
 backlog 43138b 10p requeues 0
======================================================================
Timestamp: 2026-04-28 16:43:35
qdisc htb 1: root refcnt 13 r2q 10 default 0x10 direct_packets_stat 0 direct_qlen 1000
 Sent 49107025 bytes 33092 pkt (dropped 1149, overlimits 15374 requeues 0) 
 backlog 17848b 12p requeues 0
qdisc pfifo 20: parent 1:10 limit 12p
 Sent 49107025 bytes 33092 pkt (dropped 1149, overlimits 0 requeues 0) 
 backlog 17848b 12p requeues 0
======================================================================
Timestamp: 2026-04-28 16:43:36
qdisc htb 1: root refcnt 13 r2q 10 default 0x10 direct_packets_stat 0 direct_qlen 1000
 Sent 49989499 bytes 33685 pkt (dropped 1153, overlimits 15640 requeues 0) 
 backlog 32732b 8p requeues 0
qdisc pfifo 20: parent 1:10 limit 12p
 Sent 49989499 bytes 33685 pkt (dropped 1153, overlimits 0 requeues 0) 
 backlog 32732b 8p requeues 0
======================================================================
Timestamp: 2026-04-28 16:43:37
qdisc htb 1: root refcnt 13 r2q 10 default 0x10 direct_packets_stat 0 direct_qlen 1000
 Sent 50851116 bytes 34259 pkt (dropped 1194, overlimits 16112 requeues 0) 
 backlog 17816b 12p requeues 0
qdisc pfifo 20: parent 1:10 limit 12p
 Sent 50851116 bytes 34259 pkt (dropped 1194, overlimits 0 requeues 0) 
 backlog 17816b 12p requeues 0
======================================================================
Timestamp: 2026-04-28 16:43:38
qdisc htb 1: root refcnt 13 r2q 10 default 0x10 direct_packets_stat 0 direct_qlen 1000
 Sent 51731469 bytes 34852 pkt (dropped 1199, overlimits 16347 requeues 0) 
 backlog 45Kb 10p requeues 0
qdisc pfifo 20: parent 1:10 limit 12p
 Sent 51731469 bytes 34852 pkt (dropped 1199, overlimits 0 requeues 0) 
 backlog 45Kb 10p requeues 0
======================================================================
Timestamp: 2026-04-28 16:43:39
qdisc htb 1: root refcnt 13 r2q 10 default 0x10 direct_packets_stat 0 direct_qlen 1000
 Sent 52595890 bytes 35431 pkt (dropped 1237, overlimits 16676 requeues 0) 
 backlog 8956b 6p requeues 0
qdisc pfifo 20: parent 1:10 limit 12p
 Sent 52595890 bytes 35431 pkt (dropped 1237, overlimits 0 requeues 0) 
 backlog 8956b 6p requeues 0
======================================================================
Timestamp: 2026-04-28 16:43:40
qdisc htb 1: root refcnt 13 r2q 10 default 0x10 direct_packets_stat 0 direct_qlen 1000
 Sent 53479107 bytes 36027 pkt (dropped 1251, overlimits 16901 requeues 0) 
 backlog 19394b 11p requeues 0
qdisc pfifo 20: parent 1:10 limit 12p
 Sent 53479107 bytes 36027 pkt (dropped 1251, overlimits 0 requeues 0) 
 backlog 19394b 11p requeues 0
======================================================================
Timestamp: 2026-04-28 16:43:41
qdisc htb 1: root refcnt 13 r2q 10 default 0x10 direct_packets_stat 0 direct_qlen 1000
 Sent 54352146 bytes 36615 pkt (dropped 1280, overlimits 17161 requeues 0) 
 backlog 45Kb 9p requeues 0
qdisc pfifo 20: parent 1:10 limit 12p
 Sent 54352146 bytes 36615 pkt (dropped 1280, overlimits 0 requeues 0) 
 backlog 45Kb 9p requeues 0
======================================================================
Timestamp: 2026-04-28 16:43:42
qdisc htb 1: root refcnt 13 r2q 10 default 0x10 direct_packets_stat 0 direct_qlen 1000
 Sent 55230829 bytes 37208 pkt (dropped 1312, overlimits 17414 requeues 0) 
 backlog 31218b 7p requeues 0
qdisc pfifo 20: parent 1:10 limit 12p
 Sent 55230829 bytes 37208 pkt (dropped 1312, overlimits 0 requeues 0) 
 backlog 31218b 7p requeues 0
======================================================================
Timestamp: 2026-04-28 16:43:43
qdisc htb 1: root refcnt 13 r2q 10 default 0x10 direct_packets_stat 0 direct_qlen 1000
 Sent 56112247 bytes 37801 pkt (dropped 1314, overlimits 17596 requeues 0) 
 backlog 21164b 8p requeues 0
qdisc pfifo 20: parent 1:10 limit 12p
 Sent 56112247 bytes 37801 pkt (dropped 1314, overlimits 0 requeues 0) 
 backlog 21164b 8p requeues 0
======================================================================
Timestamp: 2026-04-28 16:43:44
qdisc htb 1: root refcnt 13 r2q 10 default 0x10 direct_packets_stat 0 direct_qlen 1000
 Sent 56923807 bytes 38346 pkt (dropped 1358, overlimits 17909 requeues 0) 
 backlog 31282b 9p requeues 0
qdisc pfifo 20: parent 1:10 limit 12p
 Sent 56923807 bytes 38346 pkt (dropped 1358, overlimits 0 requeues 0) 
 backlog 31282b 9p requeues 0
======================================================================
Timestamp: 2026-04-28 16:43:45
qdisc htb 1: root refcnt 13 r2q 10 default 0x10 direct_packets_stat 0 direct_qlen 1000
 Sent 57756195 bytes 38902 pkt (dropped 1359, overlimits 18249 requeues 0) 
 backlog 7570b 5p requeues 0
qdisc pfifo 20: parent 1:10 limit 12p
 Sent 57756195 bytes 38902 pkt (dropped 1359, overlimits 0 requeues 0) 
 backlog 7570b 5p requeues 0
======================================================================
Timestamp: 2026-04-28 16:43:46
qdisc htb 1: root refcnt 13 r2q 10 default 0x10 direct_packets_stat 0 direct_qlen 1000
 Sent 58636259 bytes 39489 pkt (dropped 1396, overlimits 18692 requeues 0) 
 backlog 26804b 7p requeues 0
qdisc pfifo 20: parent 1:10 limit 12p
 Sent 58636259 bytes 39489 pkt (dropped 1396, overlimits 0 requeues 0) 
 backlog 26804b 7p requeues 0
======================================================================
Timestamp: 2026-04-28 16:43:47
qdisc htb 1: root refcnt 13 r2q 10 default 0x10 direct_packets_stat 0 direct_qlen 1000
 Sent 59513032 bytes 40081 pkt (dropped 1396, overlimits 18901 requeues 0) 
 backlog 4542b 3p requeues 0
qdisc pfifo 20: parent 1:10 limit 12p
 Sent 59513032 bytes 40081 pkt (dropped 1396, overlimits 0 requeues 0) 
 backlog 4542b 3p requeues 0
======================================================================
Timestamp: 2026-04-28 16:43:48
qdisc htb 1: root refcnt 13 r2q 10 default 0x10 direct_packets_stat 0 direct_qlen 1000
 Sent 60395201 bytes 40669 pkt (dropped 1446, overlimits 19382 requeues 0) 
 backlog 22358b 7p requeues 0
qdisc pfifo 20: parent 1:10 limit 12p
 Sent 60395201 bytes 40669 pkt (dropped 1446, overlimits 0 requeues 0) 
 backlog 22358b 7p requeues 0
======================================================================
Timestamp: 2026-04-28 16:43:49
qdisc htb 1: root refcnt 13 r2q 10 default 0x10 direct_packets_stat 0 direct_qlen 1000
 Sent 61265520 bytes 41255 pkt (dropped 1446, overlimits 19617 requeues 0) 
 backlog 0b 0p requeues 0
qdisc pfifo 20: parent 1:10 limit 12p
 Sent 61265520 bytes 41255 pkt (dropped 1446, overlimits 0 requeues 0) 
 backlog 0b 0p requeues 0
======================================================================
Timestamp: 2026-04-28 16:43:50
qdisc htb 1: root refcnt 13 r2q 10 default 0x10 direct_packets_stat 0 direct_qlen 1000
 Sent 62147375 bytes 41842 pkt (dropped 1499, overlimits 20098 requeues 0) 
 backlog 29768b 9p requeues 0
qdisc pfifo 20: parent 1:10 limit 12p
 Sent 62147375 bytes 41842 pkt (dropped 1499, overlimits 0 requeues 0) 
 backlog 29768b 9p requeues 0
======================================================================
Timestamp: 2026-04-28 16:43:51
qdisc htb 1: root refcnt 13 r2q 10 default 0x10 direct_packets_stat 0 direct_qlen 1000
 Sent 63021863 bytes 42430 pkt (dropped 1499, overlimits 20309 requeues 0) 
 backlog 49066b 10p requeues 0
qdisc pfifo 20: parent 1:10 limit 12p
 Sent 63021863 bytes 42430 pkt (dropped 1499, overlimits 0 requeues 0) 
 backlog 49066b 10p requeues 0
======================================================================
Timestamp: 2026-04-28 16:43:52
qdisc htb 1: root refcnt 13 r2q 10 default 0x10 direct_packets_stat 0 direct_qlen 1000
 Sent 63897667 bytes 43016 pkt (dropped 1550, overlimits 20736 requeues 0) 
 backlog 22358b 7p requeues 0
qdisc pfifo 20: parent 1:10 limit 12p
 Sent 63897667 bytes 43016 pkt (dropped 1550, overlimits 0 requeues 0) 
 backlog 22358b 7p requeues 0
======================================================================
Timestamp: 2026-04-28 16:43:53
qdisc htb 1: root refcnt 13 r2q 10 default 0x10 direct_packets_stat 0 direct_qlen 1000
 Sent 64781527 bytes 43610 pkt (dropped 1550, overlimits 20959 requeues 0) 
 backlog 41624b 9p requeues 0
qdisc pfifo 20: parent 1:10 limit 12p
 Sent 64781527 bytes 43610 pkt (dropped 1550, overlimits 0 requeues 0) 
 backlog 41624b 9p requeues 0
======================================================================
Timestamp: 2026-04-28 16:43:54
qdisc htb 1: root refcnt 13 r2q 10 default 0x10 direct_packets_stat 0 direct_qlen 1000
 Sent 65654240 bytes 44195 pkt (dropped 1598, overlimits 21321 requeues 0) 
 backlog 19266b 3p requeues 0
qdisc pfifo 20: parent 1:10 limit 12p
 Sent 65654240 bytes 44195 pkt (dropped 1598, overlimits 0 requeues 0) 
 backlog 19266b 3p requeues 0
======================================================================
Timestamp: 2026-04-28 16:43:55
qdisc htb 1: root refcnt 13 r2q 10 default 0x10 direct_packets_stat 0 direct_qlen 1000
 Sent 66534016 bytes 44787 pkt (dropped 1598, overlimits 21497 requeues 0) 
 backlog 38660b 8p requeues 0
qdisc pfifo 20: parent 1:10 limit 12p
 Sent 66534016 bytes 44787 pkt (dropped 1598, overlimits 0 requeues 0) 
 backlog 38660b 8p requeues 0
======================================================================
Timestamp: 2026-04-28 16:43:56
qdisc htb 1: root refcnt 13 r2q 10 default 0x10 direct_packets_stat 0 direct_qlen 1000
 Sent 67407244 bytes 45372 pkt (dropped 1651, overlimits 21947 requeues 0) 
 backlog 13498b 7p requeues 0
qdisc pfifo 20: parent 1:10 limit 12p
 Sent 67407244 bytes 45372 pkt (dropped 1651, overlimits 0 requeues 0) 
 backlog 13498b 7p requeues 0
======================================================================
Timestamp: 2026-04-28 16:43:57
qdisc htb 1: root refcnt 13 r2q 10 default 0x10 direct_packets_stat 0 direct_qlen 1000
 Sent 68286232 bytes 45962 pkt (dropped 1651, overlimits 22235 requeues 0) 
 backlog 38660b 8p requeues 0
qdisc pfifo 20: parent 1:10 limit 12p
 Sent 68286232 bytes 45962 pkt (dropped 1651, overlimits 0 requeues 0) 
 backlog 38660b 8p requeues 0
======================================================================
Timestamp: 2026-04-28 16:43:58
qdisc htb 1: root refcnt 13 r2q 10 default 0x10 direct_packets_stat 0 direct_qlen 1000
 Sent 69163675 bytes 46551 pkt (dropped 1703, overlimits 22588 requeues 0) 
 backlog 10374b 2p requeues 0
qdisc pfifo 20: parent 1:10 limit 12p
 Sent 69163675 bytes 46551 pkt (dropped 1703, overlimits 0 requeues 0) 
 backlog 10374b 2p requeues 0
======================================================================
Timestamp: 2026-04-28 16:43:59
qdisc htb 1: root refcnt 13 r2q 10 default 0x10 direct_packets_stat 0 direct_qlen 1000
 Sent 70040413 bytes 47140 pkt (dropped 1703, overlimits 22837 requeues 0) 
 backlog 37178b 9p requeues 0
qdisc pfifo 20: parent 1:10 limit 12p
 Sent 70040413 bytes 47140 pkt (dropped 1703, overlimits 0 requeues 0) 
 backlog 37178b 9p requeues 0
======================================================================
Timestamp: 2026-04-28 16:44:00
qdisc htb 1: root refcnt 13 r2q 10 default 0x10 direct_packets_stat 0 direct_qlen 1000
 Sent 70913424 bytes 47724 pkt (dropped 1758, overlimits 23184 requeues 0) 
 backlog 19298b 10p requeues 0
qdisc pfifo 20: parent 1:10 limit 12p
 Sent 70913424 bytes 47724 pkt (dropped 1758, overlimits 0 requeues 0) 
 backlog 19298b 10p requeues 0
======================================================================
Timestamp: 2026-04-28 16:44:01
qdisc htb 1: root refcnt 13 r2q 10 default 0x10 direct_packets_stat 0 direct_qlen 1000
 Sent 71789234 bytes 48313 pkt (dropped 1758, overlimits 23390 requeues 0) 
 backlog 44588b 9p requeues 0
qdisc pfifo 20: parent 1:10 limit 12p
 Sent 71789234 bytes 48313 pkt (dropped 1758, overlimits 0 requeues 0) 
 backlog 44588b 9p requeues 0
======================================================================
Timestamp: 2026-04-28 16:44:02
qdisc htb 1: root refcnt 13 r2q 10 default 0x10 direct_packets_stat 0 direct_qlen 1000
 Sent 72632650 bytes 48877 pkt (dropped 1805, overlimits 23764 requeues 0) 
 backlog 17880b 12p requeues 0
qdisc pfifo 20: parent 1:10 limit 12p
 Sent 72632650 bytes 48877 pkt (dropped 1805, overlimits 0 requeues 0) 
 backlog 17880b 12p requeues 0
======================================================================
Timestamp: 2026-04-28 16:44:03
qdisc htb 1: root refcnt 13 r2q 10 default 0x10 direct_packets_stat 0 direct_qlen 1000
 Sent 73470860 bytes 49434 pkt (dropped 1813, overlimits 24229 requeues 0) 
 backlog 7570b 5p requeues 0
qdisc pfifo 20: parent 1:10 limit 12p
 Sent 73470860 bytes 49434 pkt (dropped 1813, overlimits 0 requeues 0) 
 backlog 7570b 5p requeues 0
======================================================================
Timestamp: 2026-04-28 16:44:04
qdisc htb 1: root refcnt 13 r2q 10 default 0x10 direct_packets_stat 0 direct_qlen 1000
 Sent 74349071 bytes 50015 pkt (dropped 1817, overlimits 24793 requeues 0) 
 backlog 16366b 7p requeues 0
qdisc pfifo 20: parent 1:10 limit 12p
 Sent 74349071 bytes 50015 pkt (dropped 1817, overlimits 0 requeues 0) 
 backlog 16366b 7p requeues 0
======================================================================
Timestamp: 2026-04-28 16:44:05
qdisc htb 1: root refcnt 13 r2q 10 default 0x10 direct_packets_stat 0 direct_qlen 1000
 Sent 75227599 bytes 50602 pkt (dropped 1817, overlimits 25225 requeues 0) 
 backlog 6056b 4p requeues 0
qdisc pfifo 20: parent 1:10 limit 12p
 Sent 75227599 bytes 50602 pkt (dropped 1817, overlimits 0 requeues 0) 
 backlog 6056b 4p requeues 0
======================================================================
Timestamp: 2026-04-28 16:44:06
qdisc htb 1: root refcnt 13 r2q 10 default 0x10 direct_packets_stat 0 direct_qlen 1000
 Sent 76106290 bytes 51183 pkt (dropped 1852, overlimits 25792 requeues 0) 
 backlog 19362b 11p requeues 0
qdisc pfifo 20: parent 1:10 limit 12p
 Sent 76106290 bytes 51183 pkt (dropped 1852, overlimits 0 requeues 0) 
 backlog 19362b 11p requeues 0
======================================================================
Timestamp: 2026-04-28 16:44:07
qdisc htb 1: root refcnt 13 r2q 10 default 0x10 direct_packets_stat 0 direct_qlen 1000
 Sent 76991078 bytes 51777 pkt (dropped 1855, overlimits 26095 requeues 0) 
 backlog 32732b 7p requeues 0
qdisc pfifo 20: parent 1:10 limit 12p
 Sent 76991078 bytes 51777 pkt (dropped 1855, overlimits 0 requeues 0) 
 backlog 32732b 7p requeues 0
======================================================================
Timestamp: 2026-04-28 16:44:08
qdisc htb 1: root refcnt 13 r2q 10 default 0x10 direct_packets_stat 0 direct_qlen 1000
 Sent 77861921 bytes 52359 pkt (dropped 1855, overlimits 26472 requeues 0) 
 backlog 7570b 5p requeues 0
qdisc pfifo 20: parent 1:10 limit 12p
 Sent 77861921 bytes 52359 pkt (dropped 1855, overlimits 0 requeues 0) 
 backlog 7570b 5p requeues 0
======================================================================
Timestamp: 2026-04-28 16:44:09
qdisc htb 1: root refcnt 13 r2q 10 default 0x10 direct_packets_stat 0 direct_qlen 1000
 Sent 78744295 bytes 52954 pkt (dropped 1909, overlimits 26730 requeues 0) 
 backlog 38692b 10p requeues 0
qdisc pfifo 20: parent 1:10 limit 12p
 Sent 78744295 bytes 52954 pkt (dropped 1909, overlimits 0 requeues 0) 
 backlog 38692b 10p requeues 0
======================================================================
Timestamp: 2026-04-28 16:44:10
qdisc htb 1: root refcnt 13 r2q 10 default 0x10 direct_packets_stat 0 direct_qlen 1000
 Sent 79613351 bytes 53537 pkt (dropped 1910, overlimits 27023 requeues 0) 
 backlog 10263b 6p requeues 0
qdisc pfifo 20: parent 1:10 limit 12p
 Sent 79613351 bytes 53537 pkt (dropped 1910, overlimits 0 requeues 0) 
 backlog 10263b 6p requeues 0
======================================================================
Timestamp: 2026-04-28 16:44:11
qdisc htb 1: root refcnt 13 r2q 10 default 0x10 direct_packets_stat 0 direct_qlen 1000
 Sent 80491930 bytes 54126 pkt (dropped 1954, overlimits 27392 requeues 0) 
 backlog 28286b 7p requeues 0
qdisc pfifo 20: parent 1:10 limit 12p
 Sent 80491930 bytes 54126 pkt (dropped 1954, overlimits 0 requeues 0) 
 backlog 28286b 7p requeues 0
======================================================================
Timestamp: 2026-04-28 16:44:12
qdisc htb 1: root refcnt 13 r2q 10 default 0x10 direct_packets_stat 0 direct_qlen 1000
 Sent 81369875 bytes 54717 pkt (dropped 1954, overlimits 27585 requeues 0) 
 backlog 7667b 6p requeues 0
qdisc pfifo 20: parent 1:10 limit 12p
 Sent 81369875 bytes 54717 pkt (dropped 1954, overlimits 0 requeues 0) 
 backlog 7667b 6p requeues 0
======================================================================
Timestamp: 2026-04-28 16:44:13
qdisc htb 1: root refcnt 13 r2q 10 default 0x10 direct_packets_stat 0 direct_qlen 1000
 Sent 82245309 bytes 55306 pkt (dropped 1998, overlimits 27898 requeues 0) 
 backlog 29768b 7p requeues 0
qdisc pfifo 20: parent 1:10 limit 12p
 Sent 82245309 bytes 55306 pkt (dropped 1998, overlimits 0 requeues 0) 
 backlog 29768b 7p requeues 0
======================================================================
Timestamp: 2026-04-28 16:44:14
qdisc htb 1: root refcnt 13 r2q 10 default 0x10 direct_packets_stat 0 direct_qlen 1000
 Sent 83122379 bytes 55895 pkt (dropped 1998, overlimits 28182 requeues 0) 
 backlog 3028b 2p requeues 0
qdisc pfifo 20: parent 1:10 limit 12p
 Sent 83122379 bytes 55895 pkt (dropped 1998, overlimits 0 requeues 0) 
 backlog 3028b 2p requeues 0
======================================================================
Timestamp: 2026-04-28 16:44:15
qdisc htb 1: root refcnt 13 r2q 10 default 0x10 direct_packets_stat 0 direct_qlen 1000
 Sent 84001080 bytes 56485 pkt (dropped 2043, overlimits 28550 requeues 0) 
 backlog 29768b 9p requeues 0
qdisc pfifo 20: parent 1:10 limit 12p
 Sent 84001080 bytes 56485 pkt (dropped 2043, overlimits 0 requeues 0) 
 backlog 29768b 9p requeues 0
======================================================================
Timestamp: 2026-04-28 16:44:16
qdisc htb 1: root refcnt 13 r2q 10 default 0x10 direct_packets_stat 0 direct_qlen 1000
 Sent 84875669 bytes 57074 pkt (dropped 2043, overlimits 28754 requeues 0) 
 backlog 0b 0p requeues 0
qdisc pfifo 20: parent 1:10 limit 12p
 Sent 84875669 bytes 57074 pkt (dropped 2043, overlimits 0 requeues 0) 
 backlog 0b 0p requeues 0
======================================================================
Timestamp: 2026-04-28 16:44:17
qdisc htb 1: root refcnt 13 r2q 10 default 0x10 direct_packets_stat 0 direct_qlen 1000
 Sent 85754632 bytes 57665 pkt (dropped 2087, overlimits 29124 requeues 0) 
 backlog 25322b 7p requeues 0
qdisc pfifo 20: parent 1:10 limit 12p
 Sent 85754632 bytes 57665 pkt (dropped 2087, overlimits 0 requeues 0) 
 backlog 25322b 7p requeues 0
======================================================================
Timestamp: 2026-04-28 16:44:18
qdisc htb 1: root refcnt 13 r2q 10 default 0x10 direct_packets_stat 0 direct_qlen 1000
 Sent 86624875 bytes 58250 pkt (dropped 2087, overlimits 29322 requeues 0) 
 backlog 1514b 1p requeues 0
qdisc pfifo 20: parent 1:10 limit 12p
 Sent 86624875 bytes 58250 pkt (dropped 2087, overlimits 0 requeues 0) 
 backlog 1514b 1p requeues 0
======================================================================
Timestamp: 2026-04-28 16:44:19
qdisc htb 1: root refcnt 13 r2q 10 default 0x10 direct_packets_stat 0 direct_qlen 1000
 Sent 87499682 bytes 58837 pkt (dropped 2138, overlimits 29658 requeues 0) 
 backlog 32732b 7p requeues 0
qdisc pfifo 20: parent 1:10 limit 12p
 Sent 87499682 bytes 58837 pkt (dropped 2138, overlimits 0 requeues 0) 
 backlog 32732b 7p requeues 0
======================================================================
Timestamp: 2026-04-28 16:44:20
qdisc htb 1: root refcnt 13 r2q 10 default 0x10 direct_packets_stat 0 direct_qlen 1000
 Sent 88375421 bytes 59426 pkt (dropped 2138, overlimits 29877 requeues 0) 
 backlog 6056b 4p requeues 0
qdisc pfifo 20: parent 1:10 limit 12p
 Sent 88375421 bytes 59426 pkt (dropped 2138, overlimits 0 requeues 0) 
 backlog 6056b 4p requeues 0
======================================================================
Timestamp: 2026-04-28 16:44:21
qdisc htb 1: root refcnt 13 r2q 10 default 0x10 direct_packets_stat 0 direct_qlen 1000
 Sent 89255589 bytes 60015 pkt (dropped 2191, overlimits 30274 requeues 0) 
 backlog 34214b 9p requeues 0
qdisc pfifo 20: parent 1:10 limit 12p
 Sent 89255589 bytes 60015 pkt (dropped 2191, overlimits 0 requeues 0) 
 backlog 34214b 9p requeues 0
======================================================================
Timestamp: 2026-04-28 16:44:22
qdisc htb 1: root refcnt 13 r2q 10 default 0x10 direct_packets_stat 0 direct_qlen 1000
 Sent 90132817 bytes 60605 pkt (dropped 2191, overlimits 30472 requeues 0) 
 backlog 31692b 6p requeues 0
qdisc pfifo 20: parent 1:10 limit 12p
 Sent 90132817 bytes 60605 pkt (dropped 2191, overlimits 0 requeues 0) 
 backlog 31692b 6p requeues 0
======================================================================
Timestamp: 2026-04-28 16:44:23
qdisc htb 1: root refcnt 13 r2q 10 default 0x10 direct_packets_stat 0 direct_qlen 1000
 Sent 91004185 bytes 61189 pkt (dropped 2238, overlimits 30860 requeues 0) 
 backlog 29800b 9p requeues 0
qdisc pfifo 20: parent 1:10 limit 12p
 Sent 91004185 bytes 61189 pkt (dropped 2238, overlimits 0 requeues 0) 
 backlog 29800b 9p requeues 0
======================================================================
Timestamp: 2026-04-28 16:44:24
qdisc htb 1: root refcnt 13 r2q 10 default 0x10 direct_packets_stat 0 direct_qlen 1000
 Sent 91880564 bytes 61777 pkt (dropped 2238, overlimits 31187 requeues 0) 
 backlog 6056b 4p requeues 0
qdisc pfifo 20: parent 1:10 limit 12p
 Sent 91880564 bytes 61777 pkt (dropped 2238, overlimits 0 requeues 0) 
 backlog 6056b 4p requeues 0
======================================================================
Timestamp: 2026-04-28 16:44:25
qdisc htb 1: root refcnt 13 r2q 10 default 0x10 direct_packets_stat 0 direct_qlen 1000
 Sent 92757727 bytes 62362 pkt (dropped 2280, overlimits 31636 requeues 0) 
 backlog 28286b 8p requeues 0
qdisc pfifo 20: parent 1:10 limit 12p
 Sent 92757727 bytes 62362 pkt (dropped 2280, overlimits 0 requeues 0) 
 backlog 28286b 8p requeues 0
======================================================================
Timestamp: 2026-04-28 16:44:26
qdisc htb 1: root refcnt 13 r2q 10 default 0x10 direct_packets_stat 0 direct_qlen 1000
 Sent 93632990 bytes 62948 pkt (dropped 2280, overlimits 31967 requeues 0) 
 backlog 6056b 4p requeues 0
qdisc pfifo 20: parent 1:10 limit 12p
 Sent 93632990 bytes 62948 pkt (dropped 2280, overlimits 0 requeues 0) 
 backlog 6056b 4p requeues 0
======================================================================
Timestamp: 2026-04-28 16:44:27
qdisc htb 1: root refcnt 13 r2q 10 default 0x10 direct_packets_stat 0 direct_qlen 1000
 Sent 94515145 bytes 63539 pkt (dropped 2318, overlimits 32451 requeues 0) 
 backlog 14884b 6p requeues 0
qdisc pfifo 20: parent 1:10 limit 12p
 Sent 94515145 bytes 63539 pkt (dropped 2318, overlimits 0 requeues 0) 
 backlog 14884b 6p requeues 0
======================================================================
Timestamp: 2026-04-28 16:44:28
qdisc htb 1: root refcnt 13 r2q 10 default 0x10 direct_packets_stat 0 direct_qlen 1000
 Sent 95395881 bytes 64131 pkt (dropped 2318, overlimits 32668 requeues 0) 
 backlog 32732b 8p requeues 0
qdisc pfifo 20: parent 1:10 limit 12p
 Sent 95395881 bytes 64131 pkt (dropped 2318, overlimits 0 requeues 0) 
 backlog 32732b 8p requeues 0
======================================================================
Timestamp: 2026-04-28 16:44:29
qdisc htb 1: root refcnt 13 r2q 10 default 0x10 direct_packets_stat 0 direct_qlen 1000
 Sent 96263480 bytes 64713 pkt (dropped 2369, overlimits 33057 requeues 0) 
 backlog 29768b 9p requeues 0
qdisc pfifo 20: parent 1:10 limit 12p
 Sent 96263480 bytes 64713 pkt (dropped 2369, overlimits 0 requeues 0) 
 backlog 29768b 9p requeues 0
======================================================================
Timestamp: 2026-04-28 16:44:30
qdisc htb 1: root refcnt 13 r2q 10 default 0x10 direct_packets_stat 0 direct_qlen 1000
 Sent 97135031 bytes 65297 pkt (dropped 2369, overlimits 33394 requeues 0) 
 backlog 3028b 2p requeues 0
qdisc pfifo 20: parent 1:10 limit 12p
 Sent 97135031 bytes 65297 pkt (dropped 2369, overlimits 0 requeues 0) 
 backlog 3028b 2p requeues 0
======================================================================
Timestamp: 2026-04-28 16:44:31
qdisc htb 1: root refcnt 13 r2q 10 default 0x10 direct_packets_stat 0 direct_qlen 1000
 Sent 98013635 bytes 65882 pkt (dropped 2417, overlimits 33866 requeues 0) 
 backlog 32732b 11p requeues 0
qdisc pfifo 20: parent 1:10 limit 12p
 Sent 98013635 bytes 65882 pkt (dropped 2417, overlimits 0 requeues 0) 
 backlog 32732b 11p requeues 0
======================================================================
Timestamp: 2026-04-28 16:44:32
qdisc htb 1: root refcnt 13 r2q 10 default 0x10 direct_packets_stat 0 direct_qlen 1000
 Sent 98892601 bytes 66473 pkt (dropped 2417, overlimits 34085 requeues 0) 
 backlog 49066b 10p requeues 0
qdisc pfifo 20: parent 1:10 limit 12p
 Sent 98892601 bytes 66473 pkt (dropped 2417, overlimits 0 requeues 0) 
 backlog 49066b 10p requeues 0
======================================================================
Timestamp: 2026-04-28 16:44:33
qdisc htb 1: root refcnt 13 r2q 10 default 0x10 direct_packets_stat 0 direct_qlen 1000
 Sent 99769862 bytes 67063 pkt (dropped 2469, overlimits 34446 requeues 0) 
 backlog 20844b 6p requeues 0
qdisc pfifo 20: parent 1:10 limit 12p
 Sent 99769862 bytes 67063 pkt (dropped 2469, overlimits 0 requeues 0) 
 backlog 20844b 6p requeues 0
======================================================================
Timestamp: 2026-04-28 16:44:34
qdisc htb 1: root refcnt 13 r2q 10 default 0x10 direct_packets_stat 0 direct_qlen 1000
 Sent 100650534 bytes 67655 pkt (dropped 2469, overlimits 34661 requeues 0) 
 backlog 37178b 10p requeues 0
qdisc pfifo 20: parent 1:10 limit 12p
 Sent 100650534 bytes 67655 pkt (dropped 2469, overlimits 0 requeues 0) 
 backlog 37178b 10p requeues 0
======================================================================
Timestamp: 2026-04-28 16:44:35
qdisc htb 1: root refcnt 13 r2q 10 default 0x10 direct_packets_stat 0 direct_qlen 1000
 Sent 101517931 bytes 68239 pkt (dropped 2517, overlimits 34989 requeues 0) 
 backlog 23840b 7p requeues 0
qdisc pfifo 20: parent 1:10 limit 12p
 Sent 101517931 bytes 68239 pkt (dropped 2517, overlimits 0 requeues 0) 
 backlog 23840b 7p requeues 0
======================================================================
Timestamp: 2026-04-28 16:44:36
qdisc htb 1: root refcnt 13 r2q 10 default 0x10 direct_packets_stat 0 direct_qlen 1000
 Sent 102398507 bytes 68831 pkt (dropped 2518, overlimits 35208 requeues 0) 
 backlog 43074b 8p requeues 0
qdisc pfifo 20: parent 1:10 limit 12p
 Sent 102398507 bytes 68831 pkt (dropped 2518, overlimits 0 requeues 0) 
 backlog 43074b 8p requeues 0
======================================================================
Timestamp: 2026-04-28 16:44:37
qdisc htb 1: root refcnt 13 r2q 10 default 0x10 direct_packets_stat 0 direct_qlen 1000
 Sent 103254257 bytes 69406 pkt (dropped 2569, overlimits 35568 requeues 0) 
 backlog 16366b 5p requeues 0
qdisc pfifo 20: parent 1:10 limit 12p
 Sent 103254257 bytes 69406 pkt (dropped 2569, overlimits 0 requeues 0) 
 backlog 16366b 5p requeues 0
======================================================================
Timestamp: 2026-04-28 16:44:38
qdisc htb 1: root refcnt 13 r2q 10 default 0x10 direct_packets_stat 0 direct_qlen 1000
 Sent 104129321 bytes 69994 pkt (dropped 2569, overlimits 35807 requeues 0) 
 backlog 44588b 10p requeues 0
qdisc pfifo 20: parent 1:10 limit 12p
 Sent 104129321 bytes 69994 pkt (dropped 2569, overlimits 0 requeues 0) 
 backlog 44588b 10p requeues 0
======================================================================
Timestamp: 2026-04-28 16:44:39
qdisc htb 1: root refcnt 13 r2q 10 default 0x10 direct_packets_stat 0 direct_qlen 1000
 Sent 105004183 bytes 70582 pkt (dropped 2626, overlimits 36146 requeues 0) 
 backlog 16302b 5p requeues 0
qdisc pfifo 20: parent 1:10 limit 12p
 Sent 105004183 bytes 70582 pkt (dropped 2626, overlimits 0 requeues 0) 
 backlog 16302b 5p requeues 0
======================================================================
Timestamp: 2026-04-28 16:44:40
qdisc htb 1: root refcnt 13 r2q 10 default 0x10 direct_packets_stat 0 direct_qlen 1000
 Sent 105885633 bytes 71175 pkt (dropped 2626, overlimits 36350 requeues 0) 
 backlog 43106b 9p requeues 0
qdisc pfifo 20: parent 1:10 limit 12p
 Sent 105885633 bytes 71175 pkt (dropped 2626, overlimits 0 requeues 0) 
 backlog 43106b 9p requeues 0
======================================================================
Timestamp: 2026-04-28 16:44:41
qdisc htb 1: root refcnt 13 r2q 10 default 0x10 direct_packets_stat 0 direct_qlen 1000
 Sent 106756216 bytes 71757 pkt (dropped 2675, overlimits 36767 requeues 0) 
 backlog 16366b 5p requeues 0
qdisc pfifo 20: parent 1:10 limit 12p
 Sent 106756216 bytes 71757 pkt (dropped 2675, overlimits 0 requeues 0) 
 backlog 16366b 5p requeues 0
======================================================================
Timestamp: 2026-04-28 16:44:42
qdisc htb 1: root refcnt 13 r2q 10 default 0x10 direct_packets_stat 0 direct_qlen 1000
 Sent 107643296 bytes 72353 pkt (dropped 2675, overlimits 37009 requeues 0) 
 backlog 38660b 9p requeues 0
qdisc pfifo 20: parent 1:10 limit 12p
 Sent 107643296 bytes 72353 pkt (dropped 2675, overlimits 0 requeues 0) 
 backlog 38660b 9p requeues 0
======================================================================
Timestamp: 2026-04-28 16:44:43
qdisc htb 1: root refcnt 13 r2q 10 default 0x10 direct_packets_stat 0 direct_qlen 1000
 Sent 108511829 bytes 72938 pkt (dropped 2714, overlimits 37255 requeues 0) 
 backlog 25194b 4p requeues 0
qdisc pfifo 20: parent 1:10 limit 12p
 Sent 108511829 bytes 72938 pkt (dropped 2714, overlimits 0 requeues 0) 
 backlog 25194b 4p requeues 0
======================================================================
Timestamp: 2026-04-28 16:44:44
qdisc htb 1: root refcnt 13 r2q 10 default 0x10 direct_packets_stat 0 direct_qlen 1000
 Sent 109390283 bytes 73529 pkt (dropped 2715, overlimits 37445 requeues 0) 
 backlog 35696b 9p requeues 0
qdisc pfifo 20: parent 1:10 limit 12p
 Sent 109390283 bytes 73529 pkt (dropped 2715, overlimits 0 requeues 0) 
 backlog 35696b 9p requeues 0
======================================================================
Timestamp: 2026-04-28 16:44:45
qdisc htb 1: root refcnt 13 r2q 10 default 0x10 direct_packets_stat 0 direct_qlen 1000
 Sent 110270117 bytes 74123 pkt (dropped 2739, overlimits 37704 requeues 0) 
 backlog 38692b 9p requeues 0
qdisc pfifo 20: parent 1:10 limit 12p
 Sent 110270117 bytes 74123 pkt (dropped 2739, overlimits 0 requeues 0) 
 backlog 38692b 9p requeues 0
======================================================================
Timestamp: 2026-04-28 16:44:46
qdisc htb 1: root refcnt 13 r2q 10 default 0x10 direct_packets_stat 0 direct_qlen 1000
 Sent 111136342 bytes 74705 pkt (dropped 2740, overlimits 37907 requeues 0) 
 backlog 0b 0p requeues 0
qdisc pfifo 20: parent 1:10 limit 12p
 Sent 111136342 bytes 74705 pkt (dropped 2740, overlimits 0 requeues 0) 
 backlog 0b 0p requeues 0
======================================================================
Timestamp: 2026-04-28 16:44:47
qdisc htb 1: root refcnt 13 r2q 10 default 0x10 direct_packets_stat 0 direct_qlen 1000
 Sent 112018218 bytes 75296 pkt (dropped 2800, overlimits 38299 requeues 0) 
 backlog 23840b 7p requeues 0
qdisc pfifo 20: parent 1:10 limit 12p
 Sent 112018218 bytes 75296 pkt (dropped 2800, overlimits 0 requeues 0) 
 backlog 23840b 7p requeues 0
======================================================================
Timestamp: 2026-04-28 16:44:48
qdisc htb 1: root refcnt 13 r2q 10 default 0x10 direct_packets_stat 0 direct_qlen 1000
 Sent 112893509 bytes 75883 pkt (dropped 2800, overlimits 38621 requeues 0) 
 backlog 7570b 5p requeues 0
qdisc pfifo 20: parent 1:10 limit 12p
 Sent 112893509 bytes 75883 pkt (dropped 2800, overlimits 0 requeues 0) 
 backlog 7570b 5p requeues 0
======================================================================
Timestamp: 2026-04-28 16:44:49
qdisc htb 1: root refcnt 13 r2q 10 default 0x10 direct_packets_stat 0 direct_qlen 1000
 Sent 113774441 bytes 76471 pkt (dropped 2849, overlimits 39062 requeues 0) 
 backlog 29800b 10p requeues 0
qdisc pfifo 20: parent 1:10 limit 12p
 Sent 113774441 bytes 76471 pkt (dropped 2849, overlimits 0 requeues 0) 
 backlog 29800b 10p requeues 0
======================================================================
Timestamp: 2026-04-28 16:44:50
qdisc htb 1: root refcnt 13 r2q 10 default 0x10 direct_packets_stat 0 direct_qlen 1000
 Sent 114657981 bytes 77065 pkt (dropped 2849, overlimits 39282 requeues 0) 
 backlog 41624b 10p requeues 0
qdisc pfifo 20: parent 1:10 limit 12p
 Sent 114657981 bytes 77065 pkt (dropped 2849, overlimits 0 requeues 0) 
 backlog 41624b 10p requeues 0
======================================================================
Timestamp: 2026-04-28 16:44:51
qdisc htb 1: root refcnt 13 r2q 10 default 0x10 direct_packets_stat 0 direct_qlen 1000
 Sent 115525582 bytes 77648 pkt (dropped 2891, overlimits 39601 requeues 0) 
 backlog 22294b 5p requeues 0
qdisc pfifo 20: parent 1:10 limit 12p
 Sent 115525582 bytes 77648 pkt (dropped 2891, overlimits 0 requeues 0) 
 backlog 22294b 5p requeues 0
======================================================================
Timestamp: 2026-04-28 16:44:52
qdisc htb 1: root refcnt 13 r2q 10 default 0x10 direct_packets_stat 0 direct_qlen 1000
 Sent 116403002 bytes 78238 pkt (dropped 2892, overlimits 39816 requeues 0) 
 backlog 40142b 9p requeues 0
qdisc pfifo 20: parent 1:10 limit 12p
 Sent 116403002 bytes 78238 pkt (dropped 2892, overlimits 0 requeues 0) 
 backlog 40142b 9p requeues 0
======================================================================
Timestamp: 2026-04-28 16:44:53
qdisc htb 1: root refcnt 13 r2q 10 default 0x10 direct_packets_stat 0 direct_qlen 1000
 Sent 117227176 bytes 78792 pkt (dropped 2923, overlimits 40175 requeues 0) 
 backlog 19394b 6p requeues 0
qdisc pfifo 20: parent 1:10 limit 12p
 Sent 117227176 bytes 78792 pkt (dropped 2923, overlimits 0 requeues 0) 
 backlog 19394b 6p requeues 0
======================================================================
Timestamp: 2026-04-28 16:44:54
qdisc htb 1: root refcnt 13 r2q 10 default 0x10 direct_packets_stat 0 direct_qlen 1000
 Sent 118100416 bytes 79380 pkt (dropped 2924, overlimits 40383 requeues 0) 
 backlog 41624b 9p requeues 0
qdisc pfifo 20: parent 1:10 limit 12p
 Sent 118100416 bytes 79380 pkt (dropped 2924, overlimits 0 requeues 0) 
 backlog 41624b 9p requeues 0
======================================================================
Timestamp: 2026-04-28 16:44:55
qdisc htb 1: root refcnt 13 r2q 10 default 0x10 direct_packets_stat 0 direct_qlen 1000
 Sent 118970086 bytes 79961 pkt (dropped 2962, overlimits 40779 requeues 0) 
 backlog 26740b 7p requeues 0
qdisc pfifo 20: parent 1:10 limit 12p
 Sent 118970086 bytes 79961 pkt (dropped 2962, overlimits 0 requeues 0) 
 backlog 26740b 7p requeues 0
======================================================================
Timestamp: 2026-04-28 16:44:56
qdisc htb 1: root refcnt 13 r2q 10 default 0x10 direct_packets_stat 0 direct_qlen 1000
 Sent 119853754 bytes 80555 pkt (dropped 2962, overlimits 41014 requeues 0) 
 backlog 43106b 9p requeues 0
qdisc pfifo 20: parent 1:10 limit 12p
 Sent 119853754 bytes 80555 pkt (dropped 2962, overlimits 0 requeues 0) 
 backlog 43106b 9p requeues 0
======================================================================
Timestamp: 2026-04-28 16:44:57
qdisc htb 1: root refcnt 13 r2q 10 default 0x10 direct_packets_stat 0 direct_qlen 1000
 Sent 120696247 bytes 81122 pkt (dropped 3004, overlimits 41287 requeues 0) 
 backlog 25258b 6p requeues 0
qdisc pfifo 20: parent 1:10 limit 12p
 Sent 120696247 bytes 81122 pkt (dropped 3004, overlimits 0 requeues 0) 
 backlog 25258b 6p requeues 0
======================================================================
Timestamp: 2026-04-28 16:44:58
qdisc htb 1: root refcnt 13 r2q 10 default 0x10 direct_packets_stat 0 direct_qlen 1000
 Sent 121580949 bytes 81717 pkt (dropped 3004, overlimits 41487 requeues 0) 
 backlog 15635b 7p requeues 0
qdisc pfifo 20: parent 1:10 limit 12p
 Sent 121580949 bytes 81717 pkt (dropped 3004, overlimits 0 requeues 0) 
 backlog 15635b 7p requeues 0
======================================================================
Timestamp: 2026-04-28 16:44:59
qdisc htb 1: root refcnt 13 r2q 10 default 0x10 direct_packets_stat 0 direct_qlen 1000
 Sent 122452561 bytes 82302 pkt (dropped 3056, overlimits 41963 requeues 0) 
 backlog 14884b 4p requeues 0
qdisc pfifo 20: parent 1:10 limit 12p
 Sent 122452561 bytes 82302 pkt (dropped 3056, overlimits 0 requeues 0) 
 backlog 14884b 4p requeues 0
======================================================================
Timestamp: 2026-04-28 16:45:00
qdisc htb 1: root refcnt 13 r2q 10 default 0x10 direct_packets_stat 0 direct_qlen 1000
 Sent 123332007 bytes 82893 pkt (dropped 3056, overlimits 42198 requeues 0) 
 backlog 40209b 12p requeues 0
qdisc pfifo 20: parent 1:10 limit 12p
 Sent 123332007 bytes 82893 pkt (dropped 3056, overlimits 0 requeues 0) 
 backlog 40209b 12p requeues 0
======================================================================
Timestamp: 2026-04-28 16:45:01
qdisc htb 1: root refcnt 13 r2q 10 default 0x10 direct_packets_stat 0 direct_qlen 1000
 Sent 123851258 bytes 83244 pkt (dropped 3068, overlimits 42393 requeues 0) 
 backlog 13338b 2p requeues 0
qdisc pfifo 20: parent 1:10 limit 12p
 Sent 123851258 bytes 83244 pkt (dropped 3068, overlimits 0 requeues 0) 
 backlog 13338b 2p requeues 0
======================================================================
Timestamp: 2026-04-28 16:45:02
qdisc htb 1: root refcnt 13 r2q 10 default 0x10 direct_packets_stat 0 direct_qlen 1000
 Sent 124737494 bytes 83842 pkt (dropped 3068, overlimits 42510 requeues 0) 
 backlog 32604b 4p requeues 0
qdisc pfifo 20: parent 1:10 limit 12p
 Sent 124737494 bytes 83842 pkt (dropped 3068, overlimits 0 requeues 0) 
 backlog 32604b 4p requeues 0
======================================================================
Timestamp: 2026-04-28 16:45:03
qdisc htb 1: root refcnt 13 r2q 10 default 0x10 direct_packets_stat 0 direct_qlen 1000
 Sent 125083124 bytes 84077 pkt (dropped 3096, overlimits 42629 requeues 0) 
 backlog 25194b 3p requeues 0
qdisc pfifo 20: parent 1:10 limit 12p
 Sent 125083124 bytes 84077 pkt (dropped 3096, overlimits 0 requeues 0) 
 backlog 25194b 3p requeues 0
======================================================================
Timestamp: 2026-04-28 16:45:04
qdisc htb 1: root refcnt 13 r2q 10 default 0x10 direct_packets_stat 0 direct_qlen 1000
 Sent 125937019 bytes 84654 pkt (dropped 3110, overlimits 42808 requeues 0) 
 backlog 17784b 2p requeues 0
qdisc pfifo 20: parent 1:10 limit 12p
 Sent 125937019 bytes 84654 pkt (dropped 3110, overlimits 0 requeues 0) 
 backlog 17784b 2p requeues 0
======================================================================
Timestamp: 2026-04-28 16:45:05
qdisc htb 1: root refcnt 13 r2q 10 default 0x10 direct_packets_stat 0 direct_qlen 1000
 Sent 126702211 bytes 85171 pkt (dropped 3133, overlimits 42970 requeues 0) 
 backlog 19266b 3p requeues 0
qdisc pfifo 20: parent 1:10 limit 12p
 Sent 126702211 bytes 85171 pkt (dropped 3133, overlimits 0 requeues 0) 
 backlog 19266b 3p requeues 0
======================================================================
Timestamp: 2026-04-28 16:45:06
qdisc htb 1: root refcnt 13 r2q 10 default 0x10 direct_packets_stat 0 direct_qlen 1000
 Sent 127585483 bytes 85767 pkt (dropped 3133, overlimits 43105 requeues 0) 
 backlog 30450b 3p requeues 0
qdisc pfifo 20: parent 1:10 limit 12p
 Sent 127585483 bytes 85767 pkt (dropped 3133, overlimits 0 requeues 0) 
 backlog 30450b 3p requeues 0
======================================================================
Timestamp: 2026-04-28 16:45:07
qdisc htb 1: root refcnt 13 r2q 10 default 0x10 direct_packets_stat 0 direct_qlen 1000
 Sent 127818794 bytes 85926 pkt (dropped 3163, overlimits 43199 requeues 0) 
 backlog 16302b 6p requeues 0
qdisc pfifo 20: parent 1:10 limit 12p
 Sent 127818794 bytes 85926 pkt (dropped 3163, overlimits 0 requeues 0) 
 backlog 16302b 6p requeues 0
======================================================================
Timestamp: 2026-04-28 16:45:08
qdisc htb 1: root refcnt 13 r2q 10 default 0x10 direct_packets_stat 0 direct_qlen 1000
 Sent 128702058 bytes 86522 pkt (dropped 3163, overlimits 43340 requeues 0) 
 backlog 28158b 3p requeues 0
qdisc pfifo 20: parent 1:10 limit 12p
 Sent 128702058 bytes 86522 pkt (dropped 3163, overlimits 0 requeues 0) 
 backlog 28158b 3p requeues 0
======================================================================
Timestamp: 2026-04-28 16:45:09
qdisc htb 1: root refcnt 13 r2q 10 default 0x10 direct_packets_stat 0 direct_qlen 1000
 Sent 129038059 bytes 86750 pkt (dropped 3188, overlimits 43432 requeues 0) 
 backlog 16302b 6p requeues 0
qdisc pfifo 20: parent 1:10 limit 12p
 Sent 129038059 bytes 86750 pkt (dropped 3188, overlimits 0 requeues 0) 
 backlog 16302b 6p requeues 0
======================================================================
Timestamp: 2026-04-28 16:45:10
qdisc htb 1: root refcnt 13 r2q 10 default 0x10 direct_packets_stat 0 direct_qlen 1000
 Sent 129915605 bytes 87345 pkt (dropped 3188, overlimits 43563 requeues 0) 
 backlog 35568b 4p requeues 0
qdisc pfifo 20: parent 1:10 limit 12p
 Sent 129915605 bytes 87345 pkt (dropped 3188, overlimits 0 requeues 0) 
 backlog 35568b 4p requeues 0
======================================================================
Timestamp: 2026-04-28 16:45:11
qdisc htb 1: root refcnt 13 r2q 10 default 0x10 direct_packets_stat 0 direct_qlen 1000
 Sent 130193050 bytes 87540 pkt (dropped 3215, overlimits 43651 requeues 0) 
 backlog 11945b 9p requeues 0
qdisc pfifo 20: parent 1:10 limit 12p
 Sent 130193050 bytes 87540 pkt (dropped 3215, overlimits 0 requeues 0) 
 backlog 11945b 9p requeues 0
======================================================================
Timestamp: 2026-04-28 16:45:12
qdisc htb 1: root refcnt 13 r2q 10 default 0x10 direct_packets_stat 0 direct_qlen 1000
 Sent 131073447 bytes 88135 pkt (dropped 3215, overlimits 43782 requeues 0) 
 backlog 42978b 5p requeues 0
qdisc pfifo 20: parent 1:10 limit 12p
 Sent 131073447 bytes 88135 pkt (dropped 3215, overlimits 0 requeues 0) 
 backlog 42978b 5p requeues 0
======================================================================
Timestamp: 2026-04-28 16:45:13
qdisc htb 1: root refcnt 13 r2q 10 default 0x10 direct_packets_stat 0 direct_qlen 1000
 Sent 131480208 bytes 88411 pkt (dropped 3229, overlimits 43853 requeues 0) 
 backlog 14820b 6p requeues 0
qdisc pfifo 20: parent 1:10 limit 12p
 Sent 131480208 bytes 88411 pkt (dropped 3229, overlimits 0 requeues 0) 
 backlog 14820b 6p requeues 0
======================================================================
Timestamp: 2026-04-28 16:45:14
qdisc htb 1: root refcnt 13 r2q 10 default 0x10 direct_packets_stat 0 direct_qlen 1000
 Sent 132364962 bytes 89008 pkt (dropped 3235, overlimits 44032 requeues 0) 
 backlog 26676b 4p requeues 0
qdisc pfifo 20: parent 1:10 limit 12p
 Sent 132364962 bytes 89008 pkt (dropped 3235, overlimits 0 requeues 0) 
 backlog 26676b 4p requeues 0
======================================================================
Timestamp: 2026-04-28 16:45:15
qdisc htb 1: root refcnt 13 r2q 10 default 0x10 direct_packets_stat 0 direct_qlen 1000
 Sent 132722194 bytes 89251 pkt (dropped 3245, overlimits 44086 requeues 0) 
 backlog 16302b 11p requeues 0
qdisc pfifo 20: parent 1:10 limit 12p
 Sent 132722194 bytes 89251 pkt (dropped 3245, overlimits 0 requeues 0) 
 backlog 16302b 11p requeues 0
======================================================================
Timestamp: 2026-04-28 16:45:16
qdisc htb 1: root refcnt 13 r2q 10 default 0x10 direct_packets_stat 0 direct_qlen 1000
 Sent 133410351 bytes 89717 pkt (dropped 3271, overlimits 44244 requeues 0) 
 backlog 0b 0p requeues 0
qdisc pfifo 20: parent 1:10 limit 12p
 Sent 133410351 bytes 89717 pkt (dropped 3271, overlimits 0 requeues 0) 
 backlog 0b 0p requeues 0
======================================================================
Timestamp: 2026-04-28 16:45:17
qdisc htb 1: root refcnt 13 r2q 10 default 0x10 direct_packets_stat 0 direct_qlen 1000
 Sent 133413045 bytes 89719 pkt (dropped 3271, overlimits 44245 requeues 0) 
 backlog 0b 0p requeues 0
qdisc pfifo 20: parent 1:10 limit 12p
 Sent 133413045 bytes 89719 pkt (dropped 3271, overlimits 0 requeues 0) 
 backlog 0b 0p requeues 0
======================================================================
Timestamp: 2026-04-28 16:45:18
qdisc htb 1: root refcnt 13 r2q 10 default 0x10 direct_packets_stat 0 direct_qlen 1000
 Sent 134290389 bytes 90311 pkt (dropped 3278, overlimits 44441 requeues 0) 
 backlog 28158b 4p requeues 0
qdisc pfifo 20: parent 1:10 limit 12p
 Sent 134290389 bytes 90311 pkt (dropped 3278, overlimits 0 requeues 0) 
 backlog 28158b 4p requeues 0
======================================================================
Timestamp: 2026-04-28 16:45:19
qdisc htb 1: root refcnt 13 r2q 10 default 0x10 direct_packets_stat 0 direct_qlen 1000
 Sent 134355074 bytes 90355 pkt (dropped 3278, overlimits 44450 requeues 0) 
 backlog 0b 0p requeues 0
qdisc pfifo 20: parent 1:10 limit 12p
 Sent 134355074 bytes 90355 pkt (dropped 3278, overlimits 0 requeues 0) 
 backlog 0b 0p requeues 0
======================================================================
Timestamp: 2026-04-28 16:45:20
qdisc htb 1: root refcnt 13 r2q 10 default 0x10 direct_packets_stat 0 direct_qlen 1000
 Sent 135187688 bytes 90917 pkt (dropped 3293, overlimits 44619 requeues 0) 
 backlog 34086b 5p requeues 0
qdisc pfifo 20: parent 1:10 limit 12p
 Sent 135187688 bytes 90917 pkt (dropped 3293, overlimits 0 requeues 0) 
 backlog 34086b 5p requeues 0
======================================================================
Timestamp: 2026-04-28 16:45:21
qdisc htb 1: root refcnt 13 r2q 10 default 0x10 direct_packets_stat 0 direct_qlen 1000
 Sent 135681581 bytes 91252 pkt (dropped 3293, overlimits 44674 requeues 0) 
 backlog 0b 0p requeues 0
qdisc pfifo 20: parent 1:10 limit 12p
 Sent 135681581 bytes 91252 pkt (dropped 3293, overlimits 0 requeues 0) 
 backlog 0b 0p requeues 0
======================================================================
Timestamp: 2026-04-28 16:45:22
qdisc htb 1: root refcnt 13 r2q 10 default 0x10 direct_packets_stat 0 direct_qlen 1000
 Sent 136477145 bytes 91789 pkt (dropped 3310, overlimits 44860 requeues 0) 
 backlog 31122b 5p requeues 0
qdisc pfifo 20: parent 1:10 limit 12p
 Sent 136477145 bytes 91789 pkt (dropped 3310, overlimits 0 requeues 0) 
 backlog 31122b 5p requeues 0
======================================================================
Timestamp: 2026-04-28 16:45:23
qdisc htb 1: root refcnt 13 r2q 10 default 0x10 direct_packets_stat 0 direct_qlen 1000
 Sent 136942826 bytes 92105 pkt (dropped 3310, overlimits 44921 requeues 0) 
 backlog 0b 0p requeues 0
qdisc pfifo 20: parent 1:10 limit 12p
 Sent 136942826 bytes 92105 pkt (dropped 3310, overlimits 0 requeues 0) 
 backlog 0b 0p requeues 0
======================================================================
Timestamp: 2026-04-28 16:45:24
qdisc htb 1: root refcnt 13 r2q 10 default 0x10 direct_packets_stat 0 direct_qlen 1000
 Sent 137696983 bytes 92615 pkt (dropped 3342, overlimits 45109 requeues 0) 
 backlog 26676b 4p requeues 0
qdisc pfifo 20: parent 1:10 limit 12p
 Sent 137696983 bytes 92615 pkt (dropped 3342, overlimits 0 requeues 0) 
 backlog 26676b 4p requeues 0
======================================================================
Timestamp: 2026-04-28 16:45:25
qdisc htb 1: root refcnt 13 r2q 10 default 0x10 direct_packets_stat 0 direct_qlen 1000
 Sent 138230281 bytes 92976 pkt (dropped 3342, overlimits 45182 requeues 0) 
 backlog 0b 0p requeues 0
qdisc pfifo 20: parent 1:10 limit 12p
 Sent 138230281 bytes 92976 pkt (dropped 3342, overlimits 0 requeues 0) 
 backlog 0b 0p requeues 0
======================================================================
Timestamp: 2026-04-28 16:45:26
qdisc htb 1: root refcnt 13 r2q 10 default 0x10 direct_packets_stat 0 direct_qlen 1000
 Sent 138935443 bytes 93452 pkt (dropped 3359, overlimits 45353 requeues 0) 
 backlog 32604b 5p requeues 0
qdisc pfifo 20: parent 1:10 limit 12p
 Sent 138935443 bytes 93452 pkt (dropped 3359, overlimits 0 requeues 0) 
 backlog 32604b 5p requeues 0
======================================================================
Timestamp: 2026-04-28 16:45:27
qdisc htb 1: root refcnt 13 r2q 10 default 0x10 direct_packets_stat 0 direct_qlen 1000
 Sent 139377005 bytes 93751 pkt (dropped 3359, overlimits 45406 requeues 0) 
 backlog 0b 0p requeues 0
qdisc pfifo 20: parent 1:10 limit 12p
 Sent 139377005 bytes 93751 pkt (dropped 3359, overlimits 0 requeues 0) 
 backlog 0b 0p requeues 0
======================================================================
Timestamp: 2026-04-28 16:45:28
qdisc htb 1: root refcnt 13 r2q 10 default 0x10 direct_packets_stat 0 direct_qlen 1000
 Sent 140039189 bytes 94198 pkt (dropped 3369, overlimits 45550 requeues 0) 
 backlog 32604b 5p requeues 0
qdisc pfifo 20: parent 1:10 limit 12p
 Sent 140039189 bytes 94198 pkt (dropped 3369, overlimits 0 requeues 0) 
 backlog 32604b 5p requeues 0
======================================================================
Timestamp: 2026-04-28 16:45:29
qdisc htb 1: root refcnt 13 r2q 10 default 0x10 direct_packets_stat 0 direct_qlen 1000
 Sent 140500438 bytes 94511 pkt (dropped 3369, overlimits 45614 requeues 0) 
 backlog 0b 0p requeues 0
qdisc pfifo 20: parent 1:10 limit 12p
 Sent 140500438 bytes 94511 pkt (dropped 3369, overlimits 0 requeues 0) 
 backlog 0b 0p requeues 0
======================================================================
Timestamp: 2026-04-28 16:45:30
qdisc htb 1: root refcnt 13 r2q 10 default 0x10 direct_packets_stat 0 direct_qlen 1000
 Sent 141113574 bytes 94925 pkt (dropped 3383, overlimits 45761 requeues 0) 
 backlog 0b 0p requeues 0
qdisc pfifo 20: parent 1:10 limit 12p
 Sent 141113574 bytes 94925 pkt (dropped 3383, overlimits 0 requeues 0) 
 backlog 0b 0p requeues 0
======================================================================
Timestamp: 2026-04-28 16:45:31
qdisc htb 1: root refcnt 13 r2q 10 default 0x10 direct_packets_stat 0 direct_qlen 1000
 Sent 141113671 bytes 94926 pkt (dropped 3383, overlimits 45761 requeues 0) 
 backlog 0b 0p requeues 0
qdisc pfifo 20: parent 1:10 limit 12p
 Sent 141113671 bytes 94926 pkt (dropped 3383, overlimits 0 requeues 0) 
 backlog 0b 0p requeues 0
======================================================================
Timestamp: 2026-04-28 16:45:32
qdisc htb 1: root refcnt 13 r2q 10 default 0x10 direct_packets_stat 0 direct_qlen 1000
 Sent 141695827 bytes 95319 pkt (dropped 3390, overlimits 45908 requeues 0) 
 backlog 19266b 3p requeues 0
qdisc pfifo 20: parent 1:10 limit 12p
 Sent 141695827 bytes 95319 pkt (dropped 3390, overlimits 0 requeues 0) 
 backlog 19266b 3p requeues 0
======================================================================
Timestamp: 2026-04-28 16:45:33
qdisc htb 1: root refcnt 13 r2q 10 default 0x10 direct_packets_stat 0 direct_qlen 1000
 Sent 142302215 bytes 95731 pkt (dropped 3390, overlimits 45985 requeues 0) 
 backlog 0b 0p requeues 0
qdisc pfifo 20: parent 1:10 limit 12p
 Sent 142302215 bytes 95731 pkt (dropped 3390, overlimits 0 requeues 0) 
 backlog 0b 0p requeues 0
======================================================================
Timestamp: 2026-04-28 16:45:34
qdisc htb 1: root refcnt 13 r2q 10 default 0x10 direct_packets_stat 0 direct_qlen 1000
 Sent 142842875 bytes 96096 pkt (dropped 3406, overlimits 46113 requeues 0) 
 backlog 23712b 3p requeues 0
qdisc pfifo 20: parent 1:10 limit 12p
 Sent 142842875 bytes 96096 pkt (dropped 3406, overlimits 0 requeues 0) 
 backlog 23712b 3p requeues 0
======================================================================
Timestamp: 2026-04-28 16:45:35
qdisc htb 1: root refcnt 13 r2q 10 default 0x10 direct_packets_stat 0 direct_qlen 1000
 Sent 143260815 bytes 96379 pkt (dropped 3406, overlimits 46166 requeues 0) 
 backlog 0b 0p requeues 0
qdisc pfifo 20: parent 1:10 limit 12p
 Sent 143260815 bytes 96379 pkt (dropped 3406, overlimits 0 requeues 0) 
 backlog 0b 0p requeues 0
======================================================================
Timestamp: 2026-04-28 16:45:36
qdisc htb 1: root refcnt 13 r2q 10 default 0x10 direct_packets_stat 0 direct_qlen 1000
 Sent 143762943 bytes 96718 pkt (dropped 3417, overlimits 46272 requeues 0) 
 backlog 17784b 3p requeues 0
qdisc pfifo 20: parent 1:10 limit 12p
 Sent 143762943 bytes 96718 pkt (dropped 3417, overlimits 0 requeues 0) 
 backlog 17784b 3p requeues 0
======================================================================
Timestamp: 2026-04-28 16:45:37
qdisc htb 1: root refcnt 13 r2q 10 default 0x10 direct_packets_stat 0 direct_qlen 1000
 Sent 144484099 bytes 97206 pkt (dropped 3417, overlimits 46367 requeues 0) 
 backlog 0b 0p requeues 0
qdisc pfifo 20: parent 1:10 limit 12p
 Sent 144484099 bytes 97206 pkt (dropped 3417, overlimits 0 requeues 0) 
 backlog 0b 0p requeues 0
======================================================================
Timestamp: 2026-04-28 16:45:38
qdisc htb 1: root refcnt 13 r2q 10 default 0x10 direct_packets_stat 0 direct_qlen 1000
 Sent 144940284 bytes 97514 pkt (dropped 3432, overlimits 46495 requeues 0) 
 backlog 17784b 2p requeues 0
qdisc pfifo 20: parent 1:10 limit 12p
 Sent 144940284 bytes 97514 pkt (dropped 3432, overlimits 0 requeues 0) 
 backlog 17784b 2p requeues 0
======================================================================
Timestamp: 2026-04-28 16:45:39
qdisc htb 1: root refcnt 13 r2q 10 default 0x10 direct_packets_stat 0 direct_qlen 1000
 Sent 145298030 bytes 97757 pkt (dropped 3432, overlimits 46542 requeues 0) 
 backlog 0b 0p requeues 0
qdisc pfifo 20: parent 1:10 limit 12p
 Sent 145298030 bytes 97757 pkt (dropped 3432, overlimits 0 requeues 0) 
 backlog 0b 0p requeues 0
======================================================================
Timestamp: 2026-04-28 16:45:40
qdisc htb 1: root refcnt 13 r2q 10 default 0x10 direct_packets_stat 0 direct_qlen 1000
 Sent 145718648 bytes 98041 pkt (dropped 3440, overlimits 46655 requeues 0) 
 backlog 14820b 2p requeues 0
qdisc pfifo 20: parent 1:10 limit 12p
 Sent 145718648 bytes 98041 pkt (dropped 3440, overlimits 0 requeues 0) 
 backlog 14820b 2p requeues 0
======================================================================
Timestamp: 2026-04-28 16:45:41
qdisc htb 1: root refcnt 13 r2q 10 default 0x10 direct_packets_stat 0 direct_qlen 1000
 Sent 146309318 bytes 98440 pkt (dropped 3440, overlimits 46739 requeues 0) 
 backlog 0b 0p requeues 0
qdisc pfifo 20: parent 1:10 limit 12p
 Sent 146309318 bytes 98440 pkt (dropped 3440, overlimits 0 requeues 0) 
 backlog 0b 0p requeues 0
======================================================================
Timestamp: 2026-04-28 16:45:42
qdisc htb 1: root refcnt 13 r2q 10 default 0x10 direct_packets_stat 0 direct_qlen 1000
 Sent 146685476 bytes 98694 pkt (dropped 3459, overlimits 46846 requeues 0) 
 backlog 14820b 2p requeues 0
qdisc pfifo 20: parent 1:10 limit 12p
 Sent 146685476 bytes 98694 pkt (dropped 3459, overlimits 0 requeues 0) 
 backlog 14820b 2p requeues 0
======================================================================
Timestamp: 2026-04-28 16:45:43
qdisc htb 1: root refcnt 13 r2q 10 default 0x10 direct_packets_stat 0 direct_qlen 1000
 Sent 147561380 bytes 99286 pkt (dropped 3459, overlimits 46959 requeues 0) 
 backlog 34382b 5p requeues 0
qdisc pfifo 20: parent 1:10 limit 12p
 Sent 147561380 bytes 99286 pkt (dropped 3459, overlimits 0 requeues 0) 
 backlog 34382b 5p requeues 0
======================================================================
Timestamp: 2026-04-28 16:45:44
qdisc htb 1: root refcnt 13 r2q 10 default 0x10 direct_packets_stat 0 direct_qlen 1000
 Sent 147930424 bytes 99536 pkt (dropped 3489, overlimits 47084 requeues 0) 
 backlog 10374b 2p requeues 0
qdisc pfifo 20: parent 1:10 limit 12p
 Sent 147930424 bytes 99536 pkt (dropped 3489, overlimits 0 requeues 0) 
 backlog 10374b 2p requeues 0
======================================================================
Timestamp: 2026-04-28 16:45:45
qdisc htb 1: root refcnt 13 r2q 10 default 0x10 direct_packets_stat 0 direct_qlen 1000
 Sent 148444866 bytes 99885 pkt (dropped 3489, overlimits 47168 requeues 0) 
 backlog 0b 0p requeues 0
qdisc pfifo 20: parent 1:10 limit 12p
 Sent 148444866 bytes 99885 pkt (dropped 3489, overlimits 0 requeues 0) 
 backlog 0b 0p requeues 0
======================================================================
Timestamp: 2026-04-28 16:45:46
qdisc htb 1: root refcnt 13 r2q 10 default 0x10 direct_packets_stat 0 direct_qlen 1000
 Sent 148732104 bytes 100079 pkt (dropped 3497, overlimits 47226 requeues 0) 
 backlog 29640b 4p requeues 0
qdisc pfifo 20: parent 1:10 limit 12p
 Sent 148732104 bytes 100079 pkt (dropped 3497, overlimits 0 requeues 0) 
 backlog 29640b 4p requeues 0
======================================================================
Timestamp: 2026-04-28 16:45:47
qdisc htb 1: root refcnt 13 r2q 10 default 0x10 direct_packets_stat 0 direct_qlen 1000
 Sent 149550615 bytes 100633 pkt (dropped 3497, overlimits 47329 requeues 0) 
 backlog 0b 0p requeues 0
qdisc pfifo 20: parent 1:10 limit 12p
 Sent 149550615 bytes 100633 pkt (dropped 3497, overlimits 0 requeues 0) 
 backlog 0b 0p requeues 0
======================================================================
Timestamp: 2026-04-28 16:45:48
qdisc htb 1: root refcnt 13 r2q 10 default 0x10 direct_packets_stat 0 direct_qlen 1000
 Sent 149796357 bytes 100799 pkt (dropped 3511, overlimits 47424 requeues 0) 
 backlog 13338b 5p requeues 0
qdisc pfifo 20: parent 1:10 limit 12p
 Sent 149796357 bytes 100799 pkt (dropped 3511, overlimits 0 requeues 0) 
 backlog 13338b 5p requeues 0
======================================================================
Timestamp: 2026-04-28 16:45:49
qdisc htb 1: root refcnt 13 r2q 10 default 0x10 direct_packets_stat 0 direct_qlen 1000
 Sent 150526083 bytes 101292 pkt (dropped 3511, overlimits 47532 requeues 0) 
 backlog 0b 0p requeues 0
qdisc pfifo 20: parent 1:10 limit 12p
 Sent 150526083 bytes 101292 pkt (dropped 3511, overlimits 0 requeues 0) 
 backlog 0b 0p requeues 0
