Starting TC Qdisc Monitoring for s1-eth2
Timestamp, Qdisc Stats
======================================================================
Timestamp: 2026-04-02 15:11:50
qdisc htb 1: root refcnt 13 r2q 10 default 0x10 direct_packets_stat 0 direct_qlen 1000
 Sent 7393 bytes 34 pkt (dropped 0, overlimits 2 requeues 0) 
 backlog 0b 0p requeues 0
qdisc pfifo 20: parent 1:10 limit 12p
 Sent 7393 bytes 34 pkt (dropped 0, overlimits 0 requeues 0) 
 backlog 0b 0p requeues 0
======================================================================
Timestamp: 2026-04-02 15:11:51
qdisc htb 1: root refcnt 13 r2q 10 default 0x10 direct_packets_stat 0 direct_qlen 1000
 Sent 219549 bytes 181 pkt (dropped 11, overlimits 91 requeues 0) 
 backlog 0b 0p requeues 0
qdisc pfifo 20: parent 1:10 limit 12p
 Sent 219549 bytes 181 pkt (dropped 11, overlimits 0 requeues 0) 
 backlog 0b 0p requeues 0
======================================================================
Timestamp: 2026-04-02 15:11:52
qdisc htb 1: root refcnt 13 r2q 10 default 0x10 direct_packets_stat 0 direct_qlen 1000
 Sent 958168 bytes 683 pkt (dropped 66, overlimits 466 requeues 0) 
 backlog 22230b 11p requeues 0
qdisc pfifo 20: parent 1:10 limit 12p
 Sent 958168 bytes 683 pkt (dropped 66, overlimits 0 requeues 0) 
 backlog 22230b 11p requeues 0
======================================================================
Timestamp: 2026-04-02 15:11:53
qdisc htb 1: root refcnt 13 r2q 10 default 0x10 direct_packets_stat 0 direct_qlen 1000
 Sent 1782513 bytes 1242 pkt (dropped 110, overlimits 882 requeues 0) 
 backlog 23712b 12p requeues 0
qdisc pfifo 20: parent 1:10 limit 12p
 Sent 1782513 bytes 1242 pkt (dropped 110, overlimits 0 requeues 0) 
 backlog 23712b 12p requeues 0
======================================================================
Timestamp: 2026-04-02 15:11:54
qdisc htb 1: root refcnt 13 r2q 10 default 0x10 direct_packets_stat 0 direct_qlen 1000
 Sent 2659997 bytes 1836 pkt (dropped 159, overlimits 1316 requeues 0) 
 backlog 20748b 10p requeues 0
qdisc pfifo 20: parent 1:10 limit 12p
 Sent 2659997 bytes 1836 pkt (dropped 159, overlimits 0 requeues 0) 
 backlog 20748b 10p requeues 0
======================================================================
Timestamp: 2026-04-02 15:11:55
qdisc htb 1: root refcnt 13 r2q 10 default 0x10 direct_packets_stat 0 direct_qlen 1000
 Sent 2927953 bytes 2019 pkt (dropped 175, overlimits 1459 requeues 0) 
 backlog 19266b 9p requeues 0
qdisc pfifo 20: parent 1:10 limit 12p
 Sent 2927953 bytes 2019 pkt (dropped 175, overlimits 0 requeues 0) 
 backlog 19266b 9p requeues 0
======================================================================
Timestamp: 2026-04-02 15:11:56
qdisc htb 1: root refcnt 13 r2q 10 default 0x10 direct_packets_stat 0 direct_qlen 1000
 Sent 3806779 bytes 2612 pkt (dropped 222, overlimits 1899 requeues 0) 
 backlog 19266b 10p requeues 0
qdisc pfifo 20: parent 1:10 limit 12p
 Sent 3806779 bytes 2612 pkt (dropped 222, overlimits 0 requeues 0) 
 backlog 19266b 10p requeues 0
======================================================================
Timestamp: 2026-04-02 15:11:57
qdisc htb 1: root refcnt 13 r2q 10 default 0x10 direct_packets_stat 0 direct_qlen 1000
 Sent 4109328 bytes 2819 pkt (dropped 242, overlimits 2058 requeues 0) 
 backlog 22230b 11p requeues 0
qdisc pfifo 20: parent 1:10 limit 12p
 Sent 4109328 bytes 2819 pkt (dropped 242, overlimits 0 requeues 0) 
 backlog 22230b 11p requeues 0
======================================================================
Timestamp: 2026-04-02 15:11:58
qdisc htb 1: root refcnt 13 r2q 10 default 0x10 direct_packets_stat 0 direct_qlen 1000
 Sent 4988154 bytes 3412 pkt (dropped 284, overlimits 2497 requeues 0) 
 backlog 19266b 10p requeues 0
qdisc pfifo 20: parent 1:10 limit 12p
 Sent 4988154 bytes 3412 pkt (dropped 284, overlimits 0 requeues 0) 
 backlog 19266b 10p requeues 0
======================================================================
Timestamp: 2026-04-02 15:11:59
qdisc htb 1: root refcnt 13 r2q 10 default 0x10 direct_packets_stat 0 direct_qlen 1000
 Sent 5308392 bytes 3630 pkt (dropped 306, overlimits 2663 requeues 0) 
 backlog 19266b 11p requeues 0
qdisc pfifo 20: parent 1:10 limit 12p
 Sent 5308392 bytes 3630 pkt (dropped 306, overlimits 0 requeues 0) 
 backlog 19266b 11p requeues 0
======================================================================
Timestamp: 2026-04-02 15:12:00
qdisc htb 1: root refcnt 13 r2q 10 default 0x10 direct_packets_stat 0 direct_qlen 1000
 Sent 6185728 bytes 4222 pkt (dropped 351, overlimits 3102 requeues 0) 
 backlog 20748b 10p requeues 0
qdisc pfifo 20: parent 1:10 limit 12p
 Sent 6185728 bytes 4222 pkt (dropped 351, overlimits 0 requeues 0) 
 backlog 20748b 10p requeues 0
======================================================================
Timestamp: 2026-04-02 15:12:01
qdisc htb 1: root refcnt 13 r2q 10 default 0x10 direct_packets_stat 0 direct_qlen 1000
 Sent 6424366 bytes 4386 pkt (dropped 367, overlimits 3228 requeues 0) 
 backlog 20748b 11p requeues 0
qdisc pfifo 20: parent 1:10 limit 12p
 Sent 6424366 bytes 4386 pkt (dropped 367, overlimits 0 requeues 0) 
 backlog 20748b 11p requeues 0
======================================================================
Timestamp: 2026-04-02 15:12:02
qdisc htb 1: root refcnt 13 r2q 10 default 0x10 direct_packets_stat 0 direct_qlen 1000
 Sent 6667392 bytes 4551 pkt (dropped 378, overlimits 3350 requeues 0) 
 backlog 0b 0p requeues 0
qdisc pfifo 20: parent 1:10 limit 12p
 Sent 6667392 bytes 4551 pkt (dropped 378, overlimits 0 requeues 0) 
 backlog 0b 0p requeues 0
======================================================================
Timestamp: 2026-04-02 15:12:03
qdisc htb 1: root refcnt 13 r2q 10 default 0x10 direct_packets_stat 0 direct_qlen 1000
 Sent 6708617 bytes 4579 pkt (dropped 383, overlimits 3375 requeues 0) 
 backlog 17784b 9p requeues 0
qdisc pfifo 20: parent 1:10 limit 12p
 Sent 6708617 bytes 4579 pkt (dropped 383, overlimits 0 requeues 0) 
 backlog 17784b 9p requeues 0
======================================================================
Timestamp: 2026-04-02 15:12:04
qdisc htb 1: root refcnt 13 r2q 10 default 0x10 direct_packets_stat 0 direct_qlen 1000
 Sent 7057068 bytes 4816 pkt (dropped 400, overlimits 3548 requeues 0) 
 backlog 0b 0p requeues 0
qdisc pfifo 20: parent 1:10 limit 12p
 Sent 7057068 bytes 4816 pkt (dropped 400, overlimits 0 requeues 0) 
 backlog 0b 0p requeues 0
======================================================================
Timestamp: 2026-04-02 15:12:05
qdisc htb 1: root refcnt 13 r2q 10 default 0x10 direct_packets_stat 0 direct_qlen 1000
 Sent 7059762 bytes 4818 pkt (dropped 400, overlimits 3549 requeues 0) 
 backlog 0b 0p requeues 0
qdisc pfifo 20: parent 1:10 limit 12p
 Sent 7059762 bytes 4818 pkt (dropped 400, overlimits 0 requeues 0) 
 backlog 0b 0p requeues 0
======================================================================
Timestamp: 2026-04-02 15:12:06
qdisc htb 1: root refcnt 13 r2q 10 default 0x10 direct_packets_stat 0 direct_qlen 1000
 Sent 7929696 bytes 5405 pkt (dropped 446, overlimits 3993 requeues 0) 
 backlog 19266b 10p requeues 0
qdisc pfifo 20: parent 1:10 limit 12p
 Sent 7929696 bytes 5405 pkt (dropped 446, overlimits 0 requeues 0) 
 backlog 19266b 10p requeues 0
======================================================================
Timestamp: 2026-04-02 15:12:07
qdisc htb 1: root refcnt 13 r2q 10 default 0x10 direct_packets_stat 0 direct_qlen 1000
 Sent 8136832 bytes 5546 pkt (dropped 452, overlimits 4096 requeues 0) 
 backlog 0b 0p requeues 0
qdisc pfifo 20: parent 1:10 limit 12p
 Sent 8136832 bytes 5546 pkt (dropped 452, overlimits 0 requeues 0) 
 backlog 0b 0p requeues 0
======================================================================
Timestamp: 2026-04-02 15:12:08
qdisc htb 1: root refcnt 13 r2q 10 default 0x10 direct_packets_stat 0 direct_qlen 1000
 Sent 8967964 bytes 6107 pkt (dropped 488, overlimits 4515 requeues 0) 
 backlog 23712b 12p requeues 0
qdisc pfifo 20: parent 1:10 limit 12p
 Sent 8967964 bytes 6107 pkt (dropped 488, overlimits 0 requeues 0) 
 backlog 23712b 12p requeues 0
======================================================================
Timestamp: 2026-04-02 15:12:09
qdisc htb 1: root refcnt 13 r2q 10 default 0x10 direct_packets_stat 0 direct_qlen 1000
 Sent 9414001 bytes 6411 pkt (dropped 510, overlimits 4735 requeues 0) 
 backlog 0b 0p requeues 0
qdisc pfifo 20: parent 1:10 limit 12p
 Sent 9414001 bytes 6411 pkt (dropped 510, overlimits 0 requeues 0) 
 backlog 0b 0p requeues 0
======================================================================
Timestamp: 2026-04-02 15:12:10
qdisc htb 1: root refcnt 13 r2q 10 default 0x10 direct_packets_stat 0 direct_qlen 1000
 Sent 10197779 bytes 6941 pkt (dropped 553, overlimits 5136 requeues 0) 
 backlog 20748b 11p requeues 0
qdisc pfifo 20: parent 1:10 limit 12p
 Sent 10197779 bytes 6941 pkt (dropped 553, overlimits 0 requeues 0) 
 backlog 20748b 11p requeues 0
======================================================================
Timestamp: 2026-04-02 15:12:11
qdisc htb 1: root refcnt 13 r2q 10 default 0x10 direct_packets_stat 0 direct_qlen 1000
 Sent 10754237 bytes 7318 pkt (dropped 580, overlimits 5416 requeues 0) 
 backlog 0b 0p requeues 0
qdisc pfifo 20: parent 1:10 limit 12p
 Sent 10754237 bytes 7318 pkt (dropped 580, overlimits 0 requeues 0) 
 backlog 0b 0p requeues 0
======================================================================
Timestamp: 2026-04-02 15:12:12
qdisc htb 1: root refcnt 13 r2q 10 default 0x10 direct_packets_stat 0 direct_qlen 1000
 Sent 11492003 bytes 7816 pkt (dropped 624, overlimits 5791 requeues 0) 
 backlog 20748b 11p requeues 0
qdisc pfifo 20: parent 1:10 limit 12p
 Sent 11492003 bytes 7816 pkt (dropped 624, overlimits 0 requeues 0) 
 backlog 20748b 11p requeues 0
======================================================================
Timestamp: 2026-04-02 15:12:13
qdisc htb 1: root refcnt 13 r2q 10 default 0x10 direct_packets_stat 0 direct_qlen 1000
 Sent 11993449 bytes 8156 pkt (dropped 651, overlimits 6039 requeues 0) 
 backlog 0b 0p requeues 0
qdisc pfifo 20: parent 1:10 limit 12p
 Sent 11993449 bytes 8156 pkt (dropped 651, overlimits 0 requeues 0) 
 backlog 0b 0p requeues 0
======================================================================
Timestamp: 2026-04-02 15:12:14
qdisc htb 1: root refcnt 13 r2q 10 default 0x10 direct_packets_stat 0 direct_qlen 1000
 Sent 12682308 bytes 8621 pkt (dropped 685, overlimits 6386 requeues 0) 
 backlog 20748b 11p requeues 0
qdisc pfifo 20: parent 1:10 limit 12p
 Sent 12682308 bytes 8621 pkt (dropped 685, overlimits 0 requeues 0) 
 backlog 20748b 11p requeues 0
======================================================================
Timestamp: 2026-04-02 15:12:15
qdisc htb 1: root refcnt 13 r2q 10 default 0x10 direct_packets_stat 0 direct_qlen 1000
 Sent 13253169 bytes 9009 pkt (dropped 715, overlimits 6674 requeues 0) 
 backlog 0b 0p requeues 0
qdisc pfifo 20: parent 1:10 limit 12p
 Sent 13253169 bytes 9009 pkt (dropped 715, overlimits 0 requeues 0) 
 backlog 0b 0p requeues 0
======================================================================
Timestamp: 2026-04-02 15:12:16
qdisc htb 1: root refcnt 13 r2q 10 default 0x10 direct_packets_stat 0 direct_qlen 1000
 Sent 13900524 bytes 9446 pkt (dropped 750, overlimits 7002 requeues 0) 
 backlog 20748b 10p requeues 0
qdisc pfifo 20: parent 1:10 limit 12p
 Sent 13900524 bytes 9446 pkt (dropped 750, overlimits 0 requeues 0) 
 backlog 20748b 10p requeues 0
======================================================================
Timestamp: 2026-04-02 15:12:17
qdisc htb 1: root refcnt 13 r2q 10 default 0x10 direct_packets_stat 0 direct_qlen 1000
 Sent 14490349 bytes 9845 pkt (dropped 777, overlimits 7298 requeues 0) 
 backlog 0b 0p requeues 0
qdisc pfifo 20: parent 1:10 limit 12p
 Sent 14490349 bytes 9845 pkt (dropped 777, overlimits 0 requeues 0) 
 backlog 0b 0p requeues 0
======================================================================
Timestamp: 2026-04-02 15:12:18
qdisc htb 1: root refcnt 13 r2q 10 default 0x10 direct_packets_stat 0 direct_qlen 1000
 Sent 15096216 bytes 10254 pkt (dropped 814, overlimits 7606 requeues 0) 
 backlog 22230b 11p requeues 0
qdisc pfifo 20: parent 1:10 limit 12p
 Sent 15096216 bytes 10254 pkt (dropped 814, overlimits 0 requeues 0) 
 backlog 22230b 11p requeues 0
======================================================================
Timestamp: 2026-04-02 15:12:19
qdisc htb 1: root refcnt 13 r2q 10 default 0x10 direct_packets_stat 0 direct_qlen 1000
 Sent 15726123 bytes 10680 pkt (dropped 846, overlimits 7916 requeues 0) 
 backlog 0b 0p requeues 0
qdisc pfifo 20: parent 1:10 limit 12p
 Sent 15726123 bytes 10680 pkt (dropped 846, overlimits 0 requeues 0) 
 backlog 0b 0p requeues 0
======================================================================
Timestamp: 2026-04-02 15:12:20
qdisc htb 1: root refcnt 13 r2q 10 default 0x10 direct_packets_stat 0 direct_qlen 1000
 Sent 16200937 bytes 11002 pkt (dropped 871, overlimits 8159 requeues 0) 
 backlog 20748b 10p requeues 0
qdisc pfifo 20: parent 1:10 limit 12p
 Sent 16200937 bytes 11002 pkt (dropped 871, overlimits 0 requeues 0) 
 backlog 20748b 10p requeues 0
======================================================================
Timestamp: 2026-04-02 15:12:21
qdisc htb 1: root refcnt 13 r2q 10 default 0x10 direct_packets_stat 0 direct_qlen 1000
 Sent 16761748 bytes 11391 pkt (dropped 896, overlimits 8437 requeues 0) 
 backlog 0b 0p requeues 0
qdisc pfifo 20: parent 1:10 limit 12p
 Sent 16761748 bytes 11391 pkt (dropped 896, overlimits 0 requeues 0) 
 backlog 0b 0p requeues 0
======================================================================
Timestamp: 2026-04-02 15:12:22
qdisc htb 1: root refcnt 13 r2q 10 default 0x10 direct_packets_stat 0 direct_qlen 1000
 Sent 17589950 bytes 11954 pkt (dropped 1014, overlimits 8919 requeues 0) 
 backlog 19266b 10p requeues 0
qdisc pfifo 20: parent 1:10 limit 12p
 Sent 17589950 bytes 11954 pkt (dropped 1014, overlimits 0 requeues 0) 
 backlog 19266b 10p requeues 0
======================================================================
Timestamp: 2026-04-02 15:12:23
qdisc htb 1: root refcnt 13 r2q 10 default 0x10 direct_packets_stat 0 direct_qlen 1000
 Sent 18364868 bytes 12474 pkt (dropped 1065, overlimits 9341 requeues 0) 
 backlog 10598b 7p requeues 0
qdisc pfifo 20: parent 1:10 limit 12p
 Sent 18364868 bytes 12474 pkt (dropped 1065, overlimits 0 requeues 0) 
 backlog 10598b 7p requeues 0
======================================================================
Timestamp: 2026-04-02 15:12:24
qdisc htb 1: root refcnt 13 r2q 10 default 0x10 direct_packets_stat 0 direct_qlen 1000
 Sent 19242394 bytes 13059 pkt (dropped 1176, overlimits 9883 requeues 0) 
 backlog 17816b 10p requeues 0
qdisc pfifo 20: parent 1:10 limit 12p
 Sent 19242394 bytes 13059 pkt (dropped 1176, overlimits 0 requeues 0) 
 backlog 17816b 10p requeues 0
======================================================================
Timestamp: 2026-04-02 15:12:25
qdisc htb 1: root refcnt 13 r2q 10 default 0x10 direct_packets_stat 0 direct_qlen 1000
 Sent 19945856 bytes 13533 pkt (dropped 1224, overlimits 10247 requeues 0) 
 backlog 0b 0p requeues 0
qdisc pfifo 20: parent 1:10 limit 12p
 Sent 19945856 bytes 13533 pkt (dropped 1224, overlimits 0 requeues 0) 
 backlog 0b 0p requeues 0
======================================================================
Timestamp: 2026-04-02 15:12:26
qdisc htb 1: root refcnt 13 r2q 10 default 0x10 direct_packets_stat 0 direct_qlen 1000
 Sent 20807855 bytes 14107 pkt (dropped 1323, overlimits 10766 requeues 0) 
 backlog 19266b 10p requeues 0
qdisc pfifo 20: parent 1:10 limit 12p
 Sent 20807855 bytes 14107 pkt (dropped 1323, overlimits 0 requeues 0) 
 backlog 19266b 10p requeues 0
======================================================================
Timestamp: 2026-04-02 15:12:27
qdisc htb 1: root refcnt 13 r2q 10 default 0x10 direct_packets_stat 0 direct_qlen 1000
 Sent 21686053 bytes 14698 pkt (dropped 1373, overlimits 11343 requeues 0) 
 backlog 16334b 11p requeues 0
qdisc pfifo 20: parent 1:10 limit 12p
 Sent 21686053 bytes 14698 pkt (dropped 1373, overlimits 0 requeues 0) 
 backlog 16334b 11p requeues 0
======================================================================
Timestamp: 2026-04-02 15:12:28
qdisc htb 1: root refcnt 13 r2q 10 default 0x10 direct_packets_stat 0 direct_qlen 1000
 Sent 22347693 bytes 15145 pkt (dropped 1420, overlimits 11754 requeues 0) 
 backlog 16366b 11p requeues 0
qdisc pfifo 20: parent 1:10 limit 12p
 Sent 22347693 bytes 15145 pkt (dropped 1420, overlimits 0 requeues 0) 
 backlog 16366b 11p requeues 0
======================================================================
Timestamp: 2026-04-02 15:12:29
qdisc htb 1: root refcnt 13 r2q 10 default 0x10 direct_packets_stat 0 direct_qlen 1000
 Sent 23074847 bytes 15633 pkt (dropped 1442, overlimits 12206 requeues 0) 
 backlog 0b 0p requeues 0
qdisc pfifo 20: parent 1:10 limit 12p
 Sent 23074847 bytes 15633 pkt (dropped 1442, overlimits 0 requeues 0) 
 backlog 0b 0p requeues 0
======================================================================
Timestamp: 2026-04-02 15:12:30
qdisc htb 1: root refcnt 13 r2q 10 default 0x10 direct_packets_stat 0 direct_qlen 1000
 Sent 23950065 bytes 16215 pkt (dropped 1523, overlimits 12774 requeues 0) 
 backlog 13370b 9p requeues 0
qdisc pfifo 20: parent 1:10 limit 12p
 Sent 23950065 bytes 16215 pkt (dropped 1523, overlimits 0 requeues 0) 
 backlog 13370b 9p requeues 0
======================================================================
Timestamp: 2026-04-02 15:12:31
qdisc htb 1: root refcnt 13 r2q 10 default 0x10 direct_packets_stat 0 direct_qlen 1000
 Sent 24772715 bytes 16765 pkt (dropped 1545, overlimits 13308 requeues 0) 
 backlog 10598b 7p requeues 0
qdisc pfifo 20: parent 1:10 limit 12p
 Sent 24772715 bytes 16765 pkt (dropped 1545, overlimits 0 requeues 0) 
 backlog 10598b 7p requeues 0
======================================================================
Timestamp: 2026-04-02 15:12:32
qdisc htb 1: root refcnt 13 r2q 10 default 0x10 direct_packets_stat 0 direct_qlen 1000
 Sent 25651039 bytes 17351 pkt (dropped 1604, overlimits 13889 requeues 0) 
 backlog 13338b 9p requeues 0
qdisc pfifo 20: parent 1:10 limit 12p
 Sent 25651039 bytes 17351 pkt (dropped 1604, overlimits 0 requeues 0) 
 backlog 13338b 9p requeues 0
======================================================================
Timestamp: 2026-04-02 15:12:33
qdisc htb 1: root refcnt 13 r2q 10 default 0x10 direct_packets_stat 0 direct_qlen 1000
 Sent 26348089 bytes 17819 pkt (dropped 1626, overlimits 14313 requeues 0) 
 backlog 9084b 6p requeues 0
qdisc pfifo 20: parent 1:10 limit 12p
 Sent 26348089 bytes 17819 pkt (dropped 1626, overlimits 0 requeues 0) 
 backlog 9084b 6p requeues 0
======================================================================
Timestamp: 2026-04-02 15:12:34
qdisc htb 1: root refcnt 13 r2q 10 default 0x10 direct_packets_stat 0 direct_qlen 1000
 Sent 27218810 bytes 18399 pkt (dropped 1669, overlimits 14883 requeues 0) 
 backlog 16Kb 10p requeues 0
qdisc pfifo 20: parent 1:10 limit 12p
 Sent 27218810 bytes 18399 pkt (dropped 1669, overlimits 0 requeues 0) 
 backlog 16Kb 10p requeues 0
======================================================================
Timestamp: 2026-04-02 15:12:35
qdisc htb 1: root refcnt 13 r2q 10 default 0x10 direct_packets_stat 0 direct_qlen 1000
 Sent 28096327 bytes 18990 pkt (dropped 1755, overlimits 15471 requeues 0) 
 backlog 5928b 4p requeues 0
qdisc pfifo 20: parent 1:10 limit 12p
 Sent 28096327 bytes 18990 pkt (dropped 1755, overlimits 0 requeues 0) 
 backlog 5928b 4p requeues 0
======================================================================
Timestamp: 2026-04-02 15:12:36
qdisc htb 1: root refcnt 13 r2q 10 default 0x10 direct_packets_stat 0 direct_qlen 1000
 Sent 28756394 bytes 19433 pkt (dropped 1782, overlimits 15873 requeues 0) 
 backlog 16334b 11p requeues 0
qdisc pfifo 20: parent 1:10 limit 12p
 Sent 28756394 bytes 19433 pkt (dropped 1782, overlimits 0 requeues 0) 
 backlog 16334b 11p requeues 0
======================================================================
Timestamp: 2026-04-02 15:12:37
qdisc htb 1: root refcnt 13 r2q 10 default 0x10 direct_packets_stat 0 direct_qlen 1000
 Sent 29634698 bytes 20025 pkt (dropped 1846, overlimits 16462 requeues 0) 
 backlog 8892b 6p requeues 0
qdisc pfifo 20: parent 1:10 limit 12p
 Sent 29634698 bytes 20025 pkt (dropped 1846, overlimits 0 requeues 0) 
 backlog 8892b 6p requeues 0
======================================================================
Timestamp: 2026-04-02 15:12:38
qdisc htb 1: root refcnt 13 r2q 10 default 0x10 direct_packets_stat 0 direct_qlen 1000
 Sent 30257878 bytes 20443 pkt (dropped 1846, overlimits 16825 requeues 0) 
 backlog 7570b 5p requeues 0
qdisc pfifo 20: parent 1:10 limit 12p
 Sent 30257878 bytes 20443 pkt (dropped 1846, overlimits 0 requeues 0) 
 backlog 7570b 5p requeues 0
======================================================================
Timestamp: 2026-04-02 15:12:39
qdisc htb 1: root refcnt 13 r2q 10 default 0x10 direct_packets_stat 0 direct_qlen 1000
 Sent 30970349 bytes 20922 pkt (dropped 1917, overlimits 17269 requeues 0) 
 backlog 1514b 1p requeues 0
qdisc pfifo 20: parent 1:10 limit 12p
 Sent 30970349 bytes 20922 pkt (dropped 1917, overlimits 0 requeues 0) 
 backlog 1514b 1p requeues 0
======================================================================
Timestamp: 2026-04-02 15:12:40
qdisc htb 1: root refcnt 13 r2q 10 default 0x10 direct_packets_stat 0 direct_qlen 1000
 Sent 31841735 bytes 21502 pkt (dropped 1917, overlimits 17842 requeues 0) 
 backlog 13696b 10p requeues 0
qdisc pfifo 20: parent 1:10 limit 12p
 Sent 31841735 bytes 21502 pkt (dropped 1917, overlimits 0 requeues 0) 
 backlog 13696b 10p requeues 0
======================================================================
Timestamp: 2026-04-02 15:12:41
qdisc htb 1: root refcnt 13 r2q 10 default 0x10 direct_packets_stat 0 direct_qlen 1000
 Sent 32503685 bytes 21948 pkt (dropped 2004, overlimits 18261 requeues 0) 
 backlog 0b 0p requeues 0
qdisc pfifo 20: parent 1:10 limit 12p
 Sent 32503685 bytes 21948 pkt (dropped 2004, overlimits 0 requeues 0) 
 backlog 0b 0p requeues 0
======================================================================
Timestamp: 2026-04-02 15:12:43
qdisc htb 1: root refcnt 13 r2q 10 default 0x10 direct_packets_stat 0 direct_qlen 1000
 Sent 33321243 bytes 22492 pkt (dropped 2004, overlimits 18769 requeues 0) 
 backlog 10598b 7p requeues 0
qdisc pfifo 20: parent 1:10 limit 12p
 Sent 33321243 bytes 22492 pkt (dropped 2004, overlimits 0 requeues 0) 
 backlog 10598b 7p requeues 0
======================================================================
Timestamp: 2026-04-02 15:12:44
qdisc htb 1: root refcnt 13 r2q 10 default 0x10 direct_packets_stat 0 direct_qlen 1000
 Sent 34199597 bytes 23084 pkt (dropped 2121, overlimits 19354 requeues 0) 
 backlog 13402b 9p requeues 0
qdisc pfifo 20: parent 1:10 limit 12p
 Sent 34199597 bytes 23084 pkt (dropped 2121, overlimits 0 requeues 0) 
 backlog 13402b 9p requeues 0
======================================================================
Timestamp: 2026-04-02 15:12:45
qdisc htb 1: root refcnt 13 r2q 10 default 0x10 direct_packets_stat 0 direct_qlen 1000
 Sent 34950381 bytes 23591 pkt (dropped 2151, overlimits 19831 requeues 0) 
 backlog 0b 0p requeues 0
qdisc pfifo 20: parent 1:10 limit 12p
 Sent 34950381 bytes 23591 pkt (dropped 2151, overlimits 0 requeues 0) 
 backlog 0b 0p requeues 0
======================================================================
Timestamp: 2026-04-02 15:12:46
qdisc htb 1: root refcnt 13 r2q 10 default 0x10 direct_packets_stat 0 direct_qlen 1000
 Sent 35789502 bytes 24156 pkt (dropped 2210, overlimits 20383 requeues 0) 
 backlog 10374b 7p requeues 0
qdisc pfifo 20: parent 1:10 limit 12p
 Sent 35789502 bytes 24156 pkt (dropped 2210, overlimits 0 requeues 0) 
 backlog 10374b 7p requeues 0
======================================================================
Timestamp: 2026-04-02 15:12:47
qdisc htb 1: root refcnt 13 r2q 10 default 0x10 direct_packets_stat 0 direct_qlen 1000
 Sent 36622102 bytes 24717 pkt (dropped 2243, overlimits 20934 requeues 0) 
 backlog 17816b 12p requeues 0
qdisc pfifo 20: parent 1:10 limit 12p
 Sent 36622102 bytes 24717 pkt (dropped 2243, overlimits 0 requeues 0) 
 backlog 17816b 12p requeues 0
======================================================================
Timestamp: 2026-04-02 15:12:48
qdisc htb 1: root refcnt 13 r2q 10 default 0x10 direct_packets_stat 0 direct_qlen 1000
 Sent 37463765 bytes 25285 pkt (dropped 2278, overlimits 21495 requeues 0) 
 backlog 13338b 9p requeues 0
qdisc pfifo 20: parent 1:10 limit 12p
 Sent 37463765 bytes 25285 pkt (dropped 2278, overlimits 0 requeues 0) 
 backlog 13338b 9p requeues 0
======================================================================
Timestamp: 2026-04-02 15:12:49
qdisc htb 1: root refcnt 13 r2q 10 default 0x10 direct_packets_stat 0 direct_qlen 1000
 Sent 38348765 bytes 25881 pkt (dropped 2312, overlimits 22091 requeues 0) 
 backlog 10374b 7p requeues 0
qdisc pfifo 20: parent 1:10 limit 12p
 Sent 38348765 bytes 25881 pkt (dropped 2312, overlimits 0 requeues 0) 
 backlog 10374b 7p requeues 0
======================================================================
Timestamp: 2026-04-02 15:12:50
qdisc htb 1: root refcnt 13 r2q 10 default 0x10 direct_packets_stat 0 direct_qlen 1000
 Sent 39059458 bytes 26358 pkt (dropped 2358, overlimits 22536 requeues 0) 
 backlog 11856b 8p requeues 0
qdisc pfifo 20: parent 1:10 limit 12p
 Sent 39059458 bytes 26358 pkt (dropped 2358, overlimits 0 requeues 0) 
 backlog 11856b 8p requeues 0
======================================================================
Timestamp: 2026-04-02 15:12:51
qdisc htb 1: root refcnt 13 r2q 10 default 0x10 direct_packets_stat 0 direct_qlen 1000
 Sent 39939852 bytes 26951 pkt (dropped 2392, overlimits 23129 requeues 0) 
 backlog 11856b 8p requeues 0
qdisc pfifo 20: parent 1:10 limit 12p
 Sent 39939852 bytes 26951 pkt (dropped 2392, overlimits 0 requeues 0) 
 backlog 11856b 8p requeues 0
======================================================================
Timestamp: 2026-04-02 15:12:52
qdisc htb 1: root refcnt 13 r2q 10 default 0x10 direct_packets_stat 0 direct_qlen 1000
 Sent 40644298 bytes 27424 pkt (dropped 2432, overlimits 23569 requeues 0) 
 backlog 14852b 10p requeues 0
qdisc pfifo 20: parent 1:10 limit 12p
 Sent 40644298 bytes 27424 pkt (dropped 2432, overlimits 0 requeues 0) 
 backlog 14852b 10p requeues 0
======================================================================
Timestamp: 2026-04-02 15:12:53
qdisc htb 1: root refcnt 13 r2q 10 default 0x10 direct_packets_stat 0 direct_qlen 1000
 Sent 41521174 bytes 28014 pkt (dropped 2471, overlimits 24158 requeues 0) 
 backlog 10438b 7p requeues 0
qdisc pfifo 20: parent 1:10 limit 12p
 Sent 41521174 bytes 28014 pkt (dropped 2471, overlimits 0 requeues 0) 
 backlog 10438b 7p requeues 0
======================================================================
Timestamp: 2026-04-02 15:12:54
qdisc htb 1: root refcnt 13 r2q 10 default 0x10 direct_packets_stat 0 direct_qlen 1000
 Sent 42229404 bytes 28490 pkt (dropped 2526, overlimits 24584 requeues 0) 
 backlog 14852b 10p requeues 0
qdisc pfifo 20: parent 1:10 limit 12p
 Sent 42229404 bytes 28490 pkt (dropped 2526, overlimits 0 requeues 0) 
 backlog 14852b 10p requeues 0
======================================================================
Timestamp: 2026-04-02 15:12:55
qdisc htb 1: root refcnt 13 r2q 10 default 0x10 direct_packets_stat 0 direct_qlen 1000
 Sent 43107122 bytes 29081 pkt (dropped 2559, overlimits 25174 requeues 0) 
 backlog 8892b 6p requeues 0
qdisc pfifo 20: parent 1:10 limit 12p
 Sent 43107122 bytes 29081 pkt (dropped 2559, overlimits 0 requeues 0) 
 backlog 8892b 6p requeues 0
======================================================================
Timestamp: 2026-04-02 15:12:56
qdisc htb 1: root refcnt 13 r2q 10 default 0x10 direct_packets_stat 0 direct_qlen 1000
 Sent 43819564 bytes 29561 pkt (dropped 2593, overlimits 25632 requeues 0) 
 backlog 13338b 9p requeues 0
qdisc pfifo 20: parent 1:10 limit 12p
 Sent 43819564 bytes 29561 pkt (dropped 2593, overlimits 0 requeues 0) 
 backlog 13338b 9p requeues 0
======================================================================
Timestamp: 2026-04-02 15:12:57
qdisc htb 1: root refcnt 13 r2q 10 default 0x10 direct_packets_stat 0 direct_qlen 1000
 Sent 44697944 bytes 30155 pkt (dropped 2628, overlimits 26226 requeues 0) 
 backlog 8892b 6p requeues 0
qdisc pfifo 20: parent 1:10 limit 12p
 Sent 44697944 bytes 30155 pkt (dropped 2628, overlimits 0 requeues 0) 
 backlog 8892b 6p requeues 0
======================================================================
Timestamp: 2026-04-02 15:12:58
qdisc htb 1: root refcnt 13 r2q 10 default 0x10 direct_packets_stat 0 direct_qlen 1000
 Sent 45235761 bytes 30517 pkt (dropped 2664, overlimits 26540 requeues 0) 
 backlog 14916b 10p requeues 0
qdisc pfifo 20: parent 1:10 limit 12p
 Sent 45235761 bytes 30517 pkt (dropped 2664, overlimits 0 requeues 0) 
 backlog 14916b 10p requeues 0
======================================================================
Timestamp: 2026-04-02 15:12:59
qdisc htb 1: root refcnt 13 r2q 10 default 0x10 direct_packets_stat 0 direct_qlen 1000
 Sent 46113736 bytes 31109 pkt (dropped 2710, overlimits 27131 requeues 0) 
 backlog 10374b 7p requeues 0
qdisc pfifo 20: parent 1:10 limit 12p
 Sent 46113736 bytes 31109 pkt (dropped 2710, overlimits 0 requeues 0) 
 backlog 10374b 7p requeues 0
======================================================================
Timestamp: 2026-04-02 15:13:00
qdisc htb 1: root refcnt 13 r2q 10 default 0x10 direct_packets_stat 0 direct_qlen 1000
 Sent 46808888 bytes 31575 pkt (dropped 2743, overlimits 27554 requeues 0) 
 backlog 10374b 6p requeues 0
qdisc pfifo 20: parent 1:10 limit 12p
 Sent 46808888 bytes 31575 pkt (dropped 2743, overlimits 0 requeues 0) 
 backlog 10374b 6p requeues 0
======================================================================
Timestamp: 2026-04-02 15:13:01
qdisc htb 1: root refcnt 13 r2q 10 default 0x10 direct_packets_stat 0 direct_qlen 1000
 Sent 47688248 bytes 32167 pkt (dropped 2796, overlimits 28145 requeues 0) 
 backlog 17784b 12p requeues 0
qdisc pfifo 20: parent 1:10 limit 12p
 Sent 47688248 bytes 32167 pkt (dropped 2796, overlimits 0 requeues 0) 
 backlog 17784b 12p requeues 0
======================================================================
Timestamp: 2026-04-02 15:13:02
qdisc htb 1: root refcnt 13 r2q 10 default 0x10 direct_packets_stat 0 direct_qlen 1000
 Sent 48355133 bytes 32616 pkt (dropped 2821, overlimits 28560 requeues 0) 
 backlog 9084b 6p requeues 0
qdisc pfifo 20: parent 1:10 limit 12p
 Sent 48355133 bytes 32616 pkt (dropped 2821, overlimits 0 requeues 0) 
 backlog 9084b 6p requeues 0
======================================================================
Timestamp: 2026-04-02 15:13:03
qdisc htb 1: root refcnt 13 r2q 10 default 0x10 direct_packets_stat 0 direct_qlen 1000
 Sent 49192465 bytes 33180 pkt (dropped 2889, overlimits 29112 requeues 0) 
 backlog 0b 0p requeues 0
qdisc pfifo 20: parent 1:10 limit 12p
 Sent 49192465 bytes 33180 pkt (dropped 2889, overlimits 0 requeues 0) 
 backlog 0b 0p requeues 0
======================================================================
Timestamp: 2026-04-02 15:13:04
qdisc htb 1: root refcnt 13 r2q 10 default 0x10 direct_packets_stat 0 direct_qlen 1000
 Sent 49946385 bytes 33681 pkt (dropped 2889, overlimits 29576 requeues 0) 
 backlog 12112b 8p requeues 0
qdisc pfifo 20: parent 1:10 limit 12p
 Sent 49946385 bytes 33681 pkt (dropped 2889, overlimits 0 requeues 0) 
 backlog 12112b 8p requeues 0
======================================================================
Timestamp: 2026-04-02 15:13:05
qdisc htb 1: root refcnt 13 r2q 10 default 0x10 direct_packets_stat 0 direct_qlen 1000
 Sent 50829134 bytes 34275 pkt (dropped 2984, overlimits 30163 requeues 0) 
 backlog 17784b 12p requeues 0
qdisc pfifo 20: parent 1:10 limit 12p
 Sent 50829134 bytes 34275 pkt (dropped 2984, overlimits 0 requeues 0) 
 backlog 17784b 12p requeues 0
======================================================================
Timestamp: 2026-04-02 15:13:06
qdisc htb 1: root refcnt 13 r2q 10 default 0x10 direct_packets_stat 0 direct_qlen 1000
 Sent 51405859 bytes 34661 pkt (dropped 3000, overlimits 30498 requeues 0) 
 backlog 10598b 7p requeues 0
qdisc pfifo 20: parent 1:10 limit 12p
 Sent 51405859 bytes 34661 pkt (dropped 3000, overlimits 0 requeues 0) 
 backlog 10598b 7p requeues 0
======================================================================
Timestamp: 2026-04-02 15:13:07
qdisc htb 1: root refcnt 13 r2q 10 default 0x10 direct_packets_stat 0 direct_qlen 1000
 Sent 52284464 bytes 35252 pkt (dropped 3062, overlimits 31077 requeues 0) 
 backlog 10438b 7p requeues 0
qdisc pfifo 20: parent 1:10 limit 12p
 Sent 52284464 bytes 35252 pkt (dropped 3062, overlimits 0 requeues 0) 
 backlog 10438b 7p requeues 0
======================================================================
Timestamp: 2026-04-02 15:13:08
qdisc htb 1: root refcnt 13 r2q 10 default 0x10 direct_packets_stat 0 direct_qlen 1000
 Sent 52962246 bytes 35702 pkt (dropped 3062, overlimits 31483 requeues 0) 
 backlog 10598b 7p requeues 0
qdisc pfifo 20: parent 1:10 limit 12p
 Sent 52962246 bytes 35702 pkt (dropped 3062, overlimits 0 requeues 0) 
 backlog 10598b 7p requeues 0
======================================================================
Timestamp: 2026-04-02 15:13:09
qdisc htb 1: root refcnt 13 r2q 10 default 0x10 direct_packets_stat 0 direct_qlen 1000
 Sent 53847332 bytes 36296 pkt (dropped 3164, overlimits 32071 requeues 0) 
 backlog 16Kb 11p requeues 0
qdisc pfifo 20: parent 1:10 limit 12p
 Sent 53847332 bytes 36296 pkt (dropped 3164, overlimits 0 requeues 0) 
 backlog 16Kb 11p requeues 0
======================================================================
Timestamp: 2026-04-02 15:13:10
qdisc htb 1: root refcnt 13 r2q 10 default 0x10 direct_packets_stat 0 direct_qlen 1000
 Sent 54613142 bytes 36812 pkt (dropped 3196, overlimits 32571 requeues 0) 
 backlog 0b 0p requeues 0
qdisc pfifo 20: parent 1:10 limit 12p
 Sent 54613142 bytes 36812 pkt (dropped 3196, overlimits 0 requeues 0) 
 backlog 0b 0p requeues 0
======================================================================
Timestamp: 2026-04-02 15:13:11
qdisc htb 1: root refcnt 13 r2q 10 default 0x10 direct_packets_stat 0 direct_qlen 1000
 Sent 55463615 bytes 37384 pkt (dropped 3247, overlimits 33127 requeues 0) 
 backlog 17816b 12p requeues 0
qdisc pfifo 20: parent 1:10 limit 12p
 Sent 55463615 bytes 37384 pkt (dropped 3247, overlimits 0 requeues 0) 
 backlog 17816b 12p requeues 0
======================================================================
Timestamp: 2026-04-02 15:13:12
qdisc htb 1: root refcnt 13 r2q 10 default 0x10 direct_packets_stat 0 direct_qlen 1000
 Sent 56104539 bytes 37813 pkt (dropped 3265, overlimits 33510 requeues 0) 
 backlog 13626b 9p requeues 0
qdisc pfifo 20: parent 1:10 limit 12p
 Sent 56104539 bytes 37813 pkt (dropped 3265, overlimits 0 requeues 0) 
 backlog 13626b 9p requeues 0
======================================================================
Timestamp: 2026-04-02 15:13:13
qdisc htb 1: root refcnt 13 r2q 10 default 0x10 direct_packets_stat 0 direct_qlen 1000
 Sent 56981431 bytes 38401 pkt (dropped 3348, overlimits 34093 requeues 0) 
 backlog 5928b 4p requeues 0
qdisc pfifo 20: parent 1:10 limit 12p
 Sent 56981431 bytes 38401 pkt (dropped 3348, overlimits 0 requeues 0) 
 backlog 5928b 4p requeues 0
======================================================================
Timestamp: 2026-04-02 15:13:14
qdisc htb 1: root refcnt 13 r2q 10 default 0x10 direct_packets_stat 0 direct_qlen 1000
 Sent 57660552 bytes 38854 pkt (dropped 3359, overlimits 34496 requeues 0) 
 backlog 9084b 6p requeues 0
qdisc pfifo 20: parent 1:10 limit 12p
 Sent 57660552 bytes 38854 pkt (dropped 3359, overlimits 0 requeues 0) 
 backlog 9084b 6p requeues 0
======================================================================
Timestamp: 2026-04-02 15:13:15
qdisc htb 1: root refcnt 13 r2q 10 default 0x10 direct_packets_stat 0 direct_qlen 1000
 Sent 58539011 bytes 39443 pkt (dropped 3433, overlimits 35078 requeues 0) 
 backlog 10438b 7p requeues 0
qdisc pfifo 20: parent 1:10 limit 12p
 Sent 58539011 bytes 39443 pkt (dropped 3433, overlimits 0 requeues 0) 
 backlog 10438b 7p requeues 0
======================================================================
Timestamp: 2026-04-02 15:13:16
qdisc htb 1: root refcnt 13 r2q 10 default 0x10 direct_packets_stat 0 direct_qlen 1000
 Sent 59410290 bytes 40031 pkt (dropped 3459, overlimits 35665 requeues 0) 
 backlog 0b 0p requeues 0
qdisc pfifo 20: parent 1:10 limit 12p
 Sent 59410290 bytes 40031 pkt (dropped 3459, overlimits 0 requeues 0) 
 backlog 0b 0p requeues 0
======================================================================
Timestamp: 2026-04-02 15:13:17
qdisc htb 1: root refcnt 13 r2q 10 default 0x10 direct_packets_stat 0 direct_qlen 1000
 Sent 60125894 bytes 40513 pkt (dropped 3519, overlimits 36101 requeues 0) 
 backlog 4446b 3p requeues 0
qdisc pfifo 20: parent 1:10 limit 12p
 Sent 60125894 bytes 40513 pkt (dropped 3519, overlimits 0 requeues 0) 
 backlog 4446b 3p requeues 0
======================================================================
Timestamp: 2026-04-02 15:13:18
qdisc htb 1: root refcnt 13 r2q 10 default 0x10 direct_packets_stat 0 direct_qlen 1000
 Sent 60862463 bytes 41005 pkt (dropped 3529, overlimits 36546 requeues 0) 
 backlog 6860b 5p requeues 0
qdisc pfifo 20: parent 1:10 limit 12p
 Sent 60862463 bytes 41005 pkt (dropped 3529, overlimits 0 requeues 0) 
 backlog 6860b 5p requeues 0
======================================================================
Timestamp: 2026-04-02 15:13:19
qdisc htb 1: root refcnt 13 r2q 10 default 0x10 direct_packets_stat 0 direct_qlen 1000
 Sent 61739937 bytes 41592 pkt (dropped 3609, overlimits 37125 requeues 0) 
 backlog 13402b 9p requeues 0
qdisc pfifo 20: parent 1:10 limit 12p
 Sent 61739937 bytes 41592 pkt (dropped 3609, overlimits 0 requeues 0) 
 backlog 13402b 9p requeues 0
======================================================================
Timestamp: 2026-04-02 15:13:20
qdisc htb 1: root refcnt 13 r2q 10 default 0x10 direct_packets_stat 0 direct_qlen 1000
 Sent 62420180 bytes 42049 pkt (dropped 3628, overlimits 37550 requeues 0) 
 backlog 0b 0p requeues 0
qdisc pfifo 20: parent 1:10 limit 12p
 Sent 62420180 bytes 42049 pkt (dropped 3628, overlimits 0 requeues 0) 
 backlog 0b 0p requeues 0
======================================================================
Timestamp: 2026-04-02 15:13:21
qdisc htb 1: root refcnt 13 r2q 10 default 0x10 direct_packets_stat 0 direct_qlen 1000
 Sent 63281473 bytes 42626 pkt (dropped 3709, overlimits 38103 requeues 0) 
 backlog 10374b 7p requeues 0
qdisc pfifo 20: parent 1:10 limit 12p
 Sent 63281473 bytes 42626 pkt (dropped 3709, overlimits 0 requeues 0) 
 backlog 10374b 7p requeues 0
======================================================================
Timestamp: 2026-04-02 15:13:22
qdisc htb 1: root refcnt 13 r2q 10 default 0x10 direct_packets_stat 0 direct_qlen 1000
 Sent 63977070 bytes 43089 pkt (dropped 3709, overlimits 38525 requeues 0) 
 backlog 6056b 4p requeues 0
qdisc pfifo 20: parent 1:10 limit 12p
 Sent 63977070 bytes 43089 pkt (dropped 3709, overlimits 0 requeues 0) 
 backlog 6056b 4p requeues 0
======================================================================
Timestamp: 2026-04-02 15:13:23
qdisc htb 1: root refcnt 13 r2q 10 default 0x10 direct_packets_stat 0 direct_qlen 1000
 Sent 64854528 bytes 43675 pkt (dropped 3787, overlimits 39105 requeues 0) 
 backlog 7410b 5p requeues 0
qdisc pfifo 20: parent 1:10 limit 12p
 Sent 64854528 bytes 43675 pkt (dropped 3787, overlimits 0 requeues 0) 
 backlog 7410b 5p requeues 0
======================================================================
Timestamp: 2026-04-02 15:13:24
qdisc htb 1: root refcnt 13 r2q 10 default 0x10 direct_packets_stat 0 direct_qlen 1000
 Sent 65732672 bytes 44267 pkt (dropped 3829, overlimits 39697 requeues 0) 
 backlog 14820b 10p requeues 0
qdisc pfifo 20: parent 1:10 limit 12p
 Sent 65732672 bytes 44267 pkt (dropped 3829, overlimits 0 requeues 0) 
 backlog 14820b 10p requeues 0
======================================================================
Timestamp: 2026-04-02 15:13:25
qdisc htb 1: root refcnt 13 r2q 10 default 0x10 direct_packets_stat 0 direct_qlen 1000
 Sent 66486235 bytes 44774 pkt (dropped 3875, overlimits 40174 requeues 0) 
 backlog 13338b 9p requeues 0
qdisc pfifo 20: parent 1:10 limit 12p
 Sent 66486235 bytes 44774 pkt (dropped 3875, overlimits 0 requeues 0) 
 backlog 13338b 9p requeues 0
======================================================================
Timestamp: 2026-04-02 15:13:26
qdisc htb 1: root refcnt 13 r2q 10 default 0x10 direct_packets_stat 0 direct_qlen 1000
 Sent 67252044 bytes 45292 pkt (dropped 3908, overlimits 40684 requeues 0) 
 backlog 0b 0p requeues 0
qdisc pfifo 20: parent 1:10 limit 12p
 Sent 67252044 bytes 45292 pkt (dropped 3908, overlimits 0 requeues 0) 
 backlog 0b 0p requeues 0
======================================================================
Timestamp: 2026-04-02 15:13:27
qdisc htb 1: root refcnt 13 r2q 10 default 0x10 direct_packets_stat 0 direct_qlen 1000
 Sent 67962754 bytes 45767 pkt (dropped 3964, overlimits 41111 requeues 0) 
 backlog 17880b 12p requeues 0
qdisc pfifo 20: parent 1:10 limit 12p
 Sent 67962754 bytes 45767 pkt (dropped 3964, overlimits 0 requeues 0) 
 backlog 17880b 12p requeues 0
======================================================================
Timestamp: 2026-04-02 15:13:28
qdisc htb 1: root refcnt 13 r2q 10 default 0x10 direct_packets_stat 0 direct_qlen 1000
 Sent 68841168 bytes 46358 pkt (dropped 4025, overlimits 41702 requeues 0) 
 backlog 4761b 5p requeues 0
qdisc pfifo 20: parent 1:10 limit 12p
 Sent 68841168 bytes 46358 pkt (dropped 4025, overlimits 0 requeues 0) 
 backlog 4761b 5p requeues 0
======================================================================
Timestamp: 2026-04-02 15:13:29
qdisc htb 1: root refcnt 13 r2q 10 default 0x10 direct_packets_stat 0 direct_qlen 1000
 Sent 69546646 bytes 46833 pkt (dropped 4072, overlimits 42130 requeues 0) 
 backlog 14820b 10p requeues 0
qdisc pfifo 20: parent 1:10 limit 12p
 Sent 69546646 bytes 46833 pkt (dropped 4072, overlimits 0 requeues 0) 
 backlog 14820b 10p requeues 0
======================================================================
Timestamp: 2026-04-02 15:13:30
qdisc htb 1: root refcnt 13 r2q 10 default 0x10 direct_packets_stat 0 direct_qlen 1000
 Sent 70263847 bytes 47316 pkt (dropped 4093, overlimits 42572 requeues 0) 
 backlog 0b 0p requeues 0
qdisc pfifo 20: parent 1:10 limit 12p
 Sent 70263847 bytes 47316 pkt (dropped 4093, overlimits 0 requeues 0) 
 backlog 0b 0p requeues 0
======================================================================
Timestamp: 2026-04-02 15:13:31
qdisc htb 1: root refcnt 13 r2q 10 default 0x10 direct_packets_stat 0 direct_qlen 1000
 Sent 71141542 bytes 47902 pkt (dropped 4149, overlimits 43147 requeues 0) 
 backlog 17848b 12p requeues 0
qdisc pfifo 20: parent 1:10 limit 12p
 Sent 71141542 bytes 47902 pkt (dropped 4149, overlimits 0 requeues 0) 
 backlog 17848b 12p requeues 0
======================================================================
Timestamp: 2026-04-02 15:13:32
qdisc htb 1: root refcnt 13 r2q 10 default 0x10 direct_packets_stat 0 direct_qlen 1000
 Sent 71817032 bytes 48357 pkt (dropped 4190, overlimits 43593 requeues 0) 
 backlog 0b 0p requeues 0
qdisc pfifo 20: parent 1:10 limit 12p
 Sent 71817032 bytes 48357 pkt (dropped 4190, overlimits 0 requeues 0) 
 backlog 0b 0p requeues 0
======================================================================
Timestamp: 2026-04-02 15:13:33
qdisc htb 1: root refcnt 13 r2q 10 default 0x10 direct_packets_stat 0 direct_qlen 1000
 Sent 72576972 bytes 48864 pkt (dropped 4198, overlimits 44067 requeues 0) 
 backlog 16558b 10p requeues 0
qdisc pfifo 20: parent 1:10 limit 12p
 Sent 72576972 bytes 48864 pkt (dropped 4198, overlimits 0 requeues 0) 
 backlog 16558b 10p requeues 0
======================================================================
Timestamp: 2026-04-02 15:13:34
qdisc htb 1: root refcnt 13 r2q 10 default 0x10 direct_packets_stat 0 direct_qlen 1000
 Sent 73454567 bytes 49454 pkt (dropped 4301, overlimits 44648 requeues 0) 
 backlog 14884b 10p requeues 0
qdisc pfifo 20: parent 1:10 limit 12p
 Sent 73454567 bytes 49454 pkt (dropped 4301, overlimits 0 requeues 0) 
 backlog 14884b 10p requeues 0
======================================================================
Timestamp: 2026-04-02 15:13:35
qdisc htb 1: root refcnt 13 r2q 10 default 0x10 direct_packets_stat 0 direct_qlen 1000
 Sent 74271724 bytes 50006 pkt (dropped 4337, overlimits 45191 requeues 0) 
 backlog 7410b 5p requeues 0
qdisc pfifo 20: parent 1:10 limit 12p
 Sent 74271724 bytes 50006 pkt (dropped 4337, overlimits 0 requeues 0) 
 backlog 7410b 5p requeues 0
======================================================================
Timestamp: 2026-04-02 15:13:36
qdisc htb 1: root refcnt 13 r2q 10 default 0x10 direct_packets_stat 0 direct_qlen 1000
 Sent 75076642 bytes 50549 pkt (dropped 4358, overlimits 45723 requeues 0) 
 backlog 13498b 9p requeues 0
qdisc pfifo 20: parent 1:10 limit 12p
 Sent 75076642 bytes 50549 pkt (dropped 4358, overlimits 0 requeues 0) 
 backlog 13498b 9p requeues 0
======================================================================
Timestamp: 2026-04-02 15:13:37
qdisc htb 1: root refcnt 13 r2q 10 default 0x10 direct_packets_stat 0 direct_qlen 1000
 Sent 75960416 bytes 51144 pkt (dropped 4396, overlimits 46317 requeues 0) 
 backlog 14852b 10p requeues 0
qdisc pfifo 20: parent 1:10 limit 12p
 Sent 75960416 bytes 51144 pkt (dropped 4396, overlimits 0 requeues 0) 
 backlog 14852b 10p requeues 0
======================================================================
Timestamp: 2026-04-02 15:13:38
qdisc htb 1: root refcnt 13 r2q 10 default 0x10 direct_packets_stat 0 direct_qlen 1000
 Sent 76639229 bytes 51600 pkt (dropped 4429, overlimits 46738 requeues 0) 
 backlog 10374b 6p requeues 0
qdisc pfifo 20: parent 1:10 limit 12p
 Sent 76639229 bytes 51600 pkt (dropped 4429, overlimits 0 requeues 0) 
 backlog 10374b 6p requeues 0
======================================================================
Timestamp: 2026-04-02 15:13:39
qdisc htb 1: root refcnt 13 r2q 10 default 0x10 direct_packets_stat 0 direct_qlen 1000
 Sent 77310225 bytes 52053 pkt (dropped 4471, overlimits 47175 requeues 0) 
 backlog 9084b 6p requeues 0
qdisc pfifo 20: parent 1:10 limit 12p
 Sent 77310225 bytes 52053 pkt (dropped 4471, overlimits 0 requeues 0) 
 backlog 9084b 6p requeues 0
======================================================================
Timestamp: 2026-04-02 15:13:40
qdisc htb 1: root refcnt 13 r2q 10 default 0x10 direct_packets_stat 0 direct_qlen 1000
 Sent 78070601 bytes 52556 pkt (dropped 4514, overlimits 47643 requeues 0) 
 backlog 17912b 12p requeues 0
qdisc pfifo 20: parent 1:10 limit 12p
 Sent 78070601 bytes 52556 pkt (dropped 4514, overlimits 0 requeues 0) 
 backlog 17912b 12p requeues 0
======================================================================
Timestamp: 2026-04-02 15:13:41
qdisc htb 1: root refcnt 13 r2q 10 default 0x10 direct_packets_stat 0 direct_qlen 1000
 Sent 78952310 bytes 53151 pkt (dropped 4568, overlimits 48236 requeues 0) 
 backlog 14852b 10p requeues 0
qdisc pfifo 20: parent 1:10 limit 12p
 Sent 78952310 bytes 53151 pkt (dropped 4568, overlimits 0 requeues 0) 
 backlog 14852b 10p requeues 0
======================================================================
Timestamp: 2026-04-02 15:13:42
qdisc htb 1: root refcnt 13 r2q 10 default 0x10 direct_packets_stat 0 direct_qlen 1000
 Sent 79631949 bytes 53605 pkt (dropped 4569, overlimits 48653 requeues 0) 
 backlog 13626b 9p requeues 0
qdisc pfifo 20: parent 1:10 limit 12p
 Sent 79631949 bytes 53605 pkt (dropped 4569, overlimits 0 requeues 0) 
 backlog 13626b 9p requeues 0
======================================================================
Timestamp: 2026-04-02 15:13:43
qdisc htb 1: root refcnt 13 r2q 10 default 0x10 direct_packets_stat 0 direct_qlen 1000
 Sent 80517178 bytes 54200 pkt (dropped 4661, overlimits 49240 requeues 0) 
 backlog 10374b 7p requeues 0
qdisc pfifo 20: parent 1:10 limit 12p
 Sent 80517178 bytes 54200 pkt (dropped 4661, overlimits 0 requeues 0) 
 backlog 10374b 7p requeues 0
======================================================================
Timestamp: 2026-04-02 15:13:44
qdisc htb 1: root refcnt 13 r2q 10 default 0x10 direct_packets_stat 0 direct_qlen 1000
 Sent 81265014 bytes 54700 pkt (dropped 4666, overlimits 49702 requeues 0) 
 backlog 13626b 9p requeues 0
qdisc pfifo 20: parent 1:10 limit 12p
 Sent 81265014 bytes 54700 pkt (dropped 4666, overlimits 0 requeues 0) 
 backlog 13626b 9p requeues 0
======================================================================
Timestamp: 2026-04-02 15:13:45
qdisc htb 1: root refcnt 13 r2q 10 default 0x10 direct_packets_stat 0 direct_qlen 1000
 Sent 82144870 bytes 55291 pkt (dropped 4758, overlimits 50289 requeues 0) 
 backlog 13402b 9p requeues 0
qdisc pfifo 20: parent 1:10 limit 12p
 Sent 82144870 bytes 55291 pkt (dropped 4758, overlimits 0 requeues 0) 
 backlog 13402b 9p requeues 0
======================================================================
Timestamp: 2026-04-02 15:13:46
qdisc htb 1: root refcnt 13 r2q 10 default 0x10 direct_packets_stat 0 direct_qlen 1000
 Sent 82779369 bytes 55716 pkt (dropped 4769, overlimits 50672 requeues 0) 
 backlog 3028b 2p requeues 0
qdisc pfifo 20: parent 1:10 limit 12p
 Sent 82779369 bytes 55716 pkt (dropped 4769, overlimits 0 requeues 0) 
 backlog 3028b 2p requeues 0
======================================================================
Timestamp: 2026-04-02 15:13:47
qdisc htb 1: root refcnt 13 r2q 10 default 0x10 direct_packets_stat 0 direct_qlen 1000
 Sent 83658796 bytes 56308 pkt (dropped 4880, overlimits 51258 requeues 0) 
 backlog 17816b 12p requeues 0
qdisc pfifo 20: parent 1:10 limit 12p
 Sent 83658796 bytes 56308 pkt (dropped 4880, overlimits 0 requeues 0) 
 backlog 17816b 12p requeues 0
======================================================================
Timestamp: 2026-04-02 15:13:48
qdisc htb 1: root refcnt 13 r2q 10 default 0x10 direct_packets_stat 0 direct_qlen 1000
 Sent 84310075 bytes 56746 pkt (dropped 4902, overlimits 51664 requeues 0) 
 backlog 0b 0p requeues 0
qdisc pfifo 20: parent 1:10 limit 12p
 Sent 84310075 bytes 56746 pkt (dropped 4902, overlimits 0 requeues 0) 
 backlog 0b 0p requeues 0
======================================================================
Timestamp: 2026-04-02 15:13:49
qdisc htb 1: root refcnt 13 r2q 10 default 0x10 direct_packets_stat 0 direct_qlen 1000
 Sent 85148424 bytes 57312 pkt (dropped 4963, overlimits 52211 requeues 0) 
 backlog 17784b 12p requeues 0
qdisc pfifo 20: parent 1:10 limit 12p
 Sent 85148424 bytes 57312 pkt (dropped 4963, overlimits 0 requeues 0) 
 backlog 17784b 12p requeues 0
======================================================================
Timestamp: 2026-04-02 15:13:50
qdisc htb 1: root refcnt 13 r2q 10 default 0x10 direct_packets_stat 0 direct_qlen 1000
 Sent 85854753 bytes 57786 pkt (dropped 4975, overlimits 52646 requeues 0) 
 backlog 3832b 3p requeues 0
qdisc pfifo 20: parent 1:10 limit 12p
 Sent 85854753 bytes 57786 pkt (dropped 4975, overlimits 0 requeues 0) 
 backlog 3832b 3p requeues 0
======================================================================
Timestamp: 2026-04-02 15:13:51
qdisc htb 1: root refcnt 13 r2q 10 default 0x10 direct_packets_stat 0 direct_qlen 1000
 Sent 86643423 bytes 58317 pkt (dropped 5041, overlimits 53155 requeues 0) 
 backlog 0b 0p requeues 0
qdisc pfifo 20: parent 1:10 limit 12p
 Sent 86643423 bytes 58317 pkt (dropped 5041, overlimits 0 requeues 0) 
 backlog 0b 0p requeues 0
======================================================================
Timestamp: 2026-04-02 15:13:52
qdisc htb 1: root refcnt 13 r2q 10 default 0x10 direct_packets_stat 0 direct_qlen 1000
 Sent 87400517 bytes 58818 pkt (dropped 5041, overlimits 53621 requeues 0) 
 backlog 13626b 9p requeues 0
qdisc pfifo 20: parent 1:10 limit 12p
 Sent 87400517 bytes 58818 pkt (dropped 5041, overlimits 0 requeues 0) 
 backlog 13626b 9p requeues 0
======================================================================
Timestamp: 2026-04-02 15:13:53
qdisc htb 1: root refcnt 13 r2q 10 default 0x10 direct_packets_stat 0 direct_qlen 1000
 Sent 88281321 bytes 59408 pkt (dropped 5151, overlimits 54203 requeues 0) 
 backlog 5928b 4p requeues 0
qdisc pfifo 20: parent 1:10 limit 12p
 Sent 88281321 bytes 59408 pkt (dropped 5151, overlimits 0 requeues 0) 
 backlog 5928b 4p requeues 0
======================================================================
Timestamp: 2026-04-02 15:13:54
qdisc htb 1: root refcnt 13 r2q 10 default 0x10 direct_packets_stat 0 direct_qlen 1000
 Sent 89023469 bytes 59907 pkt (dropped 5166, overlimits 54664 requeues 0) 
 backlog 6056b 4p requeues 0
qdisc pfifo 20: parent 1:10 limit 12p
 Sent 89023469 bytes 59907 pkt (dropped 5166, overlimits 0 requeues 0) 
 backlog 6056b 4p requeues 0
======================================================================
Timestamp: 2026-04-02 15:13:55
qdisc htb 1: root refcnt 13 r2q 10 default 0x10 direct_packets_stat 0 direct_qlen 1000
 Sent 89902505 bytes 60496 pkt (dropped 5253, overlimits 55245 requeues 0) 
 backlog 16366b 11p requeues 0
qdisc pfifo 20: parent 1:10 limit 12p
 Sent 89902505 bytes 60496 pkt (dropped 5253, overlimits 0 requeues 0) 
 backlog 16366b 11p requeues 0
======================================================================
Timestamp: 2026-04-02 15:13:56
qdisc htb 1: root refcnt 13 r2q 10 default 0x10 direct_packets_stat 0 direct_qlen 1000
 Sent 90772411 bytes 61083 pkt (dropped 5297, overlimits 55829 requeues 0) 
 backlog 0b 0p requeues 0
qdisc pfifo 20: parent 1:10 limit 12p
 Sent 90772411 bytes 61083 pkt (dropped 5297, overlimits 0 requeues 0) 
 backlog 0b 0p requeues 0
======================================================================
Timestamp: 2026-04-02 15:13:57
qdisc htb 1: root refcnt 13 r2q 10 default 0x10 direct_packets_stat 0 direct_qlen 1000
 Sent 91453502 bytes 61543 pkt (dropped 5333, overlimits 56252 requeues 0) 
 backlog 1514b 1p requeues 0
qdisc pfifo 20: parent 1:10 limit 12p
 Sent 91453502 bytes 61543 pkt (dropped 5333, overlimits 0 requeues 0) 
 backlog 1514b 1p requeues 0
======================================================================
Timestamp: 2026-04-02 15:13:58
qdisc htb 1: root refcnt 13 r2q 10 default 0x10 direct_packets_stat 0 direct_qlen 1000
 Sent 92090990 bytes 61965 pkt (dropped 5333, overlimits 56635 requeues 0) 
 backlog 13626b 9p requeues 0
qdisc pfifo 20: parent 1:10 limit 12p
 Sent 92090990 bytes 61965 pkt (dropped 5333, overlimits 0 requeues 0) 
 backlog 13626b 9p requeues 0
======================================================================
Timestamp: 2026-04-02 15:13:59
qdisc htb 1: root refcnt 13 r2q 10 default 0x10 direct_packets_stat 0 direct_qlen 1000
 Sent 92969425 bytes 62553 pkt (dropped 5407, overlimits 57215 requeues 0) 
 backlog 7410b 5p requeues 0
qdisc pfifo 20: parent 1:10 limit 12p
 Sent 92969425 bytes 62553 pkt (dropped 5407, overlimits 0 requeues 0) 
 backlog 7410b 5p requeues 0
======================================================================
Timestamp: 2026-04-02 15:14:00
qdisc htb 1: root refcnt 13 r2q 10 default 0x10 direct_packets_stat 0 direct_qlen 1000
 Sent 93843609 bytes 63136 pkt (dropped 5410, overlimits 57794 requeues 0) 
 backlog 12112b 8p requeues 0
qdisc pfifo 20: parent 1:10 limit 12p
 Sent 93843609 bytes 63136 pkt (dropped 5410, overlimits 0 requeues 0) 
 backlog 12112b 8p requeues 0
======================================================================
Timestamp: 2026-04-02 15:14:01
qdisc htb 1: root refcnt 13 r2q 10 default 0x10 direct_packets_stat 0 direct_qlen 1000
 Sent 94722037 bytes 63723 pkt (dropped 5486, overlimits 58373 requeues 0) 
 backlog 13402b 9p requeues 0
qdisc pfifo 20: parent 1:10 limit 12p
 Sent 94722037 bytes 63723 pkt (dropped 5486, overlimits 0 requeues 0) 
 backlog 13402b 9p requeues 0
======================================================================
Timestamp: 2026-04-02 15:14:02
qdisc htb 1: root refcnt 13 r2q 10 default 0x10 direct_packets_stat 0 direct_qlen 1000
 Sent 95506747 bytes 64248 pkt (dropped 5495, overlimits 58868 requeues 0) 
 backlog 12112b 8p requeues 0
qdisc pfifo 20: parent 1:10 limit 12p
 Sent 95506747 bytes 64248 pkt (dropped 5495, overlimits 0 requeues 0) 
 backlog 12112b 8p requeues 0
======================================================================
Timestamp: 2026-04-02 15:14:03
qdisc htb 1: root refcnt 13 r2q 10 default 0x10 direct_packets_stat 0 direct_qlen 1000
 Sent 96391062 bytes 64839 pkt (dropped 5572, overlimits 59451 requeues 0) 
 backlog 16334b 11p requeues 0
qdisc pfifo 20: parent 1:10 limit 12p
 Sent 96391062 bytes 64839 pkt (dropped 5572, overlimits 0 requeues 0) 
 backlog 16334b 11p requeues 0
======================================================================
Timestamp: 2026-04-02 15:14:04
qdisc htb 1: root refcnt 13 r2q 10 default 0x10 direct_packets_stat 0 direct_qlen 1000
 Sent 97193337 bytes 65372 pkt (dropped 5576, overlimits 59961 requeues 0) 
 backlog 13626b 9p requeues 0
qdisc pfifo 20: parent 1:10 limit 12p
 Sent 97193337 bytes 65372 pkt (dropped 5576, overlimits 0 requeues 0) 
 backlog 13626b 9p requeues 0
======================================================================
Timestamp: 2026-04-02 15:14:05
qdisc htb 1: root refcnt 13 r2q 10 default 0x10 direct_packets_stat 0 direct_qlen 1000
 Sent 98080545 bytes 65964 pkt (dropped 5656, overlimits 60547 requeues 0) 
 backlog 17848b 12p requeues 0
qdisc pfifo 20: parent 1:10 limit 12p
 Sent 98080545 bytes 65964 pkt (dropped 5656, overlimits 0 requeues 0) 
 backlog 17848b 12p requeues 0
======================================================================
Timestamp: 2026-04-02 15:14:06
qdisc htb 1: root refcnt 13 r2q 10 default 0x10 direct_packets_stat 0 direct_qlen 1000
 Sent 98879480 bytes 66499 pkt (dropped 5675, overlimits 61062 requeues 0) 
 backlog 12916b 9p requeues 0
qdisc pfifo 20: parent 1:10 limit 12p
 Sent 98879480 bytes 66499 pkt (dropped 5675, overlimits 0 requeues 0) 
 backlog 12916b 9p requeues 0
======================================================================
Timestamp: 2026-04-02 15:14:07
qdisc htb 1: root refcnt 13 r2q 10 default 0x10 direct_packets_stat 0 direct_qlen 1000
 Sent 99757566 bytes 67085 pkt (dropped 5760, overlimits 61644 requeues 0) 
 backlog 17776b 12p requeues 0
qdisc pfifo 20: parent 1:10 limit 12p
 Sent 99757566 bytes 67085 pkt (dropped 5760, overlimits 0 requeues 0) 
 backlog 17776b 12p requeues 0
======================================================================
Timestamp: 2026-04-02 15:14:08
qdisc htb 1: root refcnt 13 r2q 10 default 0x10 direct_packets_stat 0 direct_qlen 1000
 Sent 100547392 bytes 67620 pkt (dropped 5794, overlimits 62169 requeues 0) 
 backlog 11856b 8p requeues 0
qdisc pfifo 20: parent 1:10 limit 12p
 Sent 100547392 bytes 67620 pkt (dropped 5794, overlimits 0 requeues 0) 
 backlog 11856b 8p requeues 0
======================================================================
Timestamp: 2026-04-02 15:14:09
qdisc htb 1: root refcnt 13 r2q 10 default 0x10 direct_packets_stat 0 direct_qlen 1000
 Sent 101335674 bytes 68153 pkt (dropped 5838, overlimits 62694 requeues 0) 
 backlog 17784b 12p requeues 0
qdisc pfifo 20: parent 1:10 limit 12p
 Sent 101335674 bytes 68153 pkt (dropped 5838, overlimits 0 requeues 0) 
 backlog 17784b 12p requeues 0
======================================================================
Timestamp: 2026-04-02 15:14:10
qdisc htb 1: root refcnt 13 r2q 10 default 0x10 direct_packets_stat 0 direct_qlen 1000
 Sent 102212976 bytes 68744 pkt (dropped 5872, overlimits 63285 requeues 0) 
 backlog 13370b 9p requeues 0
qdisc pfifo 20: parent 1:10 limit 12p
 Sent 102212976 bytes 68744 pkt (dropped 5872, overlimits 0 requeues 0) 
 backlog 13370b 9p requeues 0
======================================================================
Timestamp: 2026-04-02 15:14:11
qdisc htb 1: root refcnt 13 r2q 10 default 0x10 direct_packets_stat 0 direct_qlen 1000
 Sent 102945252 bytes 69236 pkt (dropped 5917, overlimits 63750 requeues 0) 
 backlog 17784b 12p requeues 0
qdisc pfifo 20: parent 1:10 limit 12p
 Sent 102945252 bytes 69236 pkt (dropped 5917, overlimits 0 requeues 0) 
 backlog 17784b 12p requeues 0
======================================================================
Timestamp: 2026-04-02 15:14:12
qdisc htb 1: root refcnt 13 r2q 10 default 0x10 direct_packets_stat 0 direct_qlen 1000
 Sent 103830668 bytes 69832 pkt (dropped 5964, overlimits 64346 requeues 0) 
 backlog 10374b 7p requeues 0
qdisc pfifo 20: parent 1:10 limit 12p
 Sent 103830668 bytes 69832 pkt (dropped 5964, overlimits 0 requeues 0) 
 backlog 10374b 7p requeues 0
======================================================================
Timestamp: 2026-04-02 15:14:13
qdisc htb 1: root refcnt 13 r2q 10 default 0x10 direct_packets_stat 0 direct_qlen 1000
 Sent 104568596 bytes 70328 pkt (dropped 6000, overlimits 64802 requeues 0) 
 backlog 13338b 9p requeues 0
qdisc pfifo 20: parent 1:10 limit 12p
 Sent 104568596 bytes 70328 pkt (dropped 6000, overlimits 0 requeues 0) 
 backlog 13338b 9p requeues 0
======================================================================
Timestamp: 2026-04-02 15:14:14
qdisc htb 1: root refcnt 13 r2q 10 default 0x10 direct_packets_stat 0 direct_qlen 1000
 Sent 105447468 bytes 70920 pkt (dropped 6059, overlimits 65393 requeues 0) 
 backlog 14820b 10p requeues 0
qdisc pfifo 20: parent 1:10 limit 12p
 Sent 105447468 bytes 70920 pkt (dropped 6059, overlimits 0 requeues 0) 
 backlog 14820b 10p requeues 0
======================================================================
Timestamp: 2026-04-02 15:14:15
qdisc htb 1: root refcnt 13 r2q 10 default 0x10 direct_packets_stat 0 direct_qlen 1000
 Sent 106066742 bytes 71337 pkt (dropped 6079, overlimits 65782 requeues 0) 
 backlog 13402b 8p requeues 0
qdisc pfifo 20: parent 1:10 limit 12p
 Sent 106066742 bytes 71337 pkt (dropped 6079, overlimits 0 requeues 0) 
 backlog 13402b 8p requeues 0
======================================================================
Timestamp: 2026-04-02 15:14:16
qdisc htb 1: root refcnt 13 r2q 10 default 0x10 direct_packets_stat 0 direct_qlen 1000
 Sent 106944780 bytes 71928 pkt (dropped 6117, overlimits 66371 requeues 0) 
 backlog 17880b 12p requeues 0
qdisc pfifo 20: parent 1:10 limit 12p
 Sent 106944780 bytes 71928 pkt (dropped 6117, overlimits 0 requeues 0) 
 backlog 17880b 12p requeues 0
======================================================================
Timestamp: 2026-04-02 15:14:17
qdisc htb 1: root refcnt 13 r2q 10 default 0x10 direct_packets_stat 0 direct_qlen 1000
 Sent 107682447 bytes 72423 pkt (dropped 6151, overlimits 66834 requeues 0) 
 backlog 13370b 9p requeues 0
qdisc pfifo 20: parent 1:10 limit 12p
 Sent 107682447 bytes 72423 pkt (dropped 6151, overlimits 0 requeues 0) 
 backlog 13370b 9p requeues 0
======================================================================
Timestamp: 2026-04-02 15:14:18
qdisc htb 1: root refcnt 13 r2q 10 default 0x10 direct_packets_stat 0 direct_qlen 1000
 Sent 108559589 bytes 73014 pkt (dropped 6194, overlimits 67425 requeues 0) 
 backlog 8892b 6p requeues 0
qdisc pfifo 20: parent 1:10 limit 12p
 Sent 108559589 bytes 73014 pkt (dropped 6194, overlimits 0 requeues 0) 
 backlog 8892b 6p requeues 0
======================================================================
Timestamp: 2026-04-02 15:14:19
qdisc htb 1: root refcnt 13 r2q 10 default 0x10 direct_packets_stat 0 direct_qlen 1000
 Sent 109218867 bytes 73456 pkt (dropped 6210, overlimits 67827 requeues 0) 
 backlog 0b 0p requeues 0
qdisc pfifo 20: parent 1:10 limit 12p
 Sent 109218867 bytes 73456 pkt (dropped 6210, overlimits 0 requeues 0) 
 backlog 0b 0p requeues 0
======================================================================
Timestamp: 2026-04-02 15:14:20
qdisc htb 1: root refcnt 13 r2q 10 default 0x10 direct_packets_stat 0 direct_qlen 1000
 Sent 110098355 bytes 74048 pkt (dropped 6268, overlimits 68415 requeues 0) 
 backlog 8892b 6p requeues 0
qdisc pfifo 20: parent 1:10 limit 12p
 Sent 110098355 bytes 74048 pkt (dropped 6268, overlimits 0 requeues 0) 
 backlog 8892b 6p requeues 0
======================================================================
Timestamp: 2026-04-02 15:14:21
qdisc htb 1: root refcnt 13 r2q 10 default 0x10 direct_packets_stat 0 direct_qlen 1000
 Sent 110768747 bytes 74499 pkt (dropped 6290, overlimits 68842 requeues 0) 
 backlog 0b 0p requeues 0
qdisc pfifo 20: parent 1:10 limit 12p
 Sent 110768747 bytes 74499 pkt (dropped 6290, overlimits 0 requeues 0) 
 backlog 0b 0p requeues 0
======================================================================
Timestamp: 2026-04-02 15:14:22
qdisc htb 1: root refcnt 13 r2q 10 default 0x10 direct_packets_stat 0 direct_qlen 1000
 Sent 111637214 bytes 75084 pkt (dropped 6347, overlimits 69418 requeues 0) 
 backlog 11856b 8p requeues 0
qdisc pfifo 20: parent 1:10 limit 12p
 Sent 111637214 bytes 75084 pkt (dropped 6347, overlimits 0 requeues 0) 
 backlog 11856b 8p requeues 0
======================================================================
Timestamp: 2026-04-02 15:14:23
qdisc htb 1: root refcnt 13 r2q 10 default 0x10 direct_packets_stat 0 direct_qlen 1000
 Sent 111874279 bytes 75252 pkt (dropped 6353, overlimits 69571 requeues 0) 
 backlog 0b 0p requeues 0
qdisc pfifo 20: parent 1:10 limit 12p
 Sent 111874279 bytes 75252 pkt (dropped 6353, overlimits 0 requeues 0) 
 backlog 0b 0p requeues 0
======================================================================
Timestamp: 2026-04-02 15:14:24
qdisc htb 1: root refcnt 13 r2q 10 default 0x10 direct_packets_stat 0 direct_qlen 1000
 Sent 112693555 bytes 75805 pkt (dropped 6355, overlimits 70121 requeues 0) 
 backlog 11856b 8p requeues 0
qdisc pfifo 20: parent 1:10 limit 12p
 Sent 112693555 bytes 75805 pkt (dropped 6355, overlimits 0 requeues 0) 
 backlog 11856b 8p requeues 0
======================================================================
Timestamp: 2026-04-02 15:14:25
qdisc htb 1: root refcnt 13 r2q 10 default 0x10 direct_packets_stat 0 direct_qlen 1000
 Sent 112728777 bytes 75830 pkt (dropped 6355, overlimits 70146 requeues 0) 
 backlog 0b 0p requeues 0
qdisc pfifo 20: parent 1:10 limit 12p
 Sent 112728777 bytes 75830 pkt (dropped 6355, overlimits 0 requeues 0) 
 backlog 0b 0p requeues 0
======================================================================
Timestamp: 2026-04-02 15:14:26
qdisc htb 1: root refcnt 13 r2q 10 default 0x10 direct_packets_stat 0 direct_qlen 1000
 Sent 113506557 bytes 76355 pkt (dropped 6356, overlimits 70668 requeues 0) 
 backlog 17784b 12p requeues 0
qdisc pfifo 20: parent 1:10 limit 12p
 Sent 113506557 bytes 76355 pkt (dropped 6356, overlimits 0 requeues 0) 
 backlog 17784b 12p requeues 0
======================================================================
Timestamp: 2026-04-02 15:14:27
qdisc htb 1: root refcnt 13 r2q 10 default 0x10 direct_packets_stat 0 direct_qlen 1000
 Sent 113893599 bytes 76617 pkt (dropped 6357, overlimits 70929 requeues 0) 
 backlog 0b 0p requeues 0
qdisc pfifo 20: parent 1:10 limit 12p
 Sent 113893599 bytes 76617 pkt (dropped 6357, overlimits 0 requeues 0) 
 backlog 0b 0p requeues 0
======================================================================
Timestamp: 2026-04-02 15:14:28
qdisc htb 1: root refcnt 13 r2q 10 default 0x10 direct_packets_stat 0 direct_qlen 1000
 Sent 114625437 bytes 77111 pkt (dropped 6357, overlimits 71420 requeues 0) 
 backlog 14820b 10p requeues 0
qdisc pfifo 20: parent 1:10 limit 12p
 Sent 114625437 bytes 77111 pkt (dropped 6357, overlimits 0 requeues 0) 
 backlog 14820b 10p requeues 0
======================================================================
Timestamp: 2026-04-02 15:14:29
qdisc htb 1: root refcnt 13 r2q 10 default 0x10 direct_packets_stat 0 direct_qlen 1000
 Sent 114710544 bytes 77170 pkt (dropped 6357, overlimits 71477 requeues 0) 
 backlog 0b 0p requeues 0
qdisc pfifo 20: parent 1:10 limit 12p
 Sent 114710544 bytes 77170 pkt (dropped 6357, overlimits 0 requeues 0) 
 backlog 0b 0p requeues 0
======================================================================
Timestamp: 2026-04-02 15:14:30
qdisc htb 1: root refcnt 13 r2q 10 default 0x10 direct_packets_stat 0 direct_qlen 1000
 Sent 115381620 bytes 77623 pkt (dropped 6360, overlimits 71925 requeues 0) 
 backlog 5928b 4p requeues 0
qdisc pfifo 20: parent 1:10 limit 12p
 Sent 115381620 bytes 77623 pkt (dropped 6360, overlimits 0 requeues 0) 
 backlog 5928b 4p requeues 0
======================================================================
Timestamp: 2026-04-02 15:14:31
qdisc htb 1: root refcnt 13 r2q 10 default 0x10 direct_packets_stat 0 direct_qlen 1000
 Sent 115508068 bytes 77710 pkt (dropped 6361, overlimits 72011 requeues 0) 
 backlog 0b 0p requeues 0
qdisc pfifo 20: parent 1:10 limit 12p
 Sent 115508068 bytes 77710 pkt (dropped 6361, overlimits 0 requeues 0) 
 backlog 0b 0p requeues 0
======================================================================
Timestamp: 2026-04-02 15:14:32
qdisc htb 1: root refcnt 13 r2q 10 default 0x10 direct_packets_stat 0 direct_qlen 1000
 Sent 116041318 bytes 78070 pkt (dropped 6363, overlimits 72360 requeues 0) 
 backlog 5928b 4p requeues 0
qdisc pfifo 20: parent 1:10 limit 12p
 Sent 116041318 bytes 78070 pkt (dropped 6363, overlimits 0 requeues 0) 
 backlog 5928b 4p requeues 0
======================================================================
Timestamp: 2026-04-02 15:14:33
qdisc htb 1: root refcnt 13 r2q 10 default 0x10 direct_packets_stat 0 direct_qlen 1000
 Sent 116339640 bytes 78273 pkt (dropped 6363, overlimits 72562 requeues 0) 
 backlog 0b 0p requeues 0
qdisc pfifo 20: parent 1:10 limit 12p
 Sent 116339640 bytes 78273 pkt (dropped 6363, overlimits 0 requeues 0) 
 backlog 0b 0p requeues 0
======================================================================
Timestamp: 2026-04-02 15:14:34
qdisc htb 1: root refcnt 13 r2q 10 default 0x10 direct_packets_stat 0 direct_qlen 1000
 Sent 116921796 bytes 78666 pkt (dropped 6363, overlimits 72949 requeues 0) 
 backlog 8892b 6p requeues 0
qdisc pfifo 20: parent 1:10 limit 12p
 Sent 116921796 bytes 78666 pkt (dropped 6363, overlimits 0 requeues 0) 
 backlog 8892b 6p requeues 0
======================================================================
Timestamp: 2026-04-02 15:14:35
qdisc htb 1: root refcnt 13 r2q 10 default 0x10 direct_packets_stat 0 direct_qlen 1000
 Sent 117148874 bytes 78821 pkt (dropped 6363, overlimits 73103 requeues 0) 
 backlog 0b 0p requeues 0
qdisc pfifo 20: parent 1:10 limit 12p
 Sent 117148874 bytes 78821 pkt (dropped 6363, overlimits 0 requeues 0) 
 backlog 0b 0p requeues 0
======================================================================
Timestamp: 2026-04-02 15:14:36
qdisc htb 1: root refcnt 13 r2q 10 default 0x10 direct_packets_stat 0 direct_qlen 1000
 Sent 117710273 bytes 79200 pkt (dropped 6364, overlimits 73478 requeues 0) 
 backlog 8892b 6p requeues 0
qdisc pfifo 20: parent 1:10 limit 12p
 Sent 117710273 bytes 79200 pkt (dropped 6364, overlimits 0 requeues 0) 
 backlog 8892b 6p requeues 0
======================================================================
Timestamp: 2026-04-02 15:14:37
qdisc htb 1: root refcnt 13 r2q 10 default 0x10 direct_packets_stat 0 direct_qlen 1000
 Sent 117969626 bytes 79376 pkt (dropped 6365, overlimits 73654 requeues 0) 
 backlog 0b 0p requeues 0
qdisc pfifo 20: parent 1:10 limit 12p
 Sent 117969626 bytes 79376 pkt (dropped 6365, overlimits 0 requeues 0) 
 backlog 0b 0p requeues 0
======================================================================
Timestamp: 2026-04-02 15:14:38
qdisc htb 1: root refcnt 13 r2q 10 default 0x10 direct_packets_stat 0 direct_qlen 1000
 Sent 118486574 bytes 79725 pkt (dropped 6367, overlimits 74000 requeues 0) 
 backlog 7410b 5p requeues 0
qdisc pfifo 20: parent 1:10 limit 12p
 Sent 118486574 bytes 79725 pkt (dropped 6367, overlimits 0 requeues 0) 
 backlog 7410b 5p requeues 0
======================================================================
Timestamp: 2026-04-02 15:14:39
qdisc htb 1: root refcnt 13 r2q 10 default 0x10 direct_packets_stat 0 direct_qlen 1000
 Sent 118789261 bytes 79931 pkt (dropped 6367, overlimits 74205 requeues 0) 
 backlog 0b 0p requeues 0
qdisc pfifo 20: parent 1:10 limit 12p
 Sent 118789261 bytes 79931 pkt (dropped 6367, overlimits 0 requeues 0) 
 backlog 0b 0p requeues 0
======================================================================
Timestamp: 2026-04-02 15:14:40
qdisc htb 1: root refcnt 13 r2q 10 default 0x10 direct_packets_stat 0 direct_qlen 1000
 Sent 119254339 bytes 80245 pkt (dropped 6368, overlimits 74516 requeues 0) 
 backlog 16302b 11p requeues 0
qdisc pfifo 20: parent 1:10 limit 12p
 Sent 119254339 bytes 80245 pkt (dropped 6368, overlimits 0 requeues 0) 
 backlog 16302b 11p requeues 0
======================================================================
Timestamp: 2026-04-02 15:14:41
qdisc htb 1: root refcnt 13 r2q 10 default 0x10 direct_packets_stat 0 direct_qlen 1000
 Sent 119619544 bytes 80493 pkt (dropped 6369, overlimits 74763 requeues 0) 
 backlog 0b 0p requeues 0
qdisc pfifo 20: parent 1:10 limit 12p
 Sent 119619544 bytes 80493 pkt (dropped 6369, overlimits 0 requeues 0) 
 backlog 0b 0p requeues 0
======================================================================
Timestamp: 2026-04-02 15:14:42
qdisc htb 1: root refcnt 13 r2q 10 default 0x10 direct_packets_stat 0 direct_qlen 1000
 Sent 120043126 bytes 80779 pkt (dropped 6370, overlimits 75046 requeues 0) 
 backlog 10374b 7p requeues 0
qdisc pfifo 20: parent 1:10 limit 12p
 Sent 120043126 bytes 80779 pkt (dropped 6370, overlimits 0 requeues 0) 
 backlog 10374b 7p requeues 0
======================================================================
Timestamp: 2026-04-02 15:14:43
qdisc htb 1: root refcnt 13 r2q 10 default 0x10 direct_packets_stat 0 direct_qlen 1000
 Sent 120447445 bytes 81053 pkt (dropped 6371, overlimits 75319 requeues 0) 
 backlog 0b 0p requeues 0
qdisc pfifo 20: parent 1:10 limit 12p
 Sent 120447445 bytes 81053 pkt (dropped 6371, overlimits 0 requeues 0) 
 backlog 0b 0p requeues 0
======================================================================
Timestamp: 2026-04-02 15:14:44
qdisc htb 1: root refcnt 13 r2q 10 default 0x10 direct_packets_stat 0 direct_qlen 1000
 Sent 120807301 bytes 81296 pkt (dropped 6372, overlimits 75556 requeues 0) 
 backlog 11856b 8p requeues 0
qdisc pfifo 20: parent 1:10 limit 12p
 Sent 120807301 bytes 81296 pkt (dropped 6372, overlimits 0 requeues 0) 
 backlog 11856b 8p requeues 0
======================================================================
Timestamp: 2026-04-02 15:14:45
qdisc htb 1: root refcnt 13 r2q 10 default 0x10 direct_packets_stat 0 direct_qlen 1000
 Sent 121281201 bytes 81617 pkt (dropped 6372, overlimits 75875 requeues 0) 
 backlog 0b 0p requeues 0
qdisc pfifo 20: parent 1:10 limit 12p
 Sent 121281201 bytes 81617 pkt (dropped 6372, overlimits 0 requeues 0) 
 backlog 0b 0p requeues 0
======================================================================
Timestamp: 2026-04-02 15:14:46
qdisc htb 1: root refcnt 13 r2q 10 default 0x10 direct_packets_stat 0 direct_qlen 1000
 Sent 121601043 bytes 81833 pkt (dropped 6373, overlimits 76085 requeues 0) 
 backlog 5928b 4p requeues 0
qdisc pfifo 20: parent 1:10 limit 12p
 Sent 121601043 bytes 81833 pkt (dropped 6373, overlimits 0 requeues 0) 
 backlog 5928b 4p requeues 0
======================================================================
Timestamp: 2026-04-02 15:14:47
qdisc htb 1: root refcnt 13 r2q 10 default 0x10 direct_packets_stat 0 direct_qlen 1000
 Sent 122111347 bytes 82179 pkt (dropped 6374, overlimits 76431 requeues 0) 
 backlog 0b 0p requeues 0
qdisc pfifo 20: parent 1:10 limit 12p
 Sent 122111347 bytes 82179 pkt (dropped 6374, overlimits 0 requeues 0) 
 backlog 0b 0p requeues 0
======================================================================
Timestamp: 2026-04-02 15:14:48
qdisc htb 1: root refcnt 13 r2q 10 default 0x10 direct_packets_stat 0 direct_qlen 1000
 Sent 122408959 bytes 82380 pkt (dropped 6374, overlimits 76629 requeues 0) 
 backlog 5928b 4p requeues 0
qdisc pfifo 20: parent 1:10 limit 12p
 Sent 122408959 bytes 82380 pkt (dropped 6374, overlimits 0 requeues 0) 
 backlog 5928b 4p requeues 0
======================================================================
Timestamp: 2026-04-02 15:14:49
qdisc htb 1: root refcnt 13 r2q 10 default 0x10 direct_packets_stat 0 direct_qlen 1000
 Sent 123088128 bytes 82840 pkt (dropped 6374, overlimits 77088 requeues 0) 
 backlog 0b 0p requeues 0
qdisc pfifo 20: parent 1:10 limit 12p
 Sent 123088128 bytes 82840 pkt (dropped 6374, overlimits 0 requeues 0) 
 backlog 0b 0p requeues 0
======================================================================
Timestamp: 2026-04-02 15:14:50
qdisc htb 1: root refcnt 13 r2q 10 default 0x10 direct_packets_stat 0 direct_qlen 1000
 Sent 123313126 bytes 82992 pkt (dropped 6375, overlimits 77234 requeues 0) 
 backlog 10374b 7p requeues 0
qdisc pfifo 20: parent 1:10 limit 12p
 Sent 123313126 bytes 82992 pkt (dropped 6375, overlimits 0 requeues 0) 
 backlog 10374b 7p requeues 0
======================================================================
Timestamp: 2026-04-02 15:14:51
qdisc htb 1: root refcnt 13 r2q 10 default 0x10 direct_packets_stat 0 direct_qlen 1000
 Sent 123984311 bytes 83445 pkt (dropped 6377, overlimits 77686 requeues 0) 
 backlog 0b 0p requeues 0
qdisc pfifo 20: parent 1:10 limit 12p
 Sent 123984311 bytes 83445 pkt (dropped 6377, overlimits 0 requeues 0) 
 backlog 0b 0p requeues 0
======================================================================
Timestamp: 2026-04-02 15:14:52
qdisc htb 1: root refcnt 13 r2q 10 default 0x10 direct_packets_stat 0 direct_qlen 1000
 Sent 124200417 bytes 83591 pkt (dropped 6377, overlimits 77829 requeues 0) 
 backlog 10374b 7p requeues 0
qdisc pfifo 20: parent 1:10 limit 12p
 Sent 124200417 bytes 83591 pkt (dropped 6377, overlimits 0 requeues 0) 
 backlog 10374b 7p requeues 0
======================================================================
Timestamp: 2026-04-02 15:14:53
qdisc htb 1: root refcnt 13 r2q 10 default 0x10 direct_packets_stat 0 direct_qlen 1000
 Sent 124920776 bytes 84079 pkt (dropped 6378, overlimits 78316 requeues 0) 
 backlog 0b 0p requeues 0
qdisc pfifo 20: parent 1:10 limit 12p
 Sent 124920776 bytes 84079 pkt (dropped 6378, overlimits 0 requeues 0) 
 backlog 0b 0p requeues 0
======================================================================
Timestamp: 2026-04-02 15:14:54
qdisc htb 1: root refcnt 13 r2q 10 default 0x10 direct_packets_stat 0 direct_qlen 1000
 Sent 124988682 bytes 84125 pkt (dropped 6378, overlimits 78352 requeues 0) 
 backlog 0b 0p requeues 0
qdisc pfifo 20: parent 1:10 limit 12p
 Sent 124988682 bytes 84125 pkt (dropped 6378, overlimits 0 requeues 0) 
 backlog 0b 0p requeues 0
======================================================================
Timestamp: 2026-04-02 15:14:55
qdisc htb 1: root refcnt 13 r2q 10 default 0x10 direct_packets_stat 0 direct_qlen 1000
 Sent 125785675 bytes 84664 pkt (dropped 6379, overlimits 78889 requeues 0) 
 backlog 0b 0p requeues 0
qdisc pfifo 20: parent 1:10 limit 12p
 Sent 125785675 bytes 84664 pkt (dropped 6379, overlimits 0 requeues 0) 
 backlog 0b 0p requeues 0
======================================================================
Timestamp: 2026-04-02 15:14:56
qdisc htb 1: root refcnt 13 r2q 10 default 0x10 direct_packets_stat 0 direct_qlen 1000
 Sent 125895077 bytes 84738 pkt (dropped 6379, overlimits 78957 requeues 0) 
 backlog 13338b 9p requeues 0
qdisc pfifo 20: parent 1:10 limit 12p
 Sent 125895077 bytes 84738 pkt (dropped 6379, overlimits 0 requeues 0) 
 backlog 13338b 9p requeues 0
======================================================================
Timestamp: 2026-04-02 15:14:57
qdisc htb 1: root refcnt 13 r2q 10 default 0x10 direct_packets_stat 0 direct_qlen 1000
 Sent 126759802 bytes 85323 pkt (dropped 6382, overlimits 79540 requeues 0) 
 backlog 0b 0p requeues 0
qdisc pfifo 20: parent 1:10 limit 12p
 Sent 126759802 bytes 85323 pkt (dropped 6382, overlimits 0 requeues 0) 
 backlog 0b 0p requeues 0
======================================================================
Timestamp: 2026-04-02 15:14:58
qdisc htb 1: root refcnt 13 r2q 10 default 0x10 direct_packets_stat 0 direct_qlen 1000
 Sent 126763308 bytes 85326 pkt (dropped 6382, overlimits 79541 requeues 0) 
 backlog 0b 0p requeues 0
qdisc pfifo 20: parent 1:10 limit 12p
 Sent 126763308 bytes 85326 pkt (dropped 6382, overlimits 0 requeues 0) 
 backlog 0b 0p requeues 0
======================================================================
Timestamp: 2026-04-02 15:14:59
qdisc htb 1: root refcnt 13 r2q 10 default 0x10 direct_packets_stat 0 direct_qlen 1000
 Sent 127243325 bytes 85652 pkt (dropped 6383, overlimits 79861 requeues 0) 
 backlog 0b 0p requeues 0
qdisc pfifo 20: parent 1:10 limit 12p
 Sent 127243325 bytes 85652 pkt (dropped 6383, overlimits 0 requeues 0) 
 backlog 0b 0p requeues 0
======================================================================
Timestamp: 2026-04-02 15:15:00
qdisc htb 1: root refcnt 13 r2q 10 default 0x10 direct_packets_stat 0 direct_qlen 1000
 Sent 127299375 bytes 85690 pkt (dropped 6383, overlimits 79896 requeues 0) 
 backlog 16302b 11p requeues 0
qdisc pfifo 20: parent 1:10 limit 12p
 Sent 127299375 bytes 85690 pkt (dropped 6383, overlimits 0 requeues 0) 
 backlog 16302b 11p requeues 0
======================================================================
Timestamp: 2026-04-02 15:15:01
qdisc htb 1: root refcnt 13 r2q 10 default 0x10 direct_packets_stat 0 direct_qlen 1000
 Sent 128184129 bytes 86287 pkt (dropped 6385, overlimits 80493 requeues 0) 
 backlog 10374b 7p requeues 0
qdisc pfifo 20: parent 1:10 limit 12p
 Sent 128184129 bytes 86287 pkt (dropped 6385, overlimits 0 requeues 0) 
 backlog 10374b 7p requeues 0
======================================================================
Timestamp: 2026-04-02 15:15:02
qdisc htb 1: root refcnt 13 r2q 10 default 0x10 direct_packets_stat 0 direct_qlen 1000
 Sent 128237522 bytes 86325 pkt (dropped 6385, overlimits 80528 requeues 0) 
 backlog 0b 0p requeues 0
qdisc pfifo 20: parent 1:10 limit 12p
 Sent 128237522 bytes 86325 pkt (dropped 6385, overlimits 0 requeues 0) 
 backlog 0b 0p requeues 0
======================================================================
Timestamp: 2026-04-02 15:15:03
qdisc htb 1: root refcnt 13 r2q 10 default 0x10 direct_packets_stat 0 direct_qlen 1000
 Sent 128863681 bytes 86748 pkt (dropped 6386, overlimits 80947 requeues 0) 
 backlog 0b 0p requeues 0
qdisc pfifo 20: parent 1:10 limit 12p
 Sent 128863681 bytes 86748 pkt (dropped 6386, overlimits 0 requeues 0) 
 backlog 0b 0p requeues 0
======================================================================
Timestamp: 2026-04-02 15:15:04
qdisc htb 1: root refcnt 13 r2q 10 default 0x10 direct_packets_stat 0 direct_qlen 1000
 Sent 128866379 bytes 86750 pkt (dropped 6386, overlimits 80948 requeues 0) 
 backlog 0b 0p requeues 0
qdisc pfifo 20: parent 1:10 limit 12p
 Sent 128866379 bytes 86750 pkt (dropped 6386, overlimits 0 requeues 0) 
 backlog 0b 0p requeues 0
======================================================================
Timestamp: 2026-04-02 15:15:05
qdisc htb 1: root refcnt 13 r2q 10 default 0x10 direct_packets_stat 0 direct_qlen 1000
 Sent 129259370 bytes 87018 pkt (dropped 6387, overlimits 81210 requeues 0) 
 backlog 0b 0p requeues 0
qdisc pfifo 20: parent 1:10 limit 12p
 Sent 129259370 bytes 87018 pkt (dropped 6387, overlimits 0 requeues 0) 
 backlog 0b 0p requeues 0
======================================================================
Timestamp: 2026-04-02 15:15:06
qdisc htb 1: root refcnt 13 r2q 10 default 0x10 direct_packets_stat 0 direct_qlen 1000
 Sent 129259370 bytes 87018 pkt (dropped 6387, overlimits 81210 requeues 0) 
 backlog 0b 0p requeues 0
qdisc pfifo 20: parent 1:10 limit 12p
 Sent 129259370 bytes 87018 pkt (dropped 6387, overlimits 0 requeues 0) 
 backlog 0b 0p requeues 0
======================================================================
Timestamp: 2026-04-02 15:15:07
qdisc htb 1: root refcnt 13 r2q 10 default 0x10 direct_packets_stat 0 direct_qlen 1000
 Sent 130054615 bytes 87556 pkt (dropped 6388, overlimits 81744 requeues 0) 
 backlog 0b 0p requeues 0
qdisc pfifo 20: parent 1:10 limit 12p
 Sent 130054615 bytes 87556 pkt (dropped 6388, overlimits 0 requeues 0) 
 backlog 0b 0p requeues 0
======================================================================
Timestamp: 2026-04-02 15:15:08
qdisc htb 1: root refcnt 13 r2q 10 default 0x10 direct_packets_stat 0 direct_qlen 1000
 Sent 130056231 bytes 87558 pkt (dropped 6388, overlimits 81744 requeues 0) 
 backlog 0b 0p requeues 0
qdisc pfifo 20: parent 1:10 limit 12p
 Sent 130056231 bytes 87558 pkt (dropped 6388, overlimits 0 requeues 0) 
 backlog 0b 0p requeues 0
======================================================================
Timestamp: 2026-04-02 15:15:09
qdisc htb 1: root refcnt 13 r2q 10 default 0x10 direct_packets_stat 0 direct_qlen 1000
 Sent 130500358 bytes 87859 pkt (dropped 6390, overlimits 82038 requeues 0) 
 backlog 0b 0p requeues 0
qdisc pfifo 20: parent 1:10 limit 12p
 Sent 130500358 bytes 87859 pkt (dropped 6390, overlimits 0 requeues 0) 
 backlog 0b 0p requeues 0
======================================================================
Timestamp: 2026-04-02 15:15:10
qdisc htb 1: root refcnt 13 r2q 10 default 0x10 direct_packets_stat 0 direct_qlen 1000
 Sent 130500358 bytes 87859 pkt (dropped 6390, overlimits 82038 requeues 0) 
 backlog 0b 0p requeues 0
qdisc pfifo 20: parent 1:10 limit 12p
 Sent 130500358 bytes 87859 pkt (dropped 6390, overlimits 0 requeues 0) 
 backlog 0b 0p requeues 0
