Starting TC Qdisc Monitoring for s1-eth2
Timestamp, Qdisc Stats
======================================================================
Timestamp: 2026-04-07 13:07:30
qdisc htb 1: root refcnt 13 r2q 10 default 0x10 direct_packets_stat 0 direct_qlen 1000
 Sent 7210 bytes 37 pkt (dropped 0, overlimits 2 requeues 0) 
 backlog 0b 0p requeues 0
qdisc pfifo 20: parent 1:10 limit 12p
 Sent 7210 bytes 37 pkt (dropped 0, overlimits 0 requeues 0) 
 backlog 0b 0p requeues 0
======================================================================
Timestamp: 2026-04-07 13:07:31
qdisc htb 1: root refcnt 13 r2q 10 default 0x10 direct_packets_stat 0 direct_qlen 1000
 Sent 48908 bytes 68 pkt (dropped 0, overlimits 8 requeues 0) 
 backlog 0b 0p requeues 0
qdisc pfifo 20: parent 1:10 limit 12p
 Sent 48908 bytes 68 pkt (dropped 0, overlimits 0 requeues 0) 
 backlog 0b 0p requeues 0
======================================================================
Timestamp: 2026-04-07 13:07:32
qdisc htb 1: root refcnt 13 r2q 10 default 0x10 direct_packets_stat 0 direct_qlen 1000
 Sent 821762 bytes 591 pkt (dropped 0, overlimits 193 requeues 0) 
 backlog 26676b 3p requeues 0
qdisc pfifo 20: parent 1:10 limit 12p
 Sent 821762 bytes 591 pkt (dropped 0, overlimits 0 requeues 0) 
 backlog 26676b 3p requeues 0
======================================================================
Timestamp: 2026-04-07 13:07:33
qdisc htb 1: root refcnt 13 r2q 10 default 0x10 direct_packets_stat 0 direct_qlen 1000
 Sent 1677856 bytes 1175 pkt (dropped 10, overlimits 336 requeues 0) 
 backlog 28158b 4p requeues 0
qdisc pfifo 20: parent 1:10 limit 12p
 Sent 1677856 bytes 1175 pkt (dropped 10, overlimits 0 requeues 0) 
 backlog 28158b 4p requeues 0
======================================================================
Timestamp: 2026-04-07 13:07:34
qdisc htb 1: root refcnt 13 r2q 10 default 0x10 direct_packets_stat 0 direct_qlen 1000
 Sent 2524143 bytes 1747 pkt (dropped 35, overlimits 517 requeues 0) 
 backlog 25194b 3p requeues 0
qdisc pfifo 20: parent 1:10 limit 12p
 Sent 2524143 bytes 1747 pkt (dropped 35, overlimits 0 requeues 0) 
 backlog 25194b 3p requeues 0
======================================================================
Timestamp: 2026-04-07 13:07:35
qdisc htb 1: root refcnt 13 r2q 10 default 0x10 direct_packets_stat 0 direct_qlen 1000
 Sent 3003707 bytes 2072 pkt (dropped 35, overlimits 577 requeues 0) 
 backlog 0b 0p requeues 0
qdisc pfifo 20: parent 1:10 limit 12p
 Sent 3003707 bytes 2072 pkt (dropped 35, overlimits 0 requeues 0) 
 backlog 0b 0p requeues 0
======================================================================
Timestamp: 2026-04-07 13:07:36
qdisc htb 1: root refcnt 13 r2q 10 default 0x10 direct_packets_stat 0 direct_qlen 1000
 Sent 3437659 bytes 2365 pkt (dropped 43, overlimits 692 requeues 0) 
 backlog 14820b 2p requeues 0
qdisc pfifo 20: parent 1:10 limit 12p
 Sent 3437659 bytes 2365 pkt (dropped 43, overlimits 0 requeues 0) 
 backlog 14820b 2p requeues 0
======================================================================
Timestamp: 2026-04-07 13:07:37
qdisc htb 1: root refcnt 13 r2q 10 default 0x10 direct_packets_stat 0 direct_qlen 1000
 Sent 4226168 bytes 2899 pkt (dropped 43, overlimits 787 requeues 0) 
 backlog 0b 0p requeues 0
qdisc pfifo 20: parent 1:10 limit 12p
 Sent 4226168 bytes 2899 pkt (dropped 43, overlimits 0 requeues 0) 
 backlog 0b 0p requeues 0
======================================================================
Timestamp: 2026-04-07 13:07:38
qdisc htb 1: root refcnt 13 r2q 10 default 0x10 direct_packets_stat 0 direct_qlen 1000
 Sent 4621588 bytes 3166 pkt (dropped 55, overlimits 906 requeues 0) 
 backlog 20748b 3p requeues 0
qdisc pfifo 20: parent 1:10 limit 12p
 Sent 4621588 bytes 3166 pkt (dropped 55, overlimits 0 requeues 0) 
 backlog 20748b 3p requeues 0
======================================================================
Timestamp: 2026-04-07 13:07:39
qdisc htb 1: root refcnt 13 r2q 10 default 0x10 direct_packets_stat 0 direct_qlen 1000
 Sent 5039319 bytes 3448 pkt (dropped 55, overlimits 955 requeues 0) 
 backlog 0b 0p requeues 0
qdisc pfifo 20: parent 1:10 limit 12p
 Sent 5039319 bytes 3448 pkt (dropped 55, overlimits 0 requeues 0) 
 backlog 0b 0p requeues 0
======================================================================
Timestamp: 2026-04-07 13:07:40
qdisc htb 1: root refcnt 13 r2q 10 default 0x10 direct_packets_stat 0 direct_qlen 1000
 Sent 5400653 bytes 3692 pkt (dropped 65, overlimits 1036 requeues 0) 
 backlog 16302b 2p requeues 0
qdisc pfifo 20: parent 1:10 limit 12p
 Sent 5400653 bytes 3692 pkt (dropped 65, overlimits 0 requeues 0) 
 backlog 16302b 2p requeues 0
======================================================================
Timestamp: 2026-04-07 13:07:41
qdisc htb 1: root refcnt 13 r2q 10 default 0x10 direct_packets_stat 0 direct_qlen 1000
 Sent 6049879 bytes 4131 pkt (dropped 65, overlimits 1118 requeues 0) 
 backlog 0b 0p requeues 0
qdisc pfifo 20: parent 1:10 limit 12p
 Sent 6049879 bytes 4131 pkt (dropped 65, overlimits 0 requeues 0) 
 backlog 0b 0p requeues 0
======================================================================
Timestamp: 2026-04-07 13:07:42
qdisc htb 1: root refcnt 13 r2q 10 default 0x10 direct_packets_stat 0 direct_qlen 1000
 Sent 6363789 bytes 4343 pkt (dropped 86, overlimits 1216 requeues 0) 
 backlog 23712b 5p requeues 0
qdisc pfifo 20: parent 1:10 limit 12p
 Sent 6363789 bytes 4343 pkt (dropped 86, overlimits 0 requeues 0) 
 backlog 23712b 5p requeues 0
======================================================================
Timestamp: 2026-04-07 13:07:43
qdisc htb 1: root refcnt 13 r2q 10 default 0x10 direct_packets_stat 0 direct_qlen 1000
 Sent 7241133 bytes 4935 pkt (dropped 86, overlimits 1326 requeues 0) 
 backlog 45942b 4p requeues 0
qdisc pfifo 20: parent 1:10 limit 12p
 Sent 7241133 bytes 4935 pkt (dropped 86, overlimits 0 requeues 0) 
 backlog 45942b 4p requeues 0
======================================================================
Timestamp: 2026-04-07 13:07:44
qdisc htb 1: root refcnt 13 r2q 10 default 0x10 direct_packets_stat 0 direct_qlen 1000
 Sent 7599830 bytes 5179 pkt (dropped 119, overlimits 1450 requeues 0) 
 backlog 28158b 4p requeues 0
qdisc pfifo 20: parent 1:10 limit 12p
 Sent 7599830 bytes 5179 pkt (dropped 119, overlimits 0 requeues 0) 
 backlog 28158b 4p requeues 0
======================================================================
Timestamp: 2026-04-07 13:07:45
qdisc htb 1: root refcnt 13 r2q 10 default 0x10 direct_packets_stat 0 direct_qlen 1000
 Sent 8185203 bytes 5574 pkt (dropped 119, overlimits 1524 requeues 0) 
 backlog 0b 0p requeues 0
qdisc pfifo 20: parent 1:10 limit 12p
 Sent 8185203 bytes 5574 pkt (dropped 119, overlimits 0 requeues 0) 
 backlog 0b 0p requeues 0
======================================================================
Timestamp: 2026-04-07 13:07:46
qdisc htb 1: root refcnt 13 r2q 10 default 0x10 direct_packets_stat 0 direct_qlen 1000
 Sent 8416124 bytes 5730 pkt (dropped 129, overlimits 1583 requeues 0) 
 backlog 17784b 2p requeues 0
qdisc pfifo 20: parent 1:10 limit 12p
 Sent 8416124 bytes 5730 pkt (dropped 129, overlimits 0 requeues 0) 
 backlog 17784b 2p requeues 0
======================================================================
Timestamp: 2026-04-07 13:07:47
qdisc htb 1: root refcnt 13 r2q 10 default 0x10 direct_packets_stat 0 direct_qlen 1000
 Sent 9290893 bytes 6322 pkt (dropped 129, overlimits 1681 requeues 0) 
 backlog 97b 1p requeues 0
qdisc pfifo 20: parent 1:10 limit 12p
 Sent 9290893 bytes 6322 pkt (dropped 129, overlimits 0 requeues 0) 
 backlog 97b 1p requeues 0
======================================================================
Timestamp: 2026-04-07 13:07:48
qdisc htb 1: root refcnt 13 r2q 10 default 0x10 direct_packets_stat 0 direct_qlen 1000
 Sent 9473005 bytes 6446 pkt (dropped 142, overlimits 1770 requeues 0) 
 backlog 20748b 7p requeues 0
qdisc pfifo 20: parent 1:10 limit 12p
 Sent 9473005 bytes 6446 pkt (dropped 142, overlimits 0 requeues 0) 
 backlog 20748b 7p requeues 0
======================================================================
Timestamp: 2026-04-07 13:07:49
qdisc htb 1: root refcnt 13 r2q 10 default 0x10 direct_packets_stat 0 direct_qlen 1000
 Sent 10266675 bytes 6985 pkt (dropped 142, overlimits 1881 requeues 0) 
 backlog 0b 0p requeues 0
qdisc pfifo 20: parent 1:10 limit 12p
 Sent 10266675 bytes 6985 pkt (dropped 142, overlimits 0 requeues 0) 
 backlog 0b 0p requeues 0
======================================================================
Timestamp: 2026-04-07 13:07:50
qdisc htb 1: root refcnt 13 r2q 10 default 0x10 direct_packets_stat 0 direct_qlen 1000
 Sent 10408677 bytes 7081 pkt (dropped 152, overlimits 1948 requeues 0) 
 backlog 17784b 7p requeues 0
qdisc pfifo 20: parent 1:10 limit 12p
 Sent 10408677 bytes 7081 pkt (dropped 152, overlimits 0 requeues 0) 
 backlog 17784b 7p requeues 0
======================================================================
Timestamp: 2026-04-07 13:07:51
qdisc htb 1: root refcnt 13 r2q 10 default 0x10 direct_packets_stat 0 direct_qlen 1000
 Sent 11287503 bytes 7674 pkt (dropped 152, overlimits 2062 requeues 0) 
 backlog 45942b 6p requeues 0
qdisc pfifo 20: parent 1:10 limit 12p
 Sent 11287503 bytes 7674 pkt (dropped 152, overlimits 0 requeues 0) 
 backlog 45942b 6p requeues 0
======================================================================
Timestamp: 2026-04-07 13:07:52
qdisc htb 1: root refcnt 13 r2q 10 default 0x10 direct_packets_stat 0 direct_qlen 1000
 Sent 11522084 bytes 7834 pkt (dropped 161, overlimits 2125 requeues 0) 
 backlog 13338b 3p requeues 0
qdisc pfifo 20: parent 1:10 limit 12p
 Sent 11522084 bytes 7834 pkt (dropped 161, overlimits 0 requeues 0) 
 backlog 13338b 3p requeues 0
======================================================================
Timestamp: 2026-04-07 13:07:53
qdisc htb 1: root refcnt 13 r2q 10 default 0x10 direct_packets_stat 0 direct_qlen 1000
 Sent 12403981 bytes 8430 pkt (dropped 162, overlimits 2255 requeues 0) 
 backlog 35568b 4p requeues 0
qdisc pfifo 20: parent 1:10 limit 12p
 Sent 12403981 bytes 8430 pkt (dropped 162, overlimits 0 requeues 0) 
 backlog 35568b 4p requeues 0
======================================================================
Timestamp: 2026-04-07 13:07:54
qdisc htb 1: root refcnt 13 r2q 10 default 0x10 direct_packets_stat 0 direct_qlen 1000
 Sent 12684354 bytes 8621 pkt (dropped 177, overlimits 2303 requeues 0) 
 backlog 16302b 11p requeues 0
qdisc pfifo 20: parent 1:10 limit 12p
 Sent 12684354 bytes 8621 pkt (dropped 177, overlimits 0 requeues 0) 
 backlog 16302b 11p requeues 0
======================================================================
Timestamp: 2026-04-07 13:07:55
qdisc htb 1: root refcnt 13 r2q 10 default 0x10 direct_packets_stat 0 direct_qlen 1000
 Sent 13564662 bytes 9215 pkt (dropped 191, overlimits 2451 requeues 0) 
 backlog 31122b 3p requeues 0
qdisc pfifo 20: parent 1:10 limit 12p
 Sent 13564662 bytes 9215 pkt (dropped 191, overlimits 0 requeues 0) 
 backlog 31122b 3p requeues 0
======================================================================
Timestamp: 2026-04-07 13:07:56
qdisc htb 1: root refcnt 13 r2q 10 default 0x10 direct_packets_stat 0 direct_qlen 1000
 Sent 13858450 bytes 9415 pkt (dropped 191, overlimits 2481 requeues 0) 
 backlog 17784b 8p requeues 0
qdisc pfifo 20: parent 1:10 limit 12p
 Sent 13858450 bytes 9415 pkt (dropped 191, overlimits 0 requeues 0) 
 backlog 17784b 8p requeues 0
======================================================================
Timestamp: 2026-04-07 13:07:57
qdisc htb 1: root refcnt 13 r2q 10 default 0x10 direct_packets_stat 0 direct_qlen 1000
 Sent 14734312 bytes 10006 pkt (dropped 200, overlimits 2640 requeues 0) 
 backlog 38532b 5p requeues 0
qdisc pfifo 20: parent 1:10 limit 12p
 Sent 14734312 bytes 10006 pkt (dropped 200, overlimits 0 requeues 0) 
 backlog 38532b 5p requeues 0
======================================================================
Timestamp: 2026-04-07 13:07:58
qdisc htb 1: root refcnt 13 r2q 10 default 0x10 direct_packets_stat 0 direct_qlen 1000
 Sent 15047759 bytes 10219 pkt (dropped 215, overlimits 2748 requeues 0) 
 backlog 0b 0p requeues 0
qdisc pfifo 20: parent 1:10 limit 12p
 Sent 15047759 bytes 10219 pkt (dropped 215, overlimits 0 requeues 0) 
 backlog 0b 0p requeues 0
======================================================================
Timestamp: 2026-04-07 13:07:59
qdisc htb 1: root refcnt 13 r2q 10 default 0x10 direct_packets_stat 0 direct_qlen 1000
 Sent 15895463 bytes 10791 pkt (dropped 218, overlimits 2895 requeues 0) 
 backlog 34086b 5p requeues 0
qdisc pfifo 20: parent 1:10 limit 12p
 Sent 15895463 bytes 10791 pkt (dropped 218, overlimits 0 requeues 0) 
 backlog 34086b 5p requeues 0
======================================================================
Timestamp: 2026-04-07 13:08:00
qdisc htb 1: root refcnt 13 r2q 10 default 0x10 direct_packets_stat 0 direct_qlen 1000
 Sent 16288326 bytes 11063 pkt (dropped 218, overlimits 2939 requeues 0) 
 backlog 0b 0p requeues 0
qdisc pfifo 20: parent 1:10 limit 12p
 Sent 16288326 bytes 11063 pkt (dropped 218, overlimits 0 requeues 0) 
 backlog 0b 0p requeues 0
======================================================================
Timestamp: 2026-04-07 13:08:01
qdisc htb 1: root refcnt 13 r2q 10 default 0x10 direct_packets_stat 0 direct_qlen 1000
 Sent 17110632 bytes 11621 pkt (dropped 271, overlimits 3145 requeues 0) 
 backlog 40142b 8p requeues 0
qdisc pfifo 20: parent 1:10 limit 12p
 Sent 17110632 bytes 11621 pkt (dropped 271, overlimits 0 requeues 0) 
 backlog 40142b 8p requeues 0
======================================================================
Timestamp: 2026-04-07 13:08:02
qdisc htb 1: root refcnt 13 r2q 10 default 0x10 direct_packets_stat 0 direct_qlen 1000
 Sent 17988853 bytes 12209 pkt (dropped 271, overlimits 3478 requeues 0) 
 backlog 7570b 5p requeues 0
qdisc pfifo 20: parent 1:10 limit 12p
 Sent 17988853 bytes 12209 pkt (dropped 271, overlimits 0 requeues 0) 
 backlog 7570b 5p requeues 0
======================================================================
Timestamp: 2026-04-07 13:08:03
qdisc htb 1: root refcnt 13 r2q 10 default 0x10 direct_packets_stat 0 direct_qlen 1000
 Sent 18867179 bytes 12795 pkt (dropped 323, overlimits 3930 requeues 0) 
 backlog 6056b 4p requeues 0
qdisc pfifo 20: parent 1:10 limit 12p
 Sent 18867179 bytes 12795 pkt (dropped 323, overlimits 0 requeues 0) 
 backlog 6056b 4p requeues 0
======================================================================
Timestamp: 2026-04-07 13:08:04
qdisc htb 1: root refcnt 13 r2q 10 default 0x10 direct_packets_stat 0 direct_qlen 1000
 Sent 19745299 bytes 13375 pkt (dropped 323, overlimits 4510 requeues 0) 
 backlog 6056b 4p requeues 0
qdisc pfifo 20: parent 1:10 limit 12p
 Sent 19745299 bytes 13375 pkt (dropped 323, overlimits 0 requeues 0) 
 backlog 6056b 4p requeues 0
======================================================================
Timestamp: 2026-04-07 13:08:05
qdisc htb 1: root refcnt 13 r2q 10 default 0x10 direct_packets_stat 0 direct_qlen 1000
 Sent 20622362 bytes 13961 pkt (dropped 346, overlimits 4921 requeues 0) 
 backlog 3028b 2p requeues 0
qdisc pfifo 20: parent 1:10 limit 12p
 Sent 20622362 bytes 13961 pkt (dropped 346, overlimits 0 requeues 0) 
 backlog 3028b 2p requeues 0
======================================================================
Timestamp: 2026-04-07 13:08:06
qdisc htb 1: root refcnt 13 r2q 10 default 0x10 direct_packets_stat 0 direct_qlen 1000
 Sent 21500524 bytes 14542 pkt (dropped 346, overlimits 5502 requeues 0) 
 backlog 6056b 4p requeues 0
qdisc pfifo 20: parent 1:10 limit 12p
 Sent 21500524 bytes 14542 pkt (dropped 346, overlimits 0 requeues 0) 
 backlog 6056b 4p requeues 0
======================================================================
Timestamp: 2026-04-07 13:08:07
qdisc htb 1: root refcnt 13 r2q 10 default 0x10 direct_packets_stat 0 direct_qlen 1000
 Sent 22377666 bytes 15128 pkt (dropped 364, overlimits 5921 requeues 0) 
 backlog 31250b 10p requeues 0
qdisc pfifo 20: parent 1:10 limit 12p
 Sent 22377666 bytes 15128 pkt (dropped 364, overlimits 0 requeues 0) 
 backlog 31250b 10p requeues 0
======================================================================
Timestamp: 2026-04-07 13:08:08
qdisc htb 1: root refcnt 13 r2q 10 default 0x10 direct_packets_stat 0 direct_qlen 1000
 Sent 23256998 bytes 15719 pkt (dropped 364, overlimits 6183 requeues 0) 
 backlog 7570b 5p requeues 0
qdisc pfifo 20: parent 1:10 limit 12p
 Sent 23256998 bytes 15719 pkt (dropped 364, overlimits 0 requeues 0) 
 backlog 7570b 5p requeues 0
======================================================================
Timestamp: 2026-04-07 13:08:09
qdisc htb 1: root refcnt 13 r2q 10 default 0x10 direct_packets_stat 0 direct_qlen 1000
 Sent 24134361 bytes 16306 pkt (dropped 401, overlimits 6575 requeues 0) 
 backlog 31282b 10p requeues 0
qdisc pfifo 20: parent 1:10 limit 12p
 Sent 24134361 bytes 16306 pkt (dropped 401, overlimits 0 requeues 0) 
 backlog 31282b 10p requeues 0
======================================================================
Timestamp: 2026-04-07 13:08:10
qdisc htb 1: root refcnt 13 r2q 10 default 0x10 direct_packets_stat 0 direct_qlen 1000
 Sent 25014617 bytes 16898 pkt (dropped 401, overlimits 6762 requeues 0) 
 backlog 51998b 8p requeues 0
qdisc pfifo 20: parent 1:10 limit 12p
 Sent 25014617 bytes 16898 pkt (dropped 401, overlimits 0 requeues 0) 
 backlog 51998b 8p requeues 0
======================================================================
Timestamp: 2026-04-07 13:08:11
qdisc htb 1: root refcnt 13 r2q 10 default 0x10 direct_packets_stat 0 direct_qlen 1000
 Sent 25887111 bytes 17484 pkt (dropped 449, overlimits 7131 requeues 0) 
 backlog 22390b 9p requeues 0
qdisc pfifo 20: parent 1:10 limit 12p
 Sent 25887111 bytes 17484 pkt (dropped 449, overlimits 0 requeues 0) 
 backlog 22390b 9p requeues 0
======================================================================
Timestamp: 2026-04-07 13:08:12
qdisc htb 1: root refcnt 13 r2q 10 default 0x10 direct_packets_stat 0 direct_qlen 1000
 Sent 26770587 bytes 18078 pkt (dropped 449, overlimits 7327 requeues 0) 
 backlog 43106b 9p requeues 0
qdisc pfifo 20: parent 1:10 limit 12p
 Sent 26770587 bytes 18078 pkt (dropped 449, overlimits 0 requeues 0) 
 backlog 43106b 9p requeues 0
======================================================================
Timestamp: 2026-04-07 13:08:13
qdisc htb 1: root refcnt 13 r2q 10 default 0x10 direct_packets_stat 0 direct_qlen 1000
 Sent 27640244 bytes 18663 pkt (dropped 493, overlimits 7654 requeues 0) 
 backlog 34246b 8p requeues 0
qdisc pfifo 20: parent 1:10 limit 12p
 Sent 27640244 bytes 18663 pkt (dropped 493, overlimits 0 requeues 0) 
 backlog 34246b 8p requeues 0
======================================================================
Timestamp: 2026-04-07 13:08:14
qdisc htb 1: root refcnt 13 r2q 10 default 0x10 direct_packets_stat 0 direct_qlen 1000
 Sent 28515095 bytes 19253 pkt (dropped 493, overlimits 7842 requeues 0) 
 backlog 0b 0p requeues 0
qdisc pfifo 20: parent 1:10 limit 12p
 Sent 28515095 bytes 19253 pkt (dropped 493, overlimits 0 requeues 0) 
 backlog 0b 0p requeues 0
======================================================================
Timestamp: 2026-04-07 13:08:15
qdisc htb 1: root refcnt 13 r2q 10 default 0x10 direct_packets_stat 0 direct_qlen 1000
 Sent 29393837 bytes 19840 pkt (dropped 536, overlimits 8269 requeues 0) 
 backlog 25322b 7p requeues 0
qdisc pfifo 20: parent 1:10 limit 12p
 Sent 29393837 bytes 19840 pkt (dropped 536, overlimits 0 requeues 0) 
 backlog 25322b 7p requeues 0
======================================================================
Timestamp: 2026-04-07 13:08:16
qdisc htb 1: root refcnt 13 r2q 10 default 0x10 direct_packets_stat 0 direct_qlen 1000
 Sent 30281663 bytes 20437 pkt (dropped 536, overlimits 8460 requeues 0) 
 backlog 31320b 9p requeues 0
qdisc pfifo 20: parent 1:10 limit 12p
 Sent 30281663 bytes 20437 pkt (dropped 536, overlimits 0 requeues 0) 
 backlog 31320b 9p requeues 0
======================================================================
Timestamp: 2026-04-07 13:08:17
qdisc htb 1: root refcnt 13 r2q 10 default 0x10 direct_packets_stat 0 direct_qlen 1000
 Sent 31142376 bytes 21016 pkt (dropped 574, overlimits 8786 requeues 0) 
 backlog 31186b 6p requeues 0
qdisc pfifo 20: parent 1:10 limit 12p
 Sent 31142376 bytes 21016 pkt (dropped 574, overlimits 0 requeues 0) 
 backlog 31186b 6p requeues 0
======================================================================
Timestamp: 2026-04-07 13:08:18
qdisc htb 1: root refcnt 13 r2q 10 default 0x10 direct_packets_stat 0 direct_qlen 1000
 Sent 32025180 bytes 21610 pkt (dropped 574, overlimits 8957 requeues 0) 
 backlog 38998b 8p requeues 0
qdisc pfifo 20: parent 1:10 limit 12p
 Sent 32025180 bytes 21610 pkt (dropped 574, overlimits 0 requeues 0) 
 backlog 38998b 8p requeues 0
======================================================================
Timestamp: 2026-04-07 13:08:19
qdisc htb 1: root refcnt 13 r2q 10 default 0x10 direct_packets_stat 0 direct_qlen 1000
 Sent 32895337 bytes 22192 pkt (dropped 634, overlimits 9408 requeues 0) 
 backlog 28286b 7p requeues 0
qdisc pfifo 20: parent 1:10 limit 12p
 Sent 32895337 bytes 22192 pkt (dropped 634, overlimits 0 requeues 0) 
 backlog 28286b 7p requeues 0
======================================================================
Timestamp: 2026-04-07 13:08:20
qdisc htb 1: root refcnt 13 r2q 10 default 0x10 direct_packets_stat 0 direct_qlen 1000
 Sent 33778877 bytes 22786 pkt (dropped 634, overlimits 9614 requeues 0) 
 backlog 40142b 8p requeues 0
qdisc pfifo 20: parent 1:10 limit 12p
 Sent 33778877 bytes 22786 pkt (dropped 634, overlimits 0 requeues 0) 
 backlog 40142b 8p requeues 0
======================================================================
Timestamp: 2026-04-07 13:08:21
qdisc htb 1: root refcnt 13 r2q 10 default 0x10 direct_packets_stat 0 direct_qlen 1000
 Sent 34591945 bytes 23333 pkt (dropped 671, overlimits 9910 requeues 0) 
 backlog 22390b 7p requeues 0
qdisc pfifo 20: parent 1:10 limit 12p
 Sent 34591945 bytes 23333 pkt (dropped 671, overlimits 0 requeues 0) 
 backlog 22390b 7p requeues 0
======================================================================
Timestamp: 2026-04-07 13:08:22
qdisc htb 1: root refcnt 13 r2q 10 default 0x10 direct_packets_stat 0 direct_qlen 1000
 Sent 35465303 bytes 23920 pkt (dropped 671, overlimits 10122 requeues 0) 
 backlog 51998b 9p requeues 0
qdisc pfifo 20: parent 1:10 limit 12p
 Sent 35465303 bytes 23920 pkt (dropped 671, overlimits 0 requeues 0) 
 backlog 51998b 9p requeues 0
======================================================================
Timestamp: 2026-04-07 13:08:23
qdisc htb 1: root refcnt 13 r2q 10 default 0x10 direct_packets_stat 0 direct_qlen 1000
 Sent 36344249 bytes 24513 pkt (dropped 713, overlimits 10372 requeues 0) 
 backlog 34214b 8p requeues 0
qdisc pfifo 20: parent 1:10 limit 12p
 Sent 36344249 bytes 24513 pkt (dropped 713, overlimits 0 requeues 0) 
 backlog 34214b 8p requeues 0
======================================================================
Timestamp: 2026-04-07 13:08:24
qdisc htb 1: root refcnt 13 r2q 10 default 0x10 direct_packets_stat 0 direct_qlen 1000
 Sent 37228679 bytes 25109 pkt (dropped 749, overlimits 10646 requeues 0) 
 backlog 20844b 5p requeues 0
qdisc pfifo 20: parent 1:10 limit 12p
 Sent 37228679 bytes 25109 pkt (dropped 749, overlimits 0 requeues 0) 
 backlog 20844b 5p requeues 0
======================================================================
Timestamp: 2026-04-07 13:08:25
qdisc htb 1: root refcnt 13 r2q 10 default 0x10 direct_packets_stat 0 direct_qlen 1000
 Sent 38089623 bytes 25686 pkt (dropped 749, overlimits 10942 requeues 0) 
 backlog 3028b 2p requeues 0
qdisc pfifo 20: parent 1:10 limit 12p
 Sent 38089623 bytes 25686 pkt (dropped 749, overlimits 0 requeues 0) 
 backlog 3028b 2p requeues 0
======================================================================
Timestamp: 2026-04-07 13:08:26
qdisc htb 1: root refcnt 13 r2q 10 default 0x10 direct_packets_stat 0 direct_qlen 1000
 Sent 38970148 bytes 26272 pkt (dropped 791, overlimits 11417 requeues 0) 
 backlog 22358b 6p requeues 0
qdisc pfifo 20: parent 1:10 limit 12p
 Sent 38970148 bytes 26272 pkt (dropped 791, overlimits 0 requeues 0) 
 backlog 22358b 6p requeues 0
======================================================================
Timestamp: 2026-04-07 13:08:27
qdisc htb 1: root refcnt 13 r2q 10 default 0x10 direct_packets_stat 0 direct_qlen 1000
 Sent 39852078 bytes 26865 pkt (dropped 791, overlimits 11615 requeues 0) 
 backlog 47584b 9p requeues 0
qdisc pfifo 20: parent 1:10 limit 12p
 Sent 39852078 bytes 26865 pkt (dropped 791, overlimits 0 requeues 0) 
 backlog 47584b 9p requeues 0
======================================================================
Timestamp: 2026-04-07 13:08:28
qdisc htb 1: root refcnt 13 r2q 10 default 0x10 direct_packets_stat 0 direct_qlen 1000
 Sent 40722955 bytes 27448 pkt (dropped 832, overlimits 12063 requeues 0) 
 backlog 16Kb 6p requeues 0
qdisc pfifo 20: parent 1:10 limit 12p
 Sent 40722955 bytes 27448 pkt (dropped 832, overlimits 0 requeues 0) 
 backlog 16Kb 6p requeues 0
======================================================================
Timestamp: 2026-04-07 13:08:29
qdisc htb 1: root refcnt 13 r2q 10 default 0x10 direct_packets_stat 0 direct_qlen 1000
 Sent 41599916 bytes 28037 pkt (dropped 832, overlimits 12359 requeues 0) 
 backlog 0b 0p requeues 0
qdisc pfifo 20: parent 1:10 limit 12p
 Sent 41599916 bytes 28037 pkt (dropped 832, overlimits 0 requeues 0) 
 backlog 0b 0p requeues 0
======================================================================
Timestamp: 2026-04-07 13:08:30
qdisc htb 1: root refcnt 13 r2q 10 default 0x10 direct_packets_stat 0 direct_qlen 1000
 Sent 42479182 bytes 28621 pkt (dropped 845, overlimits 12847 requeues 0) 
 backlog 34214b 10p requeues 0
qdisc pfifo 20: parent 1:10 limit 12p
 Sent 42479182 bytes 28621 pkt (dropped 845, overlimits 0 requeues 0) 
 backlog 34214b 10p requeues 0
======================================================================
Timestamp: 2026-04-07 13:08:31
qdisc htb 1: root refcnt 13 r2q 10 default 0x10 direct_packets_stat 0 direct_qlen 1000
 Sent 43365590 bytes 29217 pkt (dropped 845, overlimits 13038 requeues 0) 
 backlog 43106b 8p requeues 0
qdisc pfifo 20: parent 1:10 limit 12p
 Sent 43365590 bytes 29217 pkt (dropped 845, overlimits 0 requeues 0) 
 backlog 43106b 8p requeues 0
======================================================================
Timestamp: 2026-04-07 13:08:32
qdisc htb 1: root refcnt 13 r2q 10 default 0x10 direct_packets_stat 0 direct_qlen 1000
 Sent 44239742 bytes 29803 pkt (dropped 898, overlimits 13398 requeues 0) 
 backlog 26676b 4p requeues 0
qdisc pfifo 20: parent 1:10 limit 12p
 Sent 44239742 bytes 29803 pkt (dropped 898, overlimits 0 requeues 0) 
 backlog 26676b 4p requeues 0
======================================================================
Timestamp: 2026-04-07 13:08:33
qdisc htb 1: root refcnt 13 r2q 10 default 0x10 direct_packets_stat 0 direct_qlen 1000
 Sent 45122514 bytes 30397 pkt (dropped 898, overlimits 13574 requeues 0) 
 backlog 45Kb 9p requeues 0
qdisc pfifo 20: parent 1:10 limit 12p
 Sent 45122514 bytes 30397 pkt (dropped 898, overlimits 0 requeues 0) 
 backlog 45Kb 9p requeues 0
======================================================================
Timestamp: 2026-04-07 13:08:34
qdisc htb 1: root refcnt 13 r2q 10 default 0x10 direct_packets_stat 0 direct_qlen 1000
 Sent 45998702 bytes 30984 pkt (dropped 941, overlimits 13941 requeues 0) 
 backlog 19298b 6p requeues 0
qdisc pfifo 20: parent 1:10 limit 12p
 Sent 45998702 bytes 30984 pkt (dropped 941, overlimits 0 requeues 0) 
 backlog 19298b 6p requeues 0
======================================================================
Timestamp: 2026-04-07 13:08:35
qdisc htb 1: root refcnt 13 r2q 10 default 0x10 direct_packets_stat 0 direct_qlen 1000
 Sent 46875408 bytes 31573 pkt (dropped 942, overlimits 14177 requeues 0) 
 backlog 43138b 11p requeues 0
qdisc pfifo 20: parent 1:10 limit 12p
 Sent 46875408 bytes 31573 pkt (dropped 942, overlimits 0 requeues 0) 
 backlog 43138b 11p requeues 0
======================================================================
Timestamp: 2026-04-07 13:08:36
qdisc htb 1: root refcnt 13 r2q 10 default 0x10 direct_packets_stat 0 direct_qlen 1000
 Sent 47743360 bytes 32155 pkt (dropped 984, overlimits 14517 requeues 0) 
 backlog 11856b 2p requeues 0
qdisc pfifo 20: parent 1:10 limit 12p
 Sent 47743360 bytes 32155 pkt (dropped 984, overlimits 0 requeues 0) 
 backlog 11856b 2p requeues 0
======================================================================
Timestamp: 2026-04-07 13:08:37
qdisc htb 1: root refcnt 13 r2q 10 default 0x10 direct_packets_stat 0 direct_qlen 1000
 Sent 48621100 bytes 32745 pkt (dropped 985, overlimits 14761 requeues 0) 
 backlog 43106b 10p requeues 0
qdisc pfifo 20: parent 1:10 limit 12p
 Sent 48621100 bytes 32745 pkt (dropped 985, overlimits 0 requeues 0) 
 backlog 43106b 10p requeues 0
======================================================================
Timestamp: 2026-04-07 13:08:38
qdisc htb 1: root refcnt 13 r2q 10 default 0x10 direct_packets_stat 0 direct_qlen 1000
 Sent 49491644 bytes 33331 pkt (dropped 1018, overlimits 15032 requeues 0) 
 backlog 14884b 10p requeues 0
qdisc pfifo 20: parent 1:10 limit 12p
 Sent 49491644 bytes 33331 pkt (dropped 1018, overlimits 0 requeues 0) 
 backlog 14884b 10p requeues 0
======================================================================
Timestamp: 2026-04-07 13:08:39
qdisc htb 1: root refcnt 13 r2q 10 default 0x10 direct_packets_stat 0 direct_qlen 1000
 Sent 50370066 bytes 33922 pkt (dropped 1030, overlimits 15258 requeues 0) 
 backlog 45Kb 10p requeues 0
qdisc pfifo 20: parent 1:10 limit 12p
 Sent 50370066 bytes 33922 pkt (dropped 1030, overlimits 0 requeues 0) 
 backlog 45Kb 10p requeues 0
======================================================================
Timestamp: 2026-04-07 13:08:40
qdisc htb 1: root refcnt 13 r2q 10 default 0x10 direct_packets_stat 0 direct_qlen 1000
 Sent 51246980 bytes 34508 pkt (dropped 1064, overlimits 15639 requeues 0) 
 backlog 11920b 4p requeues 0
qdisc pfifo 20: parent 1:10 limit 12p
 Sent 51246980 bytes 34508 pkt (dropped 1064, overlimits 0 requeues 0) 
 backlog 11920b 4p requeues 0
======================================================================
Timestamp: 2026-04-07 13:08:41
qdisc htb 1: root refcnt 13 r2q 10 default 0x10 direct_packets_stat 0 direct_qlen 1000
 Sent 52125072 bytes 35098 pkt (dropped 1077, overlimits 15901 requeues 0) 
 backlog 32732b 8p requeues 0
qdisc pfifo 20: parent 1:10 limit 12p
 Sent 52125072 bytes 35098 pkt (dropped 1077, overlimits 0 requeues 0) 
 backlog 32732b 8p requeues 0
======================================================================
Timestamp: 2026-04-07 13:08:42
qdisc htb 1: root refcnt 13 r2q 10 default 0x10 direct_packets_stat 0 direct_qlen 1000
 Sent 53008672 bytes 35691 pkt (dropped 1090, overlimits 16174 requeues 0) 
 backlog 17912b 12p requeues 0
qdisc pfifo 20: parent 1:10 limit 12p
 Sent 53008672 bytes 35691 pkt (dropped 1090, overlimits 0 requeues 0) 
 backlog 17912b 12p requeues 0
======================================================================
Timestamp: 2026-04-07 13:08:43
qdisc htb 1: root refcnt 13 r2q 10 default 0x10 direct_packets_stat 0 direct_qlen 1000
 Sent 53888064 bytes 36283 pkt (dropped 1133, overlimits 16416 requeues 0) 
 backlog 40142b 9p requeues 0
qdisc pfifo 20: parent 1:10 limit 12p
 Sent 53888064 bytes 36283 pkt (dropped 1133, overlimits 0 requeues 0) 
 backlog 40142b 9p requeues 0
======================================================================
Timestamp: 2026-04-07 13:08:44
qdisc htb 1: root refcnt 13 r2q 10 default 0x10 direct_packets_stat 0 direct_qlen 1000
 Sent 54760244 bytes 36868 pkt (dropped 1133, overlimits 16762 requeues 0) 
 backlog 6056b 4p requeues 0
qdisc pfifo 20: parent 1:10 limit 12p
 Sent 54760244 bytes 36868 pkt (dropped 1133, overlimits 0 requeues 0) 
 backlog 6056b 4p requeues 0
======================================================================
Timestamp: 2026-04-07 13:08:45
qdisc htb 1: root refcnt 13 r2q 10 default 0x10 direct_packets_stat 0 direct_qlen 1000
 Sent 55640676 bytes 37459 pkt (dropped 1173, overlimits 17065 requeues 0) 
 backlog 38628b 8p requeues 0
qdisc pfifo 20: parent 1:10 limit 12p
 Sent 55640676 bytes 37459 pkt (dropped 1173, overlimits 0 requeues 0) 
 backlog 38628b 8p requeues 0
======================================================================
Timestamp: 2026-04-07 13:08:46
qdisc htb 1: root refcnt 13 r2q 10 default 0x10 direct_packets_stat 0 direct_qlen 1000
 Sent 56506669 bytes 38041 pkt (dropped 1173, overlimits 17298 requeues 0) 
 backlog 1514b 1p requeues 0
qdisc pfifo 20: parent 1:10 limit 12p
 Sent 56506669 bytes 38041 pkt (dropped 1173, overlimits 0 requeues 0) 
 backlog 1514b 1p requeues 0
======================================================================
Timestamp: 2026-04-07 13:08:47
qdisc htb 1: root refcnt 13 r2q 10 default 0x10 direct_packets_stat 0 direct_qlen 1000
 Sent 57385515 bytes 38631 pkt (dropped 1215, overlimits 17600 requeues 0) 
 backlog 38692b 9p requeues 0
qdisc pfifo 20: parent 1:10 limit 12p
 Sent 57385515 bytes 38631 pkt (dropped 1215, overlimits 0 requeues 0) 
 backlog 38692b 9p requeues 0
======================================================================
Timestamp: 2026-04-07 13:08:48
qdisc htb 1: root refcnt 13 r2q 10 default 0x10 direct_packets_stat 0 direct_qlen 1000
 Sent 58255821 bytes 39211 pkt (dropped 1215, overlimits 17972 requeues 0) 
 backlog 7570b 5p requeues 0
qdisc pfifo 20: parent 1:10 limit 12p
 Sent 58255821 bytes 39211 pkt (dropped 1215, overlimits 0 requeues 0) 
 backlog 7570b 5p requeues 0
======================================================================
Timestamp: 2026-04-07 13:08:49
qdisc htb 1: root refcnt 13 r2q 10 default 0x10 direct_packets_stat 0 direct_qlen 1000
 Sent 59136564 bytes 39802 pkt (dropped 1263, overlimits 18269 requeues 0) 
 backlog 38660b 9p requeues 0
qdisc pfifo 20: parent 1:10 limit 12p
 Sent 59136564 bytes 39802 pkt (dropped 1263, overlimits 0 requeues 0) 
 backlog 38660b 9p requeues 0
======================================================================
Timestamp: 2026-04-07 13:08:50
qdisc htb 1: root refcnt 13 r2q 10 default 0x10 direct_packets_stat 0 direct_qlen 1000
 Sent 60008555 bytes 40389 pkt (dropped 1263, overlimits 18472 requeues 0) 
 backlog 1514b 1p requeues 0
qdisc pfifo 20: parent 1:10 limit 12p
 Sent 60008555 bytes 40389 pkt (dropped 1263, overlimits 0 requeues 0) 
 backlog 1514b 1p requeues 0
======================================================================
Timestamp: 2026-04-07 13:08:51
qdisc htb 1: root refcnt 13 r2q 10 default 0x10 direct_packets_stat 0 direct_qlen 1000
 Sent 60890612 bytes 40981 pkt (dropped 1314, overlimits 18778 requeues 0) 
 backlog 34214b 7p requeues 0
qdisc pfifo 20: parent 1:10 limit 12p
 Sent 60890612 bytes 40981 pkt (dropped 1314, overlimits 0 requeues 0) 
 backlog 34214b 7p requeues 0
======================================================================
Timestamp: 2026-04-07 13:08:52
qdisc htb 1: root refcnt 13 r2q 10 default 0x10 direct_packets_stat 0 direct_qlen 1000
 Sent 61764020 bytes 41567 pkt (dropped 1314, overlimits 19010 requeues 0) 
 backlog 6056b 4p requeues 0
qdisc pfifo 20: parent 1:10 limit 12p
 Sent 61764020 bytes 41567 pkt (dropped 1314, overlimits 0 requeues 0) 
 backlog 6056b 4p requeues 0
======================================================================
Timestamp: 2026-04-07 13:08:53
qdisc htb 1: root refcnt 13 r2q 10 default 0x10 direct_packets_stat 0 direct_qlen 1000
 Sent 62650425 bytes 42161 pkt (dropped 1370, overlimits 19333 requeues 0) 
 backlog 29768b 7p requeues 0
qdisc pfifo 20: parent 1:10 limit 12p
 Sent 62650425 bytes 42161 pkt (dropped 1370, overlimits 0 requeues 0) 
 backlog 29768b 7p requeues 0
======================================================================
Timestamp: 2026-04-07 13:08:54
qdisc htb 1: root refcnt 13 r2q 10 default 0x10 direct_packets_stat 0 direct_qlen 1000
 Sent 63519996 bytes 42746 pkt (dropped 1370, overlimits 19588 requeues 0) 
 backlog 6056b 4p requeues 0
qdisc pfifo 20: parent 1:10 limit 12p
 Sent 63519996 bytes 42746 pkt (dropped 1370, overlimits 0 requeues 0) 
 backlog 6056b 4p requeues 0
======================================================================
Timestamp: 2026-04-07 13:08:55
qdisc htb 1: root refcnt 13 r2q 10 default 0x10 direct_packets_stat 0 direct_qlen 1000
 Sent 64398459 bytes 43333 pkt (dropped 1412, overlimits 20018 requeues 0) 
 backlog 22390b 9p requeues 0
qdisc pfifo 20: parent 1:10 limit 12p
 Sent 64398459 bytes 43333 pkt (dropped 1412, overlimits 0 requeues 0) 
 backlog 22390b 9p requeues 0
======================================================================
Timestamp: 2026-04-07 13:08:56
qdisc htb 1: root refcnt 13 r2q 10 default 0x10 direct_packets_stat 0 direct_qlen 1000
 Sent 65277489 bytes 43924 pkt (dropped 1412, overlimits 20229 requeues 0) 
 backlog 43106b 8p requeues 0
qdisc pfifo 20: parent 1:10 limit 12p
 Sent 65277489 bytes 43924 pkt (dropped 1412, overlimits 0 requeues 0) 
 backlog 43106b 8p requeues 0
======================================================================
Timestamp: 2026-04-07 13:08:57
qdisc htb 1: root refcnt 13 r2q 10 default 0x10 direct_packets_stat 0 direct_qlen 1000
 Sent 66153228 bytes 44513 pkt (dropped 1455, overlimits 20549 requeues 0) 
 backlog 26836b 8p requeues 0
qdisc pfifo 20: parent 1:10 limit 12p
 Sent 66153228 bytes 44513 pkt (dropped 1455, overlimits 0 requeues 0) 
 backlog 26836b 8p requeues 0
======================================================================
Timestamp: 2026-04-07 13:08:58
qdisc htb 1: root refcnt 13 r2q 10 default 0x10 direct_packets_stat 0 direct_qlen 1000
 Sent 67031004 bytes 45103 pkt (dropped 1455, overlimits 20818 requeues 0) 
 backlog 3028b 2p requeues 0
qdisc pfifo 20: parent 1:10 limit 12p
 Sent 67031004 bytes 45103 pkt (dropped 1455, overlimits 0 requeues 0) 
 backlog 3028b 2p requeues 0
======================================================================
Timestamp: 2026-04-07 13:08:59
qdisc htb 1: root refcnt 13 r2q 10 default 0x10 direct_packets_stat 0 direct_qlen 1000
 Sent 67915348 bytes 45694 pkt (dropped 1495, overlimits 21247 requeues 0) 
 backlog 25322b 9p requeues 0
qdisc pfifo 20: parent 1:10 limit 12p
 Sent 67915348 bytes 45694 pkt (dropped 1495, overlimits 0 requeues 0) 
 backlog 25322b 9p requeues 0
======================================================================
Timestamp: 2026-04-07 13:09:00
qdisc htb 1: root refcnt 13 r2q 10 default 0x10 direct_packets_stat 0 direct_qlen 1000
 Sent 68788379 bytes 46281 pkt (dropped 1495, overlimits 21489 requeues 0) 
 backlog 7570b 5p requeues 0
qdisc pfifo 20: parent 1:10 limit 12p
 Sent 68788379 bytes 46281 pkt (dropped 1495, overlimits 0 requeues 0) 
 backlog 7570b 5p requeues 0
======================================================================
Timestamp: 2026-04-07 13:09:01
qdisc htb 1: root refcnt 13 r2q 10 default 0x10 direct_packets_stat 0 direct_qlen 1000
 Sent 69666212 bytes 46867 pkt (dropped 1524, overlimits 21919 requeues 0) 
 backlog 23840b 7p requeues 0
qdisc pfifo 20: parent 1:10 limit 12p
 Sent 69666212 bytes 46867 pkt (dropped 1524, overlimits 0 requeues 0) 
 backlog 23840b 7p requeues 0
======================================================================
Timestamp: 2026-04-07 13:09:02
qdisc htb 1: root refcnt 13 r2q 10 default 0x10 direct_packets_stat 0 direct_qlen 1000
 Sent 70543728 bytes 47457 pkt (dropped 1524, overlimits 22119 requeues 0) 
 backlog 53480b 10p requeues 0
qdisc pfifo 20: parent 1:10 limit 12p
 Sent 70543728 bytes 47457 pkt (dropped 1524, overlimits 0 requeues 0) 
 backlog 53480b 10p requeues 0
======================================================================
Timestamp: 2026-04-07 13:09:03
qdisc htb 1: root refcnt 13 r2q 10 default 0x10 direct_packets_stat 0 direct_qlen 1000
 Sent 71426630 bytes 48053 pkt (dropped 1573, overlimits 22371 requeues 0) 
 backlog 31250b 7p requeues 0
qdisc pfifo 20: parent 1:10 limit 12p
 Sent 71426630 bytes 48053 pkt (dropped 1573, overlimits 0 requeues 0) 
 backlog 31250b 7p requeues 0
======================================================================
Timestamp: 2026-04-07 13:09:04
qdisc htb 1: root refcnt 13 r2q 10 default 0x10 direct_packets_stat 0 direct_qlen 1000
 Sent 72300155 bytes 48641 pkt (dropped 1596, overlimits 22634 requeues 0) 
 backlog 38628b 7p requeues 0
qdisc pfifo 20: parent 1:10 limit 12p
 Sent 72300155 bytes 48641 pkt (dropped 1596, overlimits 0 requeues 0) 
 backlog 38628b 7p requeues 0
======================================================================
Timestamp: 2026-04-07 13:09:05
qdisc htb 1: root refcnt 13 r2q 10 default 0x10 direct_packets_stat 0 direct_qlen 1000
 Sent 73178910 bytes 49227 pkt (dropped 1596, overlimits 23023 requeues 0) 
 backlog 7570b 5p requeues 0
qdisc pfifo 20: parent 1:10 limit 12p
 Sent 73178910 bytes 49227 pkt (dropped 1596, overlimits 0 requeues 0) 
 backlog 7570b 5p requeues 0
======================================================================
Timestamp: 2026-04-07 13:09:06
qdisc htb 1: root refcnt 13 r2q 10 default 0x10 direct_packets_stat 0 direct_qlen 1000
 Sent 74056465 bytes 49816 pkt (dropped 1641, overlimits 23333 requeues 0) 
 backlog 34214b 7p requeues 0
qdisc pfifo 20: parent 1:10 limit 12p
 Sent 74056465 bytes 49816 pkt (dropped 1641, overlimits 0 requeues 0) 
 backlog 34214b 7p requeues 0
======================================================================
Timestamp: 2026-04-07 13:09:07
qdisc htb 1: root refcnt 13 r2q 10 default 0x10 direct_packets_stat 0 direct_qlen 1000
 Sent 74935073 bytes 50405 pkt (dropped 1641, overlimits 23634 requeues 0) 
 backlog 7570b 5p requeues 0
qdisc pfifo 20: parent 1:10 limit 12p
 Sent 74935073 bytes 50405 pkt (dropped 1641, overlimits 0 requeues 0) 
 backlog 7570b 5p requeues 0
======================================================================
Timestamp: 2026-04-07 13:09:08
qdisc htb 1: root refcnt 13 r2q 10 default 0x10 direct_packets_stat 0 direct_qlen 1000
 Sent 75817229 bytes 50997 pkt (dropped 1697, overlimits 24012 requeues 0) 
 backlog 28286b 9p requeues 0
qdisc pfifo 20: parent 1:10 limit 12p
 Sent 75817229 bytes 50997 pkt (dropped 1697, overlimits 0 requeues 0) 
 backlog 28286b 9p requeues 0
======================================================================
Timestamp: 2026-04-07 13:09:09
qdisc htb 1: root refcnt 13 r2q 10 default 0x10 direct_packets_stat 0 direct_qlen 1000
 Sent 76693135 bytes 51586 pkt (dropped 1697, overlimits 24209 requeues 0) 
 backlog 34482b 8p requeues 0
qdisc pfifo 20: parent 1:10 limit 12p
 Sent 76693135 bytes 51586 pkt (dropped 1697, overlimits 0 requeues 0) 
 backlog 34482b 8p requeues 0
======================================================================
Timestamp: 2026-04-07 13:09:10
qdisc htb 1: root refcnt 13 r2q 10 default 0x10 direct_packets_stat 0 direct_qlen 1000
 Sent 77569819 bytes 52174 pkt (dropped 1748, overlimits 24543 requeues 0) 
 backlog 31250b 7p requeues 0
qdisc pfifo 20: parent 1:10 limit 12p
 Sent 77569819 bytes 52174 pkt (dropped 1748, overlimits 0 requeues 0) 
 backlog 31250b 7p requeues 0
======================================================================
Timestamp: 2026-04-07 13:09:11
qdisc htb 1: root refcnt 13 r2q 10 default 0x10 direct_packets_stat 0 direct_qlen 1000
 Sent 78442536 bytes 52761 pkt (dropped 1748, overlimits 24752 requeues 0) 
 backlog 0b 0p requeues 0
qdisc pfifo 20: parent 1:10 limit 12p
 Sent 78442536 bytes 52761 pkt (dropped 1748, overlimits 0 requeues 0) 
 backlog 0b 0p requeues 0
======================================================================
Timestamp: 2026-04-07 13:09:12
qdisc htb 1: root refcnt 13 r2q 10 default 0x10 direct_packets_stat 0 direct_qlen 1000
 Sent 79322866 bytes 53349 pkt (dropped 1790, overlimits 25150 requeues 0) 
 backlog 31282b 9p requeues 0
qdisc pfifo 20: parent 1:10 limit 12p
 Sent 79322866 bytes 53349 pkt (dropped 1790, overlimits 0 requeues 0) 
 backlog 31282b 9p requeues 0
======================================================================
Timestamp: 2026-04-07 13:09:13
qdisc htb 1: root refcnt 13 r2q 10 default 0x10 direct_packets_stat 0 direct_qlen 1000
 Sent 80201576 bytes 53940 pkt (dropped 1790, overlimits 25335 requeues 0) 
 backlog 51998b 10p requeues 0
qdisc pfifo 20: parent 1:10 limit 12p
 Sent 80201576 bytes 53940 pkt (dropped 1790, overlimits 0 requeues 0) 
 backlog 51998b 10p requeues 0
======================================================================
Timestamp: 2026-04-07 13:09:14
qdisc htb 1: root refcnt 13 r2q 10 default 0x10 direct_packets_stat 0 direct_qlen 1000
 Sent 81079126 bytes 54530 pkt (dropped 1823, overlimits 25660 requeues 0) 
 backlog 23872b 8p requeues 0
qdisc pfifo 20: parent 1:10 limit 12p
 Sent 81079126 bytes 54530 pkt (dropped 1823, overlimits 0 requeues 0) 
 backlog 23872b 8p requeues 0
======================================================================
Timestamp: 2026-04-07 13:09:15
qdisc htb 1: root refcnt 13 r2q 10 default 0x10 direct_packets_stat 0 direct_qlen 1000
 Sent 81963956 bytes 55125 pkt (dropped 1823, overlimits 25849 requeues 0) 
 backlog 40142b 7p requeues 0
qdisc pfifo 20: parent 1:10 limit 12p
 Sent 81963956 bytes 55125 pkt (dropped 1823, overlimits 0 requeues 0) 
 backlog 40142b 7p requeues 0
======================================================================
Timestamp: 2026-04-07 13:09:16
qdisc htb 1: root refcnt 13 r2q 10 default 0x10 direct_packets_stat 0 direct_qlen 1000
 Sent 82834012 bytes 55709 pkt (dropped 1862, overlimits 26252 requeues 0) 
 backlog 25354b 8p requeues 0
qdisc pfifo 20: parent 1:10 limit 12p
 Sent 82834012 bytes 55709 pkt (dropped 1862, overlimits 0 requeues 0) 
 backlog 25354b 8p requeues 0
======================================================================
Timestamp: 2026-04-07 13:09:17
qdisc htb 1: root refcnt 13 r2q 10 default 0x10 direct_packets_stat 0 direct_qlen 1000
 Sent 83705373 bytes 56291 pkt (dropped 1862, overlimits 26656 requeues 0) 
 backlog 7570b 5p requeues 0
qdisc pfifo 20: parent 1:10 limit 12p
 Sent 83705373 bytes 56291 pkt (dropped 1862, overlimits 0 requeues 0) 
 backlog 7570b 5p requeues 0
======================================================================
Timestamp: 2026-04-07 13:09:18
qdisc htb 1: root refcnt 13 r2q 10 default 0x10 direct_packets_stat 0 direct_qlen 1000
 Sent 84583656 bytes 56876 pkt (dropped 1895, overlimits 27146 requeues 0) 
 backlog 23872b 9p requeues 0
qdisc pfifo 20: parent 1:10 limit 12p
 Sent 84583656 bytes 56876 pkt (dropped 1895, overlimits 0 requeues 0) 
 backlog 23872b 9p requeues 0
======================================================================
Timestamp: 2026-04-07 13:09:19
qdisc htb 1: root refcnt 13 r2q 10 default 0x10 direct_packets_stat 0 direct_qlen 1000
 Sent 85455708 bytes 57462 pkt (dropped 1895, overlimits 27410 requeues 0) 
 backlog 3028b 2p requeues 0
qdisc pfifo 20: parent 1:10 limit 12p
 Sent 85455708 bytes 57462 pkt (dropped 1895, overlimits 0 requeues 0) 
 backlog 3028b 2p requeues 0
======================================================================
Timestamp: 2026-04-07 13:09:20
qdisc htb 1: root refcnt 13 r2q 10 default 0x10 direct_packets_stat 0 direct_qlen 1000
 Sent 86334472 bytes 58047 pkt (dropped 1932, overlimits 27899 requeues 0) 
 backlog 19394b 8p requeues 0
qdisc pfifo 20: parent 1:10 limit 12p
 Sent 86334472 bytes 58047 pkt (dropped 1932, overlimits 0 requeues 0) 
 backlog 19394b 8p requeues 0
======================================================================
Timestamp: 2026-04-07 13:09:21
qdisc htb 1: root refcnt 13 r2q 10 default 0x10 direct_packets_stat 0 direct_qlen 1000
 Sent 87217074 bytes 58640 pkt (dropped 1932, overlimits 28138 requeues 0) 
 backlog 37114b 6p requeues 0
qdisc pfifo 20: parent 1:10 limit 12p
 Sent 87217074 bytes 58640 pkt (dropped 1932, overlimits 0 requeues 0) 
 backlog 37114b 6p requeues 0
======================================================================
Timestamp: 2026-04-07 13:09:22
qdisc htb 1: root refcnt 13 r2q 10 default 0x10 direct_packets_stat 0 direct_qlen 1000
 Sent 88091413 bytes 59230 pkt (dropped 1971, overlimits 28414 requeues 0) 
 backlog 23776b 5p requeues 0
qdisc pfifo 20: parent 1:10 limit 12p
 Sent 88091413 bytes 59230 pkt (dropped 1971, overlimits 0 requeues 0) 
 backlog 23776b 5p requeues 0
======================================================================
Timestamp: 2026-04-07 13:09:23
qdisc htb 1: root refcnt 13 r2q 10 default 0x10 direct_packets_stat 0 direct_qlen 1000
 Sent 88972915 bytes 59825 pkt (dropped 1971, overlimits 28589 requeues 0) 
 backlog 57926b 10p requeues 0
qdisc pfifo 20: parent 1:10 limit 12p
 Sent 88972915 bytes 59825 pkt (dropped 1971, overlimits 0 requeues 0) 
 backlog 57926b 10p requeues 0
======================================================================
Timestamp: 2026-04-07 13:09:24
qdisc htb 1: root refcnt 13 r2q 10 default 0x10 direct_packets_stat 0 direct_qlen 1000
 Sent 89849087 bytes 60413 pkt (dropped 2032, overlimits 28989 requeues 0) 
 backlog 35632b 7p requeues 0
qdisc pfifo 20: parent 1:10 limit 12p
 Sent 89849087 bytes 60413 pkt (dropped 2032, overlimits 0 requeues 0) 
 backlog 35632b 7p requeues 0
======================================================================
Timestamp: 2026-04-07 13:09:25
qdisc htb 1: root refcnt 13 r2q 10 default 0x10 direct_packets_stat 0 direct_qlen 1000
 Sent 90730537 bytes 61006 pkt (dropped 2032, overlimits 29167 requeues 0) 
 backlog 37178b 8p requeues 0
qdisc pfifo 20: parent 1:10 limit 12p
 Sent 90730537 bytes 61006 pkt (dropped 2032, overlimits 0 requeues 0) 
 backlog 37178b 8p requeues 0
======================================================================
Timestamp: 2026-04-07 13:09:26
qdisc htb 1: root refcnt 13 r2q 10 default 0x10 direct_packets_stat 0 direct_qlen 1000
 Sent 91602479 bytes 61590 pkt (dropped 2080, overlimits 29551 requeues 0) 
 backlog 26804b 11p requeues 0
qdisc pfifo 20: parent 1:10 limit 12p
 Sent 91602479 bytes 61590 pkt (dropped 2080, overlimits 0 requeues 0) 
 backlog 26804b 11p requeues 0
======================================================================
Timestamp: 2026-04-07 13:09:27
qdisc htb 1: root refcnt 13 r2q 10 default 0x10 direct_packets_stat 0 direct_qlen 1000
 Sent 92483311 bytes 62182 pkt (dropped 2081, overlimits 29776 requeues 0) 
 backlog 52030b 9p requeues 0
qdisc pfifo 20: parent 1:10 limit 12p
 Sent 92483311 bytes 62182 pkt (dropped 2081, overlimits 0 requeues 0) 
 backlog 52030b 9p requeues 0
======================================================================
Timestamp: 2026-04-07 13:09:28
qdisc htb 1: root refcnt 13 r2q 10 default 0x10 direct_packets_stat 0 direct_qlen 1000
 Sent 93359272 bytes 62769 pkt (dropped 2117, overlimits 30201 requeues 0) 
 backlog 25322b 10p requeues 0
qdisc pfifo 20: parent 1:10 limit 12p
 Sent 93359272 bytes 62769 pkt (dropped 2117, overlimits 0 requeues 0) 
 backlog 25322b 10p requeues 0
======================================================================
Timestamp: 2026-04-07 13:09:29
qdisc htb 1: root refcnt 13 r2q 10 default 0x10 direct_packets_stat 0 direct_qlen 1000
 Sent 94238846 bytes 63360 pkt (dropped 2117, overlimits 30447 requeues 0) 
 backlog 41656b 9p requeues 0
qdisc pfifo 20: parent 1:10 limit 12p
 Sent 94238846 bytes 63360 pkt (dropped 2117, overlimits 0 requeues 0) 
 backlog 41656b 9p requeues 0
======================================================================
Timestamp: 2026-04-07 13:09:30
qdisc htb 1: root refcnt 13 r2q 10 default 0x10 direct_packets_stat 0 direct_qlen 1000
 Sent 95111192 bytes 63944 pkt (dropped 2168, overlimits 30837 requeues 0) 
 backlog 20748b 4p requeues 0
qdisc pfifo 20: parent 1:10 limit 12p
 Sent 95111192 bytes 63944 pkt (dropped 2168, overlimits 0 requeues 0) 
 backlog 20748b 4p requeues 0
======================================================================
Timestamp: 2026-04-07 13:09:31
qdisc htb 1: root refcnt 13 r2q 10 default 0x10 direct_packets_stat 0 direct_qlen 1000
 Sent 95987857 bytes 64530 pkt (dropped 2168, overlimits 31197 requeues 0) 
 backlog 6056b 4p requeues 0
qdisc pfifo 20: parent 1:10 limit 12p
 Sent 95987857 bytes 64530 pkt (dropped 2168, overlimits 0 requeues 0) 
 backlog 6056b 4p requeues 0
======================================================================
Timestamp: 2026-04-07 13:09:32
qdisc htb 1: root refcnt 13 r2q 10 default 0x10 direct_packets_stat 0 direct_qlen 1000
 Sent 96866302 bytes 65112 pkt (dropped 2190, overlimits 31755 requeues 0) 
 backlog 19426b 7p requeues 0
qdisc pfifo 20: parent 1:10 limit 12p
 Sent 96866302 bytes 65112 pkt (dropped 2190, overlimits 0 requeues 0) 
 backlog 19426b 7p requeues 0
======================================================================
Timestamp: 2026-04-07 13:09:33
qdisc htb 1: root refcnt 13 r2q 10 default 0x10 direct_packets_stat 0 direct_qlen 1000
 Sent 97752252 bytes 65707 pkt (dropped 2190, overlimits 32006 requeues 0) 
 backlog 35696b 9p requeues 0
qdisc pfifo 20: parent 1:10 limit 12p
 Sent 97752252 bytes 65707 pkt (dropped 2190, overlimits 0 requeues 0) 
 backlog 35696b 9p requeues 0
======================================================================
Timestamp: 2026-04-07 13:09:34
qdisc htb 1: root refcnt 13 r2q 10 default 0x10 direct_packets_stat 0 direct_qlen 1000
 Sent 98622372 bytes 66290 pkt (dropped 2241, overlimits 32363 requeues 0) 
 backlog 17784b 12p requeues 0
qdisc pfifo 20: parent 1:10 limit 12p
 Sent 98622372 bytes 66290 pkt (dropped 2241, overlimits 0 requeues 0) 
 backlog 17784b 12p requeues 0
======================================================================
Timestamp: 2026-04-07 13:09:35
qdisc htb 1: root refcnt 13 r2q 10 default 0x10 direct_packets_stat 0 direct_qlen 1000
 Sent 99501860 bytes 66882 pkt (dropped 2246, overlimits 32564 requeues 0) 
 backlog 37178b 8p requeues 0
qdisc pfifo 20: parent 1:10 limit 12p
 Sent 99501860 bytes 66882 pkt (dropped 2246, overlimits 0 requeues 0) 
 backlog 37178b 8p requeues 0
======================================================================
Timestamp: 2026-04-07 13:09:36
qdisc htb 1: root refcnt 13 r2q 10 default 0x10 direct_packets_stat 0 direct_qlen 1000
 Sent 100379678 bytes 67465 pkt (dropped 2286, overlimits 33093 requeues 0) 
 backlog 17784b 12p requeues 0
qdisc pfifo 20: parent 1:10 limit 12p
 Sent 100379678 bytes 67465 pkt (dropped 2286, overlimits 0 requeues 0) 
 backlog 17784b 12p requeues 0
======================================================================
Timestamp: 2026-04-07 13:09:37
qdisc htb 1: root refcnt 13 r2q 10 default 0x10 direct_packets_stat 0 direct_qlen 1000
 Sent 101265127 bytes 68062 pkt (dropped 2292, overlimits 33285 requeues 0) 
 backlog 35696b 8p requeues 0
qdisc pfifo 20: parent 1:10 limit 12p
 Sent 101265127 bytes 68062 pkt (dropped 2292, overlimits 0 requeues 0) 
 backlog 35696b 8p requeues 0
======================================================================
Timestamp: 2026-04-07 13:09:38
qdisc htb 1: root refcnt 13 r2q 10 default 0x10 direct_packets_stat 0 direct_qlen 1000
 Sent 102136850 bytes 68645 pkt (dropped 2319, overlimits 33654 requeues 0) 
 backlog 16430b 11p requeues 0
qdisc pfifo 20: parent 1:10 limit 12p
 Sent 102136850 bytes 68645 pkt (dropped 2319, overlimits 0 requeues 0) 
 backlog 16430b 11p requeues 0
======================================================================
Timestamp: 2026-04-07 13:09:39
qdisc htb 1: root refcnt 13 r2q 10 default 0x10 direct_packets_stat 0 direct_qlen 1000
 Sent 103025332 bytes 69242 pkt (dropped 2330, overlimits 33933 requeues 0) 
 backlog 26836b 9p requeues 0
qdisc pfifo 20: parent 1:10 limit 12p
 Sent 103025332 bytes 69242 pkt (dropped 2330, overlimits 0 requeues 0) 
 backlog 26836b 9p requeues 0
======================================================================
Timestamp: 2026-04-07 13:09:40
qdisc htb 1: root refcnt 13 r2q 10 default 0x10 direct_packets_stat 0 direct_qlen 1000
 Sent 103899196 bytes 69822 pkt (dropped 2335, overlimits 34446 requeues 0) 
 backlog 26804b 12p requeues 0
qdisc pfifo 20: parent 1:10 limit 12p
 Sent 103899196 bytes 69822 pkt (dropped 2335, overlimits 0 requeues 0) 
 backlog 26804b 12p requeues 0
======================================================================
Timestamp: 2026-04-07 13:09:41
qdisc htb 1: root refcnt 13 r2q 10 default 0x10 direct_packets_stat 0 direct_qlen 1000
 Sent 104779206 bytes 70415 pkt (dropped 2356, overlimits 34707 requeues 0) 
 backlog 28286b 7p requeues 0
qdisc pfifo 20: parent 1:10 limit 12p
 Sent 104779206 bytes 70415 pkt (dropped 2356, overlimits 0 requeues 0) 
 backlog 28286b 7p requeues 0
======================================================================
Timestamp: 2026-04-07 13:09:42
qdisc htb 1: root refcnt 13 r2q 10 default 0x10 direct_packets_stat 0 direct_qlen 1000
 Sent 105653028 bytes 70998 pkt (dropped 2356, overlimits 35121 requeues 0) 
 backlog 7570b 5p requeues 0
qdisc pfifo 20: parent 1:10 limit 12p
 Sent 105653028 bytes 70998 pkt (dropped 2356, overlimits 0 requeues 0) 
 backlog 7570b 5p requeues 0
======================================================================
Timestamp: 2026-04-07 13:09:43
qdisc htb 1: root refcnt 13 r2q 10 default 0x10 direct_packets_stat 0 direct_qlen 1000
 Sent 106531143 bytes 71588 pkt (dropped 2398, overlimits 35446 requeues 0) 
 backlog 32Kb 11p requeues 0
qdisc pfifo 20: parent 1:10 limit 12p
 Sent 106531143 bytes 71588 pkt (dropped 2398, overlimits 0 requeues 0) 
 backlog 32Kb 11p requeues 0
======================================================================
Timestamp: 2026-04-07 13:09:44
qdisc htb 1: root refcnt 13 r2q 10 default 0x10 direct_packets_stat 0 direct_qlen 1000
 Sent 107404667 bytes 72175 pkt (dropped 2398, overlimits 35664 requeues 0) 
 backlog 1514b 1p requeues 0
qdisc pfifo 20: parent 1:10 limit 12p
 Sent 107404667 bytes 72175 pkt (dropped 2398, overlimits 0 requeues 0) 
 backlog 1514b 1p requeues 0
======================================================================
Timestamp: 2026-04-07 13:09:45
qdisc htb 1: root refcnt 13 r2q 10 default 0x10 direct_packets_stat 0 direct_qlen 1000
 Sent 108286486 bytes 72768 pkt (dropped 2448, overlimits 35939 requeues 0) 
 backlog 38660b 8p requeues 0
qdisc pfifo 20: parent 1:10 limit 12p
 Sent 108286486 bytes 72768 pkt (dropped 2448, overlimits 0 requeues 0) 
 backlog 38660b 8p requeues 0
======================================================================
Timestamp: 2026-04-07 13:09:46
qdisc htb 1: root refcnt 13 r2q 10 default 0x10 direct_packets_stat 0 direct_qlen 1000
 Sent 109157634 bytes 73347 pkt (dropped 2448, overlimits 36444 requeues 0) 
 backlog 6056b 4p requeues 0
qdisc pfifo 20: parent 1:10 limit 12p
 Sent 109157634 bytes 73347 pkt (dropped 2448, overlimits 0 requeues 0) 
 backlog 6056b 4p requeues 0
======================================================================
Timestamp: 2026-04-07 13:09:47
qdisc htb 1: root refcnt 13 r2q 10 default 0x10 direct_packets_stat 0 direct_qlen 1000
 Sent 110039568 bytes 73939 pkt (dropped 2483, overlimits 36790 requeues 0) 
 backlog 38692b 10p requeues 0
qdisc pfifo 20: parent 1:10 limit 12p
 Sent 110039568 bytes 73939 pkt (dropped 2483, overlimits 0 requeues 0) 
 backlog 38692b 10p requeues 0
======================================================================
Timestamp: 2026-04-07 13:09:48
qdisc htb 1: root refcnt 13 r2q 10 default 0x10 direct_packets_stat 0 direct_qlen 1000
 Sent 110905590 bytes 74520 pkt (dropped 2483, overlimits 37076 requeues 0) 
 backlog 6056b 4p requeues 0
qdisc pfifo 20: parent 1:10 limit 12p
 Sent 110905590 bytes 74520 pkt (dropped 2483, overlimits 0 requeues 0) 
 backlog 6056b 4p requeues 0
======================================================================
Timestamp: 2026-04-07 13:09:49
qdisc htb 1: root refcnt 13 r2q 10 default 0x10 direct_packets_stat 0 direct_qlen 1000
 Sent 111791250 bytes 75113 pkt (dropped 2519, overlimits 37440 requeues 0) 
 backlog 19394b 6p requeues 0
qdisc pfifo 20: parent 1:10 limit 12p
 Sent 111791250 bytes 75113 pkt (dropped 2519, overlimits 0 requeues 0) 
 backlog 19394b 6p requeues 0
======================================================================
Timestamp: 2026-04-07 13:09:50
qdisc htb 1: root refcnt 13 r2q 10 default 0x10 direct_packets_stat 0 direct_qlen 1000
 Sent 112665484 bytes 75698 pkt (dropped 2521, overlimits 37798 requeues 0) 
 backlog 3028b 2p requeues 0
qdisc pfifo 20: parent 1:10 limit 12p
 Sent 112665484 bytes 75698 pkt (dropped 2521, overlimits 0 requeues 0) 
 backlog 3028b 2p requeues 0
======================================================================
Timestamp: 2026-04-07 13:09:51
qdisc htb 1: root refcnt 13 r2q 10 default 0x10 direct_packets_stat 0 direct_qlen 1000
 Sent 113544182 bytes 76286 pkt (dropped 2541, overlimits 38171 requeues 0) 
 backlog 31250b 9p requeues 0
qdisc pfifo 20: parent 1:10 limit 12p
 Sent 113544182 bytes 76286 pkt (dropped 2541, overlimits 0 requeues 0) 
 backlog 31250b 9p requeues 0
======================================================================
Timestamp: 2026-04-07 13:09:52
qdisc htb 1: root refcnt 13 r2q 10 default 0x10 direct_packets_stat 0 direct_qlen 1000
 Sent 114422359 bytes 76878 pkt (dropped 2571, overlimits 38398 requeues 0) 
 backlog 17784b 12p requeues 0
qdisc pfifo 20: parent 1:10 limit 12p
 Sent 114422359 bytes 76878 pkt (dropped 2571, overlimits 0 requeues 0) 
 backlog 17784b 12p requeues 0
======================================================================
Timestamp: 2026-04-07 13:09:53
qdisc htb 1: root refcnt 13 r2q 10 default 0x10 direct_packets_stat 0 direct_qlen 1000
 Sent 115309250 bytes 77476 pkt (dropped 2578, overlimits 38605 requeues 0) 
 backlog 31282b 9p requeues 0
qdisc pfifo 20: parent 1:10 limit 12p
 Sent 115309250 bytes 77476 pkt (dropped 2578, overlimits 0 requeues 0) 
 backlog 31282b 9p requeues 0
======================================================================
Timestamp: 2026-04-07 13:09:54
qdisc htb 1: root refcnt 13 r2q 10 default 0x10 direct_packets_stat 0 direct_qlen 1000
 Sent 116178563 bytes 78062 pkt (dropped 2616, overlimits 38846 requeues 0) 
 backlog 31186b 5p requeues 0
qdisc pfifo 20: parent 1:10 limit 12p
 Sent 116178563 bytes 78062 pkt (dropped 2616, overlimits 0 requeues 0) 
 backlog 31186b 5p requeues 0
======================================================================
Timestamp: 2026-04-07 13:09:55
qdisc htb 1: root refcnt 13 r2q 10 default 0x10 direct_packets_stat 0 direct_qlen 1000
 Sent 117057113 bytes 78653 pkt (dropped 2616, overlimits 39015 requeues 0) 
 backlog 15500b 6p requeues 0
qdisc pfifo 20: parent 1:10 limit 12p
 Sent 117057113 bytes 78653 pkt (dropped 2616, overlimits 0 requeues 0) 
 backlog 15500b 6p requeues 0
======================================================================
Timestamp: 2026-04-07 13:09:56
qdisc htb 1: root refcnt 13 r2q 10 default 0x10 direct_packets_stat 0 direct_qlen 1000
 Sent 117934436 bytes 79239 pkt (dropped 2659, overlimits 39478 requeues 0) 
 backlog 22294b 5p requeues 0
qdisc pfifo 20: parent 1:10 limit 12p
 Sent 117934436 bytes 79239 pkt (dropped 2659, overlimits 0 requeues 0) 
 backlog 22294b 5p requeues 0
======================================================================
Timestamp: 2026-04-07 13:09:57
qdisc htb 1: root refcnt 13 r2q 10 default 0x10 direct_packets_stat 0 direct_qlen 1000
 Sent 118816334 bytes 79832 pkt (dropped 2659, overlimits 39682 requeues 0) 
 backlog 43106b 8p requeues 0
qdisc pfifo 20: parent 1:10 limit 12p
 Sent 118816334 bytes 79832 pkt (dropped 2659, overlimits 0 requeues 0) 
 backlog 43106b 8p requeues 0
======================================================================
Timestamp: 2026-04-07 13:09:58
qdisc htb 1: root refcnt 13 r2q 10 default 0x10 direct_packets_stat 0 direct_qlen 1000
 Sent 119691472 bytes 80417 pkt (dropped 2711, overlimits 40058 requeues 0) 
 backlog 28286b 8p requeues 0
qdisc pfifo 20: parent 1:10 limit 12p
 Sent 119691472 bytes 80417 pkt (dropped 2711, overlimits 0 requeues 0) 
 backlog 28286b 8p requeues 0
======================================================================
Timestamp: 2026-04-07 13:09:59
qdisc htb 1: root refcnt 13 r2q 10 default 0x10 direct_packets_stat 0 direct_qlen 1000
 Sent 120573114 bytes 81010 pkt (dropped 2711, overlimits 40241 requeues 0) 
 backlog 47552b 8p requeues 0
qdisc pfifo 20: parent 1:10 limit 12p
 Sent 120573114 bytes 81010 pkt (dropped 2711, overlimits 0 requeues 0) 
 backlog 47552b 8p requeues 0
======================================================================
Timestamp: 2026-04-07 13:10:00
qdisc htb 1: root refcnt 13 r2q 10 default 0x10 direct_packets_stat 0 direct_qlen 1000
 Sent 121454199 bytes 81608 pkt (dropped 2767, overlimits 40603 requeues 0) 
 backlog 14886b 3p requeues 0
qdisc pfifo 20: parent 1:10 limit 12p
 Sent 121454199 bytes 81608 pkt (dropped 2767, overlimits 0 requeues 0) 
 backlog 14886b 3p requeues 0
======================================================================
Timestamp: 2026-04-07 13:10:01
qdisc htb 1: root refcnt 13 r2q 10 default 0x10 direct_packets_stat 0 direct_qlen 1000
 Sent 122287930 bytes 82172 pkt (dropped 2767, overlimits 40690 requeues 0) 
 backlog 0b 0p requeues 0
qdisc pfifo 20: parent 1:10 limit 12p
 Sent 122287930 bytes 82172 pkt (dropped 2767, overlimits 0 requeues 0) 
 backlog 0b 0p requeues 0
======================================================================
Timestamp: 2026-04-07 13:10:02
qdisc htb 1: root refcnt 13 r2q 10 default 0x10 direct_packets_stat 0 direct_qlen 1000
 Sent 122609296 bytes 82390 pkt (dropped 2792, overlimits 40790 requeues 0) 
 backlog 5793b 1p requeues 0
qdisc pfifo 20: parent 1:10 limit 12p
 Sent 122609296 bytes 82390 pkt (dropped 2792, overlimits 0 requeues 0) 
 backlog 5793b 1p requeues 0
======================================================================
Timestamp: 2026-04-07 13:10:03
qdisc htb 1: root refcnt 13 r2q 10 default 0x10 direct_packets_stat 0 direct_qlen 1000
 Sent 122615089 bytes 82394 pkt (dropped 2792, overlimits 40791 requeues 0) 
 backlog 0b 0p requeues 0
qdisc pfifo 20: parent 1:10 limit 12p
 Sent 122615089 bytes 82394 pkt (dropped 2792, overlimits 0 requeues 0) 
 backlog 0b 0p requeues 0
======================================================================
Timestamp: 2026-04-07 13:10:04
qdisc htb 1: root refcnt 13 r2q 10 default 0x10 direct_packets_stat 0 direct_qlen 1000
 Sent 122887507 bytes 82578 pkt (dropped 2795, overlimits 40847 requeues 0) 
 backlog 23712b 3p requeues 0
qdisc pfifo 20: parent 1:10 limit 12p
 Sent 122887507 bytes 82578 pkt (dropped 2795, overlimits 0 requeues 0) 
 backlog 23712b 3p requeues 0
======================================================================
Timestamp: 2026-04-07 13:10:05
qdisc htb 1: root refcnt 13 r2q 10 default 0x10 direct_packets_stat 0 direct_qlen 1000
 Sent 123004634 bytes 82658 pkt (dropped 2795, overlimits 40863 requeues 0) 
 backlog 0b 0p requeues 0
qdisc pfifo 20: parent 1:10 limit 12p
 Sent 123004634 bytes 82658 pkt (dropped 2795, overlimits 0 requeues 0) 
 backlog 0b 0p requeues 0
======================================================================
Timestamp: 2026-04-07 13:10:06
qdisc htb 1: root refcnt 13 r2q 10 default 0x10 direct_packets_stat 0 direct_qlen 1000
 Sent 123241483 bytes 82818 pkt (dropped 2802, overlimits 40921 requeues 0) 
 backlog 14820b 2p requeues 0
qdisc pfifo 20: parent 1:10 limit 12p
 Sent 123241483 bytes 82818 pkt (dropped 2802, overlimits 0 requeues 0) 
 backlog 14820b 2p requeues 0
======================================================================
Timestamp: 2026-04-07 13:10:07
qdisc htb 1: root refcnt 13 r2q 10 default 0x10 direct_packets_stat 0 direct_qlen 1000
 Sent 124084154 bytes 83387 pkt (dropped 2802, overlimits 41025 requeues 0) 
 backlog 0b 0p requeues 0
qdisc pfifo 20: parent 1:10 limit 12p
 Sent 124084154 bytes 83387 pkt (dropped 2802, overlimits 0 requeues 0) 
 backlog 0b 0p requeues 0
======================================================================
Timestamp: 2026-04-07 13:10:08
qdisc htb 1: root refcnt 13 r2q 10 default 0x10 direct_packets_stat 0 direct_qlen 1000
 Sent 124278026 bytes 83518 pkt (dropped 2821, overlimits 41097 requeues 0) 
 backlog 26676b 3p requeues 0
qdisc pfifo 20: parent 1:10 limit 12p
 Sent 124278026 bytes 83518 pkt (dropped 2821, overlimits 0 requeues 0) 
 backlog 26676b 3p requeues 0
======================================================================
Timestamp: 2026-04-07 13:10:09
qdisc htb 1: root refcnt 13 r2q 10 default 0x10 direct_packets_stat 0 direct_qlen 1000
 Sent 125158334 bytes 84112 pkt (dropped 2821, overlimits 41188 requeues 0) 
 backlog 35568b 4p requeues 0
qdisc pfifo 20: parent 1:10 limit 12p
 Sent 125158334 bytes 84112 pkt (dropped 2821, overlimits 0 requeues 0) 
 backlog 35568b 4p requeues 0
======================================================================
Timestamp: 2026-04-07 13:10:10
qdisc htb 1: root refcnt 13 r2q 10 default 0x10 direct_packets_stat 0 direct_qlen 1000
 Sent 125511823 bytes 84351 pkt (dropped 2852, overlimits 41288 requeues 0) 
 backlog 17784b 3p requeues 0
qdisc pfifo 20: parent 1:10 limit 12p
 Sent 125511823 bytes 84351 pkt (dropped 2852, overlimits 0 requeues 0) 
 backlog 17784b 3p requeues 0
======================================================================
Timestamp: 2026-04-07 13:10:11
qdisc htb 1: root refcnt 13 r2q 10 default 0x10 direct_packets_stat 0 direct_qlen 1000
 Sent 126395095 bytes 84947 pkt (dropped 2853, overlimits 41415 requeues 0) 
 backlog 25194b 2p requeues 0
qdisc pfifo 20: parent 1:10 limit 12p
 Sent 126395095 bytes 84947 pkt (dropped 2853, overlimits 0 requeues 0) 
 backlog 25194b 2p requeues 0
======================================================================
Timestamp: 2026-04-07 13:10:12
qdisc htb 1: root refcnt 13 r2q 10 default 0x10 direct_packets_stat 0 direct_qlen 1000
 Sent 126814800 bytes 85232 pkt (dropped 2873, overlimits 41500 requeues 0) 
 backlog 22230b 10p requeues 0
qdisc pfifo 20: parent 1:10 limit 12p
 Sent 126814800 bytes 85232 pkt (dropped 2873, overlimits 0 requeues 0) 
 backlog 22230b 10p requeues 0
======================================================================
Timestamp: 2026-04-07 13:10:13
qdisc htb 1: root refcnt 13 r2q 10 default 0x10 direct_packets_stat 0 direct_qlen 1000
 Sent 127692144 bytes 85824 pkt (dropped 2873, overlimits 41606 requeues 0) 
 backlog 38532b 5p requeues 0
qdisc pfifo 20: parent 1:10 limit 12p
 Sent 127692144 bytes 85824 pkt (dropped 2873, overlimits 0 requeues 0) 
 backlog 38532b 5p requeues 0
======================================================================
Timestamp: 2026-04-07 13:10:14
qdisc htb 1: root refcnt 13 r2q 10 default 0x10 direct_packets_stat 0 direct_qlen 1000
 Sent 128012351 bytes 86042 pkt (dropped 2882, overlimits 41667 requeues 0) 
 backlog 11856b 8p requeues 0
qdisc pfifo 20: parent 1:10 limit 12p
 Sent 128012351 bytes 86042 pkt (dropped 2882, overlimits 0 requeues 0) 
 backlog 11856b 8p requeues 0
======================================================================
Timestamp: 2026-04-07 13:10:15
qdisc htb 1: root refcnt 13 r2q 10 default 0x10 direct_packets_stat 0 direct_qlen 1000
 Sent 128889695 bytes 86634 pkt (dropped 2883, overlimits 41805 requeues 0) 
 backlog 38532b 5p requeues 0
qdisc pfifo 20: parent 1:10 limit 12p
 Sent 128889695 bytes 86634 pkt (dropped 2883, overlimits 0 requeues 0) 
 backlog 38532b 5p requeues 0
======================================================================
Timestamp: 2026-04-07 13:10:16
qdisc htb 1: root refcnt 13 r2q 10 default 0x10 direct_packets_stat 0 direct_qlen 1000
 Sent 129228693 bytes 86863 pkt (dropped 2890, overlimits 41844 requeues 0) 
 backlog 17784b 12p requeues 0
qdisc pfifo 20: parent 1:10 limit 12p
 Sent 129228693 bytes 86863 pkt (dropped 2890, overlimits 0 requeues 0) 
 backlog 17784b 12p requeues 0
======================================================================
Timestamp: 2026-04-07 13:10:18
qdisc htb 1: root refcnt 13 r2q 10 default 0x10 direct_packets_stat 0 direct_qlen 1000
 Sent 130117893 bytes 87463 pkt (dropped 2915, overlimits 42006 requeues 0) 
 backlog 25194b 3p requeues 0
qdisc pfifo 20: parent 1:10 limit 12p
 Sent 130117893 bytes 87463 pkt (dropped 2915, overlimits 0 requeues 0) 
 backlog 25194b 3p requeues 0
======================================================================
Timestamp: 2026-04-07 13:10:19
qdisc htb 1: root refcnt 13 r2q 10 default 0x10 direct_packets_stat 0 direct_qlen 1000
 Sent 130439026 bytes 87681 pkt (dropped 2915, overlimits 42041 requeues 0) 
 backlog 0b 0p requeues 0
qdisc pfifo 20: parent 1:10 limit 12p
 Sent 130439026 bytes 87681 pkt (dropped 2915, overlimits 0 requeues 0) 
 backlog 0b 0p requeues 0
======================================================================
Timestamp: 2026-04-07 13:10:20
qdisc htb 1: root refcnt 13 r2q 10 default 0x10 direct_packets_stat 0 direct_qlen 1000
 Sent 131301550 bytes 88263 pkt (dropped 2924, overlimits 42199 requeues 0) 
 backlog 32604b 4p requeues 0
qdisc pfifo 20: parent 1:10 limit 12p
 Sent 131301550 bytes 88263 pkt (dropped 2924, overlimits 0 requeues 0) 
 backlog 32604b 4p requeues 0
======================================================================
Timestamp: 2026-04-07 13:10:21
qdisc htb 1: root refcnt 13 r2q 10 default 0x10 direct_packets_stat 0 direct_qlen 1000
 Sent 131671929 bytes 88514 pkt (dropped 2924, overlimits 42241 requeues 0) 
 backlog 0b 0p requeues 0
qdisc pfifo 20: parent 1:10 limit 12p
 Sent 131671929 bytes 88514 pkt (dropped 2924, overlimits 0 requeues 0) 
 backlog 0b 0p requeues 0
======================================================================
Timestamp: 2026-04-07 13:10:22
qdisc htb 1: root refcnt 13 r2q 10 default 0x10 direct_packets_stat 0 direct_qlen 1000
 Sent 132494169 bytes 89069 pkt (dropped 2936, overlimits 42412 requeues 0) 
 backlog 25194b 3p requeues 0
qdisc pfifo 20: parent 1:10 limit 12p
 Sent 132494169 bytes 89069 pkt (dropped 2936, overlimits 0 requeues 0) 
 backlog 25194b 3p requeues 0
======================================================================
Timestamp: 2026-04-07 13:10:23
qdisc htb 1: root refcnt 13 r2q 10 default 0x10 direct_packets_stat 0 direct_qlen 1000
 Sent 133359107 bytes 89655 pkt (dropped 2959, overlimits 42596 requeues 0) 
 backlog 23712b 3p requeues 0
qdisc pfifo 20: parent 1:10 limit 12p
 Sent 133359107 bytes 89655 pkt (dropped 2959, overlimits 0 requeues 0) 
 backlog 23712b 3p requeues 0
======================================================================
Timestamp: 2026-04-07 13:10:24
qdisc htb 1: root refcnt 13 r2q 10 default 0x10 direct_packets_stat 0 direct_qlen 1000
 Sent 134222569 bytes 90240 pkt (dropped 2971, overlimits 42755 requeues 0) 
 backlog 25194b 3p requeues 0
qdisc pfifo 20: parent 1:10 limit 12p
 Sent 134222569 bytes 90240 pkt (dropped 2971, overlimits 0 requeues 0) 
 backlog 25194b 3p requeues 0
======================================================================
Timestamp: 2026-04-07 13:10:25
qdisc htb 1: root refcnt 13 r2q 10 default 0x10 direct_packets_stat 0 direct_qlen 1000
 Sent 134703717 bytes 90565 pkt (dropped 2971, overlimits 42809 requeues 0) 
 backlog 0b 0p requeues 0
qdisc pfifo 20: parent 1:10 limit 12p
 Sent 134703717 bytes 90565 pkt (dropped 2971, overlimits 0 requeues 0) 
 backlog 0b 0p requeues 0
======================================================================
Timestamp: 2026-04-07 13:10:26
qdisc htb 1: root refcnt 13 r2q 10 default 0x10 direct_packets_stat 0 direct_qlen 1000
 Sent 135033933 bytes 90788 pkt (dropped 2984, overlimits 42899 requeues 0) 
 backlog 14820b 2p requeues 0
qdisc pfifo 20: parent 1:10 limit 12p
 Sent 135033933 bytes 90788 pkt (dropped 2984, overlimits 0 requeues 0) 
 backlog 14820b 2p requeues 0
======================================================================
Timestamp: 2026-04-07 13:10:27
qdisc htb 1: root refcnt 13 r2q 10 default 0x10 direct_packets_stat 0 direct_qlen 1000
 Sent 135868523 bytes 91353 pkt (dropped 2984, overlimits 43005 requeues 0) 
 backlog 0b 0p requeues 0
qdisc pfifo 20: parent 1:10 limit 12p
 Sent 135868523 bytes 91353 pkt (dropped 2984, overlimits 0 requeues 0) 
 backlog 0b 0p requeues 0
======================================================================
Timestamp: 2026-04-07 13:10:28
qdisc htb 1: root refcnt 13 r2q 10 default 0x10 direct_packets_stat 0 direct_qlen 1000
 Sent 136158725 bytes 91549 pkt (dropped 3000, overlimits 43089 requeues 0) 
 backlog 19266b 2p requeues 0
qdisc pfifo 20: parent 1:10 limit 12p
 Sent 136158725 bytes 91549 pkt (dropped 3000, overlimits 0 requeues 0) 
 backlog 19266b 2p requeues 0
======================================================================
Timestamp: 2026-04-07 13:10:29
qdisc htb 1: root refcnt 13 r2q 10 default 0x10 direct_packets_stat 0 direct_qlen 1000
 Sent 136684508 bytes 91904 pkt (dropped 3000, overlimits 43153 requeues 0) 
 backlog 0b 0p requeues 0
qdisc pfifo 20: parent 1:10 limit 12p
 Sent 136684508 bytes 91904 pkt (dropped 3000, overlimits 0 requeues 0) 
 backlog 0b 0p requeues 0
======================================================================
Timestamp: 2026-04-07 13:10:30
qdisc htb 1: root refcnt 13 r2q 10 default 0x10 direct_packets_stat 0 direct_qlen 1000
 Sent 136927286 bytes 92068 pkt (dropped 3009, overlimits 43215 requeues 0) 
 backlog 16302b 2p requeues 0
qdisc pfifo 20: parent 1:10 limit 12p
 Sent 136927286 bytes 92068 pkt (dropped 3009, overlimits 0 requeues 0) 
 backlog 16302b 2p requeues 0
======================================================================
Timestamp: 2026-04-07 13:10:31
qdisc htb 1: root refcnt 13 r2q 10 default 0x10 direct_packets_stat 0 direct_qlen 1000
 Sent 137810600 bytes 92665 pkt (dropped 3009, overlimits 43317 requeues 0) 
 backlog 32604b 4p requeues 0
qdisc pfifo 20: parent 1:10 limit 12p
 Sent 137810600 bytes 92665 pkt (dropped 3009, overlimits 0 requeues 0) 
 backlog 32604b 4p requeues 0
======================================================================
Timestamp: 2026-04-07 13:10:32
qdisc htb 1: root refcnt 13 r2q 10 default 0x10 direct_packets_stat 0 direct_qlen 1000
 Sent 138148597 bytes 92895 pkt (dropped 3021, overlimits 43414 requeues 0) 
 backlog 16302b 4p requeues 0
qdisc pfifo 20: parent 1:10 limit 12p
 Sent 138148597 bytes 92895 pkt (dropped 3021, overlimits 0 requeues 0) 
 backlog 16302b 4p requeues 0
======================================================================
Timestamp: 2026-04-07 13:10:33
qdisc htb 1: root refcnt 13 r2q 10 default 0x10 direct_packets_stat 0 direct_qlen 1000
 Sent 139033351 bytes 93492 pkt (dropped 3021, overlimits 43541 requeues 0) 
 backlog 40014b 5p requeues 0
qdisc pfifo 20: parent 1:10 limit 12p
 Sent 139033351 bytes 93492 pkt (dropped 3021, overlimits 0 requeues 0) 
 backlog 40014b 5p requeues 0
======================================================================
Timestamp: 2026-04-07 13:10:34
qdisc htb 1: root refcnt 13 r2q 10 default 0x10 direct_packets_stat 0 direct_qlen 1000
 Sent 139410494 bytes 93747 pkt (dropped 3049, overlimits 43631 requeues 0) 
 backlog 19266b 4p requeues 0
qdisc pfifo 20: parent 1:10 limit 12p
 Sent 139410494 bytes 93747 pkt (dropped 3049, overlimits 0 requeues 0) 
 backlog 19266b 4p requeues 0
======================================================================
Timestamp: 2026-04-07 13:10:35
qdisc htb 1: root refcnt 13 r2q 10 default 0x10 direct_packets_stat 0 direct_qlen 1000
 Sent 140292326 bytes 94343 pkt (dropped 3049, overlimits 43756 requeues 0) 
 backlog 34086b 4p requeues 0
qdisc pfifo 20: parent 1:10 limit 12p
 Sent 140292326 bytes 94343 pkt (dropped 3049, overlimits 0 requeues 0) 
 backlog 34086b 4p requeues 0
======================================================================
Timestamp: 2026-04-07 13:10:36
qdisc htb 1: root refcnt 13 r2q 10 default 0x10 direct_packets_stat 0 direct_qlen 1000
 Sent 140598091 bytes 94551 pkt (dropped 3063, overlimits 43824 requeues 0) 
 backlog 16302b 11p requeues 0
qdisc pfifo 20: parent 1:10 limit 12p
 Sent 140598091 bytes 94551 pkt (dropped 3063, overlimits 0 requeues 0) 
 backlog 16302b 11p requeues 0
======================================================================
Timestamp: 2026-04-07 13:10:37
qdisc htb 1: root refcnt 13 r2q 10 default 0x10 direct_packets_stat 0 direct_qlen 1000
 Sent 141476917 bytes 95144 pkt (dropped 3063, overlimits 43977 requeues 0) 
 backlog 31122b 3p requeues 0
qdisc pfifo 20: parent 1:10 limit 12p
 Sent 141476917 bytes 95144 pkt (dropped 3063, overlimits 0 requeues 0) 
 backlog 31122b 3p requeues 0
======================================================================
Timestamp: 2026-04-07 13:10:38
qdisc htb 1: root refcnt 13 r2q 10 default 0x10 direct_packets_stat 0 direct_qlen 1000
 Sent 141903309 bytes 95433 pkt (dropped 3073, overlimits 44046 requeues 0) 
 backlog 20748b 7p requeues 0
qdisc pfifo 20: parent 1:10 limit 12p
 Sent 141903309 bytes 95433 pkt (dropped 3073, overlimits 0 requeues 0) 
 backlog 20748b 7p requeues 0
======================================================================
Timestamp: 2026-04-07 13:10:39
qdisc htb 1: root refcnt 13 r2q 10 default 0x10 direct_packets_stat 0 direct_qlen 1000
 Sent 142780653 bytes 96025 pkt (dropped 3073, overlimits 44178 requeues 0) 
 backlog 35568b 5p requeues 0
qdisc pfifo 20: parent 1:10 limit 12p
 Sent 142780653 bytes 96025 pkt (dropped 3073, overlimits 0 requeues 0) 
 backlog 35568b 5p requeues 0
======================================================================
Timestamp: 2026-04-07 13:10:40
qdisc htb 1: root refcnt 13 r2q 10 default 0x10 direct_packets_stat 0 direct_qlen 1000
 Sent 143044679 bytes 96204 pkt (dropped 3081, overlimits 44211 requeues 0) 
 backlog 17784b 12p requeues 0
qdisc pfifo 20: parent 1:10 limit 12p
 Sent 143044679 bytes 96204 pkt (dropped 3081, overlimits 0 requeues 0) 
 backlog 17784b 12p requeues 0
======================================================================
Timestamp: 2026-04-07 13:10:41
qdisc htb 1: root refcnt 13 r2q 10 default 0x10 direct_packets_stat 0 direct_qlen 1000
 Sent 143923505 bytes 96797 pkt (dropped 3106, overlimits 44430 requeues 0) 
 backlog 29640b 4p requeues 0
qdisc pfifo 20: parent 1:10 limit 12p
 Sent 143923505 bytes 96797 pkt (dropped 3106, overlimits 0 requeues 0) 
 backlog 29640b 4p requeues 0
======================================================================
Timestamp: 2026-04-07 13:10:42
qdisc htb 1: root refcnt 13 r2q 10 default 0x10 direct_packets_stat 0 direct_qlen 1000
 Sent 144317346 bytes 97064 pkt (dropped 3106, overlimits 44476 requeues 0) 
 backlog 0b 0p requeues 0
qdisc pfifo 20: parent 1:10 limit 12p
 Sent 144317346 bytes 97064 pkt (dropped 3106, overlimits 0 requeues 0) 
 backlog 0b 0p requeues 0
======================================================================
Timestamp: 2026-04-07 13:10:43
qdisc htb 1: root refcnt 13 r2q 10 default 0x10 direct_packets_stat 0 direct_qlen 1000
 Sent 145185798 bytes 97650 pkt (dropped 3118, overlimits 44630 requeues 0) 
 backlog 35568b 4p requeues 0
qdisc pfifo 20: parent 1:10 limit 12p
 Sent 145185798 bytes 97650 pkt (dropped 3118, overlimits 0 requeues 0) 
 backlog 35568b 4p requeues 0
======================================================================
Timestamp: 2026-04-07 13:10:44
qdisc htb 1: root refcnt 13 r2q 10 default 0x10 direct_packets_stat 0 direct_qlen 1000
 Sent 145544718 bytes 97893 pkt (dropped 3118, overlimits 44672 requeues 0) 
 backlog 0b 0p requeues 0
qdisc pfifo 20: parent 1:10 limit 12p
 Sent 145544718 bytes 97893 pkt (dropped 3118, overlimits 0 requeues 0) 
 backlog 0b 0p requeues 0
======================================================================
Timestamp: 2026-04-07 13:10:45
qdisc htb 1: root refcnt 13 r2q 10 default 0x10 direct_packets_stat 0 direct_qlen 1000
 Sent 146378911 bytes 98457 pkt (dropped 3148, overlimits 44837 requeues 0) 
 backlog 34086b 3p requeues 0
qdisc pfifo 20: parent 1:10 limit 12p
 Sent 146378911 bytes 98457 pkt (dropped 3148, overlimits 0 requeues 0) 
 backlog 34086b 3p requeues 0
======================================================================
Timestamp: 2026-04-07 13:10:46
qdisc htb 1: root refcnt 13 r2q 10 default 0x10 direct_packets_stat 0 direct_qlen 1000
 Sent 146830522 bytes 98763 pkt (dropped 3148, overlimits 44882 requeues 0) 
 backlog 0b 0p requeues 0
qdisc pfifo 20: parent 1:10 limit 12p
 Sent 146830522 bytes 98763 pkt (dropped 3148, overlimits 0 requeues 0) 
 backlog 0b 0p requeues 0
======================================================================
Timestamp: 2026-04-07 13:10:47
qdisc htb 1: root refcnt 13 r2q 10 default 0x10 direct_packets_stat 0 direct_qlen 1000
 Sent 147623122 bytes 99298 pkt (dropped 3165, overlimits 45053 requeues 0) 
 backlog 28158b 4p requeues 0
qdisc pfifo 20: parent 1:10 limit 12p
 Sent 147623122 bytes 99298 pkt (dropped 3165, overlimits 0 requeues 0) 
 backlog 28158b 4p requeues 0
======================================================================
Timestamp: 2026-04-07 13:10:48
qdisc htb 1: root refcnt 13 r2q 10 default 0x10 direct_packets_stat 0 direct_qlen 1000
 Sent 147830255 bytes 99439 pkt (dropped 3165, overlimits 45079 requeues 0) 
 backlog 0b 0p requeues 0
qdisc pfifo 20: parent 1:10 limit 12p
 Sent 147830255 bytes 99439 pkt (dropped 3165, overlimits 0 requeues 0) 
 backlog 0b 0p requeues 0
======================================================================
Timestamp: 2026-04-07 13:10:49
qdisc htb 1: root refcnt 13 r2q 10 default 0x10 direct_packets_stat 0 direct_qlen 1000
 Sent 148579877 bytes 99945 pkt (dropped 3174, overlimits 45221 requeues 0) 
 backlog 32604b 4p requeues 0
qdisc pfifo 20: parent 1:10 limit 12p
 Sent 148579877 bytes 99945 pkt (dropped 3174, overlimits 0 requeues 0) 
 backlog 32604b 4p requeues 0
======================================================================
Timestamp: 2026-04-07 13:10:50
qdisc htb 1: root refcnt 13 r2q 10 default 0x10 direct_packets_stat 0 direct_qlen 1000
 Sent 149136356 bytes 100322 pkt (dropped 3174, overlimits 45288 requeues 0) 
 backlog 0b 0p requeues 0
qdisc pfifo 20: parent 1:10 limit 12p
 Sent 149136356 bytes 100322 pkt (dropped 3174, overlimits 0 requeues 0) 
 backlog 0b 0p requeues 0
