Starting TC Qdisc Monitoring for s1-eth2
Timestamp, Qdisc Stats
======================================================================
Timestamp: 2026-04-01 17:37:23
qdisc htb 1: root refcnt 13 r2q 10 default 0x10 direct_packets_stat 0 direct_qlen 1000
 Sent 7504 bytes 36 pkt (dropped 0, overlimits 2 requeues 0) 
 backlog 0b 0p requeues 0
qdisc pfifo 20: parent 1:10 limit 12p
 Sent 7504 bytes 36 pkt (dropped 0, overlimits 0 requeues 0) 
 backlog 0b 0p requeues 0
======================================================================
Timestamp: 2026-04-01 17:37:24
qdisc htb 1: root refcnt 13 r2q 10 default 0x10 direct_packets_stat 0 direct_qlen 1000
 Sent 230052 bytes 190 pkt (dropped 12, overlimits 92 requeues 0) 
 backlog 0b 0p requeues 0
qdisc pfifo 20: parent 1:10 limit 12p
 Sent 230052 bytes 190 pkt (dropped 12, overlimits 0 requeues 0) 
 backlog 0b 0p requeues 0
======================================================================
Timestamp: 2026-04-01 17:37:25
qdisc htb 1: root refcnt 13 r2q 10 default 0x10 direct_packets_stat 0 direct_qlen 1000
 Sent 1089612 bytes 770 pkt (dropped 60, overlimits 536 requeues 0) 
 backlog 23712b 12p requeues 0
qdisc pfifo 20: parent 1:10 limit 12p
 Sent 1089612 bytes 770 pkt (dropped 60, overlimits 0 requeues 0) 
 backlog 23712b 12p requeues 0
======================================================================
Timestamp: 2026-04-01 17:37:26
qdisc htb 1: root refcnt 13 r2q 10 default 0x10 direct_packets_stat 0 direct_qlen 1000
 Sent 1927193 bytes 1338 pkt (dropped 90, overlimits 966 requeues 0) 
 backlog 20748b 11p requeues 0
qdisc pfifo 20: parent 1:10 limit 12p
 Sent 1927193 bytes 1338 pkt (dropped 90, overlimits 0 requeues 0) 
 backlog 20748b 11p requeues 0
======================================================================
Timestamp: 2026-04-01 17:37:27
qdisc htb 1: root refcnt 13 r2q 10 default 0x10 direct_packets_stat 0 direct_qlen 1000
 Sent 2776719 bytes 1915 pkt (dropped 110, overlimits 1399 requeues 0) 
 backlog 2964b 1p requeues 0
qdisc pfifo 20: parent 1:10 limit 12p
 Sent 2776719 bytes 1915 pkt (dropped 110, overlimits 0 requeues 0) 
 backlog 2964b 1p requeues 0
======================================================================
Timestamp: 2026-04-01 17:37:28
qdisc htb 1: root refcnt 13 r2q 10 default 0x10 direct_packets_stat 0 direct_qlen 1000
 Sent 3657097 bytes 2510 pkt (dropped 133, overlimits 1851 requeues 0) 
 backlog 20748b 11p requeues 0
qdisc pfifo 20: parent 1:10 limit 12p
 Sent 3657097 bytes 2510 pkt (dropped 133, overlimits 0 requeues 0) 
 backlog 20748b 11p requeues 0
======================================================================
Timestamp: 2026-04-01 17:37:29
qdisc htb 1: root refcnt 13 r2q 10 default 0x10 direct_packets_stat 0 direct_qlen 1000
 Sent 3919824 bytes 2689 pkt (dropped 138, overlimits 1985 requeues 0) 
 backlog 0b 0p requeues 0
qdisc pfifo 20: parent 1:10 limit 12p
 Sent 3919824 bytes 2689 pkt (dropped 138, overlimits 0 requeues 0) 
 backlog 0b 0p requeues 0
======================================================================
Timestamp: 2026-04-01 17:37:30
qdisc htb 1: root refcnt 13 r2q 10 default 0x10 direct_packets_stat 0 direct_qlen 1000
 Sent 4730681 bytes 3237 pkt (dropped 171, overlimits 2407 requeues 0) 
 backlog 20748b 11p requeues 0
qdisc pfifo 20: parent 1:10 limit 12p
 Sent 4730681 bytes 3237 pkt (dropped 171, overlimits 0 requeues 0) 
 backlog 20748b 11p requeues 0
======================================================================
Timestamp: 2026-04-01 17:37:31
qdisc htb 1: root refcnt 13 r2q 10 default 0x10 direct_packets_stat 0 direct_qlen 1000
 Sent 5573537 bytes 3807 pkt (dropped 192, overlimits 2839 requeues 0) 
 backlog 20748b 11p requeues 0
qdisc pfifo 20: parent 1:10 limit 12p
 Sent 5573537 bytes 3807 pkt (dropped 192, overlimits 0 requeues 0) 
 backlog 20748b 11p requeues 0
======================================================================
Timestamp: 2026-04-01 17:37:32
qdisc htb 1: root refcnt 13 r2q 10 default 0x10 direct_packets_stat 0 direct_qlen 1000
 Sent 6419046 bytes 4379 pkt (dropped 213, overlimits 3274 requeues 0) 
 backlog 22230b 11p requeues 0
qdisc pfifo 20: parent 1:10 limit 12p
 Sent 6419046 bytes 4379 pkt (dropped 213, overlimits 0 requeues 0) 
 backlog 22230b 11p requeues 0
======================================================================
Timestamp: 2026-04-01 17:37:33
qdisc htb 1: root refcnt 13 r2q 10 default 0x10 direct_packets_stat 0 direct_qlen 1000
 Sent 6837834 bytes 4663 pkt (dropped 221, overlimits 3486 requeues 0) 
 backlog 0b 0p requeues 0
qdisc pfifo 20: parent 1:10 limit 12p
 Sent 6837834 bytes 4663 pkt (dropped 221, overlimits 0 requeues 0) 
 backlog 0b 0p requeues 0
======================================================================
Timestamp: 2026-04-01 17:37:34
qdisc htb 1: root refcnt 13 r2q 10 default 0x10 direct_packets_stat 0 direct_qlen 1000
 Sent 7583006 bytes 5166 pkt (dropped 248, overlimits 3869 requeues 0) 
 backlog 20748b 11p requeues 0
qdisc pfifo 20: parent 1:10 limit 12p
 Sent 7583006 bytes 5166 pkt (dropped 248, overlimits 0 requeues 0) 
 backlog 20748b 11p requeues 0
======================================================================
Timestamp: 2026-04-01 17:37:35
qdisc htb 1: root refcnt 13 r2q 10 default 0x10 direct_packets_stat 0 direct_qlen 1000
 Sent 7795838 bytes 5311 pkt (dropped 252, overlimits 3978 requeues 0) 
 backlog 0b 0p requeues 0
qdisc pfifo 20: parent 1:10 limit 12p
 Sent 7795838 bytes 5311 pkt (dropped 252, overlimits 0 requeues 0) 
 backlog 0b 0p requeues 0
======================================================================
Timestamp: 2026-04-01 17:37:36
qdisc htb 1: root refcnt 13 r2q 10 default 0x10 direct_packets_stat 0 direct_qlen 1000
 Sent 8498035 bytes 5785 pkt (dropped 271, overlimits 4338 requeues 0) 
 backlog 20748b 11p requeues 0
qdisc pfifo 20: parent 1:10 limit 12p
 Sent 8498035 bytes 5785 pkt (dropped 271, overlimits 0 requeues 0) 
 backlog 20748b 11p requeues 0
======================================================================
Timestamp: 2026-04-01 17:37:37
qdisc htb 1: root refcnt 13 r2q 10 default 0x10 direct_packets_stat 0 direct_qlen 1000
 Sent 9019192 bytes 6138 pkt (dropped 281, overlimits 4603 requeues 0) 
 backlog 0b 0p requeues 0
qdisc pfifo 20: parent 1:10 limit 12p
 Sent 9019192 bytes 6138 pkt (dropped 281, overlimits 0 requeues 0) 
 backlog 0b 0p requeues 0
======================================================================
Timestamp: 2026-04-01 17:37:38
qdisc htb 1: root refcnt 13 r2q 10 default 0x10 direct_packets_stat 0 direct_qlen 1000
 Sent 9679893 bytes 6584 pkt (dropped 298, overlimits 4942 requeues 0) 
 backlog 22230b 12p requeues 0
qdisc pfifo 20: parent 1:10 limit 12p
 Sent 9679893 bytes 6584 pkt (dropped 298, overlimits 0 requeues 0) 
 backlog 22230b 12p requeues 0
======================================================================
Timestamp: 2026-04-01 17:37:39
qdisc htb 1: root refcnt 13 r2q 10 default 0x10 direct_packets_stat 0 direct_qlen 1000
 Sent 9833136 bytes 6689 pkt (dropped 301, overlimits 5021 requeues 0) 
 backlog 0b 0p requeues 0
qdisc pfifo 20: parent 1:10 limit 12p
 Sent 9833136 bytes 6689 pkt (dropped 301, overlimits 0 requeues 0) 
 backlog 0b 0p requeues 0
======================================================================
Timestamp: 2026-04-01 17:37:40
qdisc htb 1: root refcnt 13 r2q 10 default 0x10 direct_packets_stat 0 direct_qlen 1000
 Sent 10434557 bytes 7095 pkt (dropped 317, overlimits 5330 requeues 0) 
 backlog 20748b 11p requeues 0
qdisc pfifo 20: parent 1:10 limit 12p
 Sent 10434557 bytes 7095 pkt (dropped 317, overlimits 0 requeues 0) 
 backlog 20748b 11p requeues 0
======================================================================
Timestamp: 2026-04-01 17:37:41
qdisc htb 1: root refcnt 13 r2q 10 default 0x10 direct_packets_stat 0 direct_qlen 1000
 Sent 10844549 bytes 7373 pkt (dropped 325, overlimits 5537 requeues 0) 
 backlog 0b 0p requeues 0
qdisc pfifo 20: parent 1:10 limit 12p
 Sent 10844549 bytes 7373 pkt (dropped 325, overlimits 0 requeues 0) 
 backlog 0b 0p requeues 0
======================================================================
Timestamp: 2026-04-01 17:37:42
qdisc htb 1: root refcnt 13 r2q 10 default 0x10 direct_packets_stat 0 direct_qlen 1000
 Sent 11402992 bytes 7750 pkt (dropped 349, overlimits 5825 requeues 0) 
 backlog 23712b 12p requeues 0
qdisc pfifo 20: parent 1:10 limit 12p
 Sent 11402992 bytes 7750 pkt (dropped 349, overlimits 0 requeues 0) 
 backlog 23712b 12p requeues 0
======================================================================
Timestamp: 2026-04-01 17:37:43
qdisc htb 1: root refcnt 13 r2q 10 default 0x10 direct_packets_stat 0 direct_qlen 1000
 Sent 12131241 bytes 8244 pkt (dropped 365, overlimits 6195 requeues 0) 
 backlog 0b 0p requeues 0
qdisc pfifo 20: parent 1:10 limit 12p
 Sent 12131241 bytes 8244 pkt (dropped 365, overlimits 0 requeues 0) 
 backlog 0b 0p requeues 0
======================================================================
Timestamp: 2026-04-01 17:37:44
qdisc htb 1: root refcnt 13 r2q 10 default 0x10 direct_packets_stat 0 direct_qlen 1000
 Sent 12670418 bytes 8608 pkt (dropped 380, overlimits 6473 requeues 0) 
 backlog 22230b 11p requeues 0
qdisc pfifo 20: parent 1:10 limit 12p
 Sent 12670418 bytes 8608 pkt (dropped 380, overlimits 0 requeues 0) 
 backlog 22230b 11p requeues 0
======================================================================
Timestamp: 2026-04-01 17:37:45
qdisc htb 1: root refcnt 13 r2q 10 default 0x10 direct_packets_stat 0 direct_qlen 1000
 Sent 12980361 bytes 8819 pkt (dropped 386, overlimits 6630 requeues 0) 
 backlog 0b 0p requeues 0
qdisc pfifo 20: parent 1:10 limit 12p
 Sent 12980361 bytes 8819 pkt (dropped 386, overlimits 0 requeues 0) 
 backlog 0b 0p requeues 0
======================================================================
Timestamp: 2026-04-01 17:37:46
qdisc htb 1: root refcnt 13 r2q 10 default 0x10 direct_packets_stat 0 direct_qlen 1000
 Sent 13485726 bytes 9162 pkt (dropped 414, overlimits 6896 requeues 0) 
 backlog 20748b 11p requeues 0
qdisc pfifo 20: parent 1:10 limit 12p
 Sent 13485726 bytes 9162 pkt (dropped 414, overlimits 0 requeues 0) 
 backlog 20748b 11p requeues 0
======================================================================
Timestamp: 2026-04-01 17:37:47
qdisc htb 1: root refcnt 13 r2q 10 default 0x10 direct_packets_stat 0 direct_qlen 1000
 Sent 14086523 bytes 9569 pkt (dropped 437, overlimits 7204 requeues 0) 
 backlog 0b 0p requeues 0
qdisc pfifo 20: parent 1:10 limit 12p
 Sent 14086523 bytes 9569 pkt (dropped 437, overlimits 0 requeues 0) 
 backlog 0b 0p requeues 0
======================================================================
Timestamp: 2026-04-01 17:37:48
qdisc htb 1: root refcnt 13 r2q 10 default 0x10 direct_packets_stat 0 direct_qlen 1000
 Sent 14551600 bytes 9883 pkt (dropped 451, overlimits 7444 requeues 0) 
 backlog 20748b 11p requeues 0
qdisc pfifo 20: parent 1:10 limit 12p
 Sent 14551600 bytes 9883 pkt (dropped 451, overlimits 0 requeues 0) 
 backlog 20748b 11p requeues 0
======================================================================
Timestamp: 2026-04-01 17:37:49
qdisc htb 1: root refcnt 13 r2q 10 default 0x10 direct_packets_stat 0 direct_qlen 1000
 Sent 15062126 bytes 10229 pkt (dropped 461, overlimits 7704 requeues 0) 
 backlog 0b 0p requeues 0
qdisc pfifo 20: parent 1:10 limit 12p
 Sent 15062126 bytes 10229 pkt (dropped 461, overlimits 0 requeues 0) 
 backlog 0b 0p requeues 0
======================================================================
Timestamp: 2026-04-01 17:37:50
qdisc htb 1: root refcnt 13 r2q 10 default 0x10 direct_packets_stat 0 direct_qlen 1000
 Sent 15482744 bytes 10513 pkt (dropped 480, overlimits 7922 requeues 0) 
 backlog 22230b 11p requeues 0
qdisc pfifo 20: parent 1:10 limit 12p
 Sent 15482744 bytes 10513 pkt (dropped 480, overlimits 0 requeues 0) 
 backlog 22230b 11p requeues 0
======================================================================
Timestamp: 2026-04-01 17:37:51
qdisc htb 1: root refcnt 13 r2q 10 default 0x10 direct_packets_stat 0 direct_qlen 1000
 Sent 16221612 bytes 11013 pkt (dropped 515, overlimits 8302 requeues 0) 
 backlog 0b 0p requeues 0
qdisc pfifo 20: parent 1:10 limit 12p
 Sent 16221612 bytes 11013 pkt (dropped 515, overlimits 0 requeues 0) 
 backlog 0b 0p requeues 0
======================================================================
Timestamp: 2026-04-01 17:37:52
qdisc htb 1: root refcnt 13 r2q 10 default 0x10 direct_packets_stat 0 direct_qlen 1000
 Sent 16600733 bytes 11269 pkt (dropped 527, overlimits 8499 requeues 0) 
 backlog 22230b 11p requeues 0
qdisc pfifo 20: parent 1:10 limit 12p
 Sent 16600733 bytes 11269 pkt (dropped 527, overlimits 0 requeues 0) 
 backlog 22230b 11p requeues 0
======================================================================
Timestamp: 2026-04-01 17:37:53
qdisc htb 1: root refcnt 13 r2q 10 default 0x10 direct_packets_stat 0 direct_qlen 1000
 Sent 17423892 bytes 11827 pkt (dropped 544, overlimits 8917 requeues 0) 
 backlog 0b 0p requeues 0
qdisc pfifo 20: parent 1:10 limit 12p
 Sent 17423892 bytes 11827 pkt (dropped 544, overlimits 0 requeues 0) 
 backlog 0b 0p requeues 0
======================================================================
Timestamp: 2026-04-01 17:37:54
qdisc htb 1: root refcnt 13 r2q 10 default 0x10 direct_packets_stat 0 direct_qlen 1000
 Sent 17771891 bytes 12062 pkt (dropped 555, overlimits 9098 requeues 0) 
 backlog 22230b 11p requeues 0
qdisc pfifo 20: parent 1:10 limit 12p
 Sent 17771891 bytes 12062 pkt (dropped 555, overlimits 0 requeues 0) 
 backlog 22230b 11p requeues 0
======================================================================
Timestamp: 2026-04-01 17:37:55
qdisc htb 1: root refcnt 13 r2q 10 default 0x10 direct_packets_stat 0 direct_qlen 1000
 Sent 18638123 bytes 12648 pkt (dropped 572, overlimits 9538 requeues 0) 
 backlog 0b 0p requeues 0
qdisc pfifo 20: parent 1:10 limit 12p
 Sent 18638123 bytes 12648 pkt (dropped 572, overlimits 0 requeues 0) 
 backlog 0b 0p requeues 0
======================================================================
Timestamp: 2026-04-01 17:37:56
qdisc htb 1: root refcnt 13 r2q 10 default 0x10 direct_packets_stat 0 direct_qlen 1000
 Sent 18946108 bytes 12856 pkt (dropped 582, overlimits 9699 requeues 0) 
 backlog 23712b 12p requeues 0
qdisc pfifo 20: parent 1:10 limit 12p
 Sent 18946108 bytes 12856 pkt (dropped 582, overlimits 0 requeues 0) 
 backlog 23712b 12p requeues 0
======================================================================
Timestamp: 2026-04-01 17:37:57
qdisc htb 1: root refcnt 13 r2q 10 default 0x10 direct_packets_stat 0 direct_qlen 1000
 Sent 19826416 bytes 13450 pkt (dropped 600, overlimits 10144 requeues 0) 
 backlog 12825b 7p requeues 0
qdisc pfifo 20: parent 1:10 limit 12p
 Sent 19826416 bytes 13450 pkt (dropped 600, overlimits 0 requeues 0) 
 backlog 12825b 7p requeues 0
======================================================================
Timestamp: 2026-04-01 17:37:58
qdisc htb 1: root refcnt 13 r2q 10 default 0x10 direct_packets_stat 0 direct_qlen 1000
 Sent 20108791 bytes 13642 pkt (dropped 613, overlimits 10293 requeues 0) 
 backlog 22230b 11p requeues 0
qdisc pfifo 20: parent 1:10 limit 12p
 Sent 20108791 bytes 13642 pkt (dropped 613, overlimits 0 requeues 0) 
 backlog 22230b 11p requeues 0
======================================================================
Timestamp: 2026-04-01 17:37:59
qdisc htb 1: root refcnt 13 r2q 10 default 0x10 direct_packets_stat 0 direct_qlen 1000
 Sent 20986135 bytes 14234 pkt (dropped 636, overlimits 10737 requeues 0) 
 backlog 22230b 11p requeues 0
qdisc pfifo 20: parent 1:10 limit 12p
 Sent 20986135 bytes 14234 pkt (dropped 636, overlimits 0 requeues 0) 
 backlog 22230b 11p requeues 0
======================================================================
Timestamp: 2026-04-01 17:38:00
qdisc htb 1: root refcnt 13 r2q 10 default 0x10 direct_packets_stat 0 direct_qlen 1000
 Sent 21307240 bytes 14452 pkt (dropped 645, overlimits 10904 requeues 0) 
 backlog 22230b 11p requeues 0
qdisc pfifo 20: parent 1:10 limit 12p
 Sent 21307240 bytes 14452 pkt (dropped 645, overlimits 0 requeues 0) 
 backlog 22230b 11p requeues 0
======================================================================
Timestamp: 2026-04-01 17:38:01
qdisc htb 1: root refcnt 13 r2q 10 default 0x10 direct_packets_stat 0 direct_qlen 1000
 Sent 22186066 bytes 15045 pkt (dropped 664, overlimits 11349 requeues 0) 
 backlog 23712b 12p requeues 0
qdisc pfifo 20: parent 1:10 limit 12p
 Sent 22186066 bytes 15045 pkt (dropped 664, overlimits 0 requeues 0) 
 backlog 23712b 12p requeues 0
======================================================================
Timestamp: 2026-04-01 17:38:02
qdisc htb 1: root refcnt 13 r2q 10 default 0x10 direct_packets_stat 0 direct_qlen 1000
 Sent 22426794 bytes 15209 pkt (dropped 674, overlimits 11477 requeues 0) 
 backlog 23712b 12p requeues 0
qdisc pfifo 20: parent 1:10 limit 12p
 Sent 22426794 bytes 15209 pkt (dropped 674, overlimits 0 requeues 0) 
 backlog 23712b 12p requeues 0
======================================================================
Timestamp: 2026-04-01 17:38:03
qdisc htb 1: root refcnt 13 r2q 10 default 0x10 direct_packets_stat 0 direct_qlen 1000
 Sent 22563211 bytes 15303 pkt (dropped 678, overlimits 11547 requeues 0) 
 backlog 0b 0p requeues 0
qdisc pfifo 20: parent 1:10 limit 12p
 Sent 22563211 bytes 15303 pkt (dropped 678, overlimits 0 requeues 0) 
 backlog 0b 0p requeues 0
======================================================================
Timestamp: 2026-04-01 17:38:04
qdisc htb 1: root refcnt 13 r2q 10 default 0x10 direct_packets_stat 0 direct_qlen 1000
 Sent 22706695 bytes 15400 pkt (dropped 689, overlimits 11625 requeues 0) 
 backlog 19266b 10p requeues 0
qdisc pfifo 20: parent 1:10 limit 12p
 Sent 22706695 bytes 15400 pkt (dropped 689, overlimits 0 requeues 0) 
 backlog 19266b 10p requeues 0
======================================================================
Timestamp: 2026-04-01 17:38:05
qdisc htb 1: root refcnt 13 r2q 10 default 0x10 direct_packets_stat 0 direct_qlen 1000
 Sent 22952897 bytes 15568 pkt (dropped 699, overlimits 11749 requeues 0) 
 backlog 0b 0p requeues 0
qdisc pfifo 20: parent 1:10 limit 12p
 Sent 22952897 bytes 15568 pkt (dropped 699, overlimits 0 requeues 0) 
 backlog 0b 0p requeues 0
======================================================================
Timestamp: 2026-04-01 17:38:06
qdisc htb 1: root refcnt 13 r2q 10 default 0x10 direct_packets_stat 0 direct_qlen 1000
 Sent 23054887 bytes 15637 pkt (dropped 707, overlimits 11805 requeues 0) 
 backlog 17784b 9p requeues 0
qdisc pfifo 20: parent 1:10 limit 12p
 Sent 23054887 bytes 15637 pkt (dropped 707, overlimits 0 requeues 0) 
 backlog 17784b 9p requeues 0
======================================================================
Timestamp: 2026-04-01 17:38:07
qdisc htb 1: root refcnt 13 r2q 10 default 0x10 direct_packets_stat 0 direct_qlen 1000
 Sent 23933713 bytes 16230 pkt (dropped 733, overlimits 12250 requeues 0) 
 backlog 20748b 11p requeues 0
qdisc pfifo 20: parent 1:10 limit 12p
 Sent 23933713 bytes 16230 pkt (dropped 733, overlimits 0 requeues 0) 
 backlog 20748b 11p requeues 0
======================================================================
Timestamp: 2026-04-01 17:38:08
qdisc htb 1: root refcnt 13 r2q 10 default 0x10 direct_packets_stat 0 direct_qlen 1000
 Sent 24099038 bytes 16343 pkt (dropped 739, overlimits 12339 requeues 0) 
 backlog 19266b 10p requeues 0
qdisc pfifo 20: parent 1:10 limit 12p
 Sent 24099038 bytes 16343 pkt (dropped 739, overlimits 0 requeues 0) 
 backlog 19266b 10p requeues 0
======================================================================
Timestamp: 2026-04-01 17:38:09
qdisc htb 1: root refcnt 13 r2q 10 default 0x10 direct_packets_stat 0 direct_qlen 1000
 Sent 24977864 bytes 16936 pkt (dropped 759, overlimits 12784 requeues 0) 
 backlog 20748b 11p requeues 0
qdisc pfifo 20: parent 1:10 limit 12p
 Sent 24977864 bytes 16936 pkt (dropped 759, overlimits 0 requeues 0) 
 backlog 20748b 11p requeues 0
======================================================================
Timestamp: 2026-04-01 17:38:10
qdisc htb 1: root refcnt 13 r2q 10 default 0x10 direct_packets_stat 0 direct_qlen 1000
 Sent 25334504 bytes 17178 pkt (dropped 768, overlimits 12966 requeues 0) 
 backlog 16302b 11p requeues 0
qdisc pfifo 20: parent 1:10 limit 12p
 Sent 25334504 bytes 17178 pkt (dropped 768, overlimits 0 requeues 0) 
 backlog 16302b 11p requeues 0
======================================================================
Timestamp: 2026-04-01 17:38:11
qdisc htb 1: root refcnt 13 r2q 10 default 0x10 direct_packets_stat 0 direct_qlen 1000
 Sent 26213330 bytes 17771 pkt (dropped 788, overlimits 13414 requeues 0) 
 backlog 20748b 11p requeues 0
qdisc pfifo 20: parent 1:10 limit 12p
 Sent 26213330 bytes 17771 pkt (dropped 788, overlimits 0 requeues 0) 
 backlog 20748b 11p requeues 0
======================================================================
Timestamp: 2026-04-01 17:38:12
qdisc htb 1: root refcnt 13 r2q 10 default 0x10 direct_packets_stat 0 direct_qlen 1000
 Sent 26652400 bytes 18069 pkt (dropped 796, overlimits 13637 requeues 0) 
 backlog 0b 0p requeues 0
qdisc pfifo 20: parent 1:10 limit 12p
 Sent 26652400 bytes 18069 pkt (dropped 796, overlimits 0 requeues 0) 
 backlog 0b 0p requeues 0
======================================================================
Timestamp: 2026-04-01 17:38:13
qdisc htb 1: root refcnt 13 r2q 10 default 0x10 direct_packets_stat 0 direct_qlen 1000
 Sent 27504550 bytes 18644 pkt (dropped 826, overlimits 14073 requeues 0) 
 backlog 22230b 11p requeues 0
qdisc pfifo 20: parent 1:10 limit 12p
 Sent 27504550 bytes 18644 pkt (dropped 826, overlimits 0 requeues 0) 
 backlog 22230b 11p requeues 0
======================================================================
Timestamp: 2026-04-01 17:38:14
qdisc htb 1: root refcnt 13 r2q 10 default 0x10 direct_packets_stat 0 direct_qlen 1000
 Sent 27888983 bytes 18906 pkt (dropped 834, overlimits 14268 requeues 0) 
 backlog 0b 0p requeues 0
qdisc pfifo 20: parent 1:10 limit 12p
 Sent 27888983 bytes 18906 pkt (dropped 834, overlimits 0 requeues 0) 
 backlog 0b 0p requeues 0
======================================================================
Timestamp: 2026-04-01 17:38:15
qdisc htb 1: root refcnt 13 r2q 10 default 0x10 direct_packets_stat 0 direct_qlen 1000
 Sent 28706846 bytes 19459 pkt (dropped 865, overlimits 14688 requeues 0) 
 backlog 22230b 11p requeues 0
qdisc pfifo 20: parent 1:10 limit 12p
 Sent 28706846 bytes 19459 pkt (dropped 865, overlimits 0 requeues 0) 
 backlog 22230b 11p requeues 0
======================================================================
Timestamp: 2026-04-01 17:38:16
qdisc htb 1: root refcnt 13 r2q 10 default 0x10 direct_packets_stat 0 direct_qlen 1000
 Sent 29148709 bytes 19759 pkt (dropped 874, overlimits 14913 requeues 0) 
 backlog 0b 0p requeues 0
qdisc pfifo 20: parent 1:10 limit 12p
 Sent 29148709 bytes 19759 pkt (dropped 874, overlimits 0 requeues 0) 
 backlog 0b 0p requeues 0
======================================================================
Timestamp: 2026-04-01 17:38:17
qdisc htb 1: root refcnt 13 r2q 10 default 0x10 direct_packets_stat 0 direct_qlen 1000
 Sent 29925006 bytes 20283 pkt (dropped 894, overlimits 15311 requeues 0) 
 backlog 23712b 12p requeues 0
qdisc pfifo 20: parent 1:10 limit 12p
 Sent 29925006 bytes 20283 pkt (dropped 894, overlimits 0 requeues 0) 
 backlog 23712b 12p requeues 0
======================================================================
Timestamp: 2026-04-01 17:38:18
qdisc htb 1: root refcnt 13 r2q 10 default 0x10 direct_packets_stat 0 direct_qlen 1000
 Sent 30386018 bytes 20596 pkt (dropped 903, overlimits 15544 requeues 0) 
 backlog 0b 0p requeues 0
qdisc pfifo 20: parent 1:10 limit 12p
 Sent 30386018 bytes 20596 pkt (dropped 903, overlimits 0 requeues 0) 
 backlog 0b 0p requeues 0
======================================================================
Timestamp: 2026-04-01 17:38:19
qdisc htb 1: root refcnt 13 r2q 10 default 0x10 direct_packets_stat 0 direct_qlen 1000
 Sent 31119337 bytes 21091 pkt (dropped 923, overlimits 15920 requeues 0) 
 backlog 22230b 11p requeues 0
qdisc pfifo 20: parent 1:10 limit 12p
 Sent 31119337 bytes 21091 pkt (dropped 923, overlimits 0 requeues 0) 
 backlog 22230b 11p requeues 0
======================================================================
Timestamp: 2026-04-01 17:38:20
qdisc htb 1: root refcnt 13 r2q 10 default 0x10 direct_packets_stat 0 direct_qlen 1000
 Sent 31621701 bytes 21431 pkt (dropped 933, overlimits 16175 requeues 0) 
 backlog 0b 0p requeues 0
qdisc pfifo 20: parent 1:10 limit 12p
 Sent 31621701 bytes 21431 pkt (dropped 933, overlimits 0 requeues 0) 
 backlog 0b 0p requeues 0
======================================================================
Timestamp: 2026-04-01 17:38:21
qdisc htb 1: root refcnt 13 r2q 10 default 0x10 direct_packets_stat 0 direct_qlen 1000
 Sent 32315006 bytes 21899 pkt (dropped 959, overlimits 16531 requeues 0) 
 backlog 19266b 10p requeues 0
qdisc pfifo 20: parent 1:10 limit 12p
 Sent 32315006 bytes 21899 pkt (dropped 959, overlimits 0 requeues 0) 
 backlog 19266b 10p requeues 0
======================================================================
Timestamp: 2026-04-01 17:38:22
qdisc htb 1: root refcnt 13 r2q 10 default 0x10 direct_packets_stat 0 direct_qlen 1000
 Sent 32868803 bytes 22274 pkt (dropped 970, overlimits 16812 requeues 0) 
 backlog 0b 0p requeues 0
qdisc pfifo 20: parent 1:10 limit 12p
 Sent 32868803 bytes 22274 pkt (dropped 970, overlimits 0 requeues 0) 
 backlog 0b 0p requeues 0
======================================================================
Timestamp: 2026-04-01 17:38:23
qdisc htb 1: root refcnt 13 r2q 10 default 0x10 direct_packets_stat 0 direct_qlen 1000
 Sent 33517648 bytes 22712 pkt (dropped 988, overlimits 17145 requeues 0) 
 backlog 20748b 11p requeues 0
qdisc pfifo 20: parent 1:10 limit 12p
 Sent 33517648 bytes 22712 pkt (dropped 988, overlimits 0 requeues 0) 
 backlog 20748b 11p requeues 0
======================================================================
Timestamp: 2026-04-01 17:38:24
qdisc htb 1: root refcnt 13 r2q 10 default 0x10 direct_packets_stat 0 direct_qlen 1000
 Sent 33801867 bytes 22905 pkt (dropped 993, overlimits 17291 requeues 0) 
 backlog 0b 0p requeues 0
qdisc pfifo 20: parent 1:10 limit 12p
 Sent 33801867 bytes 22905 pkt (dropped 993, overlimits 0 requeues 0) 
 backlog 0b 0p requeues 0
======================================================================
Timestamp: 2026-04-01 17:38:25
qdisc htb 1: root refcnt 13 r2q 10 default 0x10 direct_packets_stat 0 direct_qlen 1000
 Sent 34406253 bytes 23313 pkt (dropped 1017, overlimits 17602 requeues 0) 
 backlog 22230b 11p requeues 0
qdisc pfifo 20: parent 1:10 limit 12p
 Sent 34406253 bytes 23313 pkt (dropped 1017, overlimits 0 requeues 0) 
 backlog 22230b 11p requeues 0
======================================================================
Timestamp: 2026-04-01 17:38:26
qdisc htb 1: root refcnt 13 r2q 10 default 0x10 direct_packets_stat 0 direct_qlen 1000
 Sent 34656446 bytes 23484 pkt (dropped 1022, overlimits 17729 requeues 0) 
 backlog 0b 0p requeues 0
qdisc pfifo 20: parent 1:10 limit 12p
 Sent 34656446 bytes 23484 pkt (dropped 1022, overlimits 0 requeues 0) 
 backlog 0b 0p requeues 0
======================================================================
Timestamp: 2026-04-01 17:38:27
qdisc htb 1: root refcnt 13 r2q 10 default 0x10 direct_packets_stat 0 direct_qlen 1000
 Sent 35223782 bytes 23867 pkt (dropped 1038, overlimits 18021 requeues 0) 
 backlog 19266b 10p requeues 0
qdisc pfifo 20: parent 1:10 limit 12p
 Sent 35223782 bytes 23867 pkt (dropped 1038, overlimits 0 requeues 0) 
 backlog 19266b 10p requeues 0
======================================================================
Timestamp: 2026-04-01 17:38:28
qdisc htb 1: root refcnt 13 r2q 10 default 0x10 direct_packets_stat 0 direct_qlen 1000
 Sent 35821332 bytes 24272 pkt (dropped 1050, overlimits 18324 requeues 0) 
 backlog 0b 0p requeues 0
qdisc pfifo 20: parent 1:10 limit 12p
 Sent 35821332 bytes 24272 pkt (dropped 1050, overlimits 0 requeues 0) 
 backlog 0b 0p requeues 0
======================================================================
Timestamp: 2026-04-01 17:38:29
qdisc htb 1: root refcnt 13 r2q 10 default 0x10 direct_packets_stat 0 direct_qlen 1000
 Sent 36353099 bytes 24631 pkt (dropped 1065, overlimits 18598 requeues 0) 
 backlog 22230b 11p requeues 0
qdisc pfifo 20: parent 1:10 limit 12p
 Sent 36353099 bytes 24631 pkt (dropped 1065, overlimits 0 requeues 0) 
 backlog 22230b 11p requeues 0
======================================================================
Timestamp: 2026-04-01 17:38:30
qdisc htb 1: root refcnt 13 r2q 10 default 0x10 direct_packets_stat 0 direct_qlen 1000
 Sent 36637463 bytes 24824 pkt (dropped 1070, overlimits 18742 requeues 0) 
 backlog 0b 0p requeues 0
qdisc pfifo 20: parent 1:10 limit 12p
 Sent 36637463 bytes 24824 pkt (dropped 1070, overlimits 0 requeues 0) 
 backlog 0b 0p requeues 0
======================================================================
Timestamp: 2026-04-01 17:38:31
qdisc htb 1: root refcnt 13 r2q 10 default 0x10 direct_packets_stat 0 direct_qlen 1000
 Sent 37133662 bytes 25159 pkt (dropped 1092, overlimits 18998 requeues 0) 
 backlog 19266b 10p requeues 0
qdisc pfifo 20: parent 1:10 limit 12p
 Sent 37133662 bytes 25159 pkt (dropped 1092, overlimits 0 requeues 0) 
 backlog 19266b 10p requeues 0
======================================================================
Timestamp: 2026-04-01 17:38:32
qdisc htb 1: root refcnt 13 r2q 10 default 0x10 direct_packets_stat 0 direct_qlen 1000
 Sent 37900359 bytes 25678 pkt (dropped 1107, overlimits 19388 requeues 0) 
 backlog 0b 0p requeues 0
qdisc pfifo 20: parent 1:10 limit 12p
 Sent 37900359 bytes 25678 pkt (dropped 1107, overlimits 0 requeues 0) 
 backlog 0b 0p requeues 0
======================================================================
Timestamp: 2026-04-01 17:38:33
qdisc htb 1: root refcnt 13 r2q 10 default 0x10 direct_packets_stat 0 direct_qlen 1000
 Sent 38352098 bytes 25983 pkt (dropped 1127, overlimits 19622 requeues 0) 
 backlog 23712b 12p requeues 0
qdisc pfifo 20: parent 1:10 limit 12p
 Sent 38352098 bytes 25983 pkt (dropped 1127, overlimits 0 requeues 0) 
 backlog 23712b 12p requeues 0
======================================================================
Timestamp: 2026-04-01 17:38:34
qdisc htb 1: root refcnt 13 r2q 10 default 0x10 direct_packets_stat 0 direct_qlen 1000
 Sent 39215840 bytes 26567 pkt (dropped 1146, overlimits 20059 requeues 0) 
 backlog 0b 0p requeues 0
qdisc pfifo 20: parent 1:10 limit 12p
 Sent 39215840 bytes 26567 pkt (dropped 1146, overlimits 0 requeues 0) 
 backlog 0b 0p requeues 0
======================================================================
Timestamp: 2026-04-01 17:38:35
qdisc htb 1: root refcnt 13 r2q 10 default 0x10 direct_packets_stat 0 direct_qlen 1000
 Sent 39624602 bytes 26843 pkt (dropped 1158, overlimits 20271 requeues 0) 
 backlog 23712b 12p requeues 0
qdisc pfifo 20: parent 1:10 limit 12p
 Sent 39624602 bytes 26843 pkt (dropped 1158, overlimits 0 requeues 0) 
 backlog 23712b 12p requeues 0
======================================================================
Timestamp: 2026-04-01 17:38:36
qdisc htb 1: root refcnt 13 r2q 10 default 0x10 direct_packets_stat 0 direct_qlen 1000
 Sent 40436045 bytes 27392 pkt (dropped 1175, overlimits 20682 requeues 0) 
 backlog 0b 0p requeues 0
qdisc pfifo 20: parent 1:10 limit 12p
 Sent 40436045 bytes 27392 pkt (dropped 1175, overlimits 0 requeues 0) 
 backlog 0b 0p requeues 0
======================================================================
Timestamp: 2026-04-01 17:38:37
qdisc htb 1: root refcnt 13 r2q 10 default 0x10 direct_packets_stat 0 direct_qlen 1000
 Sent 41316450 bytes 27987 pkt (dropped 1198, overlimits 21134 requeues 0) 
 backlog 22230b 11p requeues 0
qdisc pfifo 20: parent 1:10 limit 12p
 Sent 41316450 bytes 27987 pkt (dropped 1198, overlimits 0 requeues 0) 
 backlog 22230b 11p requeues 0
======================================================================
Timestamp: 2026-04-01 17:38:38
qdisc htb 1: root refcnt 13 r2q 10 default 0x10 direct_packets_stat 0 direct_qlen 1000
 Sent 42160906 bytes 28558 pkt (dropped 1220, overlimits 21565 requeues 0) 
 backlog 20748b 11p requeues 0
qdisc pfifo 20: parent 1:10 limit 12p
 Sent 42160906 bytes 28558 pkt (dropped 1220, overlimits 0 requeues 0) 
 backlog 20748b 11p requeues 0
======================================================================
Timestamp: 2026-04-01 17:38:39
qdisc htb 1: root refcnt 13 r2q 10 default 0x10 direct_packets_stat 0 direct_qlen 1000
 Sent 42963350 bytes 29101 pkt (dropped 1236, overlimits 21972 requeues 0) 
 backlog 0b 0p requeues 0
qdisc pfifo 20: parent 1:10 limit 12p
 Sent 42963350 bytes 29101 pkt (dropped 1236, overlimits 0 requeues 0) 
 backlog 0b 0p requeues 0
======================================================================
Timestamp: 2026-04-01 17:38:40
qdisc htb 1: root refcnt 13 r2q 10 default 0x10 direct_packets_stat 0 direct_qlen 1000
 Sent 43306904 bytes 29333 pkt (dropped 1252, overlimits 22151 requeues 0) 
 backlog 22230b 11p requeues 0
qdisc pfifo 20: parent 1:10 limit 12p
 Sent 43306904 bytes 29333 pkt (dropped 1252, overlimits 0 requeues 0) 
 backlog 22230b 11p requeues 0
======================================================================
Timestamp: 2026-04-01 17:38:41
qdisc htb 1: root refcnt 13 r2q 10 default 0x10 direct_packets_stat 0 direct_qlen 1000
 Sent 44185730 bytes 29926 pkt (dropped 1273, overlimits 22596 requeues 0) 
 backlog 22230b 11p requeues 0
qdisc pfifo 20: parent 1:10 limit 12p
 Sent 44185730 bytes 29926 pkt (dropped 1273, overlimits 0 requeues 0) 
 backlog 22230b 11p requeues 0
======================================================================
Timestamp: 2026-04-01 17:38:42
qdisc htb 1: root refcnt 13 r2q 10 default 0x10 direct_packets_stat 0 direct_qlen 1000
 Sent 44573824 bytes 30189 pkt (dropped 1284, overlimits 22799 requeues 0) 
 backlog 23712b 12p requeues 0
qdisc pfifo 20: parent 1:10 limit 12p
 Sent 44573824 bytes 30189 pkt (dropped 1284, overlimits 0 requeues 0) 
 backlog 23712b 12p requeues 0
======================================================================
Timestamp: 2026-04-01 17:38:43
qdisc htb 1: root refcnt 13 r2q 10 default 0x10 direct_packets_stat 0 direct_qlen 1000
 Sent 45454132 bytes 30783 pkt (dropped 1302, overlimits 23244 requeues 0) 
 backlog 20748b 11p requeues 0
qdisc pfifo 20: parent 1:10 limit 12p
 Sent 45454132 bytes 30783 pkt (dropped 1302, overlimits 0 requeues 0) 
 backlog 20748b 11p requeues 0
======================================================================
Timestamp: 2026-04-01 17:38:44
qdisc htb 1: root refcnt 13 r2q 10 default 0x10 direct_packets_stat 0 direct_qlen 1000
 Sent 45762462 bytes 30992 pkt (dropped 1315, overlimits 23406 requeues 0) 
 backlog 22230b 11p requeues 0
qdisc pfifo 20: parent 1:10 limit 12p
 Sent 45762462 bytes 30992 pkt (dropped 1315, overlimits 0 requeues 0) 
 backlog 22230b 11p requeues 0
======================================================================
Timestamp: 2026-04-01 17:38:45
qdisc htb 1: root refcnt 13 r2q 10 default 0x10 direct_packets_stat 0 direct_qlen 1000
 Sent 46641288 bytes 31585 pkt (dropped 1338, overlimits 23851 requeues 0) 
 backlog 22230b 11p requeues 0
qdisc pfifo 20: parent 1:10 limit 12p
 Sent 46641288 bytes 31585 pkt (dropped 1338, overlimits 0 requeues 0) 
 backlog 22230b 11p requeues 0
======================================================================
Timestamp: 2026-04-01 17:38:46
qdisc htb 1: root refcnt 13 r2q 10 default 0x10 direct_packets_stat 0 direct_qlen 1000
 Sent 47006887 bytes 31833 pkt (dropped 1349, overlimits 24041 requeues 0) 
 backlog 22230b 11p requeues 0
qdisc pfifo 20: parent 1:10 limit 12p
 Sent 47006887 bytes 31833 pkt (dropped 1349, overlimits 0 requeues 0) 
 backlog 22230b 11p requeues 0
======================================================================
Timestamp: 2026-04-01 17:38:47
qdisc htb 1: root refcnt 13 r2q 10 default 0x10 direct_packets_stat 0 direct_qlen 1000
 Sent 47781661 bytes 32357 pkt (dropped 1364, overlimits 24433 requeues 0) 
 backlog 0b 0p requeues 0
qdisc pfifo 20: parent 1:10 limit 12p
 Sent 47781661 bytes 32357 pkt (dropped 1364, overlimits 0 requeues 0) 
 backlog 0b 0p requeues 0
======================================================================
Timestamp: 2026-04-01 17:38:48
qdisc htb 1: root refcnt 13 r2q 10 default 0x10 direct_packets_stat 0 direct_qlen 1000
 Sent 47963677 bytes 32480 pkt (dropped 1374, overlimits 24530 requeues 0) 
 backlog 20748b 11p requeues 0
qdisc pfifo 20: parent 1:10 limit 12p
 Sent 47963677 bytes 32480 pkt (dropped 1374, overlimits 0 requeues 0) 
 backlog 20748b 11p requeues 0
======================================================================
Timestamp: 2026-04-01 17:38:49
qdisc htb 1: root refcnt 13 r2q 10 default 0x10 direct_packets_stat 0 direct_qlen 1000
 Sent 48796561 bytes 33042 pkt (dropped 1396, overlimits 24952 requeues 0) 
 backlog 0b 0p requeues 0
qdisc pfifo 20: parent 1:10 limit 12p
 Sent 48796561 bytes 33042 pkt (dropped 1396, overlimits 0 requeues 0) 
 backlog 0b 0p requeues 0
======================================================================
Timestamp: 2026-04-01 17:38:50
qdisc htb 1: root refcnt 13 r2q 10 default 0x10 direct_packets_stat 0 direct_qlen 1000
 Sent 49204722 bytes 33319 pkt (dropped 1396, overlimits 25214 requeues 0) 
 backlog 8892b 6p requeues 0
qdisc pfifo 20: parent 1:10 limit 12p
 Sent 49204722 bytes 33319 pkt (dropped 1396, overlimits 0 requeues 0) 
 backlog 8892b 6p requeues 0
======================================================================
Timestamp: 2026-04-01 17:38:51
qdisc htb 1: root refcnt 13 r2q 10 default 0x10 direct_packets_stat 0 direct_qlen 1000
 Sent 50082066 bytes 33911 pkt (dropped 1396, overlimits 25806 requeues 0) 
 backlog 7410b 5p requeues 0
qdisc pfifo 20: parent 1:10 limit 12p
 Sent 50082066 bytes 33911 pkt (dropped 1396, overlimits 0 requeues 0) 
 backlog 7410b 5p requeues 0
======================================================================
Timestamp: 2026-04-01 17:38:52
qdisc htb 1: root refcnt 13 r2q 10 default 0x10 direct_packets_stat 0 direct_qlen 1000
 Sent 50448990 bytes 34160 pkt (dropped 1396, overlimits 26052 requeues 0) 
 backlog 5928b 4p requeues 0
qdisc pfifo 20: parent 1:10 limit 12p
 Sent 50448990 bytes 34160 pkt (dropped 1396, overlimits 0 requeues 0) 
 backlog 5928b 4p requeues 0
======================================================================
Timestamp: 2026-04-01 17:38:53
qdisc htb 1: root refcnt 13 r2q 10 default 0x10 direct_packets_stat 0 direct_qlen 1000
 Sent 51326334 bytes 34752 pkt (dropped 1396, overlimits 26644 requeues 0) 
 backlog 7410b 5p requeues 0
qdisc pfifo 20: parent 1:10 limit 12p
 Sent 51326334 bytes 34752 pkt (dropped 1396, overlimits 0 requeues 0) 
 backlog 7410b 5p requeues 0
======================================================================
Timestamp: 2026-04-01 17:38:54
qdisc htb 1: root refcnt 13 r2q 10 default 0x10 direct_packets_stat 0 direct_qlen 1000
 Sent 51573163 bytes 34919 pkt (dropped 1396, overlimits 26808 requeues 0) 
 backlog 13338b 9p requeues 0
qdisc pfifo 20: parent 1:10 limit 12p
 Sent 51573163 bytes 34919 pkt (dropped 1396, overlimits 0 requeues 0) 
 backlog 13338b 9p requeues 0
======================================================================
Timestamp: 2026-04-01 17:38:55
qdisc htb 1: root refcnt 13 r2q 10 default 0x10 direct_packets_stat 0 direct_qlen 1000
 Sent 52454953 bytes 35514 pkt (dropped 1396, overlimits 27403 requeues 0) 
 backlog 5928b 4p requeues 0
qdisc pfifo 20: parent 1:10 limit 12p
 Sent 52454953 bytes 35514 pkt (dropped 1396, overlimits 0 requeues 0) 
 backlog 5928b 4p requeues 0
======================================================================
Timestamp: 2026-04-01 17:38:56
qdisc htb 1: root refcnt 13 r2q 10 default 0x10 direct_packets_stat 0 direct_qlen 1000
 Sent 52870814 bytes 35796 pkt (dropped 1396, overlimits 27681 requeues 0) 
 backlog 0b 0p requeues 0
qdisc pfifo 20: parent 1:10 limit 12p
 Sent 52870814 bytes 35796 pkt (dropped 1396, overlimits 0 requeues 0) 
 backlog 0b 0p requeues 0
======================================================================
Timestamp: 2026-04-01 17:38:57
qdisc htb 1: root refcnt 13 r2q 10 default 0x10 direct_packets_stat 0 direct_qlen 1000
 Sent 53743712 bytes 36385 pkt (dropped 1396, overlimits 28267 requeues 0) 
 backlog 5928b 4p requeues 0
qdisc pfifo 20: parent 1:10 limit 12p
 Sent 53743712 bytes 36385 pkt (dropped 1396, overlimits 0 requeues 0) 
 backlog 5928b 4p requeues 0
======================================================================
Timestamp: 2026-04-01 17:38:58
qdisc htb 1: root refcnt 13 r2q 10 default 0x10 direct_packets_stat 0 direct_qlen 1000
 Sent 53975355 bytes 36543 pkt (dropped 1396, overlimits 28423 requeues 0) 
 backlog 0b 0p requeues 0
qdisc pfifo 20: parent 1:10 limit 12p
 Sent 53975355 bytes 36543 pkt (dropped 1396, overlimits 0 requeues 0) 
 backlog 0b 0p requeues 0
======================================================================
Timestamp: 2026-04-01 17:38:59
qdisc htb 1: root refcnt 13 r2q 10 default 0x10 direct_packets_stat 0 direct_qlen 1000
 Sent 54837921 bytes 37126 pkt (dropped 1396, overlimits 29003 requeues 0) 
 backlog 11856b 8p requeues 0
qdisc pfifo 20: parent 1:10 limit 12p
 Sent 54837921 bytes 37126 pkt (dropped 1396, overlimits 0 requeues 0) 
 backlog 11856b 8p requeues 0
======================================================================
Timestamp: 2026-04-01 17:39:00
qdisc htb 1: root refcnt 13 r2q 10 default 0x10 direct_packets_stat 0 direct_qlen 1000
 Sent 55063832 bytes 37280 pkt (dropped 1396, overlimits 29156 requeues 0) 
 backlog 0b 0p requeues 0
qdisc pfifo 20: parent 1:10 limit 12p
 Sent 55063832 bytes 37280 pkt (dropped 1396, overlimits 0 requeues 0) 
 backlog 0b 0p requeues 0
======================================================================
Timestamp: 2026-04-01 17:39:01
qdisc htb 1: root refcnt 13 r2q 10 default 0x10 direct_packets_stat 0 direct_qlen 1000
 Sent 55860878 bytes 37818 pkt (dropped 1396, overlimits 29688 requeues 0) 
 backlog 8892b 6p requeues 0
qdisc pfifo 20: parent 1:10 limit 12p
 Sent 55860878 bytes 37818 pkt (dropped 1396, overlimits 0 requeues 0) 
 backlog 8892b 6p requeues 0
======================================================================
Timestamp: 2026-04-01 17:39:02
qdisc htb 1: root refcnt 13 r2q 10 default 0x10 direct_packets_stat 0 direct_qlen 1000
 Sent 56337190 bytes 38140 pkt (dropped 1396, overlimits 30010 requeues 0) 
 backlog 0b 0p requeues 0
qdisc pfifo 20: parent 1:10 limit 12p
 Sent 56337190 bytes 38140 pkt (dropped 1396, overlimits 0 requeues 0) 
 backlog 0b 0p requeues 0
======================================================================
Timestamp: 2026-04-01 17:39:03
qdisc htb 1: root refcnt 13 r2q 10 default 0x10 direct_packets_stat 0 direct_qlen 1000
 Sent 57011660 bytes 38598 pkt (dropped 1397, overlimits 30463 requeues 0) 
 backlog 0b 0p requeues 0
qdisc pfifo 20: parent 1:10 limit 12p
 Sent 57011660 bytes 38598 pkt (dropped 1397, overlimits 0 requeues 0) 
 backlog 0b 0p requeues 0
======================================================================
Timestamp: 2026-04-01 17:39:04
qdisc htb 1: root refcnt 13 r2q 10 default 0x10 direct_packets_stat 0 direct_qlen 1000
 Sent 57011660 bytes 38598 pkt (dropped 1397, overlimits 30463 requeues 0) 
 backlog 0b 0p requeues 0
qdisc pfifo 20: parent 1:10 limit 12p
 Sent 57011660 bytes 38598 pkt (dropped 1397, overlimits 0 requeues 0) 
 backlog 0b 0p requeues 0
======================================================================
Timestamp: 2026-04-01 17:39:05
qdisc htb 1: root refcnt 13 r2q 10 default 0x10 direct_packets_stat 0 direct_qlen 1000
 Sent 57733124 bytes 39085 pkt (dropped 1397, overlimits 30944 requeues 0) 
 backlog 14820b 10p requeues 0
qdisc pfifo 20: parent 1:10 limit 12p
 Sent 57733124 bytes 39085 pkt (dropped 1397, overlimits 0 requeues 0) 
 backlog 14820b 10p requeues 0
======================================================================
Timestamp: 2026-04-01 17:39:06
qdisc htb 1: root refcnt 13 r2q 10 default 0x10 direct_packets_stat 0 direct_qlen 1000
 Sent 58005139 bytes 39269 pkt (dropped 1397, overlimits 31128 requeues 0) 
 backlog 0b 0p requeues 0
qdisc pfifo 20: parent 1:10 limit 12p
 Sent 58005139 bytes 39269 pkt (dropped 1397, overlimits 0 requeues 0) 
 backlog 0b 0p requeues 0
======================================================================
Timestamp: 2026-04-01 17:39:07
qdisc htb 1: root refcnt 13 r2q 10 default 0x10 direct_packets_stat 0 direct_qlen 1000
 Sent 58719193 bytes 39751 pkt (dropped 1397, overlimits 31607 requeues 0) 
 backlog 11856b 8p requeues 0
qdisc pfifo 20: parent 1:10 limit 12p
 Sent 58719193 bytes 39751 pkt (dropped 1397, overlimits 0 requeues 0) 
 backlog 11856b 8p requeues 0
======================================================================
Timestamp: 2026-04-01 17:39:08
qdisc htb 1: root refcnt 13 r2q 10 default 0x10 direct_packets_stat 0 direct_qlen 1000
 Sent 59158811 bytes 40049 pkt (dropped 1397, overlimits 31904 requeues 0) 
 backlog 0b 0p requeues 0
qdisc pfifo 20: parent 1:10 limit 12p
 Sent 59158811 bytes 40049 pkt (dropped 1397, overlimits 0 requeues 0) 
 backlog 0b 0p requeues 0
======================================================================
Timestamp: 2026-04-01 17:39:09
qdisc htb 1: root refcnt 13 r2q 10 default 0x10 direct_packets_stat 0 direct_qlen 1000
 Sent 59809138 bytes 40488 pkt (dropped 1397, overlimits 32337 requeues 0) 
 backlog 11856b 8p requeues 0
qdisc pfifo 20: parent 1:10 limit 12p
 Sent 59809138 bytes 40488 pkt (dropped 1397, overlimits 0 requeues 0) 
 backlog 11856b 8p requeues 0
======================================================================
Timestamp: 2026-04-01 17:39:10
qdisc htb 1: root refcnt 13 r2q 10 default 0x10 direct_packets_stat 0 direct_qlen 1000
 Sent 60416679 bytes 40899 pkt (dropped 1397, overlimits 32748 requeues 0) 
 backlog 0b 0p requeues 0
qdisc pfifo 20: parent 1:10 limit 12p
 Sent 60416679 bytes 40899 pkt (dropped 1397, overlimits 0 requeues 0) 
 backlog 0b 0p requeues 0
======================================================================
Timestamp: 2026-04-01 17:39:11
qdisc htb 1: root refcnt 13 r2q 10 default 0x10 direct_packets_stat 0 direct_qlen 1000
 Sent 61026993 bytes 41311 pkt (dropped 1397, overlimits 33154 requeues 0) 
 backlog 8892b 6p requeues 0
qdisc pfifo 20: parent 1:10 limit 12p
 Sent 61026993 bytes 41311 pkt (dropped 1397, overlimits 0 requeues 0) 
 backlog 8892b 6p requeues 0
======================================================================
Timestamp: 2026-04-01 17:39:12
qdisc htb 1: root refcnt 13 r2q 10 default 0x10 direct_packets_stat 0 direct_qlen 1000
 Sent 61610835 bytes 41706 pkt (dropped 1397, overlimits 33548 requeues 0) 
 backlog 0b 0p requeues 0
qdisc pfifo 20: parent 1:10 limit 12p
 Sent 61610835 bytes 41706 pkt (dropped 1397, overlimits 0 requeues 0) 
 backlog 0b 0p requeues 0
======================================================================
Timestamp: 2026-04-01 17:39:13
qdisc htb 1: root refcnt 13 r2q 10 default 0x10 direct_packets_stat 0 direct_qlen 1000
 Sent 62181135 bytes 42091 pkt (dropped 1397, overlimits 33927 requeues 0) 
 backlog 7410b 5p requeues 0
qdisc pfifo 20: parent 1:10 limit 12p
 Sent 62181135 bytes 42091 pkt (dropped 1397, overlimits 0 requeues 0) 
 backlog 7410b 5p requeues 0
======================================================================
Timestamp: 2026-04-01 17:39:14
qdisc htb 1: root refcnt 13 r2q 10 default 0x10 direct_packets_stat 0 direct_qlen 1000
 Sent 62937927 bytes 42602 pkt (dropped 1397, overlimits 34438 requeues 0) 
 backlog 0b 0p requeues 0
qdisc pfifo 20: parent 1:10 limit 12p
 Sent 62937927 bytes 42602 pkt (dropped 1397, overlimits 0 requeues 0) 
 backlog 0b 0p requeues 0
======================================================================
Timestamp: 2026-04-01 17:39:15
qdisc htb 1: root refcnt 13 r2q 10 default 0x10 direct_packets_stat 0 direct_qlen 1000
 Sent 63487478 bytes 42973 pkt (dropped 1397, overlimits 34806 requeues 0) 
 backlog 7410b 5p requeues 0
qdisc pfifo 20: parent 1:10 limit 12p
 Sent 63487478 bytes 42973 pkt (dropped 1397, overlimits 0 requeues 0) 
 backlog 7410b 5p requeues 0
======================================================================
Timestamp: 2026-04-01 17:39:16
qdisc htb 1: root refcnt 13 r2q 10 default 0x10 direct_packets_stat 0 direct_qlen 1000
 Sent 64348969 bytes 43557 pkt (dropped 1397, overlimits 35387 requeues 0) 
 backlog 11856b 8p requeues 0
qdisc pfifo 20: parent 1:10 limit 12p
 Sent 64348969 bytes 43557 pkt (dropped 1397, overlimits 0 requeues 0) 
 backlog 11856b 8p requeues 0
======================================================================
Timestamp: 2026-04-01 17:39:17
qdisc htb 1: root refcnt 13 r2q 10 default 0x10 direct_packets_stat 0 direct_qlen 1000
 Sent 65211655 bytes 44140 pkt (dropped 1397, overlimits 35968 requeues 0) 
 backlog 4446b 3p requeues 0
qdisc pfifo 20: parent 1:10 limit 12p
 Sent 65211655 bytes 44140 pkt (dropped 1397, overlimits 0 requeues 0) 
 backlog 4446b 3p requeues 0
======================================================================
Timestamp: 2026-04-01 17:39:18
qdisc htb 1: root refcnt 13 r2q 10 default 0x10 direct_packets_stat 0 direct_qlen 1000
 Sent 65894449 bytes 44602 pkt (dropped 1397, overlimits 36430 requeues 0) 
 backlog 0b 0p requeues 0
qdisc pfifo 20: parent 1:10 limit 12p
 Sent 65894449 bytes 44602 pkt (dropped 1397, overlimits 0 requeues 0) 
 backlog 0b 0p requeues 0
======================================================================
Timestamp: 2026-04-01 17:39:19
qdisc htb 1: root refcnt 13 r2q 10 default 0x10 direct_packets_stat 0 direct_qlen 1000
 Sent 66112032 bytes 44749 pkt (dropped 1397, overlimits 36574 requeues 0) 
 backlog 13338b 9p requeues 0
qdisc pfifo 20: parent 1:10 limit 12p
 Sent 66112032 bytes 44749 pkt (dropped 1397, overlimits 0 requeues 0) 
 backlog 13338b 9p requeues 0
======================================================================
Timestamp: 2026-04-01 17:39:20
qdisc htb 1: root refcnt 13 r2q 10 default 0x10 direct_packets_stat 0 direct_qlen 1000
 Sent 66989376 bytes 45341 pkt (dropped 1397, overlimits 37165 requeues 0) 
 backlog 14820b 10p requeues 0
qdisc pfifo 20: parent 1:10 limit 12p
 Sent 66989376 bytes 45341 pkt (dropped 1397, overlimits 0 requeues 0) 
 backlog 14820b 10p requeues 0
======================================================================
Timestamp: 2026-04-01 17:39:21
qdisc htb 1: root refcnt 13 r2q 10 default 0x10 direct_packets_stat 0 direct_qlen 1000
 Sent 67397057 bytes 45617 pkt (dropped 1397, overlimits 37437 requeues 0) 
 backlog 11856b 8p requeues 0
qdisc pfifo 20: parent 1:10 limit 12p
 Sent 67397057 bytes 45617 pkt (dropped 1397, overlimits 0 requeues 0) 
 backlog 11856b 8p requeues 0
======================================================================
Timestamp: 2026-04-01 17:39:22
qdisc htb 1: root refcnt 13 r2q 10 default 0x10 direct_packets_stat 0 direct_qlen 1000
 Sent 68274604 bytes 46210 pkt (dropped 1397, overlimits 38030 requeues 0) 
 backlog 11856b 8p requeues 0
qdisc pfifo 20: parent 1:10 limit 12p
 Sent 68274604 bytes 46210 pkt (dropped 1397, overlimits 0 requeues 0) 
 backlog 11856b 8p requeues 0
======================================================================
Timestamp: 2026-04-01 17:39:23
qdisc htb 1: root refcnt 13 r2q 10 default 0x10 direct_packets_stat 0 direct_qlen 1000
 Sent 68529536 bytes 46383 pkt (dropped 1397, overlimits 38195 requeues 0) 
 backlog 0b 0p requeues 0
qdisc pfifo 20: parent 1:10 limit 12p
 Sent 68529536 bytes 46383 pkt (dropped 1397, overlimits 0 requeues 0) 
 backlog 0b 0p requeues 0
======================================================================
Timestamp: 2026-04-01 17:39:24
qdisc htb 1: root refcnt 13 r2q 10 default 0x10 direct_packets_stat 0 direct_qlen 1000
 Sent 69392060 bytes 46965 pkt (dropped 1397, overlimits 38775 requeues 0) 
 backlog 8892b 6p requeues 0
qdisc pfifo 20: parent 1:10 limit 12p
 Sent 69392060 bytes 46965 pkt (dropped 1397, overlimits 0 requeues 0) 
 backlog 8892b 6p requeues 0
======================================================================
Timestamp: 2026-04-01 17:39:25
qdisc htb 1: root refcnt 13 r2q 10 default 0x10 direct_packets_stat 0 direct_qlen 1000
 Sent 69864290 bytes 47284 pkt (dropped 1397, overlimits 39090 requeues 0) 
 backlog 5928b 4p requeues 0
qdisc pfifo 20: parent 1:10 limit 12p
 Sent 69864290 bytes 47284 pkt (dropped 1397, overlimits 0 requeues 0) 
 backlog 5928b 4p requeues 0
======================================================================
Timestamp: 2026-04-01 17:39:26
qdisc htb 1: root refcnt 13 r2q 10 default 0x10 direct_packets_stat 0 direct_qlen 1000
 Sent 70741704 bytes 47877 pkt (dropped 1397, overlimits 39683 requeues 0) 
 backlog 7410b 5p requeues 0
qdisc pfifo 20: parent 1:10 limit 12p
 Sent 70741704 bytes 47877 pkt (dropped 1397, overlimits 0 requeues 0) 
 backlog 7410b 5p requeues 0
======================================================================
Timestamp: 2026-04-01 17:39:27
qdisc htb 1: root refcnt 13 r2q 10 default 0x10 direct_packets_stat 0 direct_qlen 1000
 Sent 70945937 bytes 48016 pkt (dropped 1397, overlimits 39816 requeues 0) 
 backlog 0b 0p requeues 0
qdisc pfifo 20: parent 1:10 limit 12p
 Sent 70945937 bytes 48016 pkt (dropped 1397, overlimits 0 requeues 0) 
 backlog 0b 0p requeues 0
======================================================================
Timestamp: 2026-04-01 17:39:28
qdisc htb 1: root refcnt 13 r2q 10 default 0x10 direct_packets_stat 0 direct_qlen 1000
 Sent 71823281 bytes 48608 pkt (dropped 1397, overlimits 40407 requeues 0) 
 backlog 5928b 4p requeues 0
qdisc pfifo 20: parent 1:10 limit 12p
 Sent 71823281 bytes 48608 pkt (dropped 1397, overlimits 0 requeues 0) 
 backlog 5928b 4p requeues 0
======================================================================
Timestamp: 2026-04-01 17:39:29
qdisc htb 1: root refcnt 13 r2q 10 default 0x10 direct_packets_stat 0 direct_qlen 1000
 Sent 72054581 bytes 48766 pkt (dropped 1397, overlimits 40562 requeues 0) 
 backlog 4446b 3p requeues 0
qdisc pfifo 20: parent 1:10 limit 12p
 Sent 72054581 bytes 48766 pkt (dropped 1397, overlimits 0 requeues 0) 
 backlog 4446b 3p requeues 0
======================================================================
Timestamp: 2026-04-01 17:39:30
qdisc htb 1: root refcnt 13 r2q 10 default 0x10 direct_packets_stat 0 direct_qlen 1000
 Sent 72653189 bytes 49170 pkt (dropped 1397, overlimits 40966 requeues 0) 
 backlog 0b 0p requeues 0
qdisc pfifo 20: parent 1:10 limit 12p
 Sent 72653189 bytes 49170 pkt (dropped 1397, overlimits 0 requeues 0) 
 backlog 0b 0p requeues 0
======================================================================
Timestamp: 2026-04-01 17:39:31
qdisc htb 1: root refcnt 13 r2q 10 default 0x10 direct_packets_stat 0 direct_qlen 1000
 Sent 72655925 bytes 49173 pkt (dropped 1397, overlimits 40967 requeues 0) 
 backlog 0b 0p requeues 0
qdisc pfifo 20: parent 1:10 limit 12p
 Sent 72655925 bytes 49173 pkt (dropped 1397, overlimits 0 requeues 0) 
 backlog 0b 0p requeues 0
======================================================================
Timestamp: 2026-04-01 17:39:32
qdisc htb 1: root refcnt 13 r2q 10 default 0x10 direct_packets_stat 0 direct_qlen 1000
 Sent 73502147 bytes 49744 pkt (dropped 1397, overlimits 41536 requeues 0) 
 backlog 5928b 4p requeues 0
qdisc pfifo 20: parent 1:10 limit 12p
 Sent 73502147 bytes 49744 pkt (dropped 1397, overlimits 0 requeues 0) 
 backlog 5928b 4p requeues 0
======================================================================
Timestamp: 2026-04-01 17:39:33
qdisc htb 1: root refcnt 13 r2q 10 default 0x10 direct_packets_stat 0 direct_qlen 1000
 Sent 73841798 bytes 49975 pkt (dropped 1397, overlimits 41766 requeues 0) 
 backlog 0b 0p requeues 0
qdisc pfifo 20: parent 1:10 limit 12p
 Sent 73841798 bytes 49975 pkt (dropped 1397, overlimits 0 requeues 0) 
 backlog 0b 0p requeues 0
======================================================================
Timestamp: 2026-04-01 17:39:34
qdisc htb 1: root refcnt 13 r2q 10 default 0x10 direct_packets_stat 0 direct_qlen 1000
 Sent 74637362 bytes 50512 pkt (dropped 1397, overlimits 42297 requeues 0) 
 backlog 13338b 9p requeues 0
qdisc pfifo 20: parent 1:10 limit 12p
 Sent 74637362 bytes 50512 pkt (dropped 1397, overlimits 0 requeues 0) 
 backlog 13338b 9p requeues 0
======================================================================
Timestamp: 2026-04-01 17:39:35
qdisc htb 1: root refcnt 13 r2q 10 default 0x10 direct_packets_stat 0 direct_qlen 1000
 Sent 74800446 bytes 50623 pkt (dropped 1397, overlimits 42407 requeues 0) 
 backlog 0b 0p requeues 0
qdisc pfifo 20: parent 1:10 limit 12p
 Sent 74800446 bytes 50623 pkt (dropped 1397, overlimits 0 requeues 0) 
 backlog 0b 0p requeues 0
======================================================================
Timestamp: 2026-04-01 17:39:36
qdisc htb 1: root refcnt 13 r2q 10 default 0x10 direct_packets_stat 0 direct_qlen 1000
 Sent 75555995 bytes 51133 pkt (dropped 1397, overlimits 42911 requeues 0) 
 backlog 11856b 8p requeues 0
qdisc pfifo 20: parent 1:10 limit 12p
 Sent 75555995 bytes 51133 pkt (dropped 1397, overlimits 0 requeues 0) 
 backlog 11856b 8p requeues 0
======================================================================
Timestamp: 2026-04-01 17:39:37
qdisc htb 1: root refcnt 13 r2q 10 default 0x10 direct_packets_stat 0 direct_qlen 1000
 Sent 76023713 bytes 51449 pkt (dropped 1397, overlimits 43227 requeues 0) 
 backlog 0b 0p requeues 0
qdisc pfifo 20: parent 1:10 limit 12p
 Sent 76023713 bytes 51449 pkt (dropped 1397, overlimits 0 requeues 0) 
 backlog 0b 0p requeues 0
======================================================================
Timestamp: 2026-04-01 17:39:38
qdisc htb 1: root refcnt 13 r2q 10 default 0x10 direct_packets_stat 0 direct_qlen 1000
 Sent 76768889 bytes 51952 pkt (dropped 1397, overlimits 43727 requeues 0) 
 backlog 7410b 5p requeues 0
qdisc pfifo 20: parent 1:10 limit 12p
 Sent 76768889 bytes 51952 pkt (dropped 1397, overlimits 0 requeues 0) 
 backlog 7410b 5p requeues 0
======================================================================
Timestamp: 2026-04-01 17:39:39
qdisc htb 1: root refcnt 13 r2q 10 default 0x10 direct_packets_stat 0 direct_qlen 1000
 Sent 76837664 bytes 52000 pkt (dropped 1397, overlimits 43774 requeues 0) 
 backlog 0b 0p requeues 0
qdisc pfifo 20: parent 1:10 limit 12p
 Sent 76837664 bytes 52000 pkt (dropped 1397, overlimits 0 requeues 0) 
 backlog 0b 0p requeues 0
======================================================================
Timestamp: 2026-04-01 17:39:40
qdisc htb 1: root refcnt 13 r2q 10 default 0x10 direct_packets_stat 0 direct_qlen 1000
 Sent 77525041 bytes 52464 pkt (dropped 1397, overlimits 44232 requeues 0) 
 backlog 5928b 4p requeues 0
qdisc pfifo 20: parent 1:10 limit 12p
 Sent 77525041 bytes 52464 pkt (dropped 1397, overlimits 0 requeues 0) 
 backlog 5928b 4p requeues 0
======================================================================
Timestamp: 2026-04-01 17:39:41
qdisc htb 1: root refcnt 13 r2q 10 default 0x10 direct_packets_stat 0 direct_qlen 1000
 Sent 77849082 bytes 52684 pkt (dropped 1397, overlimits 44451 requeues 0) 
 backlog 0b 0p requeues 0
qdisc pfifo 20: parent 1:10 limit 12p
 Sent 77849082 bytes 52684 pkt (dropped 1397, overlimits 0 requeues 0) 
 backlog 0b 0p requeues 0
======================================================================
Timestamp: 2026-04-01 17:39:42
qdisc htb 1: root refcnt 13 r2q 10 default 0x10 direct_packets_stat 0 direct_qlen 1000
 Sent 78496446 bytes 53121 pkt (dropped 1397, overlimits 44882 requeues 0) 
 backlog 13338b 9p requeues 0
qdisc pfifo 20: parent 1:10 limit 12p
 Sent 78496446 bytes 53121 pkt (dropped 1397, overlimits 0 requeues 0) 
 backlog 13338b 9p requeues 0
======================================================================
Timestamp: 2026-04-01 17:39:43
qdisc htb 1: root refcnt 13 r2q 10 default 0x10 direct_packets_stat 0 direct_qlen 1000
 Sent 79135636 bytes 53554 pkt (dropped 1397, overlimits 45314 requeues 0) 
 backlog 0b 0p requeues 0
qdisc pfifo 20: parent 1:10 limit 12p
 Sent 79135636 bytes 53554 pkt (dropped 1397, overlimits 0 requeues 0) 
 backlog 0b 0p requeues 0
======================================================================
Timestamp: 2026-04-01 17:39:44
qdisc htb 1: root refcnt 13 r2q 10 default 0x10 direct_packets_stat 0 direct_qlen 1000
 Sent 79729648 bytes 53955 pkt (dropped 1397, overlimits 45709 requeues 0) 
 backlog 5928b 4p requeues 0
qdisc pfifo 20: parent 1:10 limit 12p
 Sent 79729648 bytes 53955 pkt (dropped 1397, overlimits 0 requeues 0) 
 backlog 5928b 4p requeues 0
======================================================================
Timestamp: 2026-04-01 17:39:45
qdisc htb 1: root refcnt 13 r2q 10 default 0x10 direct_packets_stat 0 direct_qlen 1000
 Sent 79984663 bytes 54128 pkt (dropped 1397, overlimits 45882 requeues 0) 
 backlog 0b 0p requeues 0
qdisc pfifo 20: parent 1:10 limit 12p
 Sent 79984663 bytes 54128 pkt (dropped 1397, overlimits 0 requeues 0) 
 backlog 0b 0p requeues 0
======================================================================
Timestamp: 2026-04-01 17:39:46
qdisc htb 1: root refcnt 13 r2q 10 default 0x10 direct_packets_stat 0 direct_qlen 1000
 Sent 80571264 bytes 54524 pkt (dropped 1397, overlimits 46275 requeues 0) 
 backlog 5928b 4p requeues 0
qdisc pfifo 20: parent 1:10 limit 12p
 Sent 80571264 bytes 54524 pkt (dropped 1397, overlimits 0 requeues 0) 
 backlog 5928b 4p requeues 0
======================================================================
Timestamp: 2026-04-01 17:39:47
qdisc htb 1: root refcnt 13 r2q 10 default 0x10 direct_packets_stat 0 direct_qlen 1000
 Sent 81090478 bytes 54876 pkt (dropped 1397, overlimits 46625 requeues 0) 
 backlog 0b 0p requeues 0
qdisc pfifo 20: parent 1:10 limit 12p
 Sent 81090478 bytes 54876 pkt (dropped 1397, overlimits 0 requeues 0) 
 backlog 0b 0p requeues 0
======================================================================
Timestamp: 2026-04-01 17:39:48
qdisc htb 1: root refcnt 13 r2q 10 default 0x10 direct_packets_stat 0 direct_qlen 1000
 Sent 81608908 bytes 55226 pkt (dropped 1397, overlimits 46969 requeues 0) 
 backlog 10374b 7p requeues 0
qdisc pfifo 20: parent 1:10 limit 12p
 Sent 81608908 bytes 55226 pkt (dropped 1397, overlimits 0 requeues 0) 
 backlog 10374b 7p requeues 0
======================================================================
Timestamp: 2026-04-01 17:39:49
qdisc htb 1: root refcnt 13 r2q 10 default 0x10 direct_packets_stat 0 direct_qlen 1000
 Sent 82066088 bytes 55536 pkt (dropped 1397, overlimits 47279 requeues 0) 
 backlog 0b 0p requeues 0
qdisc pfifo 20: parent 1:10 limit 12p
 Sent 82066088 bytes 55536 pkt (dropped 1397, overlimits 0 requeues 0) 
 backlog 0b 0p requeues 0
======================================================================
Timestamp: 2026-04-01 17:39:50
qdisc htb 1: root refcnt 13 r2q 10 default 0x10 direct_packets_stat 0 direct_qlen 1000
 Sent 82565252 bytes 55873 pkt (dropped 1397, overlimits 47613 requeues 0) 
 backlog 7410b 5p requeues 0
qdisc pfifo 20: parent 1:10 limit 12p
 Sent 82565252 bytes 55873 pkt (dropped 1397, overlimits 0 requeues 0) 
 backlog 7410b 5p requeues 0
======================================================================
Timestamp: 2026-04-01 17:39:51
qdisc htb 1: root refcnt 13 r2q 10 default 0x10 direct_packets_stat 0 direct_qlen 1000
 Sent 83225528 bytes 56320 pkt (dropped 1397, overlimits 48059 requeues 0) 
 backlog 0b 0p requeues 0
qdisc pfifo 20: parent 1:10 limit 12p
 Sent 83225528 bytes 56320 pkt (dropped 1397, overlimits 0 requeues 0) 
 backlog 0b 0p requeues 0
======================================================================
Timestamp: 2026-04-01 17:39:52
qdisc htb 1: root refcnt 13 r2q 10 default 0x10 direct_packets_stat 0 direct_qlen 1000
 Sent 83666936 bytes 56619 pkt (dropped 1397, overlimits 48351 requeues 0) 
 backlog 7410b 5p requeues 0
qdisc pfifo 20: parent 1:10 limit 12p
 Sent 83666936 bytes 56619 pkt (dropped 1397, overlimits 0 requeues 0) 
 backlog 7410b 5p requeues 0
======================================================================
Timestamp: 2026-04-01 17:39:53
qdisc htb 1: root refcnt 13 r2q 10 default 0x10 direct_packets_stat 0 direct_qlen 1000
 Sent 84427824 bytes 57134 pkt (dropped 1397, overlimits 48865 requeues 0) 
 backlog 0b 0p requeues 0
qdisc pfifo 20: parent 1:10 limit 12p
 Sent 84427824 bytes 57134 pkt (dropped 1397, overlimits 0 requeues 0) 
 backlog 0b 0p requeues 0
======================================================================
Timestamp: 2026-04-01 17:39:54
qdisc htb 1: root refcnt 13 r2q 10 default 0x10 direct_packets_stat 0 direct_qlen 1000
 Sent 84826212 bytes 57403 pkt (dropped 1397, overlimits 49128 requeues 0) 
 backlog 10374b 7p requeues 0
qdisc pfifo 20: parent 1:10 limit 12p
 Sent 84826212 bytes 57403 pkt (dropped 1397, overlimits 0 requeues 0) 
 backlog 10374b 7p requeues 0
======================================================================
Timestamp: 2026-04-01 17:39:55
qdisc htb 1: root refcnt 13 r2q 10 default 0x10 direct_packets_stat 0 direct_qlen 1000
 Sent 85642029 bytes 57955 pkt (dropped 1397, overlimits 49680 requeues 0) 
 backlog 0b 0p requeues 0
qdisc pfifo 20: parent 1:10 limit 12p
 Sent 85642029 bytes 57955 pkt (dropped 1397, overlimits 0 requeues 0) 
 backlog 0b 0p requeues 0
======================================================================
Timestamp: 2026-04-01 17:39:56
qdisc htb 1: root refcnt 13 r2q 10 default 0x10 direct_packets_stat 0 direct_qlen 1000
 Sent 86031525 bytes 58218 pkt (dropped 1397, overlimits 49940 requeues 0) 
 backlog 8892b 6p requeues 0
qdisc pfifo 20: parent 1:10 limit 12p
 Sent 86031525 bytes 58218 pkt (dropped 1397, overlimits 0 requeues 0) 
 backlog 8892b 6p requeues 0
======================================================================
Timestamp: 2026-04-01 17:39:57
qdisc htb 1: root refcnt 13 r2q 10 default 0x10 direct_packets_stat 0 direct_qlen 1000
 Sent 86844731 bytes 58768 pkt (dropped 1397, overlimits 50489 requeues 0) 
 backlog 0b 0p requeues 0
qdisc pfifo 20: parent 1:10 limit 12p
 Sent 86844731 bytes 58768 pkt (dropped 1397, overlimits 0 requeues 0) 
 backlog 0b 0p requeues 0
======================================================================
Timestamp: 2026-04-01 17:39:58
qdisc htb 1: root refcnt 13 r2q 10 default 0x10 direct_packets_stat 0 direct_qlen 1000
 Sent 87186803 bytes 58999 pkt (dropped 1397, overlimits 50717 requeues 0) 
 backlog 14820b 10p requeues 0
qdisc pfifo 20: parent 1:10 limit 12p
 Sent 87186803 bytes 58999 pkt (dropped 1397, overlimits 0 requeues 0) 
 backlog 14820b 10p requeues 0
======================================================================
Timestamp: 2026-04-01 17:39:59
qdisc htb 1: root refcnt 13 r2q 10 default 0x10 direct_packets_stat 0 direct_qlen 1000
 Sent 88064147 bytes 59591 pkt (dropped 1397, overlimits 51308 requeues 0) 
 backlog 8892b 6p requeues 0
qdisc pfifo 20: parent 1:10 limit 12p
 Sent 88064147 bytes 59591 pkt (dropped 1397, overlimits 0 requeues 0) 
 backlog 8892b 6p requeues 0
======================================================================
Timestamp: 2026-04-01 17:40:00
qdisc htb 1: root refcnt 13 r2q 10 default 0x10 direct_packets_stat 0 direct_qlen 1000
 Sent 88362955 bytes 59794 pkt (dropped 1397, overlimits 51504 requeues 0) 
 backlog 11856b 8p requeues 0
qdisc pfifo 20: parent 1:10 limit 12p
 Sent 88362955 bytes 59794 pkt (dropped 1397, overlimits 0 requeues 0) 
 backlog 11856b 8p requeues 0
======================================================================
Timestamp: 2026-04-01 17:40:01
qdisc htb 1: root refcnt 13 r2q 10 default 0x10 direct_packets_stat 0 direct_qlen 1000
 Sent 89239648 bytes 60386 pkt (dropped 1397, overlimits 52096 requeues 0) 
 backlog 0b 0p requeues 0
qdisc pfifo 20: parent 1:10 limit 12p
 Sent 89239648 bytes 60386 pkt (dropped 1397, overlimits 0 requeues 0) 
 backlog 0b 0p requeues 0
======================================================================
Timestamp: 2026-04-01 17:40:02
qdisc htb 1: root refcnt 13 r2q 10 default 0x10 direct_packets_stat 0 direct_qlen 1000
 Sent 89472149 bytes 60544 pkt (dropped 1397, overlimits 52247 requeues 0) 
 backlog 7410b 5p requeues 0
qdisc pfifo 20: parent 1:10 limit 12p
 Sent 89472149 bytes 60544 pkt (dropped 1397, overlimits 0 requeues 0) 
 backlog 7410b 5p requeues 0
======================================================================
Timestamp: 2026-04-01 17:40:03
qdisc htb 1: root refcnt 13 r2q 10 default 0x10 direct_packets_stat 0 direct_qlen 1000
 Sent 89566850 bytes 60608 pkt (dropped 1397, overlimits 52311 requeues 0) 
 backlog 0b 0p requeues 0
qdisc pfifo 20: parent 1:10 limit 12p
 Sent 89566850 bytes 60608 pkt (dropped 1397, overlimits 0 requeues 0) 
 backlog 0b 0p requeues 0
======================================================================
Timestamp: 2026-04-01 17:40:04
qdisc htb 1: root refcnt 13 r2q 10 default 0x10 direct_packets_stat 0 direct_qlen 1000
 Sent 89784434 bytes 60755 pkt (dropped 1397, overlimits 52455 requeues 0) 
 backlog 10374b 7p requeues 0
qdisc pfifo 20: parent 1:10 limit 12p
 Sent 89784434 bytes 60755 pkt (dropped 1397, overlimits 0 requeues 0) 
 backlog 10374b 7p requeues 0
======================================================================
Timestamp: 2026-04-01 17:40:05
qdisc htb 1: root refcnt 13 r2q 10 default 0x10 direct_packets_stat 0 direct_qlen 1000
 Sent 89956414 bytes 60872 pkt (dropped 1397, overlimits 52571 requeues 0) 
 backlog 0b 0p requeues 0
qdisc pfifo 20: parent 1:10 limit 12p
 Sent 89956414 bytes 60872 pkt (dropped 1397, overlimits 0 requeues 0) 
 backlog 0b 0p requeues 0
======================================================================
Timestamp: 2026-04-01 17:40:06
qdisc htb 1: root refcnt 13 r2q 10 default 0x10 direct_packets_stat 0 direct_qlen 1000
 Sent 90105826 bytes 60973 pkt (dropped 1397, overlimits 52666 requeues 0) 
 backlog 10374b 7p requeues 0
qdisc pfifo 20: parent 1:10 limit 12p
 Sent 90105826 bytes 60973 pkt (dropped 1397, overlimits 0 requeues 0) 
 backlog 10374b 7p requeues 0
======================================================================
Timestamp: 2026-04-01 17:40:07
qdisc htb 1: root refcnt 13 r2q 10 default 0x10 direct_packets_stat 0 direct_qlen 1000
 Sent 90984652 bytes 61566 pkt (dropped 1397, overlimits 53259 requeues 0) 
 backlog 10374b 7p requeues 0
qdisc pfifo 20: parent 1:10 limit 12p
 Sent 90984652 bytes 61566 pkt (dropped 1397, overlimits 0 requeues 0) 
 backlog 10374b 7p requeues 0
======================================================================
Timestamp: 2026-04-01 17:40:08
qdisc htb 1: root refcnt 13 r2q 10 default 0x10 direct_packets_stat 0 direct_qlen 1000
 Sent 91164688 bytes 61688 pkt (dropped 1397, overlimits 53378 requeues 0) 
 backlog 7410b 5p requeues 0
qdisc pfifo 20: parent 1:10 limit 12p
 Sent 91164688 bytes 61688 pkt (dropped 1397, overlimits 0 requeues 0) 
 backlog 7410b 5p requeues 0
======================================================================
Timestamp: 2026-04-01 17:40:09
qdisc htb 1: root refcnt 13 r2q 10 default 0x10 direct_packets_stat 0 direct_qlen 1000
 Sent 92043514 bytes 62281 pkt (dropped 1397, overlimits 53971 requeues 0) 
 backlog 11856b 8p requeues 0
qdisc pfifo 20: parent 1:10 limit 12p
 Sent 92043514 bytes 62281 pkt (dropped 1397, overlimits 0 requeues 0) 
 backlog 11856b 8p requeues 0
======================================================================
Timestamp: 2026-04-01 17:40:11
qdisc htb 1: root refcnt 13 r2q 10 default 0x10 direct_packets_stat 0 direct_qlen 1000
 Sent 92398590 bytes 62521 pkt (dropped 1397, overlimits 54208 requeues 0) 
 backlog 7410b 5p requeues 0
qdisc pfifo 20: parent 1:10 limit 12p
 Sent 92398590 bytes 62521 pkt (dropped 1397, overlimits 0 requeues 0) 
 backlog 7410b 5p requeues 0
======================================================================
Timestamp: 2026-04-01 17:40:12
qdisc htb 1: root refcnt 13 r2q 10 default 0x10 direct_packets_stat 0 direct_qlen 1000
 Sent 93277416 bytes 63114 pkt (dropped 1397, overlimits 54801 requeues 0) 
 backlog 13338b 9p requeues 0
qdisc pfifo 20: parent 1:10 limit 12p
 Sent 93277416 bytes 63114 pkt (dropped 1397, overlimits 0 requeues 0) 
 backlog 13338b 9p requeues 0
======================================================================
Timestamp: 2026-04-01 17:40:13
qdisc htb 1: root refcnt 13 r2q 10 default 0x10 direct_packets_stat 0 direct_qlen 1000
 Sent 93670556 bytes 63381 pkt (dropped 1397, overlimits 55063 requeues 0) 
 backlog 0b 0p requeues 0
qdisc pfifo 20: parent 1:10 limit 12p
 Sent 93670556 bytes 63381 pkt (dropped 1397, overlimits 0 requeues 0) 
 backlog 0b 0p requeues 0
======================================================================
Timestamp: 2026-04-01 17:40:14
qdisc htb 1: root refcnt 13 r2q 10 default 0x10 direct_packets_stat 0 direct_qlen 1000
 Sent 94461944 bytes 63915 pkt (dropped 1397, overlimits 55587 requeues 0) 
 backlog 11856b 8p requeues 0
qdisc pfifo 20: parent 1:10 limit 12p
 Sent 94461944 bytes 63915 pkt (dropped 1397, overlimits 0 requeues 0) 
 backlog 11856b 8p requeues 0
======================================================================
Timestamp: 2026-04-01 17:40:15
qdisc htb 1: root refcnt 13 r2q 10 default 0x10 direct_packets_stat 0 direct_qlen 1000
 Sent 94897845 bytes 64211 pkt (dropped 1397, overlimits 55880 requeues 0) 
 backlog 2964b 1p requeues 0
qdisc pfifo 20: parent 1:10 limit 12p
 Sent 94897845 bytes 64211 pkt (dropped 1397, overlimits 0 requeues 0) 
 backlog 2964b 1p requeues 0
======================================================================
Timestamp: 2026-04-01 17:40:16
qdisc htb 1: root refcnt 13 r2q 10 default 0x10 direct_packets_stat 0 direct_qlen 1000
 Sent 95751477 bytes 64787 pkt (dropped 1397, overlimits 56451 requeues 0) 
 backlog 5928b 4p requeues 0
qdisc pfifo 20: parent 1:10 limit 12p
 Sent 95751477 bytes 64787 pkt (dropped 1397, overlimits 0 requeues 0) 
 backlog 5928b 4p requeues 0
======================================================================
Timestamp: 2026-04-01 17:40:17
qdisc htb 1: root refcnt 13 r2q 10 default 0x10 direct_packets_stat 0 direct_qlen 1000
 Sent 96154519 bytes 65061 pkt (dropped 1397, overlimits 56724 requeues 0) 
 backlog 0b 0p requeues 0
qdisc pfifo 20: parent 1:10 limit 12p
 Sent 96154519 bytes 65061 pkt (dropped 1397, overlimits 0 requeues 0) 
 backlog 0b 0p requeues 0
======================================================================
Timestamp: 2026-04-01 17:40:18
qdisc htb 1: root refcnt 13 r2q 10 default 0x10 direct_packets_stat 0 direct_qlen 1000
 Sent 96994813 bytes 65628 pkt (dropped 1397, overlimits 57289 requeues 0) 
 backlog 11856b 8p requeues 0
qdisc pfifo 20: parent 1:10 limit 12p
 Sent 96994813 bytes 65628 pkt (dropped 1397, overlimits 0 requeues 0) 
 backlog 11856b 8p requeues 0
======================================================================
Timestamp: 2026-04-01 17:40:19
qdisc htb 1: root refcnt 13 r2q 10 default 0x10 direct_packets_stat 0 direct_qlen 1000
 Sent 97851430 bytes 66207 pkt (dropped 1397, overlimits 57865 requeues 0) 
 backlog 5928b 4p requeues 0
qdisc pfifo 20: parent 1:10 limit 12p
 Sent 97851430 bytes 66207 pkt (dropped 1397, overlimits 0 requeues 0) 
 backlog 5928b 4p requeues 0
======================================================================
Timestamp: 2026-04-01 17:40:20
qdisc htb 1: root refcnt 13 r2q 10 default 0x10 direct_packets_stat 0 direct_qlen 1000
 Sent 98706348 bytes 66785 pkt (dropped 1397, overlimits 58440 requeues 0) 
 backlog 8892b 6p requeues 0
qdisc pfifo 20: parent 1:10 limit 12p
 Sent 98706348 bytes 66785 pkt (dropped 1397, overlimits 0 requeues 0) 
 backlog 8892b 6p requeues 0
======================================================================
Timestamp: 2026-04-01 17:40:21
qdisc htb 1: root refcnt 13 r2q 10 default 0x10 direct_packets_stat 0 direct_qlen 1000
 Sent 99585216 bytes 67379 pkt (dropped 1397, overlimits 59034 requeues 0) 
 backlog 10374b 7p requeues 0
qdisc pfifo 20: parent 1:10 limit 12p
 Sent 99585216 bytes 67379 pkt (dropped 1397, overlimits 0 requeues 0) 
 backlog 10374b 7p requeues 0
======================================================================
Timestamp: 2026-04-01 17:40:22
qdisc htb 1: root refcnt 13 r2q 10 default 0x10 direct_packets_stat 0 direct_qlen 1000
 Sent 99906090 bytes 67597 pkt (dropped 1397, overlimits 59248 requeues 0) 
 backlog 11856b 8p requeues 0
qdisc pfifo 20: parent 1:10 limit 12p
 Sent 99906090 bytes 67597 pkt (dropped 1397, overlimits 0 requeues 0) 
 backlog 11856b 8p requeues 0
======================================================================
Timestamp: 2026-04-01 17:40:23
qdisc htb 1: root refcnt 13 r2q 10 default 0x10 direct_packets_stat 0 direct_qlen 1000
 Sent 100784916 bytes 68190 pkt (dropped 1397, overlimits 59841 requeues 0) 
 backlog 4446b 3p requeues 0
qdisc pfifo 20: parent 1:10 limit 12p
 Sent 100784916 bytes 68190 pkt (dropped 1397, overlimits 0 requeues 0) 
 backlog 4446b 3p requeues 0
======================================================================
Timestamp: 2026-04-01 17:40:24
qdisc htb 1: root refcnt 13 r2q 10 default 0x10 direct_packets_stat 0 direct_qlen 1000
 Sent 100805073 bytes 68204 pkt (dropped 1397, overlimits 59854 requeues 0) 
 backlog 0b 0p requeues 0
qdisc pfifo 20: parent 1:10 limit 12p
 Sent 100805073 bytes 68204 pkt (dropped 1397, overlimits 0 requeues 0) 
 backlog 0b 0p requeues 0
======================================================================
Timestamp: 2026-04-01 17:40:25
qdisc htb 1: root refcnt 13 r2q 10 default 0x10 direct_packets_stat 0 direct_qlen 1000
 Sent 101656952 bytes 68780 pkt (dropped 1397, overlimits 60427 requeues 0) 
 backlog 0b 0p requeues 0
qdisc pfifo 20: parent 1:10 limit 12p
 Sent 101656952 bytes 68780 pkt (dropped 1397, overlimits 0 requeues 0) 
 backlog 0b 0p requeues 0
======================================================================
Timestamp: 2026-04-01 17:40:26
qdisc htb 1: root refcnt 13 r2q 10 default 0x10 direct_packets_stat 0 direct_qlen 1000
 Sent 101656952 bytes 68780 pkt (dropped 1397, overlimits 60427 requeues 0) 
 backlog 0b 0p requeues 0
qdisc pfifo 20: parent 1:10 limit 12p
 Sent 101656952 bytes 68780 pkt (dropped 1397, overlimits 0 requeues 0) 
 backlog 0b 0p requeues 0
======================================================================
Timestamp: 2026-04-01 17:40:27
qdisc htb 1: root refcnt 13 r2q 10 default 0x10 direct_packets_stat 0 direct_qlen 1000
 Sent 102445110 bytes 69312 pkt (dropped 1397, overlimits 60953 requeues 0) 
 backlog 5928b 4p requeues 0
qdisc pfifo 20: parent 1:10 limit 12p
 Sent 102445110 bytes 69312 pkt (dropped 1397, overlimits 0 requeues 0) 
 backlog 5928b 4p requeues 0
======================================================================
Timestamp: 2026-04-01 17:40:28
qdisc htb 1: root refcnt 13 r2q 10 default 0x10 direct_packets_stat 0 direct_qlen 1000
 Sent 102821949 bytes 69568 pkt (dropped 1397, overlimits 61209 requeues 0) 
 backlog 0b 0p requeues 0
qdisc pfifo 20: parent 1:10 limit 12p
 Sent 102821949 bytes 69568 pkt (dropped 1397, overlimits 0 requeues 0) 
 backlog 0b 0p requeues 0
======================================================================
Timestamp: 2026-04-01 17:40:29
qdisc htb 1: root refcnt 13 r2q 10 default 0x10 direct_packets_stat 0 direct_qlen 1000
 Sent 103618999 bytes 70106 pkt (dropped 1397, overlimits 61744 requeues 0) 
 backlog 13338b 9p requeues 0
qdisc pfifo 20: parent 1:10 limit 12p
 Sent 103618999 bytes 70106 pkt (dropped 1397, overlimits 0 requeues 0) 
 backlog 13338b 9p requeues 0
======================================================================
Timestamp: 2026-04-01 17:40:30
qdisc htb 1: root refcnt 13 r2q 10 default 0x10 direct_packets_stat 0 direct_qlen 1000
 Sent 103638158 bytes 70120 pkt (dropped 1397, overlimits 61757 requeues 0) 
 backlog 0b 0p requeues 0
qdisc pfifo 20: parent 1:10 limit 12p
 Sent 103638158 bytes 70120 pkt (dropped 1397, overlimits 0 requeues 0) 
 backlog 0b 0p requeues 0
======================================================================
Timestamp: 2026-04-01 17:40:31
qdisc htb 1: root refcnt 13 r2q 10 default 0x10 direct_packets_stat 0 direct_qlen 1000
 Sent 104365554 bytes 70611 pkt (dropped 1397, overlimits 62242 requeues 0) 
 backlog 10374b 7p requeues 0
qdisc pfifo 20: parent 1:10 limit 12p
 Sent 104365554 bytes 70611 pkt (dropped 1397, overlimits 0 requeues 0) 
 backlog 10374b 7p requeues 0
======================================================================
Timestamp: 2026-04-01 17:40:32
qdisc htb 1: root refcnt 13 r2q 10 default 0x10 direct_packets_stat 0 direct_qlen 1000
 Sent 104901135 bytes 70974 pkt (dropped 1397, overlimits 62605 requeues 0) 
 backlog 0b 0p requeues 0
qdisc pfifo 20: parent 1:10 limit 12p
 Sent 104901135 bytes 70974 pkt (dropped 1397, overlimits 0 requeues 0) 
 backlog 0b 0p requeues 0
======================================================================
Timestamp: 2026-04-01 17:40:33
qdisc htb 1: root refcnt 13 r2q 10 default 0x10 direct_packets_stat 0 direct_qlen 1000
 Sent 105588517 bytes 71438 pkt (dropped 1397, overlimits 63063 requeues 0) 
 backlog 8892b 6p requeues 0
qdisc pfifo 20: parent 1:10 limit 12p
 Sent 105588517 bytes 71438 pkt (dropped 1397, overlimits 0 requeues 0) 
 backlog 8892b 6p requeues 0
======================================================================
Timestamp: 2026-04-01 17:40:34
qdisc htb 1: root refcnt 13 r2q 10 default 0x10 direct_packets_stat 0 direct_qlen 1000
 Sent 106216684 bytes 71863 pkt (dropped 1397, overlimits 63488 requeues 0) 
 backlog 0b 0p requeues 0
qdisc pfifo 20: parent 1:10 limit 12p
 Sent 106216684 bytes 71863 pkt (dropped 1397, overlimits 0 requeues 0) 
 backlog 0b 0p requeues 0
======================================================================
Timestamp: 2026-04-01 17:40:35
qdisc htb 1: root refcnt 13 r2q 10 default 0x10 direct_packets_stat 0 direct_qlen 1000
 Sent 106881836 bytes 72312 pkt (dropped 1397, overlimits 63934 requeues 0) 
 backlog 5928b 4p requeues 0
qdisc pfifo 20: parent 1:10 limit 12p
 Sent 106881836 bytes 72312 pkt (dropped 1397, overlimits 0 requeues 0) 
 backlog 5928b 4p requeues 0
======================================================================
Timestamp: 2026-04-01 17:40:36
qdisc htb 1: root refcnt 13 r2q 10 default 0x10 direct_packets_stat 0 direct_qlen 1000
 Sent 107436963 bytes 72688 pkt (dropped 1397, overlimits 64310 requeues 0) 
 backlog 0b 0p requeues 0
qdisc pfifo 20: parent 1:10 limit 12p
 Sent 107436963 bytes 72688 pkt (dropped 1397, overlimits 0 requeues 0) 
 backlog 0b 0p requeues 0
======================================================================
Timestamp: 2026-04-01 17:40:37
qdisc htb 1: root refcnt 13 r2q 10 default 0x10 direct_packets_stat 0 direct_qlen 1000
 Sent 107953915 bytes 73037 pkt (dropped 1397, overlimits 64650 requeues 0) 
 backlog 5928b 4p requeues 0
qdisc pfifo 20: parent 1:10 limit 12p
 Sent 107953915 bytes 73037 pkt (dropped 1397, overlimits 0 requeues 0) 
 backlog 5928b 4p requeues 0
======================================================================
Timestamp: 2026-04-01 17:40:38
qdisc htb 1: root refcnt 13 r2q 10 default 0x10 direct_packets_stat 0 direct_qlen 1000
 Sent 108782409 bytes 73597 pkt (dropped 1397, overlimits 65208 requeues 0) 
 backlog 0b 0p requeues 0
qdisc pfifo 20: parent 1:10 limit 12p
 Sent 108782409 bytes 73597 pkt (dropped 1397, overlimits 0 requeues 0) 
 backlog 0b 0p requeues 0
======================================================================
Timestamp: 2026-04-01 17:40:39
qdisc htb 1: root refcnt 13 r2q 10 default 0x10 direct_packets_stat 0 direct_qlen 1000
 Sent 109354195 bytes 73983 pkt (dropped 1397, overlimits 65588 requeues 0) 
 backlog 13338b 9p requeues 0
qdisc pfifo 20: parent 1:10 limit 12p
 Sent 109354195 bytes 73983 pkt (dropped 1397, overlimits 0 requeues 0) 
 backlog 13338b 9p requeues 0
======================================================================
Timestamp: 2026-04-01 17:40:40
qdisc htb 1: root refcnt 13 r2q 10 default 0x10 direct_packets_stat 0 direct_qlen 1000
 Sent 109966940 bytes 74397 pkt (dropped 1397, overlimits 66001 requeues 0) 
 backlog 0b 0p requeues 0
qdisc pfifo 20: parent 1:10 limit 12p
 Sent 109966940 bytes 74397 pkt (dropped 1397, overlimits 0 requeues 0) 
 backlog 0b 0p requeues 0
======================================================================
Timestamp: 2026-04-01 17:40:41
qdisc htb 1: root refcnt 13 r2q 10 default 0x10 direct_packets_stat 0 direct_qlen 1000
 Sent 110520942 bytes 74771 pkt (dropped 1397, overlimits 66372 requeues 0) 
 backlog 8892b 6p requeues 0
qdisc pfifo 20: parent 1:10 limit 12p
 Sent 110520942 bytes 74771 pkt (dropped 1397, overlimits 0 requeues 0) 
 backlog 8892b 6p requeues 0
======================================================================
Timestamp: 2026-04-01 17:40:42
qdisc htb 1: root refcnt 13 r2q 10 default 0x10 direct_packets_stat 0 direct_qlen 1000
 Sent 111269546 bytes 75278 pkt (dropped 1397, overlimits 66879 requeues 0) 
 backlog 0b 0p requeues 0
qdisc pfifo 20: parent 1:10 limit 12p
 Sent 111269546 bytes 75278 pkt (dropped 1397, overlimits 0 requeues 0) 
 backlog 0b 0p requeues 0
======================================================================
Timestamp: 2026-04-01 17:40:43
qdisc htb 1: root refcnt 13 r2q 10 default 0x10 direct_packets_stat 0 direct_qlen 1000
 Sent 111785016 bytes 75626 pkt (dropped 1397, overlimits 67224 requeues 0) 
 backlog 13338b 9p requeues 0
qdisc pfifo 20: parent 1:10 limit 12p
 Sent 111785016 bytes 75626 pkt (dropped 1397, overlimits 0 requeues 0) 
 backlog 13338b 9p requeues 0
