Starting TC Qdisc Monitoring for s1-eth2
Timestamp, Qdisc Stats
======================================================================
Timestamp: 2026-03-31 14:36:05
qdisc htb 1: root refcnt 13 r2q 10 default 0x10 direct_packets_stat 0 direct_qlen 1000
 Sent 7192 bytes 36 pkt (dropped 0, overlimits 2 requeues 0) 
 backlog 0b 0p requeues 0
qdisc pfifo 20: parent 1:10 limit 12p
 Sent 7192 bytes 36 pkt (dropped 0, overlimits 0 requeues 0) 
 backlog 0b 0p requeues 0
======================================================================
Timestamp: 2026-03-31 14:36:06
qdisc htb 1: root refcnt 13 r2q 10 default 0x10 direct_packets_stat 0 direct_qlen 1000
 Sent 106680 bytes 106 pkt (dropped 1, overlimits 52 requeues 0) 
 backlog 12195b 3p requeues 0
qdisc pfifo 20: parent 1:10 limit 12p
 Sent 106680 bytes 106 pkt (dropped 1, overlimits 0 requeues 0) 
 backlog 12195b 3p requeues 0
======================================================================
Timestamp: 2026-03-31 14:36:07
qdisc htb 1: root refcnt 13 r2q 10 default 0x10 direct_packets_stat 0 direct_qlen 1000
 Sent 912737 bytes 653 pkt (dropped 1, overlimits 251 requeues 0) 
 backlog 25194b 4p requeues 0
qdisc pfifo 20: parent 1:10 limit 12p
 Sent 912737 bytes 653 pkt (dropped 1, overlimits 0 requeues 0) 
 backlog 25194b 4p requeues 0
======================================================================
Timestamp: 2026-03-31 14:36:08
qdisc htb 1: root refcnt 13 r2q 10 default 0x10 direct_packets_stat 0 direct_qlen 1000
 Sent 1245512 bytes 880 pkt (dropped 1, overlimits 319 requeues 0) 
 backlog 14820b 10p requeues 0
qdisc pfifo 20: parent 1:10 limit 12p
 Sent 1245512 bytes 880 pkt (dropped 1, overlimits 0 requeues 0) 
 backlog 14820b 10p requeues 0
======================================================================
Timestamp: 2026-03-31 14:36:09
qdisc htb 1: root refcnt 13 r2q 10 default 0x10 direct_packets_stat 0 direct_qlen 1000
 Sent 2133529 bytes 1483 pkt (dropped 10, overlimits 485 requeues 0) 
 backlog 32604b 4p requeues 0
qdisc pfifo 20: parent 1:10 limit 12p
 Sent 2133529 bytes 1483 pkt (dropped 10, overlimits 0 requeues 0) 
 backlog 32604b 4p requeues 0
======================================================================
Timestamp: 2026-03-31 14:36:10
qdisc htb 1: root refcnt 13 r2q 10 default 0x10 direct_packets_stat 0 direct_qlen 1000
 Sent 2475597 bytes 1715 pkt (dropped 10, overlimits 530 requeues 0) 
 backlog 0b 0p requeues 0
qdisc pfifo 20: parent 1:10 limit 12p
 Sent 2475597 bytes 1715 pkt (dropped 10, overlimits 0 requeues 0) 
 backlog 0b 0p requeues 0
======================================================================
Timestamp: 2026-03-31 14:36:11
qdisc htb 1: root refcnt 13 r2q 10 default 0x10 direct_packets_stat 0 direct_qlen 1000
 Sent 3355905 bytes 2309 pkt (dropped 25, overlimits 700 requeues 0) 
 backlog 37050b 5p requeues 0
qdisc pfifo 20: parent 1:10 limit 12p
 Sent 3355905 bytes 2309 pkt (dropped 25, overlimits 0 requeues 0) 
 backlog 37050b 5p requeues 0
======================================================================
Timestamp: 2026-03-31 14:36:12
qdisc htb 1: root refcnt 13 r2q 10 default 0x10 direct_packets_stat 0 direct_qlen 1000
 Sent 3814701 bytes 2620 pkt (dropped 25, overlimits 752 requeues 0) 
 backlog 0b 0p requeues 0
qdisc pfifo 20: parent 1:10 limit 12p
 Sent 3814701 bytes 2620 pkt (dropped 25, overlimits 0 requeues 0) 
 backlog 0b 0p requeues 0
======================================================================
Timestamp: 2026-03-31 14:36:13
qdisc htb 1: root refcnt 13 r2q 10 default 0x10 direct_packets_stat 0 direct_qlen 1000
 Sent 4654987 bytes 3187 pkt (dropped 64, overlimits 939 requeues 0) 
 backlog 35568b 5p requeues 0
qdisc pfifo 20: parent 1:10 limit 12p
 Sent 4654987 bytes 3187 pkt (dropped 64, overlimits 0 requeues 0) 
 backlog 35568b 5p requeues 0
======================================================================
Timestamp: 2026-03-31 14:36:14
qdisc htb 1: root refcnt 13 r2q 10 default 0x10 direct_packets_stat 0 direct_qlen 1000
 Sent 5050204 bytes 3455 pkt (dropped 64, overlimits 990 requeues 0) 
 backlog 0b 0p requeues 0
qdisc pfifo 20: parent 1:10 limit 12p
 Sent 5050204 bytes 3455 pkt (dropped 64, overlimits 0 requeues 0) 
 backlog 0b 0p requeues 0
======================================================================
Timestamp: 2026-03-31 14:36:15
qdisc htb 1: root refcnt 13 r2q 10 default 0x10 direct_packets_stat 0 direct_qlen 1000
 Sent 5854656 bytes 3998 pkt (dropped 79, overlimits 1188 requeues 0) 
 backlog 29640b 4p requeues 0
qdisc pfifo 20: parent 1:10 limit 12p
 Sent 5854656 bytes 3998 pkt (dropped 79, overlimits 0 requeues 0) 
 backlog 29640b 4p requeues 0
======================================================================
Timestamp: 2026-03-31 14:36:16
qdisc htb 1: root refcnt 13 r2q 10 default 0x10 direct_packets_stat 0 direct_qlen 1000
 Sent 6308793 bytes 4306 pkt (dropped 79, overlimits 1245 requeues 0) 
 backlog 0b 0p requeues 0
qdisc pfifo 20: parent 1:10 limit 12p
 Sent 6308793 bytes 4306 pkt (dropped 79, overlimits 0 requeues 0) 
 backlog 0b 0p requeues 0
======================================================================
Timestamp: 2026-03-31 14:36:17
qdisc htb 1: root refcnt 13 r2q 10 default 0x10 direct_packets_stat 0 direct_qlen 1000
 Sent 7065910 bytes 4818 pkt (dropped 93, overlimits 1432 requeues 0) 
 backlog 25194b 4p requeues 0
qdisc pfifo 20: parent 1:10 limit 12p
 Sent 7065910 bytes 4818 pkt (dropped 93, overlimits 0 requeues 0) 
 backlog 25194b 4p requeues 0
======================================================================
Timestamp: 2026-03-31 14:36:18
qdisc htb 1: root refcnt 13 r2q 10 default 0x10 direct_packets_stat 0 direct_qlen 1000
 Sent 7545060 bytes 5143 pkt (dropped 93, overlimits 1488 requeues 0) 
 backlog 0b 0p requeues 0
qdisc pfifo 20: parent 1:10 limit 12p
 Sent 7545060 bytes 5143 pkt (dropped 93, overlimits 0 requeues 0) 
 backlog 0b 0p requeues 0
======================================================================
Timestamp: 2026-03-31 14:36:19
qdisc htb 1: root refcnt 13 r2q 10 default 0x10 direct_packets_stat 0 direct_qlen 1000
 Sent 8257631 bytes 5624 pkt (dropped 106, overlimits 1643 requeues 0) 
 backlog 35568b 5p requeues 0
qdisc pfifo 20: parent 1:10 limit 12p
 Sent 8257631 bytes 5624 pkt (dropped 106, overlimits 0 requeues 0) 
 backlog 35568b 5p requeues 0
======================================================================
Timestamp: 2026-03-31 14:36:20
qdisc htb 1: root refcnt 13 r2q 10 default 0x10 direct_packets_stat 0 direct_qlen 1000
 Sent 9114134 bytes 6203 pkt (dropped 133, overlimits 1821 requeues 0) 
 backlog 19266b 2p requeues 0
qdisc pfifo 20: parent 1:10 limit 12p
 Sent 9114134 bytes 6203 pkt (dropped 133, overlimits 0 requeues 0) 
 backlog 19266b 2p requeues 0
======================================================================
Timestamp: 2026-03-31 14:36:21
qdisc htb 1: root refcnt 13 r2q 10 default 0x10 direct_packets_stat 0 direct_qlen 1000
 Sent 9997503 bytes 6800 pkt (dropped 133, overlimits 1925 requeues 0) 
 backlog 30145b 5p requeues 0
qdisc pfifo 20: parent 1:10 limit 12p
 Sent 9997503 bytes 6800 pkt (dropped 133, overlimits 0 requeues 0) 
 backlog 30145b 5p requeues 0
======================================================================
Timestamp: 2026-03-31 14:36:22
qdisc htb 1: root refcnt 13 r2q 10 default 0x10 direct_packets_stat 0 direct_qlen 1000
 Sent 10845793 bytes 7374 pkt (dropped 164, overlimits 2135 requeues 0) 
 backlog 22230b 2p requeues 0
qdisc pfifo 20: parent 1:10 limit 12p
 Sent 10845793 bytes 7374 pkt (dropped 164, overlimits 0 requeues 0) 
 backlog 22230b 2p requeues 0
======================================================================
Timestamp: 2026-03-31 14:36:23
qdisc htb 1: root refcnt 13 r2q 10 default 0x10 direct_packets_stat 0 direct_qlen 1000
 Sent 10958120 bytes 7452 pkt (dropped 164, overlimits 2149 requeues 0) 
 backlog 0b 0p requeues 0
qdisc pfifo 20: parent 1:10 limit 12p
 Sent 10958120 bytes 7452 pkt (dropped 164, overlimits 0 requeues 0) 
 backlog 0b 0p requeues 0
======================================================================
Timestamp: 2026-03-31 14:36:24
qdisc htb 1: root refcnt 13 r2q 10 default 0x10 direct_packets_stat 0 direct_qlen 1000
 Sent 11740345 bytes 7980 pkt (dropped 174, overlimits 2273 requeues 0) 
 backlog 26676b 3p requeues 0
qdisc pfifo 20: parent 1:10 limit 12p
 Sent 11740345 bytes 7980 pkt (dropped 174, overlimits 0 requeues 0) 
 backlog 26676b 3p requeues 0
======================================================================
Timestamp: 2026-03-31 14:36:25
qdisc htb 1: root refcnt 13 r2q 10 default 0x10 direct_packets_stat 0 direct_qlen 1000
 Sent 11812635 bytes 8031 pkt (dropped 174, overlimits 2283 requeues 0) 
 backlog 0b 0p requeues 0
qdisc pfifo 20: parent 1:10 limit 12p
 Sent 11812635 bytes 8031 pkt (dropped 174, overlimits 0 requeues 0) 
 backlog 0b 0p requeues 0
======================================================================
Timestamp: 2026-03-31 14:36:26
qdisc htb 1: root refcnt 13 r2q 10 default 0x10 direct_packets_stat 0 direct_qlen 1000
 Sent 12545954 bytes 8526 pkt (dropped 186, overlimits 2456 requeues 0) 
 backlog 29640b 4p requeues 0
qdisc pfifo 20: parent 1:10 limit 12p
 Sent 12545954 bytes 8526 pkt (dropped 186, overlimits 0 requeues 0) 
 backlog 29640b 4p requeues 0
======================================================================
Timestamp: 2026-03-31 14:36:27
qdisc htb 1: root refcnt 13 r2q 10 default 0x10 direct_packets_stat 0 direct_qlen 1000
 Sent 12977480 bytes 8819 pkt (dropped 186, overlimits 2517 requeues 0) 
 backlog 0b 0p requeues 0
qdisc pfifo 20: parent 1:10 limit 12p
 Sent 12977480 bytes 8819 pkt (dropped 186, overlimits 0 requeues 0) 
 backlog 0b 0p requeues 0
======================================================================
Timestamp: 2026-03-31 14:36:28
qdisc htb 1: root refcnt 13 r2q 10 default 0x10 direct_packets_stat 0 direct_qlen 1000
 Sent 13668016 bytes 9287 pkt (dropped 213, overlimits 2691 requeues 0) 
 backlog 31122b 4p requeues 0
qdisc pfifo 20: parent 1:10 limit 12p
 Sent 13668016 bytes 9287 pkt (dropped 213, overlimits 0 requeues 0) 
 backlog 31122b 4p requeues 0
======================================================================
Timestamp: 2026-03-31 14:36:29
qdisc htb 1: root refcnt 13 r2q 10 default 0x10 direct_packets_stat 0 direct_qlen 1000
 Sent 13793714 bytes 9372 pkt (dropped 213, overlimits 2710 requeues 0) 
 backlog 0b 0p requeues 0
qdisc pfifo 20: parent 1:10 limit 12p
 Sent 13793714 bytes 9372 pkt (dropped 213, overlimits 0 requeues 0) 
 backlog 0b 0p requeues 0
======================================================================
Timestamp: 2026-03-31 14:36:30
qdisc htb 1: root refcnt 13 r2q 10 default 0x10 direct_packets_stat 0 direct_qlen 1000
 Sent 14447005 bytes 9813 pkt (dropped 225, overlimits 2843 requeues 0) 
 backlog 25194b 3p requeues 0
qdisc pfifo 20: parent 1:10 limit 12p
 Sent 14447005 bytes 9813 pkt (dropped 225, overlimits 0 requeues 0) 
 backlog 25194b 3p requeues 0
======================================================================
Timestamp: 2026-03-31 14:36:31
qdisc htb 1: root refcnt 13 r2q 10 default 0x10 direct_packets_stat 0 direct_qlen 1000
 Sent 15056566 bytes 10227 pkt (dropped 225, overlimits 2916 requeues 0) 
 backlog 0b 0p requeues 0
qdisc pfifo 20: parent 1:10 limit 12p
 Sent 15056566 bytes 10227 pkt (dropped 225, overlimits 0 requeues 0) 
 backlog 0b 0p requeues 0
======================================================================
Timestamp: 2026-03-31 14:36:32
qdisc htb 1: root refcnt 13 r2q 10 default 0x10 direct_packets_stat 0 direct_qlen 1000
 Sent 15662433 bytes 10636 pkt (dropped 239, overlimits 3077 requeues 0) 
 backlog 22230b 3p requeues 0
qdisc pfifo 20: parent 1:10 limit 12p
 Sent 15662433 bytes 10636 pkt (dropped 239, overlimits 0 requeues 0) 
 backlog 22230b 3p requeues 0
======================================================================
Timestamp: 2026-03-31 14:36:33
qdisc htb 1: root refcnt 13 r2q 10 default 0x10 direct_packets_stat 0 direct_qlen 1000
 Sent 16371910 bytes 11116 pkt (dropped 239, overlimits 3163 requeues 0) 
 backlog 0b 0p requeues 0
qdisc pfifo 20: parent 1:10 limit 12p
 Sent 16371910 bytes 11116 pkt (dropped 239, overlimits 0 requeues 0) 
 backlog 0b 0p requeues 0
======================================================================
Timestamp: 2026-03-31 14:36:34
qdisc htb 1: root refcnt 13 r2q 10 default 0x10 direct_packets_stat 0 direct_qlen 1000
 Sent 16940727 bytes 11500 pkt (dropped 271, overlimits 3317 requeues 0) 
 backlog 16302b 3p requeues 0
qdisc pfifo 20: parent 1:10 limit 12p
 Sent 16940727 bytes 11500 pkt (dropped 271, overlimits 0 requeues 0) 
 backlog 16302b 3p requeues 0
======================================================================
Timestamp: 2026-03-31 14:36:35
qdisc htb 1: root refcnt 13 r2q 10 default 0x10 direct_packets_stat 0 direct_qlen 1000
 Sent 17592469 bytes 11947 pkt (dropped 271, overlimits 3401 requeues 0) 
 backlog 0b 0p requeues 0
qdisc pfifo 20: parent 1:10 limit 12p
 Sent 17592469 bytes 11947 pkt (dropped 271, overlimits 0 requeues 0) 
 backlog 0b 0p requeues 0
======================================================================
Timestamp: 2026-03-31 14:36:36
qdisc htb 1: root refcnt 13 r2q 10 default 0x10 direct_packets_stat 0 direct_qlen 1000
 Sent 18344195 bytes 12465 pkt (dropped 352, overlimits 3737 requeues 0) 
 backlog 16366b 4p requeues 0
qdisc pfifo 20: parent 1:10 limit 12p
 Sent 18344195 bytes 12465 pkt (dropped 352, overlimits 0 requeues 0) 
 backlog 16366b 4p requeues 0
======================================================================
Timestamp: 2026-03-31 14:36:37
qdisc htb 1: root refcnt 13 r2q 10 default 0x10 direct_packets_stat 0 direct_qlen 1000
 Sent 19223615 bytes 13059 pkt (dropped 361, overlimits 3954 requeues 0) 
 backlog 35760b 11p requeues 0
qdisc pfifo 20: parent 1:10 limit 12p
 Sent 19223615 bytes 13059 pkt (dropped 361, overlimits 0 requeues 0) 
 backlog 35760b 11p requeues 0
======================================================================
Timestamp: 2026-03-31 14:36:38
qdisc htb 1: root refcnt 13 r2q 10 default 0x10 direct_packets_stat 0 direct_qlen 1000
 Sent 20058174 bytes 13621 pkt (dropped 398, overlimits 4328 requeues 0) 
 backlog 9020b 6p requeues 0
qdisc pfifo 20: parent 1:10 limit 12p
 Sent 20058174 bytes 13621 pkt (dropped 398, overlimits 0 requeues 0) 
 backlog 9020b 6p requeues 0
======================================================================
Timestamp: 2026-03-31 14:36:39
qdisc htb 1: root refcnt 13 r2q 10 default 0x10 direct_packets_stat 0 direct_qlen 1000
 Sent 20931138 bytes 14207 pkt (dropped 420, overlimits 4702 requeues 0) 
 backlog 14980b 7p requeues 0
qdisc pfifo 20: parent 1:10 limit 12p
 Sent 20931138 bytes 14207 pkt (dropped 420, overlimits 0 requeues 0) 
 backlog 14980b 7p requeues 0
======================================================================
Timestamp: 2026-03-31 14:36:40
qdisc htb 1: root refcnt 13 r2q 10 default 0x10 direct_packets_stat 0 direct_qlen 1000
 Sent 21802822 bytes 14794 pkt (dropped 446, overlimits 5101 requeues 0) 
 backlog 35760b 11p requeues 0
qdisc pfifo 20: parent 1:10 limit 12p
 Sent 21802822 bytes 14794 pkt (dropped 446, overlimits 0 requeues 0) 
 backlog 35760b 11p requeues 0
======================================================================
Timestamp: 2026-03-31 14:36:41
qdisc htb 1: root refcnt 13 r2q 10 default 0x10 direct_packets_stat 0 direct_qlen 1000
 Sent 22680880 bytes 15383 pkt (dropped 475, overlimits 5451 requeues 0) 
 backlog 25354b 10p requeues 0
qdisc pfifo 20: parent 1:10 limit 12p
 Sent 22680880 bytes 15383 pkt (dropped 475, overlimits 0 requeues 0) 
 backlog 25354b 10p requeues 0
======================================================================
Timestamp: 2026-03-31 14:36:42
qdisc htb 1: root refcnt 13 r2q 10 default 0x10 direct_packets_stat 0 direct_qlen 1000
 Sent 23561980 bytes 15975 pkt (dropped 502, overlimits 5859 requeues 0) 
 backlog 17976b 8p requeues 0
qdisc pfifo 20: parent 1:10 limit 12p
 Sent 23561980 bytes 15975 pkt (dropped 502, overlimits 0 requeues 0) 
 backlog 17976b 8p requeues 0
======================================================================
Timestamp: 2026-03-31 14:36:43
qdisc htb 1: root refcnt 13 r2q 10 default 0x10 direct_packets_stat 0 direct_qlen 1000
 Sent 24436784 bytes 16561 pkt (dropped 530, overlimits 6244 requeues 0) 
 backlog 17880b 7p requeues 0
qdisc pfifo 20: parent 1:10 limit 12p
 Sent 24436784 bytes 16561 pkt (dropped 530, overlimits 0 requeues 0) 
 backlog 17880b 7p requeues 0
======================================================================
Timestamp: 2026-03-31 14:36:44
qdisc htb 1: root refcnt 13 r2q 10 default 0x10 direct_packets_stat 0 direct_qlen 1000
 Sent 25298283 bytes 17141 pkt (dropped 552, overlimits 6537 requeues 0) 
 backlog 17816b 4p requeues 0
qdisc pfifo 20: parent 1:10 limit 12p
 Sent 25298283 bytes 17141 pkt (dropped 552, overlimits 0 requeues 0) 
 backlog 17816b 4p requeues 0
======================================================================
Timestamp: 2026-03-31 14:36:45
qdisc htb 1: root refcnt 13 r2q 10 default 0x10 direct_packets_stat 0 direct_qlen 1000
 Sent 26175415 bytes 17731 pkt (dropped 567, overlimits 6796 requeues 0) 
 backlog 44652b 10p requeues 0
qdisc pfifo 20: parent 1:10 limit 12p
 Sent 26175415 bytes 17731 pkt (dropped 567, overlimits 0 requeues 0) 
 backlog 44652b 10p requeues 0
======================================================================
Timestamp: 2026-03-31 14:36:46
qdisc htb 1: root refcnt 13 r2q 10 default 0x10 direct_packets_stat 0 direct_qlen 1000
 Sent 27051581 bytes 18320 pkt (dropped 613, overlimits 7163 requeues 0) 
 backlog 10534b 7p requeues 0
qdisc pfifo 20: parent 1:10 limit 12p
 Sent 27051581 bytes 18320 pkt (dropped 613, overlimits 0 requeues 0) 
 backlog 10534b 7p requeues 0
======================================================================
Timestamp: 2026-03-31 14:36:47
qdisc htb 1: root refcnt 13 r2q 10 default 0x10 direct_packets_stat 0 direct_qlen 1000
 Sent 27931383 bytes 18909 pkt (dropped 638, overlimits 7587 requeues 0) 
 backlog 8956b 4p requeues 0
qdisc pfifo 20: parent 1:10 limit 12p
 Sent 27931383 bytes 18909 pkt (dropped 638, overlimits 0 requeues 0) 
 backlog 8956b 4p requeues 0
======================================================================
Timestamp: 2026-03-31 14:36:48
qdisc htb 1: root refcnt 13 r2q 10 default 0x10 direct_packets_stat 0 direct_qlen 1000
 Sent 28738536 bytes 19450 pkt (dropped 680, overlimits 8003 requeues 0) 
 backlog 12016b 7p requeues 0
qdisc pfifo 20: parent 1:10 limit 12p
 Sent 28738536 bytes 19450 pkt (dropped 680, overlimits 0 requeues 0) 
 backlog 12016b 7p requeues 0
======================================================================
Timestamp: 2026-03-31 14:36:49
qdisc htb 1: root refcnt 13 r2q 10 default 0x10 direct_packets_stat 0 direct_qlen 1000
 Sent 29617652 bytes 20040 pkt (dropped 700, overlimits 8293 requeues 0) 
 backlog 26900b 10p requeues 0
qdisc pfifo 20: parent 1:10 limit 12p
 Sent 29617652 bytes 20040 pkt (dropped 700, overlimits 0 requeues 0) 
 backlog 26900b 10p requeues 0
======================================================================
Timestamp: 2026-03-31 14:36:50
qdisc htb 1: root refcnt 13 r2q 10 default 0x10 direct_packets_stat 0 direct_qlen 1000
 Sent 30339057 bytes 20522 pkt (dropped 721, overlimits 8613 requeues 0) 
 backlog 31282b 12p requeues 0
qdisc pfifo 20: parent 1:10 limit 12p
 Sent 30339057 bytes 20522 pkt (dropped 721, overlimits 0 requeues 0) 
 backlog 31282b 12p requeues 0
======================================================================
Timestamp: 2026-03-31 14:36:51
qdisc htb 1: root refcnt 13 r2q 10 default 0x10 direct_packets_stat 0 direct_qlen 1000
 Sent 31216311 bytes 21109 pkt (dropped 778, overlimits 9056 requeues 0) 
 backlog 16366b 5p requeues 0
qdisc pfifo 20: parent 1:10 limit 12p
 Sent 31216311 bytes 21109 pkt (dropped 778, overlimits 0 requeues 0) 
 backlog 16366b 5p requeues 0
======================================================================
Timestamp: 2026-03-31 14:36:52
qdisc htb 1: root refcnt 13 r2q 10 default 0x10 direct_packets_stat 0 direct_qlen 1000
 Sent 32094942 bytes 21697 pkt (dropped 821, overlimits 9548 requeues 0) 
 backlog 17944b 12p requeues 0
qdisc pfifo 20: parent 1:10 limit 12p
 Sent 32094942 bytes 21697 pkt (dropped 821, overlimits 0 requeues 0) 
 backlog 17944b 12p requeues 0
======================================================================
Timestamp: 2026-03-31 14:36:53
qdisc htb 1: root refcnt 13 r2q 10 default 0x10 direct_packets_stat 0 direct_qlen 1000
 Sent 32959135 bytes 22277 pkt (dropped 838, overlimits 9960 requeues 0) 
 backlog 20940b 11p requeues 0
qdisc pfifo 20: parent 1:10 limit 12p
 Sent 32959135 bytes 22277 pkt (dropped 838, overlimits 0 requeues 0) 
 backlog 20940b 11p requeues 0
======================================================================
Timestamp: 2026-03-31 14:36:54
qdisc htb 1: root refcnt 13 r2q 10 default 0x10 direct_packets_stat 0 direct_qlen 1000
 Sent 33806908 bytes 22850 pkt (dropped 868, overlimits 10238 requeues 0) 
 backlog 0b 0p requeues 0
qdisc pfifo 20: parent 1:10 limit 12p
 Sent 33806908 bytes 22850 pkt (dropped 868, overlimits 0 requeues 0) 
 backlog 0b 0p requeues 0
======================================================================
Timestamp: 2026-03-31 14:36:55
qdisc htb 1: root refcnt 13 r2q 10 default 0x10 direct_packets_stat 0 direct_qlen 1000
 Sent 34563219 bytes 23353 pkt (dropped 910, overlimits 10648 requeues 0) 
 backlog 19490b 11p requeues 0
qdisc pfifo 20: parent 1:10 limit 12p
 Sent 34563219 bytes 23353 pkt (dropped 910, overlimits 0 requeues 0) 
 backlog 19490b 11p requeues 0
======================================================================
Timestamp: 2026-03-31 14:36:56
qdisc htb 1: root refcnt 13 r2q 10 default 0x10 direct_packets_stat 0 direct_qlen 1000
 Sent 35441677 bytes 23942 pkt (dropped 934, overlimits 11004 requeues 0) 
 backlog 8956b 6p requeues 0
qdisc pfifo 20: parent 1:10 limit 12p
 Sent 35441677 bytes 23942 pkt (dropped 934, overlimits 0 requeues 0) 
 backlog 8956b 6p requeues 0
======================================================================
Timestamp: 2026-03-31 14:36:57
qdisc htb 1: root refcnt 13 r2q 10 default 0x10 direct_packets_stat 0 direct_qlen 1000
 Sent 36313421 bytes 24527 pkt (dropped 971, overlimits 11415 requeues 0) 
 backlog 7442b 3p requeues 0
qdisc pfifo 20: parent 1:10 limit 12p
 Sent 36313421 bytes 24527 pkt (dropped 971, overlimits 0 requeues 0) 
 backlog 7442b 3p requeues 0
======================================================================
Timestamp: 2026-03-31 14:36:58
qdisc htb 1: root refcnt 13 r2q 10 default 0x10 direct_packets_stat 0 direct_qlen 1000
 Sent 37191461 bytes 25115 pkt (dropped 999, overlimits 11836 requeues 0) 
 backlog 19490b 10p requeues 0
qdisc pfifo 20: parent 1:10 limit 12p
 Sent 37191461 bytes 25115 pkt (dropped 999, overlimits 0 requeues 0) 
 backlog 19490b 10p requeues 0
======================================================================
Timestamp: 2026-03-31 14:36:59
qdisc htb 1: root refcnt 13 r2q 10 default 0x10 direct_packets_stat 0 direct_qlen 1000
 Sent 38039473 bytes 25681 pkt (dropped 1037, overlimits 12306 requeues 0) 
 backlog 25354b 11p requeues 0
qdisc pfifo 20: parent 1:10 limit 12p
 Sent 38039473 bytes 25681 pkt (dropped 1037, overlimits 0 requeues 0) 
 backlog 25354b 11p requeues 0
======================================================================
Timestamp: 2026-03-31 14:37:01
qdisc htb 1: root refcnt 13 r2q 10 default 0x10 direct_packets_stat 0 direct_qlen 1000
 Sent 38895671 bytes 26257 pkt (dropped 1063, overlimits 12647 requeues 0) 
 backlog 37242b 11p requeues 0
qdisc pfifo 20: parent 1:10 limit 12p
 Sent 38895671 bytes 26257 pkt (dropped 1063, overlimits 0 requeues 0) 
 backlog 37242b 11p requeues 0
======================================================================
Timestamp: 2026-03-31 14:37:02
qdisc htb 1: root refcnt 13 r2q 10 default 0x10 direct_packets_stat 0 direct_qlen 1000
 Sent 39770563 bytes 26844 pkt (dropped 1093, overlimits 13027 requeues 0) 
 backlog 28414b 11p requeues 0
qdisc pfifo 20: parent 1:10 limit 12p
 Sent 39770563 bytes 26844 pkt (dropped 1093, overlimits 0 requeues 0) 
 backlog 28414b 11p requeues 0
======================================================================
Timestamp: 2026-03-31 14:37:03
qdisc htb 1: root refcnt 13 r2q 10 default 0x10 direct_packets_stat 0 direct_qlen 1000
 Sent 40649360 bytes 27435 pkt (dropped 1117, overlimits 13299 requeues 0) 
 backlog 26804b 8p requeues 0
qdisc pfifo 20: parent 1:10 limit 12p
 Sent 40649360 bytes 27435 pkt (dropped 1117, overlimits 0 requeues 0) 
 backlog 26804b 8p requeues 0
======================================================================
Timestamp: 2026-03-31 14:37:04
qdisc htb 1: root refcnt 13 r2q 10 default 0x10 direct_packets_stat 0 direct_qlen 1000
 Sent 41518589 bytes 28022 pkt (dropped 1145, overlimits 13579 requeues 0) 
 backlog 22262b 5p requeues 0
qdisc pfifo 20: parent 1:10 limit 12p
 Sent 41518589 bytes 28022 pkt (dropped 1145, overlimits 0 requeues 0) 
 backlog 22262b 5p requeues 0
======================================================================
Timestamp: 2026-03-31 14:37:05
qdisc htb 1: root refcnt 13 r2q 10 default 0x10 direct_packets_stat 0 direct_qlen 1000
 Sent 42244546 bytes 28510 pkt (dropped 1163, overlimits 13875 requeues 0) 
 backlog 4542b 3p requeues 0
qdisc pfifo 20: parent 1:10 limit 12p
 Sent 42244546 bytes 28510 pkt (dropped 1163, overlimits 0 requeues 0) 
 backlog 4542b 3p requeues 0
======================================================================
Timestamp: 2026-03-31 14:37:06
qdisc htb 1: root refcnt 13 r2q 10 default 0x10 direct_packets_stat 0 direct_qlen 1000
 Sent 43104311 bytes 29080 pkt (dropped 1216, overlimits 14407 requeues 0) 
 backlog 18008b 10p requeues 0
qdisc pfifo 20: parent 1:10 limit 12p
 Sent 43104311 bytes 29080 pkt (dropped 1216, overlimits 0 requeues 0) 
 backlog 18008b 10p requeues 0
======================================================================
Timestamp: 2026-03-31 14:37:07
qdisc htb 1: root refcnt 13 r2q 10 default 0x10 direct_packets_stat 0 direct_qlen 1000
 Sent 43983291 bytes 29670 pkt (dropped 1244, overlimits 14700 requeues 0) 
 backlog 37242b 11p requeues 0
qdisc pfifo 20: parent 1:10 limit 12p
 Sent 43983291 bytes 29670 pkt (dropped 1244, overlimits 0 requeues 0) 
 backlog 37242b 11p requeues 0
======================================================================
Timestamp: 2026-03-31 14:37:08
qdisc htb 1: root refcnt 13 r2q 10 default 0x10 direct_packets_stat 0 direct_qlen 1000
 Sent 44859990 bytes 30262 pkt (dropped 1279, overlimits 14996 requeues 0) 
 backlog 32796b 10p requeues 0
qdisc pfifo 20: parent 1:10 limit 12p
 Sent 44859990 bytes 30262 pkt (dropped 1279, overlimits 0 requeues 0) 
 backlog 32796b 10p requeues 0
======================================================================
Timestamp: 2026-03-31 14:37:09
qdisc htb 1: root refcnt 13 r2q 10 default 0x10 direct_packets_stat 0 direct_qlen 1000
 Sent 45722523 bytes 30843 pkt (dropped 1308, overlimits 15242 requeues 0) 
 backlog 19330b 11p requeues 0
qdisc pfifo 20: parent 1:10 limit 12p
 Sent 45722523 bytes 30843 pkt (dropped 1308, overlimits 0 requeues 0) 
 backlog 19330b 11p requeues 0
======================================================================
Timestamp: 2026-03-31 14:37:10
qdisc htb 1: root refcnt 13 r2q 10 default 0x10 direct_packets_stat 0 direct_qlen 1000
 Sent 46599315 bytes 31431 pkt (dropped 1328, overlimits 15621 requeues 0) 
 backlog 20972b 11p requeues 0
qdisc pfifo 20: parent 1:10 limit 12p
 Sent 46599315 bytes 31431 pkt (dropped 1328, overlimits 0 requeues 0) 
 backlog 20972b 11p requeues 0
======================================================================
Timestamp: 2026-03-31 14:37:11
qdisc htb 1: root refcnt 13 r2q 10 default 0x10 direct_packets_stat 0 direct_qlen 1000
 Sent 47456998 bytes 32006 pkt (dropped 1361, overlimits 16032 requeues 0) 
 backlog 13434b 9p requeues 0
qdisc pfifo 20: parent 1:10 limit 12p
 Sent 47456998 bytes 32006 pkt (dropped 1361, overlimits 0 requeues 0) 
 backlog 13434b 9p requeues 0
======================================================================
Timestamp: 2026-03-31 14:37:12
qdisc htb 1: root refcnt 13 r2q 10 default 0x10 direct_packets_stat 0 direct_qlen 1000
 Sent 48334728 bytes 32595 pkt (dropped 1386, overlimits 16364 requeues 0) 
 backlog 20844b 10p requeues 0
qdisc pfifo 20: parent 1:10 limit 12p
 Sent 48334728 bytes 32595 pkt (dropped 1386, overlimits 0 requeues 0) 
 backlog 20844b 10p requeues 0
======================================================================
Timestamp: 2026-03-31 14:37:13
qdisc htb 1: root refcnt 13 r2q 10 default 0x10 direct_packets_stat 0 direct_qlen 1000
 Sent 49146691 bytes 33140 pkt (dropped 1413, overlimits 16720 requeues 0) 
 backlog 0b 0p requeues 0
qdisc pfifo 20: parent 1:10 limit 12p
 Sent 49146691 bytes 33140 pkt (dropped 1413, overlimits 0 requeues 0) 
 backlog 0b 0p requeues 0
======================================================================
Timestamp: 2026-03-31 14:37:14
qdisc htb 1: root refcnt 13 r2q 10 default 0x10 direct_packets_stat 0 direct_qlen 1000
 Sent 50021873 bytes 33727 pkt (dropped 1447, overlimits 17089 requeues 0) 
 backlog 16Kb 8p requeues 0
qdisc pfifo 20: parent 1:10 limit 12p
 Sent 50021873 bytes 33727 pkt (dropped 1447, overlimits 0 requeues 0) 
 backlog 16Kb 8p requeues 0
======================================================================
Timestamp: 2026-03-31 14:37:15
qdisc htb 1: root refcnt 13 r2q 10 default 0x10 direct_packets_stat 0 direct_qlen 1000
 Sent 50905787 bytes 34320 pkt (dropped 1477, overlimits 17440 requeues 0) 
 backlog 29864b 10p requeues 0
qdisc pfifo 20: parent 1:10 limit 12p
 Sent 50905787 bytes 34320 pkt (dropped 1477, overlimits 0 requeues 0) 
 backlog 29864b 10p requeues 0
======================================================================
Timestamp: 2026-03-31 14:37:16
qdisc htb 1: root refcnt 13 r2q 10 default 0x10 direct_packets_stat 0 direct_qlen 1000
 Sent 51769432 bytes 34903 pkt (dropped 1513, overlimits 17743 requeues 0) 
 backlog 31218b 9p requeues 0
qdisc pfifo 20: parent 1:10 limit 12p
 Sent 51769432 bytes 34903 pkt (dropped 1513, overlimits 0 requeues 0) 
 backlog 31218b 9p requeues 0
======================================================================
Timestamp: 2026-03-31 14:37:17
qdisc htb 1: root refcnt 13 r2q 10 default 0x10 direct_packets_stat 0 direct_qlen 1000
 Sent 52640210 bytes 35488 pkt (dropped 1538, overlimits 18008 requeues 0) 
 backlog 3285b 3p requeues 0
qdisc pfifo 20: parent 1:10 limit 12p
 Sent 52640210 bytes 35488 pkt (dropped 1538, overlimits 0 requeues 0) 
 backlog 3285b 3p requeues 0
======================================================================
Timestamp: 2026-03-31 14:37:18
qdisc htb 1: root refcnt 13 r2q 10 default 0x10 direct_packets_stat 0 direct_qlen 1000
 Sent 53501439 bytes 36068 pkt (dropped 1563, overlimits 18402 requeues 0) 
 backlog 10470b 6p requeues 0
qdisc pfifo 20: parent 1:10 limit 12p
 Sent 53501439 bytes 36068 pkt (dropped 1563, overlimits 0 requeues 0) 
 backlog 10470b 6p requeues 0
======================================================================
Timestamp: 2026-03-31 14:37:19
qdisc htb 1: root refcnt 13 r2q 10 default 0x10 direct_packets_stat 0 direct_qlen 1000
 Sent 54373954 bytes 36657 pkt (dropped 1579, overlimits 18672 requeues 0) 
 backlog 38692b 9p requeues 0
qdisc pfifo 20: parent 1:10 limit 12p
 Sent 54373954 bytes 36657 pkt (dropped 1579, overlimits 0 requeues 0) 
 backlog 38692b 9p requeues 0
======================================================================
Timestamp: 2026-03-31 14:37:20
qdisc htb 1: root refcnt 13 r2q 10 default 0x10 direct_packets_stat 0 direct_qlen 1000
 Sent 55119277 bytes 37157 pkt (dropped 1588, overlimits 18944 requeues 0) 
 backlog 4542b 3p requeues 0
qdisc pfifo 20: parent 1:10 limit 12p
 Sent 55119277 bytes 37157 pkt (dropped 1588, overlimits 0 requeues 0) 
 backlog 4542b 3p requeues 0
======================================================================
Timestamp: 2026-03-31 14:37:21
qdisc htb 1: root refcnt 13 r2q 10 default 0x10 direct_packets_stat 0 direct_qlen 1000
 Sent 55992206 bytes 37741 pkt (dropped 1657, overlimits 19365 requeues 0) 
 backlog 23872b 12p requeues 0
qdisc pfifo 20: parent 1:10 limit 12p
 Sent 55992206 bytes 37741 pkt (dropped 1657, overlimits 0 requeues 0) 
 backlog 23872b 12p requeues 0
======================================================================
Timestamp: 2026-03-31 14:37:22
qdisc htb 1: root refcnt 13 r2q 10 default 0x10 direct_packets_stat 0 direct_qlen 1000
 Sent 56872228 bytes 38332 pkt (dropped 1675, overlimits 19638 requeues 0) 
 backlog 38692b 9p requeues 0
qdisc pfifo 20: parent 1:10 limit 12p
 Sent 56872228 bytes 38332 pkt (dropped 1675, overlimits 0 requeues 0) 
 backlog 38692b 9p requeues 0
======================================================================
Timestamp: 2026-03-31 14:37:23
qdisc htb 1: root refcnt 13 r2q 10 default 0x10 direct_packets_stat 0 direct_qlen 1000
 Sent 57744521 bytes 38919 pkt (dropped 1713, overlimits 19912 requeues 0) 
 backlog 34182b 7p requeues 0
qdisc pfifo 20: parent 1:10 limit 12p
 Sent 57744521 bytes 38919 pkt (dropped 1713, overlimits 0 requeues 0) 
 backlog 34182b 7p requeues 0
======================================================================
Timestamp: 2026-03-31 14:37:24
qdisc htb 1: root refcnt 13 r2q 10 default 0x10 direct_packets_stat 0 direct_qlen 1000
 Sent 58621621 bytes 39509 pkt (dropped 1738, overlimits 20152 requeues 0) 
 backlog 25678b 9p requeues 0
qdisc pfifo 20: parent 1:10 limit 12p
 Sent 58621621 bytes 39509 pkt (dropped 1738, overlimits 0 requeues 0) 
 backlog 25678b 9p requeues 0
======================================================================
Timestamp: 2026-03-31 14:37:25
qdisc htb 1: root refcnt 13 r2q 10 default 0x10 direct_packets_stat 0 direct_qlen 1000
 Sent 59435467 bytes 40055 pkt (dropped 1794, overlimits 20565 requeues 0) 
 backlog 23808b 6p requeues 0
qdisc pfifo 20: parent 1:10 limit 12p
 Sent 59435467 bytes 40055 pkt (dropped 1794, overlimits 0 requeues 0) 
 backlog 23808b 6p requeues 0
======================================================================
Timestamp: 2026-03-31 14:37:26
qdisc htb 1: root refcnt 13 r2q 10 default 0x10 direct_packets_stat 0 direct_qlen 1000
 Sent 60311539 bytes 40643 pkt (dropped 1828, overlimits 20930 requeues 0) 
 backlog 19330b 5p requeues 0
qdisc pfifo 20: parent 1:10 limit 12p
 Sent 60311539 bytes 40643 pkt (dropped 1828, overlimits 0 requeues 0) 
 backlog 19330b 5p requeues 0
======================================================================
Timestamp: 2026-03-31 14:37:27
qdisc htb 1: root refcnt 13 r2q 10 default 0x10 direct_packets_stat 0 direct_qlen 1000
 Sent 61190291 bytes 41233 pkt (dropped 1847, overlimits 21247 requeues 0) 
 backlog 28318b 8p requeues 0
qdisc pfifo 20: parent 1:10 limit 12p
 Sent 61190291 bytes 41233 pkt (dropped 1847, overlimits 0 requeues 0) 
 backlog 28318b 8p requeues 0
======================================================================
Timestamp: 2026-03-31 14:37:28
qdisc htb 1: root refcnt 13 r2q 10 default 0x10 direct_packets_stat 0 direct_qlen 1000
 Sent 62064881 bytes 41820 pkt (dropped 1877, overlimits 21569 requeues 0) 
 backlog 22454b 11p requeues 0
qdisc pfifo 20: parent 1:10 limit 12p
 Sent 62064881 bytes 41820 pkt (dropped 1877, overlimits 0 requeues 0) 
 backlog 22454b 11p requeues 0
======================================================================
Timestamp: 2026-03-31 14:37:29
qdisc htb 1: root refcnt 13 r2q 10 default 0x10 direct_packets_stat 0 direct_qlen 1000
 Sent 62873969 bytes 42360 pkt (dropped 1907, overlimits 21995 requeues 0) 
 backlog 13466b 8p requeues 0
qdisc pfifo 20: parent 1:10 limit 12p
 Sent 62873969 bytes 42360 pkt (dropped 1907, overlimits 0 requeues 0) 
 backlog 13466b 8p requeues 0
======================================================================
Timestamp: 2026-03-31 14:37:30
qdisc htb 1: root refcnt 13 r2q 10 default 0x10 direct_packets_stat 0 direct_qlen 1000
 Sent 63753085 bytes 42950 pkt (dropped 1933, overlimits 22309 requeues 0) 
 backlog 25322b 9p requeues 0
qdisc pfifo 20: parent 1:10 limit 12p
 Sent 63753085 bytes 42950 pkt (dropped 1933, overlimits 0 requeues 0) 
 backlog 25322b 9p requeues 0
======================================================================
Timestamp: 2026-03-31 14:37:31
qdisc htb 1: root refcnt 13 r2q 10 default 0x10 direct_packets_stat 0 direct_qlen 1000
 Sent 64561805 bytes 43492 pkt (dropped 1960, overlimits 22714 requeues 0) 
 backlog 17976b 9p requeues 0
qdisc pfifo 20: parent 1:10 limit 12p
 Sent 64561805 bytes 43492 pkt (dropped 1960, overlimits 0 requeues 0) 
 backlog 17976b 9p requeues 0
======================================================================
Timestamp: 2026-03-31 14:37:32
qdisc htb 1: root refcnt 13 r2q 10 default 0x10 direct_packets_stat 0 direct_qlen 1000
 Sent 65357295 bytes 44024 pkt (dropped 1973, overlimits 23073 requeues 0) 
 backlog 1514b 1p requeues 0
qdisc pfifo 20: parent 1:10 limit 12p
 Sent 65357295 bytes 44024 pkt (dropped 1973, overlimits 0 requeues 0) 
 backlog 1514b 1p requeues 0
======================================================================
Timestamp: 2026-03-31 14:37:33
qdisc htb 1: root refcnt 13 r2q 10 default 0x10 direct_packets_stat 0 direct_qlen 1000
 Sent 66228510 bytes 44603 pkt (dropped 2031, overlimits 23577 requeues 0) 
 backlog 18008b 10p requeues 0
qdisc pfifo 20: parent 1:10 limit 12p
 Sent 66228510 bytes 44603 pkt (dropped 2031, overlimits 0 requeues 0) 
 backlog 18008b 10p requeues 0
======================================================================
Timestamp: 2026-03-31 14:37:34
qdisc htb 1: root refcnt 13 r2q 10 default 0x10 direct_packets_stat 0 direct_qlen 1000
 Sent 67104772 bytes 45190 pkt (dropped 2063, overlimits 23993 requeues 0) 
 backlog 25450b 11p requeues 0
qdisc pfifo 20: parent 1:10 limit 12p
 Sent 67104772 bytes 45190 pkt (dropped 2063, overlimits 0 requeues 0) 
 backlog 25450b 11p requeues 0
======================================================================
Timestamp: 2026-03-31 14:37:35
qdisc htb 1: root refcnt 13 r2q 10 default 0x10 direct_packets_stat 0 direct_qlen 1000
 Sent 67961451 bytes 45766 pkt (dropped 2100, overlimits 24373 requeues 0) 
 backlog 14884b 6p requeues 0
qdisc pfifo 20: parent 1:10 limit 12p
 Sent 67961451 bytes 45766 pkt (dropped 2100, overlimits 0 requeues 0) 
 backlog 14884b 6p requeues 0
======================================================================
Timestamp: 2026-03-31 14:37:36
qdisc htb 1: root refcnt 13 r2q 10 default 0x10 direct_packets_stat 0 direct_qlen 1000
 Sent 68842923 bytes 46358 pkt (dropped 2111, overlimits 24646 requeues 0) 
 backlog 40206b 10p requeues 0
qdisc pfifo 20: parent 1:10 limit 12p
 Sent 68842923 bytes 46358 pkt (dropped 2111, overlimits 0 requeues 0) 
 backlog 40206b 10p requeues 0
======================================================================
Timestamp: 2026-03-31 14:37:37
qdisc htb 1: root refcnt 13 r2q 10 default 0x10 direct_packets_stat 0 direct_qlen 1000
 Sent 69669577 bytes 46909 pkt (dropped 2177, overlimits 25085 requeues 0) 
 backlog 22294b 5p requeues 0
qdisc pfifo 20: parent 1:10 limit 12p
 Sent 69669577 bytes 46909 pkt (dropped 2177, overlimits 0 requeues 0) 
 backlog 22294b 5p requeues 0
======================================================================
Timestamp: 2026-03-31 14:37:38
qdisc htb 1: root refcnt 13 r2q 10 default 0x10 direct_packets_stat 0 direct_qlen 1000
 Sent 70549150 bytes 47500 pkt (dropped 2207, overlimits 25424 requeues 0) 
 backlog 20876b 7p requeues 0
qdisc pfifo 20: parent 1:10 limit 12p
 Sent 70549150 bytes 47500 pkt (dropped 2207, overlimits 0 requeues 0) 
 backlog 20876b 7p requeues 0
======================================================================
Timestamp: 2026-03-31 14:37:39
qdisc htb 1: root refcnt 13 r2q 10 default 0x10 direct_packets_stat 0 direct_qlen 1000
 Sent 71362007 bytes 48046 pkt (dropped 2238, overlimits 25744 requeues 0) 
 backlog 12048b 8p requeues 0
qdisc pfifo 20: parent 1:10 limit 12p
 Sent 71362007 bytes 48046 pkt (dropped 2238, overlimits 0 requeues 0) 
 backlog 12048b 8p requeues 0
======================================================================
Timestamp: 2026-03-31 14:37:40
qdisc htb 1: root refcnt 13 r2q 10 default 0x10 direct_packets_stat 0 direct_qlen 1000
 Sent 72239983 bytes 48634 pkt (dropped 2261, overlimits 26146 requeues 0) 
 backlog 16366b 6p requeues 0
qdisc pfifo 20: parent 1:10 limit 12p
 Sent 72239983 bytes 48634 pkt (dropped 2261, overlimits 0 requeues 0) 
 backlog 16366b 6p requeues 0
======================================================================
Timestamp: 2026-03-31 14:37:41
qdisc htb 1: root refcnt 13 r2q 10 default 0x10 direct_packets_stat 0 direct_qlen 1000
 Sent 73032595 bytes 49162 pkt (dropped 2304, overlimits 26606 requeues 0) 
 backlog 17944b 10p requeues 0
qdisc pfifo 20: parent 1:10 limit 12p
 Sent 73032595 bytes 49162 pkt (dropped 2304, overlimits 0 requeues 0) 
 backlog 17944b 10p requeues 0
======================================================================
Timestamp: 2026-03-31 14:37:42
qdisc htb 1: root refcnt 13 r2q 10 default 0x10 direct_packets_stat 0 direct_qlen 1000
 Sent 73910509 bytes 49751 pkt (dropped 2332, overlimits 26914 requeues 0) 
 backlog 43170b 10p requeues 0
qdisc pfifo 20: parent 1:10 limit 12p
 Sent 73910509 bytes 49751 pkt (dropped 2332, overlimits 0 requeues 0) 
 backlog 43170b 10p requeues 0
======================================================================
Timestamp: 2026-03-31 14:37:43
qdisc htb 1: root refcnt 13 r2q 10 default 0x10 direct_packets_stat 0 direct_qlen 1000
 Sent 74701803 bytes 50280 pkt (dropped 2376, overlimits 27252 requeues 0) 
 backlog 20748b 12p requeues 0
qdisc pfifo 20: parent 1:10 limit 12p
 Sent 74701803 bytes 50280 pkt (dropped 2376, overlimits 0 requeues 0) 
 backlog 20748b 12p requeues 0
======================================================================
Timestamp: 2026-03-31 14:37:44
qdisc htb 1: root refcnt 13 r2q 10 default 0x10 direct_packets_stat 0 direct_qlen 1000
 Sent 75580151 bytes 50870 pkt (dropped 2403, overlimits 27560 requeues 0) 
 backlog 34278b 10p requeues 0
qdisc pfifo 20: parent 1:10 limit 12p
 Sent 75580151 bytes 50870 pkt (dropped 2403, overlimits 0 requeues 0) 
 backlog 34278b 10p requeues 0
======================================================================
Timestamp: 2026-03-31 14:37:45
qdisc htb 1: root refcnt 13 r2q 10 default 0x10 direct_packets_stat 0 direct_qlen 1000
 Sent 76369772 bytes 51402 pkt (dropped 2448, overlimits 27849 requeues 0) 
 backlog 2996b 2p requeues 0
qdisc pfifo 20: parent 1:10 limit 12p
 Sent 76369772 bytes 51402 pkt (dropped 2448, overlimits 0 requeues 0) 
 backlog 2996b 2p requeues 0
======================================================================
Timestamp: 2026-03-31 14:37:46
qdisc htb 1: root refcnt 13 r2q 10 default 0x10 direct_packets_stat 0 direct_qlen 1000
 Sent 77247786 bytes 51989 pkt (dropped 2482, overlimits 28331 requeues 0) 
 backlog 16366b 6p requeues 0
qdisc pfifo 20: parent 1:10 limit 12p
 Sent 77247786 bytes 51989 pkt (dropped 2482, overlimits 0 requeues 0) 
 backlog 16366b 6p requeues 0
======================================================================
Timestamp: 2026-03-31 14:37:47
qdisc htb 1: root refcnt 13 r2q 10 default 0x10 direct_packets_stat 0 direct_qlen 1000
 Sent 78035616 bytes 52516 pkt (dropped 2517, overlimits 28698 requeues 0) 
 backlog 14948b 10p requeues 0
qdisc pfifo 20: parent 1:10 limit 12p
 Sent 78035616 bytes 52516 pkt (dropped 2517, overlimits 0 requeues 0) 
 backlog 14948b 10p requeues 0
======================================================================
Timestamp: 2026-03-31 14:37:48
qdisc htb 1: root refcnt 13 r2q 10 default 0x10 direct_packets_stat 0 direct_qlen 1000
 Sent 78906992 bytes 53100 pkt (dropped 2557, overlimits 29080 requeues 0) 
 backlog 22262b 7p requeues 0
qdisc pfifo 20: parent 1:10 limit 12p
 Sent 78906992 bytes 53100 pkt (dropped 2557, overlimits 0 requeues 0) 
 backlog 22262b 7p requeues 0
======================================================================
Timestamp: 2026-03-31 14:37:49
qdisc htb 1: root refcnt 13 r2q 10 default 0x10 direct_packets_stat 0 direct_qlen 1000
 Sent 79784653 bytes 53691 pkt (dropped 2594, overlimits 29445 requeues 0) 
 backlog 28254b 7p requeues 0
qdisc pfifo 20: parent 1:10 limit 12p
 Sent 79784653 bytes 53691 pkt (dropped 2594, overlimits 0 requeues 0) 
 backlog 28254b 7p requeues 0
======================================================================
Timestamp: 2026-03-31 14:37:50
qdisc htb 1: root refcnt 13 r2q 10 default 0x10 direct_packets_stat 0 direct_qlen 1000
 Sent 80655615 bytes 54276 pkt (dropped 2622, overlimits 29738 requeues 0) 
 backlog 23840b 9p requeues 0
qdisc pfifo 20: parent 1:10 limit 12p
 Sent 80655615 bytes 54276 pkt (dropped 2622, overlimits 0 requeues 0) 
 backlog 23840b 9p requeues 0
======================================================================
Timestamp: 2026-03-31 14:37:51
qdisc htb 1: root refcnt 13 r2q 10 default 0x10 direct_packets_stat 0 direct_qlen 1000
 Sent 81525682 bytes 54862 pkt (dropped 2641, overlimits 30029 requeues 0) 
 backlog 43170b 10p requeues 0
qdisc pfifo 20: parent 1:10 limit 12p
 Sent 81525682 bytes 54862 pkt (dropped 2641, overlimits 0 requeues 0) 
 backlog 43170b 10p requeues 0
======================================================================
Timestamp: 2026-03-31 14:37:52
qdisc htb 1: root refcnt 13 r2q 10 default 0x10 direct_packets_stat 0 direct_qlen 1000
 Sent 82274123 bytes 55365 pkt (dropped 2662, overlimits 30284 requeues 0) 
 backlog 1514b 1p requeues 0
qdisc pfifo 20: parent 1:10 limit 12p
 Sent 82274123 bytes 55365 pkt (dropped 2662, overlimits 0 requeues 0) 
 backlog 1514b 1p requeues 0
======================================================================
Timestamp: 2026-03-31 14:37:53
qdisc htb 1: root refcnt 13 r2q 10 default 0x10 direct_packets_stat 0 direct_qlen 1000
 Sent 83032059 bytes 55874 pkt (dropped 2689, overlimits 30601 requeues 0) 
 backlog 14948b 6p requeues 0
qdisc pfifo 20: parent 1:10 limit 12p
 Sent 83032059 bytes 55874 pkt (dropped 2689, overlimits 0 requeues 0) 
 backlog 14948b 6p requeues 0
======================================================================
Timestamp: 2026-03-31 14:37:54
qdisc htb 1: root refcnt 13 r2q 10 default 0x10 direct_packets_stat 0 direct_qlen 1000
 Sent 83913137 bytes 56465 pkt (dropped 2713, overlimits 30955 requeues 0) 
 backlog 17944b 9p requeues 0
qdisc pfifo 20: parent 1:10 limit 12p
 Sent 83913137 bytes 56465 pkt (dropped 2713, overlimits 0 requeues 0) 
 backlog 17944b 9p requeues 0
======================================================================
Timestamp: 2026-03-31 14:37:55
qdisc htb 1: root refcnt 13 r2q 10 default 0x10 direct_packets_stat 0 direct_qlen 1000
 Sent 84754607 bytes 57029 pkt (dropped 2742, overlimits 31336 requeues 0) 
 backlog 20908b 11p requeues 0
qdisc pfifo 20: parent 1:10 limit 12p
 Sent 84754607 bytes 57029 pkt (dropped 2742, overlimits 0 requeues 0) 
 backlog 20908b 11p requeues 0
======================================================================
Timestamp: 2026-03-31 14:37:56
qdisc htb 1: root refcnt 13 r2q 10 default 0x10 direct_packets_stat 0 direct_qlen 1000
 Sent 85631899 bytes 57619 pkt (dropped 2767, overlimits 31622 requeues 0) 
 backlog 17848b 6p requeues 0
qdisc pfifo 20: parent 1:10 limit 12p
 Sent 85631899 bytes 57619 pkt (dropped 2767, overlimits 0 requeues 0) 
 backlog 17848b 6p requeues 0
======================================================================
Timestamp: 2026-03-31 14:37:57
qdisc htb 1: root refcnt 13 r2q 10 default 0x10 direct_packets_stat 0 direct_qlen 1000
 Sent 86449505 bytes 58168 pkt (dropped 2798, overlimits 31995 requeues 0) 
 backlog 23808b 6p requeues 0
qdisc pfifo 20: parent 1:10 limit 12p
 Sent 86449505 bytes 58168 pkt (dropped 2798, overlimits 0 requeues 0) 
 backlog 23808b 6p requeues 0
======================================================================
Timestamp: 2026-03-31 14:37:58
qdisc htb 1: root refcnt 13 r2q 10 default 0x10 direct_packets_stat 0 direct_qlen 1000
 Sent 87325721 bytes 58756 pkt (dropped 2820, overlimits 32324 requeues 0) 
 backlog 25322b 8p requeues 0
qdisc pfifo 20: parent 1:10 limit 12p
 Sent 87325721 bytes 58756 pkt (dropped 2820, overlimits 0 requeues 0) 
 backlog 25322b 8p requeues 0
======================================================================
Timestamp: 2026-03-31 14:37:59
qdisc htb 1: root refcnt 13 r2q 10 default 0x10 direct_packets_stat 0 direct_qlen 1000
 Sent 88148124 bytes 59307 pkt (dropped 2860, overlimits 32773 requeues 0) 
 backlog 7474b 5p requeues 0
qdisc pfifo 20: parent 1:10 limit 12p
 Sent 88148124 bytes 59307 pkt (dropped 2860, overlimits 0 requeues 0) 
 backlog 7474b 5p requeues 0
======================================================================
Timestamp: 2026-03-31 14:38:00
qdisc htb 1: root refcnt 13 r2q 10 default 0x10 direct_packets_stat 0 direct_qlen 1000
 Sent 89024812 bytes 59895 pkt (dropped 2901, overlimits 33167 requeues 0) 
 backlog 17848b 12p requeues 0
qdisc pfifo 20: parent 1:10 limit 12p
 Sent 89024812 bytes 59895 pkt (dropped 2901, overlimits 0 requeues 0) 
 backlog 17848b 12p requeues 0
======================================================================
Timestamp: 2026-03-31 14:38:01
qdisc htb 1: root refcnt 13 r2q 10 default 0x10 direct_packets_stat 0 direct_qlen 1000
 Sent 89889015 bytes 60477 pkt (dropped 2933, overlimits 33538 requeues 0) 
 backlog 16494b 11p requeues 0
qdisc pfifo 20: parent 1:10 limit 12p
 Sent 89889015 bytes 60477 pkt (dropped 2933, overlimits 0 requeues 0) 
 backlog 16494b 11p requeues 0
======================================================================
Timestamp: 2026-03-31 14:38:02
qdisc htb 1: root refcnt 13 r2q 10 default 0x10 direct_packets_stat 0 direct_qlen 1000
 Sent 90770061 bytes 61068 pkt (dropped 2950, overlimits 33896 requeues 0) 
 backlog 32796b 11p requeues 0
qdisc pfifo 20: parent 1:10 limit 12p
 Sent 90770061 bytes 61068 pkt (dropped 2950, overlimits 0 requeues 0) 
 backlog 32796b 11p requeues 0
======================================================================
Timestamp: 2026-03-31 14:38:03
qdisc htb 1: root refcnt 13 r2q 10 default 0x10 direct_packets_stat 0 direct_qlen 1000
 Sent 91574402 bytes 61608 pkt (dropped 2995, overlimits 34248 requeues 0) 
 backlog 14980b 10p requeues 0
qdisc pfifo 20: parent 1:10 limit 12p
 Sent 91574402 bytes 61608 pkt (dropped 2995, overlimits 0 requeues 0) 
 backlog 14980b 10p requeues 0
======================================================================
Timestamp: 2026-03-31 14:38:04
qdisc htb 1: root refcnt 13 r2q 10 default 0x10 direct_packets_stat 0 direct_qlen 1000
 Sent 92331119 bytes 62109 pkt (dropped 2998, overlimits 34724 requeues 0) 
 backlog 16654b 11p requeues 0
qdisc pfifo 20: parent 1:10 limit 12p
 Sent 92331119 bytes 62109 pkt (dropped 2998, overlimits 0 requeues 0) 
 backlog 16654b 11p requeues 0
======================================================================
Timestamp: 2026-03-31 14:38:05
qdisc htb 1: root refcnt 13 r2q 10 default 0x10 direct_packets_stat 0 direct_qlen 1000
 Sent 93209966 bytes 62694 pkt (dropped 3059, overlimits 35249 requeues 0) 
 backlog 20908b 10p requeues 0
qdisc pfifo 20: parent 1:10 limit 12p
 Sent 93209966 bytes 62694 pkt (dropped 3059, overlimits 0 requeues 0) 
 backlog 20908b 10p requeues 0
======================================================================
Timestamp: 2026-03-31 14:38:06
qdisc htb 1: root refcnt 13 r2q 10 default 0x10 direct_packets_stat 0 direct_qlen 1000
 Sent 93972962 bytes 63202 pkt (dropped 3069, overlimits 35679 requeues 0) 
 backlog 18168b 12p requeues 0
qdisc pfifo 20: parent 1:10 limit 12p
 Sent 93972962 bytes 63202 pkt (dropped 3069, overlimits 0 requeues 0) 
 backlog 18168b 12p requeues 0
======================================================================
Timestamp: 2026-03-31 14:38:07
qdisc htb 1: root refcnt 13 r2q 10 default 0x10 direct_packets_stat 0 direct_qlen 1000
 Sent 94850585 bytes 63785 pkt (dropped 3107, overlimits 36198 requeues 0) 
 backlog 25418b 10p requeues 0
qdisc pfifo 20: parent 1:10 limit 12p
 Sent 94850585 bytes 63785 pkt (dropped 3107, overlimits 0 requeues 0) 
 backlog 25418b 10p requeues 0
======================================================================
Timestamp: 2026-03-31 14:38:08
qdisc htb 1: root refcnt 13 r2q 10 default 0x10 direct_packets_stat 0 direct_qlen 1000
 Sent 95727625 bytes 64373 pkt (dropped 3143, overlimits 36595 requeues 0) 
 backlog 13338b 4p requeues 0
qdisc pfifo 20: parent 1:10 limit 12p
 Sent 95727625 bytes 64373 pkt (dropped 3143, overlimits 0 requeues 0) 
 backlog 13338b 4p requeues 0
======================================================================
Timestamp: 2026-03-31 14:38:09
qdisc htb 1: root refcnt 13 r2q 10 default 0x10 direct_packets_stat 0 direct_qlen 1000
 Sent 96553901 bytes 64927 pkt (dropped 3179, overlimits 37012 requeues 0) 
 backlog 15044b 10p requeues 0
qdisc pfifo 20: parent 1:10 limit 12p
 Sent 96553901 bytes 64927 pkt (dropped 3179, overlimits 0 requeues 0) 
 backlog 15044b 10p requeues 0
======================================================================
Timestamp: 2026-03-31 14:38:10
qdisc htb 1: root refcnt 13 r2q 10 default 0x10 direct_packets_stat 0 direct_qlen 1000
 Sent 97434467 bytes 65518 pkt (dropped 3210, overlimits 37422 requeues 0) 
 backlog 20940b 9p requeues 0
qdisc pfifo 20: parent 1:10 limit 12p
 Sent 97434467 bytes 65518 pkt (dropped 3210, overlimits 0 requeues 0) 
 backlog 20940b 9p requeues 0
======================================================================
Timestamp: 2026-03-31 14:38:11
qdisc htb 1: root refcnt 13 r2q 10 default 0x10 direct_packets_stat 0 direct_qlen 1000
 Sent 98286994 bytes 66092 pkt (dropped 3238, overlimits 37765 requeues 0) 
 backlog 17944b 7p requeues 0
qdisc pfifo 20: parent 1:10 limit 12p
 Sent 98286994 bytes 66092 pkt (dropped 3238, overlimits 0 requeues 0) 
 backlog 17944b 7p requeues 0
======================================================================
Timestamp: 2026-03-31 14:38:12
qdisc htb 1: root refcnt 13 r2q 10 default 0x10 direct_packets_stat 0 direct_qlen 1000
 Sent 99164852 bytes 66681 pkt (dropped 3265, overlimits 38087 requeues 0) 
 backlog 26804b 8p requeues 0
qdisc pfifo 20: parent 1:10 limit 12p
 Sent 99164852 bytes 66681 pkt (dropped 3265, overlimits 0 requeues 0) 
 backlog 26804b 8p requeues 0
======================================================================
Timestamp: 2026-03-31 14:38:13
qdisc htb 1: root refcnt 13 r2q 10 default 0x10 direct_packets_stat 0 direct_qlen 1000
 Sent 100039312 bytes 67270 pkt (dropped 3293, overlimits 38338 requeues 0) 
 backlog 16302b 11p requeues 0
qdisc pfifo 20: parent 1:10 limit 12p
 Sent 100039312 bytes 67270 pkt (dropped 3293, overlimits 0 requeues 0) 
 backlog 16302b 11p requeues 0
======================================================================
Timestamp: 2026-03-31 14:38:14
qdisc htb 1: root refcnt 13 r2q 10 default 0x10 direct_packets_stat 0 direct_qlen 1000
 Sent 100917212 bytes 67860 pkt (dropped 3317, overlimits 38675 requeues 0) 
 backlog 22422b 9p requeues 0
qdisc pfifo 20: parent 1:10 limit 12p
 Sent 100917212 bytes 67860 pkt (dropped 3317, overlimits 0 requeues 0) 
 backlog 22422b 9p requeues 0
======================================================================
Timestamp: 2026-03-31 14:38:15
qdisc htb 1: root refcnt 13 r2q 10 default 0x10 direct_packets_stat 0 direct_qlen 1000
 Sent 101795121 bytes 68451 pkt (dropped 3344, overlimits 39010 requeues 0) 
 backlog 25322b 8p requeues 0
qdisc pfifo 20: parent 1:10 limit 12p
 Sent 101795121 bytes 68451 pkt (dropped 3344, overlimits 0 requeues 0) 
 backlog 25322b 8p requeues 0
======================================================================
Timestamp: 2026-03-31 14:38:16
qdisc htb 1: root refcnt 13 r2q 10 default 0x10 direct_packets_stat 0 direct_qlen 1000
 Sent 102670425 bytes 69039 pkt (dropped 3363, overlimits 39344 requeues 0) 
 backlog 19330b 5p requeues 0
qdisc pfifo 20: parent 1:10 limit 12p
 Sent 102670425 bytes 69039 pkt (dropped 3363, overlimits 0 requeues 0) 
 backlog 19330b 5p requeues 0
======================================================================
Timestamp: 2026-03-31 14:38:17
qdisc htb 1: root refcnt 13 r2q 10 default 0x10 direct_packets_stat 0 direct_qlen 1000
 Sent 103543336 bytes 69627 pkt (dropped 3388, overlimits 39681 requeues 0) 
 backlog 17944b 8p requeues 0
qdisc pfifo 20: parent 1:10 limit 12p
 Sent 103543336 bytes 69627 pkt (dropped 3388, overlimits 0 requeues 0) 
 backlog 17944b 8p requeues 0
======================================================================
Timestamp: 2026-03-31 14:38:18
qdisc htb 1: root refcnt 13 r2q 10 default 0x10 direct_packets_stat 0 direct_qlen 1000
 Sent 104426482 bytes 70220 pkt (dropped 3407, overlimits 39934 requeues 0) 
 backlog 26772b 7p requeues 0
qdisc pfifo 20: parent 1:10 limit 12p
 Sent 104426482 bytes 70220 pkt (dropped 3407, overlimits 0 requeues 0) 
 backlog 26772b 7p requeues 0
======================================================================
Timestamp: 2026-03-31 14:38:19
qdisc htb 1: root refcnt 13 r2q 10 default 0x10 direct_packets_stat 0 direct_qlen 1000
 Sent 105158480 bytes 70712 pkt (dropped 3438, overlimits 40218 requeues 0) 
 backlog 26868b 9p requeues 0
qdisc pfifo 20: parent 1:10 limit 12p
 Sent 105158480 bytes 70712 pkt (dropped 3438, overlimits 0 requeues 0) 
 backlog 26868b 9p requeues 0
======================================================================
Timestamp: 2026-03-31 14:38:20
qdisc htb 1: root refcnt 13 r2q 10 default 0x10 direct_packets_stat 0 direct_qlen 1000
 Sent 106038822 bytes 71303 pkt (dropped 3464, overlimits 40543 requeues 0) 
 backlog 26804b 12p requeues 0
qdisc pfifo 20: parent 1:10 limit 12p
 Sent 106038822 bytes 71303 pkt (dropped 3464, overlimits 0 requeues 0) 
 backlog 26804b 12p requeues 0
======================================================================
Timestamp: 2026-03-31 14:38:21
qdisc htb 1: root refcnt 13 r2q 10 default 0x10 direct_packets_stat 0 direct_qlen 1000
 Sent 106861389 bytes 71855 pkt (dropped 3504, overlimits 40897 requeues 0) 
 backlog 16430b 6p requeues 0
qdisc pfifo 20: parent 1:10 limit 12p
 Sent 106861389 bytes 71855 pkt (dropped 3504, overlimits 0 requeues 0) 
 backlog 16430b 6p requeues 0
======================================================================
Timestamp: 2026-03-31 14:38:22
qdisc htb 1: root refcnt 13 r2q 10 default 0x10 direct_packets_stat 0 direct_qlen 1000
 Sent 107736869 bytes 72443 pkt (dropped 3529, overlimits 41168 requeues 0) 
 backlog 16430b 11p requeues 0
qdisc pfifo 20: parent 1:10 limit 12p
 Sent 107736869 bytes 72443 pkt (dropped 3529, overlimits 0 requeues 0) 
 backlog 16430b 11p requeues 0
======================================================================
Timestamp: 2026-03-31 14:38:23
qdisc htb 1: root refcnt 13 r2q 10 default 0x10 direct_packets_stat 0 direct_qlen 1000
 Sent 108535740 bytes 72980 pkt (dropped 3553, overlimits 41528 requeues 0) 
 backlog 17880b 7p requeues 0
qdisc pfifo 20: parent 1:10 limit 12p
 Sent 108535740 bytes 72980 pkt (dropped 3553, overlimits 0 requeues 0) 
 backlog 17880b 7p requeues 0
======================================================================
Timestamp: 2026-03-31 14:38:24
qdisc htb 1: root refcnt 13 r2q 10 default 0x10 direct_packets_stat 0 direct_qlen 1000
 Sent 109411169 bytes 73567 pkt (dropped 3592, overlimits 41950 requeues 0) 
 backlog 19362b 9p requeues 0
qdisc pfifo 20: parent 1:10 limit 12p
 Sent 109411169 bytes 73567 pkt (dropped 3592, overlimits 0 requeues 0) 
 backlog 19362b 9p requeues 0
======================================================================
Timestamp: 2026-03-31 14:38:25
qdisc htb 1: root refcnt 13 r2q 10 default 0x10 direct_packets_stat 0 direct_qlen 1000
 Sent 110219667 bytes 74107 pkt (dropped 3633, overlimits 42370 requeues 0) 
 backlog 16430b 9p requeues 0
qdisc pfifo 20: parent 1:10 limit 12p
 Sent 110219667 bytes 74107 pkt (dropped 3633, overlimits 0 requeues 0) 
 backlog 16430b 9p requeues 0
======================================================================
Timestamp: 2026-03-31 14:38:26
qdisc htb 1: root refcnt 13 r2q 10 default 0x10 direct_packets_stat 0 direct_qlen 1000
 Sent 111102401 bytes 74698 pkt (dropped 3679, overlimits 42832 requeues 0) 
 backlog 4446b 1p requeues 0
qdisc pfifo 20: parent 1:10 limit 12p
 Sent 111102401 bytes 74698 pkt (dropped 3679, overlimits 0 requeues 0) 
 backlog 4446b 1p requeues 0
======================================================================
Timestamp: 2026-03-31 14:38:27
qdisc htb 1: root refcnt 13 r2q 10 default 0x10 direct_packets_stat 0 direct_qlen 1000
 Sent 111969528 bytes 75282 pkt (dropped 3708, overlimits 43155 requeues 0) 
 backlog 34278b 11p requeues 0
qdisc pfifo 20: parent 1:10 limit 12p
 Sent 111969528 bytes 75282 pkt (dropped 3708, overlimits 0 requeues 0) 
 backlog 34278b 11p requeues 0
======================================================================
Timestamp: 2026-03-31 14:38:28
qdisc htb 1: root refcnt 13 r2q 10 default 0x10 direct_packets_stat 0 direct_qlen 1000
 Sent 112841327 bytes 75869 pkt (dropped 3722, overlimits 43370 requeues 0) 
 backlog 19330b 11p requeues 0
qdisc pfifo 20: parent 1:10 limit 12p
 Sent 112841327 bytes 75869 pkt (dropped 3722, overlimits 0 requeues 0) 
 backlog 19330b 11p requeues 0
======================================================================
Timestamp: 2026-03-31 14:38:29
qdisc htb 1: root refcnt 13 r2q 10 default 0x10 direct_packets_stat 0 direct_qlen 1000
 Sent 113722367 bytes 76461 pkt (dropped 3758, overlimits 43678 requeues 0) 
 backlog 23776b 11p requeues 0
qdisc pfifo 20: parent 1:10 limit 12p
 Sent 113722367 bytes 76461 pkt (dropped 3758, overlimits 0 requeues 0) 
 backlog 23776b 11p requeues 0
======================================================================
Timestamp: 2026-03-31 14:38:30
qdisc htb 1: root refcnt 13 r2q 10 default 0x10 direct_packets_stat 0 direct_qlen 1000
 Sent 114457113 bytes 76950 pkt (dropped 3780, overlimits 44103 requeues 0) 
 backlog 10598b 7p requeues 0
qdisc pfifo 20: parent 1:10 limit 12p
 Sent 114457113 bytes 76950 pkt (dropped 3780, overlimits 0 requeues 0) 
 backlog 10598b 7p requeues 0
======================================================================
Timestamp: 2026-03-31 14:38:31
qdisc htb 1: root refcnt 13 r2q 10 default 0x10 direct_packets_stat 0 direct_qlen 1000
 Sent 115332855 bytes 77537 pkt (dropped 3830, overlimits 44482 requeues 0) 
 backlog 22358b 11p requeues 0
qdisc pfifo 20: parent 1:10 limit 12p
 Sent 115332855 bytes 77537 pkt (dropped 3830, overlimits 0 requeues 0) 
 backlog 22358b 11p requeues 0
======================================================================
Timestamp: 2026-03-31 14:38:32
qdisc htb 1: root refcnt 13 r2q 10 default 0x10 direct_packets_stat 0 direct_qlen 1000
 Sent 116210830 bytes 78128 pkt (dropped 3855, overlimits 44775 requeues 0) 
 backlog 1514b 1p requeues 0
qdisc pfifo 20: parent 1:10 limit 12p
 Sent 116210830 bytes 78128 pkt (dropped 3855, overlimits 0 requeues 0) 
 backlog 1514b 1p requeues 0
======================================================================
Timestamp: 2026-03-31 14:38:33
qdisc htb 1: root refcnt 13 r2q 10 default 0x10 direct_packets_stat 0 direct_qlen 1000
 Sent 117071426 bytes 78705 pkt (dropped 3911, overlimits 45196 requeues 0) 
 backlog 17912b 12p requeues 0
qdisc pfifo 20: parent 1:10 limit 12p
 Sent 117071426 bytes 78705 pkt (dropped 3911, overlimits 0 requeues 0) 
 backlog 17912b 12p requeues 0
======================================================================
Timestamp: 2026-03-31 14:38:34
qdisc htb 1: root refcnt 13 r2q 10 default 0x10 direct_packets_stat 0 direct_qlen 1000
 Sent 117949678 bytes 79295 pkt (dropped 3942, overlimits 45510 requeues 0) 
 backlog 20876b 8p requeues 0
qdisc pfifo 20: parent 1:10 limit 12p
 Sent 117949678 bytes 79295 pkt (dropped 3942, overlimits 0 requeues 0) 
 backlog 20876b 8p requeues 0
======================================================================
Timestamp: 2026-03-31 14:38:35
qdisc htb 1: root refcnt 13 r2q 10 default 0x10 direct_packets_stat 0 direct_qlen 1000
 Sent 118802835 bytes 79868 pkt (dropped 3968, overlimits 45873 requeues 0) 
 backlog 23904b 9p requeues 0
qdisc pfifo 20: parent 1:10 limit 12p
 Sent 118802835 bytes 79868 pkt (dropped 3968, overlimits 0 requeues 0) 
 backlog 23904b 9p requeues 0
======================================================================
Timestamp: 2026-03-31 14:38:36
qdisc htb 1: root refcnt 13 r2q 10 default 0x10 direct_packets_stat 0 direct_qlen 1000
 Sent 119654279 bytes 80445 pkt (dropped 3983, overlimits 46096 requeues 0) 
 backlog 0b 0p requeues 0
qdisc pfifo 20: parent 1:10 limit 12p
 Sent 119654279 bytes 80445 pkt (dropped 3983, overlimits 0 requeues 0) 
 backlog 0b 0p requeues 0
======================================================================
Timestamp: 2026-03-31 14:38:37
qdisc htb 1: root refcnt 13 r2q 10 default 0x10 direct_packets_stat 0 direct_qlen 1000
 Sent 120389411 bytes 80946 pkt (dropped 3990, overlimits 46286 requeues 0) 
 backlog 26676b 4p requeues 0
qdisc pfifo 20: parent 1:10 limit 12p
 Sent 120389411 bytes 80946 pkt (dropped 3990, overlimits 0 requeues 0) 
 backlog 26676b 4p requeues 0
======================================================================
Timestamp: 2026-03-31 14:38:38
qdisc htb 1: root refcnt 13 r2q 10 default 0x10 direct_packets_stat 0 direct_qlen 1000
 Sent 120999774 bytes 81358 pkt (dropped 3990, overlimits 46358 requeues 0) 
 backlog 0b 0p requeues 0
qdisc pfifo 20: parent 1:10 limit 12p
 Sent 120999774 bytes 81358 pkt (dropped 3990, overlimits 0 requeues 0) 
 backlog 0b 0p requeues 0
======================================================================
Timestamp: 2026-03-31 14:38:39
qdisc htb 1: root refcnt 13 r2q 10 default 0x10 direct_packets_stat 0 direct_qlen 1000
 Sent 121685669 bytes 81821 pkt (dropped 4024, overlimits 46527 requeues 0) 
 backlog 22230b 3p requeues 0
qdisc pfifo 20: parent 1:10 limit 12p
 Sent 121685669 bytes 81821 pkt (dropped 4024, overlimits 0 requeues 0) 
 backlog 22230b 3p requeues 0
======================================================================
Timestamp: 2026-03-31 14:38:40
qdisc htb 1: root refcnt 13 r2q 10 default 0x10 direct_packets_stat 0 direct_qlen 1000
 Sent 122184110 bytes 82158 pkt (dropped 4024, overlimits 46591 requeues 0) 
 backlog 0b 0p requeues 0
qdisc pfifo 20: parent 1:10 limit 12p
 Sent 122184110 bytes 82158 pkt (dropped 4024, overlimits 0 requeues 0) 
 backlog 0b 0p requeues 0
======================================================================
Timestamp: 2026-03-31 14:38:41
qdisc htb 1: root refcnt 13 r2q 10 default 0x10 direct_packets_stat 0 direct_qlen 1000
 Sent 122828509 bytes 82593 pkt (dropped 4045, overlimits 46734 requeues 0) 
 backlog 29640b 3p requeues 0
qdisc pfifo 20: parent 1:10 limit 12p
 Sent 122828509 bytes 82593 pkt (dropped 4045, overlimits 0 requeues 0) 
 backlog 29640b 3p requeues 0
======================================================================
Timestamp: 2026-03-31 14:38:42
qdisc htb 1: root refcnt 13 r2q 10 default 0x10 direct_packets_stat 0 direct_qlen 1000
 Sent 123486426 bytes 83038 pkt (dropped 4045, overlimits 46804 requeues 0) 
 backlog 0b 0p requeues 0
qdisc pfifo 20: parent 1:10 limit 12p
 Sent 123486426 bytes 83038 pkt (dropped 4045, overlimits 0 requeues 0) 
 backlog 0b 0p requeues 0
======================================================================
Timestamp: 2026-03-31 14:38:43
qdisc htb 1: root refcnt 13 r2q 10 default 0x10 direct_packets_stat 0 direct_qlen 1000
 Sent 124095258 bytes 83449 pkt (dropped 4058, overlimits 46953 requeues 0) 
 backlog 16302b 2p requeues 0
qdisc pfifo 20: parent 1:10 limit 12p
 Sent 124095258 bytes 83449 pkt (dropped 4058, overlimits 0 requeues 0) 
 backlog 16302b 2p requeues 0
======================================================================
Timestamp: 2026-03-31 14:38:44
qdisc htb 1: root refcnt 13 r2q 10 default 0x10 direct_packets_stat 0 direct_qlen 1000
 Sent 124716571 bytes 83870 pkt (dropped 4058, overlimits 47031 requeues 0) 
 backlog 0b 0p requeues 0
qdisc pfifo 20: parent 1:10 limit 12p
 Sent 124716571 bytes 83870 pkt (dropped 4058, overlimits 0 requeues 0) 
 backlog 0b 0p requeues 0
======================================================================
Timestamp: 2026-03-31 14:38:45
qdisc htb 1: root refcnt 13 r2q 10 default 0x10 direct_packets_stat 0 direct_qlen 1000
 Sent 125277979 bytes 84249 pkt (dropped 4084, overlimits 47155 requeues 0) 
 backlog 23712b 3p requeues 0
qdisc pfifo 20: parent 1:10 limit 12p
 Sent 125277979 bytes 84249 pkt (dropped 4084, overlimits 0 requeues 0) 
 backlog 23712b 3p requeues 0
======================================================================
Timestamp: 2026-03-31 14:38:46
qdisc htb 1: root refcnt 13 r2q 10 default 0x10 direct_packets_stat 0 direct_qlen 1000
 Sent 126002336 bytes 84739 pkt (dropped 4084, overlimits 47240 requeues 0) 
 backlog 0b 0p requeues 0
qdisc pfifo 20: parent 1:10 limit 12p
 Sent 126002336 bytes 84739 pkt (dropped 4084, overlimits 0 requeues 0) 
 backlog 0b 0p requeues 0
======================================================================
Timestamp: 2026-03-31 14:38:47
qdisc htb 1: root refcnt 13 r2q 10 default 0x10 direct_packets_stat 0 direct_qlen 1000
 Sent 126529658 bytes 85095 pkt (dropped 4116, overlimits 47365 requeues 0) 
 backlog 17784b 2p requeues 0
qdisc pfifo 20: parent 1:10 limit 12p
 Sent 126529658 bytes 85095 pkt (dropped 4116, overlimits 0 requeues 0) 
 backlog 17784b 2p requeues 0
======================================================================
Timestamp: 2026-03-31 14:38:48
qdisc htb 1: root refcnt 13 r2q 10 default 0x10 direct_packets_stat 0 direct_qlen 1000
 Sent 127001946 bytes 85414 pkt (dropped 4116, overlimits 47416 requeues 0) 
 backlog 0b 0p requeues 0
qdisc pfifo 20: parent 1:10 limit 12p
 Sent 127001946 bytes 85414 pkt (dropped 4116, overlimits 0 requeues 0) 
 backlog 0b 0p requeues 0
======================================================================
Timestamp: 2026-03-31 14:38:49
qdisc htb 1: root refcnt 13 r2q 10 default 0x10 direct_packets_stat 0 direct_qlen 1000
 Sent 127483325 bytes 85739 pkt (dropped 4137, overlimits 47543 requeues 0) 
 backlog 26676b 4p requeues 0
qdisc pfifo 20: parent 1:10 limit 12p
 Sent 127483325 bytes 85739 pkt (dropped 4137, overlimits 0 requeues 0) 
 backlog 26676b 4p requeues 0
======================================================================
Timestamp: 2026-03-31 14:38:50
qdisc htb 1: root refcnt 13 r2q 10 default 0x10 direct_packets_stat 0 direct_qlen 1000
 Sent 128307951 bytes 86296 pkt (dropped 4137, overlimits 47644 requeues 0) 
 backlog 0b 0p requeues 0
qdisc pfifo 20: parent 1:10 limit 12p
 Sent 128307951 bytes 86296 pkt (dropped 4137, overlimits 0 requeues 0) 
 backlog 0b 0p requeues 0
======================================================================
Timestamp: 2026-03-31 14:38:51
qdisc htb 1: root refcnt 13 r2q 10 default 0x10 direct_packets_stat 0 direct_qlen 1000
 Sent 128747835 bytes 86593 pkt (dropped 4167, overlimits 47773 requeues 0) 
 backlog 26676b 4p requeues 0
qdisc pfifo 20: parent 1:10 limit 12p
 Sent 128747835 bytes 86593 pkt (dropped 4167, overlimits 0 requeues 0) 
 backlog 26676b 4p requeues 0
======================================================================
Timestamp: 2026-03-31 14:38:52
qdisc htb 1: root refcnt 13 r2q 10 default 0x10 direct_packets_stat 0 direct_qlen 1000
 Sent 129568428 bytes 87148 pkt (dropped 4167, overlimits 47870 requeues 0) 
 backlog 0b 0p requeues 0
qdisc pfifo 20: parent 1:10 limit 12p
 Sent 129568428 bytes 87148 pkt (dropped 4167, overlimits 0 requeues 0) 
 backlog 0b 0p requeues 0
======================================================================
Timestamp: 2026-03-31 14:38:53
qdisc htb 1: root refcnt 13 r2q 10 default 0x10 direct_packets_stat 0 direct_qlen 1000
 Sent 129963983 bytes 87417 pkt (dropped 4182, overlimits 48001 requeues 0) 
 backlog 13338b 2p requeues 0
qdisc pfifo 20: parent 1:10 limit 12p
 Sent 129963983 bytes 87417 pkt (dropped 4182, overlimits 0 requeues 0) 
 backlog 13338b 2p requeues 0
======================================================================
Timestamp: 2026-03-31 14:38:54
qdisc htb 1: root refcnt 13 r2q 10 default 0x10 direct_packets_stat 0 direct_qlen 1000
 Sent 130746004 bytes 87945 pkt (dropped 4182, overlimits 48104 requeues 0) 
 backlog 0b 0p requeues 0
qdisc pfifo 20: parent 1:10 limit 12p
 Sent 130746004 bytes 87945 pkt (dropped 4182, overlimits 0 requeues 0) 
 backlog 0b 0p requeues 0
======================================================================
Timestamp: 2026-03-31 14:38:55
qdisc htb 1: root refcnt 13 r2q 10 default 0x10 direct_packets_stat 0 direct_qlen 1000
 Sent 131101413 bytes 88185 pkt (dropped 4201, overlimits 48207 requeues 0) 
 backlog 19266b 3p requeues 0
qdisc pfifo 20: parent 1:10 limit 12p
 Sent 131101413 bytes 88185 pkt (dropped 4201, overlimits 0 requeues 0) 
 backlog 19266b 3p requeues 0
======================================================================
Timestamp: 2026-03-31 14:38:56
qdisc htb 1: root refcnt 13 r2q 10 default 0x10 direct_packets_stat 0 direct_qlen 1000
 Sent 131980239 bytes 88778 pkt (dropped 4201, overlimits 48322 requeues 0) 
 backlog 48906b 6p requeues 0
qdisc pfifo 20: parent 1:10 limit 12p
 Sent 131980239 bytes 88778 pkt (dropped 4201, overlimits 0 requeues 0) 
 backlog 48906b 6p requeues 0
======================================================================
Timestamp: 2026-03-31 14:38:57
qdisc htb 1: root refcnt 13 r2q 10 default 0x10 direct_packets_stat 0 direct_qlen 1000
 Sent 132393055 bytes 89058 pkt (dropped 4215, overlimits 48450 requeues 0) 
 backlog 22230b 3p requeues 0
qdisc pfifo 20: parent 1:10 limit 12p
 Sent 132393055 bytes 89058 pkt (dropped 4215, overlimits 0 requeues 0) 
 backlog 22230b 3p requeues 0
======================================================================
Timestamp: 2026-03-31 14:38:58
qdisc htb 1: root refcnt 13 r2q 10 default 0x10 direct_packets_stat 0 direct_qlen 1000
 Sent 133192510 bytes 89599 pkt (dropped 4215, overlimits 48548 requeues 0) 
 backlog 0b 0p requeues 0
qdisc pfifo 20: parent 1:10 limit 12p
 Sent 133192510 bytes 89599 pkt (dropped 4215, overlimits 0 requeues 0) 
 backlog 0b 0p requeues 0
======================================================================
Timestamp: 2026-03-31 14:38:59
qdisc htb 1: root refcnt 13 r2q 10 default 0x10 direct_packets_stat 0 direct_qlen 1000
 Sent 133460482 bytes 89780 pkt (dropped 4230, overlimits 48658 requeues 0) 
 backlog 22230b 3p requeues 0
qdisc pfifo 20: parent 1:10 limit 12p
 Sent 133460482 bytes 89780 pkt (dropped 4230, overlimits 0 requeues 0) 
 backlog 22230b 3p requeues 0
======================================================================
Timestamp: 2026-03-31 14:39:00
qdisc htb 1: root refcnt 13 r2q 10 default 0x10 direct_packets_stat 0 direct_qlen 1000
 Sent 134313204 bytes 90356 pkt (dropped 4234, overlimits 48771 requeues 0) 
 backlog 16302b 11p requeues 0
qdisc pfifo 20: parent 1:10 limit 12p
 Sent 134313204 bytes 90356 pkt (dropped 4234, overlimits 0 requeues 0) 
 backlog 16302b 11p requeues 0
======================================================================
Timestamp: 2026-03-31 14:39:01
qdisc htb 1: root refcnt 13 r2q 10 default 0x10 direct_packets_stat 0 direct_qlen 1000
 Sent 135193609 bytes 90951 pkt (dropped 4254, overlimits 48958 requeues 0) 
 backlog 32604b 4p requeues 0
qdisc pfifo 20: parent 1:10 limit 12p
 Sent 135193609 bytes 90951 pkt (dropped 4254, overlimits 0 requeues 0) 
 backlog 32604b 4p requeues 0
======================================================================
Timestamp: 2026-03-31 14:39:02
qdisc htb 1: root refcnt 13 r2q 10 default 0x10 direct_packets_stat 0 direct_qlen 1000
 Sent 136050527 bytes 91530 pkt (dropped 4281, overlimits 49143 requeues 0) 
 backlog 14820b 2p requeues 0
qdisc pfifo 20: parent 1:10 limit 12p
 Sent 136050527 bytes 91530 pkt (dropped 4281, overlimits 0 requeues 0) 
 backlog 14820b 2p requeues 0
======================================================================
Timestamp: 2026-03-31 14:39:03
qdisc htb 1: root refcnt 13 r2q 10 default 0x10 direct_packets_stat 0 direct_qlen 1000
 Sent 136228811 bytes 91652 pkt (dropped 4281, overlimits 49171 requeues 0) 
 backlog 0b 0p requeues 0
qdisc pfifo 20: parent 1:10 limit 12p
 Sent 136228811 bytes 91652 pkt (dropped 4281, overlimits 0 requeues 0) 
 backlog 0b 0p requeues 0
======================================================================
Timestamp: 2026-03-31 14:39:04
qdisc htb 1: root refcnt 13 r2q 10 default 0x10 direct_packets_stat 0 direct_qlen 1000
 Sent 136680652 bytes 91958 pkt (dropped 4286, overlimits 49330 requeues 0) 
 backlog 11856b 3p requeues 0
qdisc pfifo 20: parent 1:10 limit 12p
 Sent 136680652 bytes 91958 pkt (dropped 4286, overlimits 0 requeues 0) 
 backlog 11856b 3p requeues 0
======================================================================
Timestamp: 2026-03-31 14:39:05
qdisc htb 1: root refcnt 13 r2q 10 default 0x10 direct_packets_stat 0 direct_qlen 1000
 Sent 137222501 bytes 92326 pkt (dropped 4286, overlimits 49403 requeues 0) 
 backlog 0b 0p requeues 0
qdisc pfifo 20: parent 1:10 limit 12p
 Sent 137222501 bytes 92326 pkt (dropped 4286, overlimits 0 requeues 0) 
 backlog 0b 0p requeues 0
======================================================================
Timestamp: 2026-03-31 14:39:06
qdisc htb 1: root refcnt 13 r2q 10 default 0x10 direct_packets_stat 0 direct_qlen 1000
 Sent 137631267 bytes 92602 pkt (dropped 4293, overlimits 49506 requeues 0) 
 backlog 19266b 3p requeues 0
qdisc pfifo 20: parent 1:10 limit 12p
 Sent 137631267 bytes 92602 pkt (dropped 4293, overlimits 0 requeues 0) 
 backlog 19266b 3p requeues 0
======================================================================
Timestamp: 2026-03-31 14:39:07
qdisc htb 1: root refcnt 13 r2q 10 default 0x10 direct_packets_stat 0 direct_qlen 1000
 Sent 138376097 bytes 93105 pkt (dropped 4293, overlimits 49603 requeues 0) 
 backlog 0b 0p requeues 0
qdisc pfifo 20: parent 1:10 limit 12p
 Sent 138376097 bytes 93105 pkt (dropped 4293, overlimits 0 requeues 0) 
 backlog 0b 0p requeues 0
======================================================================
Timestamp: 2026-03-31 14:39:08
qdisc htb 1: root refcnt 13 r2q 10 default 0x10 direct_packets_stat 0 direct_qlen 1000
 Sent 138743464 bytes 93354 pkt (dropped 4322, overlimits 49731 requeues 0) 
 backlog 19266b 3p requeues 0
qdisc pfifo 20: parent 1:10 limit 12p
 Sent 138743464 bytes 93354 pkt (dropped 4322, overlimits 0 requeues 0) 
 backlog 19266b 3p requeues 0
======================================================================
Timestamp: 2026-03-31 14:39:09
qdisc htb 1: root refcnt 13 r2q 10 default 0x10 direct_packets_stat 0 direct_qlen 1000
 Sent 139619326 bytes 93945 pkt (dropped 4322, overlimits 49853 requeues 0) 
 backlog 14663b 3p requeues 0
qdisc pfifo 20: parent 1:10 limit 12p
 Sent 139619326 bytes 93945 pkt (dropped 4322, overlimits 0 requeues 0) 
 backlog 14663b 3p requeues 0
======================================================================
Timestamp: 2026-03-31 14:39:10
qdisc htb 1: root refcnt 13 r2q 10 default 0x10 direct_packets_stat 0 direct_qlen 1000
 Sent 139956896 bytes 94174 pkt (dropped 4338, overlimits 49978 requeues 0) 
 backlog 20748b 3p requeues 0
qdisc pfifo 20: parent 1:10 limit 12p
 Sent 139956896 bytes 94174 pkt (dropped 4338, overlimits 0 requeues 0) 
 backlog 20748b 3p requeues 0
======================================================================
Timestamp: 2026-03-31 14:39:11
qdisc htb 1: root refcnt 13 r2q 10 default 0x10 direct_packets_stat 0 direct_qlen 1000
 Sent 140828179 bytes 94762 pkt (dropped 4338, overlimits 50098 requeues 0) 
 backlog 0b 0p requeues 0
qdisc pfifo 20: parent 1:10 limit 12p
 Sent 140828179 bytes 94762 pkt (dropped 4338, overlimits 0 requeues 0) 
 backlog 0b 0p requeues 0
======================================================================
Timestamp: 2026-03-31 14:39:12
qdisc htb 1: root refcnt 13 r2q 10 default 0x10 direct_packets_stat 0 direct_qlen 1000
 Sent 141108108 bytes 94952 pkt (dropped 4372, overlimits 50212 requeues 0) 
 backlog 11856b 2p requeues 0
qdisc pfifo 20: parent 1:10 limit 12p
 Sent 141108108 bytes 94952 pkt (dropped 4372, overlimits 0 requeues 0) 
 backlog 11856b 2p requeues 0
======================================================================
Timestamp: 2026-03-31 14:39:13
qdisc htb 1: root refcnt 13 r2q 10 default 0x10 direct_packets_stat 0 direct_qlen 1000
 Sent 141983970 bytes 95543 pkt (dropped 4372, overlimits 50329 requeues 0) 
 backlog 40014b 5p requeues 0
qdisc pfifo 20: parent 1:10 limit 12p
 Sent 141983970 bytes 95543 pkt (dropped 4372, overlimits 0 requeues 0) 
 backlog 40014b 5p requeues 0
======================================================================
Timestamp: 2026-03-31 14:39:14
qdisc htb 1: root refcnt 13 r2q 10 default 0x10 direct_packets_stat 0 direct_qlen 1000
 Sent 142395263 bytes 95822 pkt (dropped 4403, overlimits 50459 requeues 0) 
 backlog 11856b 2p requeues 0
qdisc pfifo 20: parent 1:10 limit 12p
 Sent 142395263 bytes 95822 pkt (dropped 4403, overlimits 0 requeues 0) 
 backlog 11856b 2p requeues 0
======================================================================
Timestamp: 2026-03-31 14:39:15
qdisc htb 1: root refcnt 13 r2q 10 default 0x10 direct_packets_stat 0 direct_qlen 1000
 Sent 143274089 bytes 96415 pkt (dropped 4403, overlimits 50586 requeues 0) 
 backlog 32604b 4p requeues 0
qdisc pfifo 20: parent 1:10 limit 12p
 Sent 143274089 bytes 96415 pkt (dropped 4403, overlimits 0 requeues 0) 
 backlog 32604b 4p requeues 0
======================================================================
Timestamp: 2026-03-31 14:39:16
qdisc htb 1: root refcnt 13 r2q 10 default 0x10 direct_packets_stat 0 direct_qlen 1000
 Sent 143637179 bytes 96661 pkt (dropped 4425, overlimits 50692 requeues 0) 
 backlog 19266b 5p requeues 0
qdisc pfifo 20: parent 1:10 limit 12p
 Sent 143637179 bytes 96661 pkt (dropped 4425, overlimits 0 requeues 0) 
 backlog 19266b 5p requeues 0
======================================================================
Timestamp: 2026-03-31 14:39:17
qdisc htb 1: root refcnt 13 r2q 10 default 0x10 direct_packets_stat 0 direct_qlen 1000
 Sent 144169760 bytes 97022 pkt (dropped 4425, overlimits 50757 requeues 0) 
 backlog 0b 0p requeues 0
qdisc pfifo 20: parent 1:10 limit 12p
 Sent 144169760 bytes 97022 pkt (dropped 4425, overlimits 0 requeues 0) 
 backlog 0b 0p requeues 0
======================================================================
Timestamp: 2026-03-31 14:39:18
qdisc htb 1: root refcnt 13 r2q 10 default 0x10 direct_packets_stat 0 direct_qlen 1000
 Sent 144322140 bytes 97125 pkt (dropped 4431, overlimits 50834 requeues 0) 
 backlog 7410b 5p requeues 0
qdisc pfifo 20: parent 1:10 limit 12p
 Sent 144322140 bytes 97125 pkt (dropped 4431, overlimits 0 requeues 0) 
 backlog 7410b 5p requeues 0
======================================================================
Timestamp: 2026-03-31 14:39:19
qdisc htb 1: root refcnt 13 r2q 10 default 0x10 direct_packets_stat 0 direct_qlen 1000
 Sent 145114634 bytes 97661 pkt (dropped 4431, overlimits 50964 requeues 0) 
 backlog 0b 0p requeues 0
qdisc pfifo 20: parent 1:10 limit 12p
 Sent 145114634 bytes 97661 pkt (dropped 4431, overlimits 0 requeues 0) 
 backlog 0b 0p requeues 0
======================================================================
Timestamp: 2026-03-31 14:39:20
qdisc htb 1: root refcnt 13 r2q 10 default 0x10 direct_packets_stat 0 direct_qlen 1000
 Sent 145227000 bytes 97737 pkt (dropped 4442, overlimits 51005 requeues 0) 
 backlog 26676b 6p requeues 0
qdisc pfifo 20: parent 1:10 limit 12p
 Sent 145227000 bytes 97737 pkt (dropped 4442, overlimits 0 requeues 0) 
 backlog 26676b 6p requeues 0
======================================================================
Timestamp: 2026-03-31 14:39:21
qdisc htb 1: root refcnt 13 r2q 10 default 0x10 direct_packets_stat 0 direct_qlen 1000
 Sent 146110272 bytes 98333 pkt (dropped 4442, overlimits 51110 requeues 0) 
 backlog 35568b 4p requeues 0
qdisc pfifo 20: parent 1:10 limit 12p
 Sent 146110272 bytes 98333 pkt (dropped 4442, overlimits 0 requeues 0) 
 backlog 35568b 4p requeues 0
======================================================================
Timestamp: 2026-03-31 14:39:22
qdisc htb 1: root refcnt 13 r2q 10 default 0x10 direct_packets_stat 0 direct_qlen 1000
 Sent 146509123 bytes 98604 pkt (dropped 4460, overlimits 51177 requeues 0) 
 backlog 17784b 12p requeues 0
qdisc pfifo 20: parent 1:10 limit 12p
 Sent 146509123 bytes 98604 pkt (dropped 4460, overlimits 0 requeues 0) 
 backlog 17784b 12p requeues 0
======================================================================
Timestamp: 2026-03-31 14:39:23
qdisc htb 1: root refcnt 13 r2q 10 default 0x10 direct_packets_stat 0 direct_qlen 1000
 Sent 147390913 bytes 99199 pkt (dropped 4477, overlimits 51334 requeues 0) 
 backlog 34086b 4p requeues 0
qdisc pfifo 20: parent 1:10 limit 12p
 Sent 147390913 bytes 99199 pkt (dropped 4477, overlimits 0 requeues 0) 
 backlog 34086b 4p requeues 0
======================================================================
Timestamp: 2026-03-31 14:39:24
qdisc htb 1: root refcnt 13 r2q 10 default 0x10 direct_packets_stat 0 direct_qlen 1000
 Sent 147730295 bytes 99429 pkt (dropped 4482, overlimits 51373 requeues 0) 
 backlog 17784b 12p requeues 0
qdisc pfifo 20: parent 1:10 limit 12p
 Sent 147730295 bytes 99429 pkt (dropped 4482, overlimits 0 requeues 0) 
 backlog 17784b 12p requeues 0
======================================================================
Timestamp: 2026-03-31 14:39:25
qdisc htb 1: root refcnt 13 r2q 10 default 0x10 direct_packets_stat 0 direct_qlen 1000
 Sent 148612085 bytes 100024 pkt (dropped 4508, overlimits 51566 requeues 0) 
 backlog 29640b 4p requeues 0
qdisc pfifo 20: parent 1:10 limit 12p
 Sent 148612085 bytes 100024 pkt (dropped 4508, overlimits 0 requeues 0) 
 backlog 29640b 4p requeues 0
