      Time     KB/s_in    KB/s_out
  17:27:19         0.9         3.2
  17:27:20        16.0       642.0
  17:27:21         8.5       389.0
  17:27:22        16.0       653.0
  17:27:23        19.1       834.8
  17:27:24        19.4       854.4
  17:27:25        18.6       835.4
  17:27:26        19.2       832.6
  17:27:27        18.6       848.8
  17:27:28        13.3       567.8
  17:27:29        11.4       520.3
  17:27:30        13.3       545.0
  17:27:31         1.2        49.0
  17:27:32        13.9       521.5
  17:27:33        14.1       629.0
  17:27:34        11.9       500.6
  17:27:35         9.4       427.4
  17:27:36        11.2       468.3
  17:27:37        15.7       715.9
  17:27:38        12.0       450.5
  17:27:39         7.7       337.5
  17:27:40        10.3       428.5
  17:27:41        12.1       551.0
  17:27:42         9.8       403.2
  17:27:43        18.4       842.2
  17:27:44        10.4       384.3
  17:27:45        10.2       438.1
  17:27:46         9.8       361.8
  17:27:47        16.1       708.2
  17:27:48         8.3       338.0
  17:27:49        11.9       498.0
  17:27:50         6.7       220.3
  17:27:51         8.1       308.8
  17:27:52         8.0       298.5
  17:27:53         7.8       291.1
  17:27:54         8.8       281.1
  17:27:55         8.0       287.2
  17:27:56         8.3       298.5
  17:27:57         7.8       280.6
  17:27:58         8.2       295.6
  17:27:59         7.6       280.8
  17:28:00         7.4       249.0
  17:28:01         7.9       294.0
  17:28:02         4.9       155.7
  17:28:03         2.4        95.7
  17:28:04         2.0        45.6
  17:28:05         3.4       133.3
  17:28:06         1.9        38.2
  17:28:07         7.7       295.4
  17:28:08         4.4       134.8
  17:28:09         8.1       292.6
  17:28:10         5.1       167.8
  17:28:11         7.7       295.6
  17:28:12         4.1       119.6
  17:28:13         8.2       314.8
  17:28:14         3.5       100.5
  17:28:15         7.8       310.0
  17:28:16         3.4       107.3
  17:28:17         7.7       289.4
  17:28:18         4.1       152.4
  17:28:19         8.7       304.2
  17:28:20         4.6       171.3
  17:28:21         7.9       267.2
  17:28:22         6.1       232.3
  17:28:23         7.4       242.1
  17:28:24         1.2        44.8
  17:28:25         7.3       256.9
  17:28:26         2.9       104.5
  17:28:27         7.0       236.1
  17:28:28         5.3       193.6
  17:28:29         6.7       218.4
  17:28:30         2.9       100.6
  17:28:31         6.5       228.8
  17:28:32         6.3       237.3
  17:28:33         6.8       222.9
  17:28:34         7.3       265.8
  17:28:35         6.7       221.4
  17:28:36         6.6       250.0
  17:28:37         6.1       197.7
  17:28:38         6.1       221.3
  17:28:39         5.8       187.4
  17:28:40         6.2       229.0
  17:28:41         5.4       181.5
  17:28:42         5.8       229.8
  17:28:43         5.2       165.3
  17:28:44         6.4       252.7
  17:28:45         6.0       184.4
  17:28:46         6.1       237.4
  17:28:47         5.2       165.2
  17:28:48         7.8       279.0
  17:28:49         4.5       140.1
  17:28:50         7.5       297.0
  17:28:51         7.0       229.0
  17:28:52         8.1       308.9
  17:28:53         4.5       135.1
  17:28:54         8.4       316.2
  17:28:55         4.4       133.5
  17:28:56         8.1       293.1
  17:28:57         3.7       103.2
  17:28:58         7.7       298.4
  17:28:59         5.8       175.0
  17:29:00         8.6       322.1
  17:29:01         4.3       138.8
  17:29:02         7.6       291.2
  17:29:03         8.5       292.9
  17:29:04         8.4       300.1
  17:29:05         7.7       254.1
  17:29:06         7.7       308.9
  17:29:07         2.7        70.3
  17:29:08         7.2       269.0
  17:29:09         4.8       152.5
  17:29:10         7.8       297.0
  17:29:11         4.7       144.2
  17:29:12         7.7       291.1
  17:29:13         4.4       136.5
  17:29:14         8.0       292.7
  17:29:15         5.3       160.1
  17:29:16         7.4       283.6
  17:29:17         1.4        17.7
  17:29:18         8.1       305.6
  17:29:19         1.1         2.9
  17:29:20         8.1       312.0
  17:29:21         3.2       107.4
  17:29:22         8.0       284.9
  17:29:23         3.7       136.5
  17:29:24         7.8       280.5
  17:29:25         5.2       188.6
  17:29:26         7.4       270.2
  17:29:27         5.1       194.3
  17:29:28         7.8       273.1
  17:29:29         6.1       227.1
  17:29:30         7.2       251.0
  17:29:31         1.6        54.2
  17:29:32         7.0       249.5
  17:29:33         4.3       170.1
  17:29:34         7.7       253.9
  17:29:35         3.8       140.2
  17:29:36         7.1       237.7
  17:29:37         5.2       198.8
  17:29:38         6.7       222.8
  17:29:39         1.7        65.1
  17:29:40         6.9       224.4
  17:29:41         4.1       144.6
  17:29:42         6.1       205.1
  17:29:43         6.9       244.1
  17:29:44         5.6       187.4
  17:29:45         5.9       219.5
  17:29:46         5.8       187.4
  17:29:47         5.5       208.9
  17:29:48         5.2       178.6
  17:29:49         6.4       238.8
  17:29:50         5.5       172.6
  17:29:51         6.6       252.4
  17:29:52         4.1       119.4
  17:29:53         7.8       291.1
  17:29:54         5.3       167.5
  17:29:55         8.3       310.3
  17:29:56         4.5       132.9
  17:29:57         7.7       300.0
  17:29:58         4.0       124.2
  17:29:59         8.0       304.3
  17:30:00         4.8       155.8
  17:30:01         7.8       304.4
  17:30:02         4.7       143.8
  17:30:03         1.4        51.4
  17:30:04         3.5        98.8
  17:30:05         2.2        80.1
  17:30:06         2.9        78.0
  17:30:07         7.9       304.4
  17:30:08         3.9       123.0
  17:30:09         7.9       307.4
  17:30:10         5.0       158.9
  17:30:11         6.8       268.9
  17:30:12         4.9       143.2
  17:30:13         7.3       298.5
  17:30:14         3.9       115.1
  17:30:15         8.2       301.5
  17:30:16         3.7       111.0
  17:30:17         7.7       295.6
  17:30:18         4.7       137.3
  17:30:19        11.2       450.7
  17:30:20         1.8        35.2
  17:30:21        10.2       464.1
  17:30:22         1.3        11.6
  17:30:23         6.1       275.3
  17:30:24         1.1         2.9
  17:30:25         7.9       358.5
  17:30:26         0.5         0.0
  17:30:27        11.0       429.6
  17:30:28         0.0         0.0
  17:30:29         8.0       319.0
  17:30:30         0.0         0.0
  17:30:31        11.2       466.0
  17:30:32         0.0         0.0
  17:30:33        12.1       489.7
  17:30:34         0.1         0.1
  17:30:35        16.7       722.2
  17:30:36         1.4        61.1
  17:30:37        16.1       694.5
  17:30:38         2.1        97.5
