Starting TC Qdisc Monitoring for s1-eth2
Timestamp, Qdisc Stats
======================================================================
Timestamp: 2026-04-28 17:04:55
qdisc htb 1: root refcnt 13 r2q 10 default 0x10 direct_packets_stat 0 direct_qlen 1000
 Sent 7576 bytes 36 pkt (dropped 0, overlimits 2 requeues 0) 
 backlog 0b 0p requeues 0
qdisc pfifo 20: parent 1:10 limit 12p
 Sent 7576 bytes 36 pkt (dropped 0, overlimits 0 requeues 0) 
 backlog 0b 0p requeues 0
======================================================================
Timestamp: 2026-04-28 17:04:56
qdisc htb 1: root refcnt 13 r2q 10 default 0x10 direct_packets_stat 0 direct_qlen 1000
 Sent 166149 bytes 144 pkt (dropped 0, overlimits 39 requeues 0) 
 backlog 0b 0p requeues 0
qdisc pfifo 20: parent 1:10 limit 12p
 Sent 166149 bytes 144 pkt (dropped 0, overlimits 0 requeues 0) 
 backlog 0b 0p requeues 0
======================================================================
Timestamp: 2026-04-28 17:04:57
qdisc htb 1: root refcnt 13 r2q 10 default 0x10 direct_packets_stat 0 direct_qlen 1000
 Sent 974255 bytes 690 pkt (dropped 0, overlimits 210 requeues 0) 
 backlog 28158b 4p requeues 0
qdisc pfifo 20: parent 1:10 limit 12p
 Sent 974255 bytes 690 pkt (dropped 0, overlimits 0 requeues 0) 
 backlog 28158b 4p requeues 0
======================================================================
Timestamp: 2026-04-28 17:04:58
qdisc htb 1: root refcnt 13 r2q 10 default 0x10 direct_packets_stat 0 direct_qlen 1000
 Sent 1830270 bytes 1271 pkt (dropped 33, overlimits 405 requeues 0) 
 backlog 14820b 4p requeues 0
qdisc pfifo 20: parent 1:10 limit 12p
 Sent 1830270 bytes 1271 pkt (dropped 33, overlimits 0 requeues 0) 
 backlog 14820b 4p requeues 0
======================================================================
Timestamp: 2026-04-28 17:04:59
qdisc htb 1: root refcnt 13 r2q 10 default 0x10 direct_packets_stat 0 direct_qlen 1000
 Sent 2680603 bytes 1846 pkt (dropped 33, overlimits 518 requeues 0) 
 backlog 19266b 8p requeues 0
qdisc pfifo 20: parent 1:10 limit 12p
 Sent 2680603 bytes 1846 pkt (dropped 33, overlimits 0 requeues 0) 
 backlog 19266b 8p requeues 0
======================================================================
Timestamp: 2026-04-28 17:05:00
qdisc htb 1: root refcnt 13 r2q 10 default 0x10 direct_packets_stat 0 direct_qlen 1000
 Sent 3565497 bytes 2445 pkt (dropped 50, overlimits 704 requeues 0) 
 backlog 23712b 3p requeues 0
qdisc pfifo 20: parent 1:10 limit 12p
 Sent 3565497 bytes 2445 pkt (dropped 50, overlimits 0 requeues 0) 
 backlog 23712b 3p requeues 0
======================================================================
Timestamp: 2026-04-28 17:05:01
qdisc htb 1: root refcnt 13 r2q 10 default 0x10 direct_packets_stat 0 direct_qlen 1000
 Sent 3757662 bytes 2576 pkt (dropped 50, overlimits 729 requeues 0) 
 backlog 0b 0p requeues 0
qdisc pfifo 20: parent 1:10 limit 12p
 Sent 3757662 bytes 2576 pkt (dropped 50, overlimits 0 requeues 0) 
 backlog 0b 0p requeues 0
======================================================================
Timestamp: 2026-04-28 17:05:02
qdisc htb 1: root refcnt 13 r2q 10 default 0x10 direct_packets_stat 0 direct_qlen 1000
 Sent 4605587 bytes 3149 pkt (dropped 60, overlimits 918 requeues 0) 
 backlog 35568b 5p requeues 0
qdisc pfifo 20: parent 1:10 limit 12p
 Sent 4605587 bytes 3149 pkt (dropped 60, overlimits 0 requeues 0) 
 backlog 35568b 5p requeues 0
======================================================================
Timestamp: 2026-04-28 17:05:03
qdisc htb 1: root refcnt 13 r2q 10 default 0x10 direct_packets_stat 0 direct_qlen 1000
 Sent 5467712 bytes 3731 pkt (dropped 87, overlimits 1106 requeues 0) 
 backlog 23712b 3p requeues 0
qdisc pfifo 20: parent 1:10 limit 12p
 Sent 5467712 bytes 3731 pkt (dropped 87, overlimits 0 requeues 0) 
 backlog 23712b 3p requeues 0
======================================================================
Timestamp: 2026-04-28 17:05:04
qdisc htb 1: root refcnt 13 r2q 10 default 0x10 direct_packets_stat 0 direct_qlen 1000
 Sent 6278024 bytes 4280 pkt (dropped 94, overlimits 1262 requeues 0) 
 backlog 28158b 4p requeues 0
qdisc pfifo 20: parent 1:10 limit 12p
 Sent 6278024 bytes 4280 pkt (dropped 94, overlimits 0 requeues 0) 
 backlog 28158b 4p requeues 0
======================================================================
Timestamp: 2026-04-28 17:05:05
qdisc htb 1: root refcnt 13 r2q 10 default 0x10 direct_packets_stat 0 direct_qlen 1000
 Sent 6691696 bytes 4561 pkt (dropped 94, overlimits 1317 requeues 0) 
 backlog 0b 0p requeues 0
qdisc pfifo 20: parent 1:10 limit 12p
 Sent 6691696 bytes 4561 pkt (dropped 94, overlimits 0 requeues 0) 
 backlog 0b 0p requeues 0
======================================================================
Timestamp: 2026-04-28 17:05:06
qdisc htb 1: root refcnt 13 r2q 10 default 0x10 direct_packets_stat 0 direct_qlen 1000
 Sent 7229388 bytes 4924 pkt (dropped 106, overlimits 1449 requeues 0) 
 backlog 25194b 4p requeues 0
qdisc pfifo 20: parent 1:10 limit 12p
 Sent 7229388 bytes 4924 pkt (dropped 106, overlimits 0 requeues 0) 
 backlog 25194b 4p requeues 0
======================================================================
Timestamp: 2026-04-28 17:05:07
qdisc htb 1: root refcnt 13 r2q 10 default 0x10 direct_packets_stat 0 direct_qlen 1000
 Sent 7844453 bytes 5340 pkt (dropped 106, overlimits 1527 requeues 0) 
 backlog 0b 0p requeues 0
qdisc pfifo 20: parent 1:10 limit 12p
 Sent 7844453 bytes 5340 pkt (dropped 106, overlimits 0 requeues 0) 
 backlog 0b 0p requeues 0
======================================================================
Timestamp: 2026-04-28 17:05:08
qdisc htb 1: root refcnt 13 r2q 10 default 0x10 direct_packets_stat 0 direct_qlen 1000
 Sent 8342223 bytes 5677 pkt (dropped 139, overlimits 1673 requeues 0) 
 backlog 26676b 3p requeues 0
qdisc pfifo 20: parent 1:10 limit 12p
 Sent 8342223 bytes 5677 pkt (dropped 139, overlimits 0 requeues 0) 
 backlog 26676b 3p requeues 0
======================================================================
Timestamp: 2026-04-28 17:05:09
qdisc htb 1: root refcnt 13 r2q 10 default 0x10 direct_packets_stat 0 direct_qlen 1000
 Sent 9102248 bytes 6190 pkt (dropped 139, overlimits 1770 requeues 0) 
 backlog 0b 0p requeues 0
qdisc pfifo 20: parent 1:10 limit 12p
 Sent 9102248 bytes 6190 pkt (dropped 139, overlimits 0 requeues 0) 
 backlog 0b 0p requeues 0
======================================================================
Timestamp: 2026-04-28 17:05:10
qdisc htb 1: root refcnt 13 r2q 10 default 0x10 direct_packets_stat 0 direct_qlen 1000
 Sent 9564450 bytes 6503 pkt (dropped 173, overlimits 1921 requeues 0) 
 backlog 13338b 2p requeues 0
qdisc pfifo 20: parent 1:10 limit 12p
 Sent 9564450 bytes 6503 pkt (dropped 173, overlimits 0 requeues 0) 
 backlog 13338b 2p requeues 0
======================================================================
Timestamp: 2026-04-28 17:05:11
qdisc htb 1: root refcnt 13 r2q 10 default 0x10 direct_packets_stat 0 direct_qlen 1000
 Sent 10296434 bytes 6998 pkt (dropped 173, overlimits 2027 requeues 0) 
 backlog 0b 0p requeues 0
qdisc pfifo 20: parent 1:10 limit 12p
 Sent 10296434 bytes 6998 pkt (dropped 173, overlimits 0 requeues 0) 
 backlog 0b 0p requeues 0
======================================================================
Timestamp: 2026-04-28 17:05:12
qdisc htb 1: root refcnt 13 r2q 10 default 0x10 direct_packets_stat 0 direct_qlen 1000
 Sent 10714087 bytes 7280 pkt (dropped 184, overlimits 2138 requeues 0) 
 backlog 17784b 3p requeues 0
qdisc pfifo 20: parent 1:10 limit 12p
 Sent 10714087 bytes 7280 pkt (dropped 184, overlimits 0 requeues 0) 
 backlog 17784b 3p requeues 0
======================================================================
Timestamp: 2026-04-28 17:05:13
qdisc htb 1: root refcnt 13 r2q 10 default 0x10 direct_packets_stat 0 direct_qlen 1000
 Sent 11591431 bytes 7872 pkt (dropped 184, overlimits 2263 requeues 0) 
 backlog 32044b 5p requeues 0
qdisc pfifo 20: parent 1:10 limit 12p
 Sent 11591431 bytes 7872 pkt (dropped 184, overlimits 0 requeues 0) 
 backlog 32044b 5p requeues 0
======================================================================
Timestamp: 2026-04-28 17:05:14
qdisc htb 1: root refcnt 13 r2q 10 default 0x10 direct_packets_stat 0 direct_qlen 1000
 Sent 11999896 bytes 8151 pkt (dropped 205, overlimits 2383 requeues 0) 
 backlog 16302b 2p requeues 0
qdisc pfifo 20: parent 1:10 limit 12p
 Sent 11999896 bytes 8151 pkt (dropped 205, overlimits 0 requeues 0) 
 backlog 16302b 2p requeues 0
======================================================================
Timestamp: 2026-04-28 17:05:15
qdisc htb 1: root refcnt 13 r2q 10 default 0x10 direct_packets_stat 0 direct_qlen 1000
 Sent 12884650 bytes 8748 pkt (dropped 205, overlimits 2494 requeues 0) 
 backlog 24039b 2p requeues 0
qdisc pfifo 20: parent 1:10 limit 12p
 Sent 12884650 bytes 8748 pkt (dropped 205, overlimits 0 requeues 0) 
 backlog 24039b 2p requeues 0
======================================================================
Timestamp: 2026-04-28 17:05:16
qdisc htb 1: root refcnt 13 r2q 10 default 0x10 direct_packets_stat 0 direct_qlen 1000
 Sent 13246412 bytes 8994 pkt (dropped 220, overlimits 2607 requeues 0) 
 backlog 22230b 3p requeues 0
qdisc pfifo 20: parent 1:10 limit 12p
 Sent 13246412 bytes 8994 pkt (dropped 220, overlimits 0 requeues 0) 
 backlog 22230b 3p requeues 0
======================================================================
Timestamp: 2026-04-28 17:05:17
qdisc htb 1: root refcnt 13 r2q 10 default 0x10 direct_packets_stat 0 direct_qlen 1000
 Sent 13638176 bytes 9260 pkt (dropped 220, overlimits 2659 requeues 0) 
 backlog 0b 0p requeues 0
qdisc pfifo 20: parent 1:10 limit 12p
 Sent 13638176 bytes 9260 pkt (dropped 220, overlimits 0 requeues 0) 
 backlog 0b 0p requeues 0
======================================================================
Timestamp: 2026-04-28 17:05:18
qdisc htb 1: root refcnt 13 r2q 10 default 0x10 direct_packets_stat 0 direct_qlen 1000
 Sent 13933184 bytes 9462 pkt (dropped 229, overlimits 2767 requeues 0) 
 backlog 5928b 1p requeues 0
qdisc pfifo 20: parent 1:10 limit 12p
 Sent 13933184 bytes 9462 pkt (dropped 229, overlimits 0 requeues 0) 
 backlog 5928b 1p requeues 0
======================================================================
Timestamp: 2026-04-28 17:05:19
qdisc htb 1: root refcnt 13 r2q 10 default 0x10 direct_packets_stat 0 direct_qlen 1000
 Sent 14583345 bytes 9902 pkt (dropped 229, overlimits 2864 requeues 0) 
 backlog 0b 0p requeues 0
qdisc pfifo 20: parent 1:10 limit 12p
 Sent 14583345 bytes 9902 pkt (dropped 229, overlimits 0 requeues 0) 
 backlog 0b 0p requeues 0
======================================================================
Timestamp: 2026-04-28 17:05:20
qdisc htb 1: root refcnt 13 r2q 10 default 0x10 direct_packets_stat 0 direct_qlen 1000
 Sent 14836496 bytes 10073 pkt (dropped 240, overlimits 2925 requeues 0) 
 backlog 26676b 4p requeues 0
qdisc pfifo 20: parent 1:10 limit 12p
 Sent 14836496 bytes 10073 pkt (dropped 240, overlimits 0 requeues 0) 
 backlog 26676b 4p requeues 0
======================================================================
Timestamp: 2026-04-28 17:05:21
qdisc htb 1: root refcnt 13 r2q 10 default 0x10 direct_packets_stat 0 direct_qlen 1000
 Sent 15709394 bytes 10662 pkt (dropped 240, overlimits 3038 requeues 0) 
 backlog 45942b 6p requeues 0
qdisc pfifo 20: parent 1:10 limit 12p
 Sent 15709394 bytes 10662 pkt (dropped 240, overlimits 0 requeues 0) 
 backlog 45942b 6p requeues 0
======================================================================
Timestamp: 2026-04-28 17:05:22
qdisc htb 1: root refcnt 13 r2q 10 default 0x10 direct_packets_stat 0 direct_qlen 1000
 Sent 16119594 bytes 10942 pkt (dropped 265, overlimits 3138 requeues 0) 
 backlog 10374b 2p requeues 0
qdisc pfifo 20: parent 1:10 limit 12p
 Sent 16119594 bytes 10942 pkt (dropped 265, overlimits 0 requeues 0) 
 backlog 10374b 2p requeues 0
======================================================================
Timestamp: 2026-04-28 17:05:23
qdisc htb 1: root refcnt 13 r2q 10 default 0x10 direct_packets_stat 0 direct_qlen 1000
 Sent 17002866 bytes 11538 pkt (dropped 265, overlimits 3267 requeues 0) 
 backlog 28158b 5p requeues 0
qdisc pfifo 20: parent 1:10 limit 12p
 Sent 17002866 bytes 11538 pkt (dropped 265, overlimits 0 requeues 0) 
 backlog 28158b 5p requeues 0
======================================================================
Timestamp: 2026-04-28 17:05:24
qdisc htb 1: root refcnt 13 r2q 10 default 0x10 direct_packets_stat 0 direct_qlen 1000
 Sent 17332748 bytes 11763 pkt (dropped 296, overlimits 3364 requeues 0) 
 backlog 16302b 11p requeues 0
qdisc pfifo 20: parent 1:10 limit 12p
 Sent 17332748 bytes 11763 pkt (dropped 296, overlimits 0 requeues 0) 
 backlog 16302b 11p requeues 0
======================================================================
Timestamp: 2026-04-28 17:05:25
qdisc htb 1: root refcnt 13 r2q 10 default 0x10 direct_packets_stat 0 direct_qlen 1000
 Sent 18216136 bytes 12361 pkt (dropped 296, overlimits 3542 requeues 0) 
 backlog 28327b 5p requeues 0
qdisc pfifo 20: parent 1:10 limit 12p
 Sent 18216136 bytes 12361 pkt (dropped 296, overlimits 0 requeues 0) 
 backlog 28327b 5p requeues 0
======================================================================
Timestamp: 2026-04-28 17:05:26
qdisc htb 1: root refcnt 13 r2q 10 default 0x10 direct_packets_stat 0 direct_qlen 1000
 Sent 19032119 bytes 12923 pkt (dropped 403, overlimits 3939 requeues 0) 
 backlog 16334b 11p requeues 0
qdisc pfifo 20: parent 1:10 limit 12p
 Sent 19032119 bytes 12923 pkt (dropped 403, overlimits 0 requeues 0) 
 backlog 16334b 11p requeues 0
======================================================================
Timestamp: 2026-04-28 17:05:27
qdisc htb 1: root refcnt 13 r2q 10 default 0x10 direct_packets_stat 0 direct_qlen 1000
 Sent 19911377 bytes 13512 pkt (dropped 469, overlimits 4328 requeues 0) 
 backlog 14980b 9p requeues 0
qdisc pfifo 20: parent 1:10 limit 12p
 Sent 19911377 bytes 13512 pkt (dropped 469, overlimits 0 requeues 0) 
 backlog 14980b 9p requeues 0
======================================================================
Timestamp: 2026-04-28 17:05:28
qdisc htb 1: root refcnt 13 r2q 10 default 0x10 direct_packets_stat 0 direct_qlen 1000
 Sent 20786677 bytes 14099 pkt (dropped 493, overlimits 4705 requeues 0) 
 backlog 19330b 8p requeues 0
qdisc pfifo 20: parent 1:10 limit 12p
 Sent 20786677 bytes 14099 pkt (dropped 493, overlimits 0 requeues 0) 
 backlog 19330b 8p requeues 0
======================================================================
Timestamp: 2026-04-28 17:05:29
qdisc htb 1: root refcnt 13 r2q 10 default 0x10 direct_packets_stat 0 direct_qlen 1000
 Sent 21666379 bytes 14690 pkt (dropped 500, overlimits 4953 requeues 0) 
 backlog 45Kb 9p requeues 0
qdisc pfifo 20: parent 1:10 limit 12p
 Sent 21666379 bytes 14690 pkt (dropped 500, overlimits 0 requeues 0) 
 backlog 45Kb 9p requeues 0
======================================================================
Timestamp: 2026-04-28 17:05:30
qdisc htb 1: root refcnt 13 r2q 10 default 0x10 direct_packets_stat 0 direct_qlen 1000
 Sent 22508842 bytes 15254 pkt (dropped 535, overlimits 5273 requeues 0) 
 backlog 17944b 12p requeues 0
qdisc pfifo 20: parent 1:10 limit 12p
 Sent 22508842 bytes 15254 pkt (dropped 535, overlimits 0 requeues 0) 
 backlog 17944b 12p requeues 0
======================================================================
Timestamp: 2026-04-28 17:05:31
qdisc htb 1: root refcnt 13 r2q 10 default 0x10 direct_packets_stat 0 direct_qlen 1000
 Sent 23335513 bytes 15811 pkt (dropped 581, overlimits 5597 requeues 0) 
 backlog 0b 0p requeues 0
qdisc pfifo 20: parent 1:10 limit 12p
 Sent 23335513 bytes 15811 pkt (dropped 581, overlimits 0 requeues 0) 
 backlog 0b 0p requeues 0
======================================================================
Timestamp: 2026-04-28 17:05:32
qdisc htb 1: root refcnt 13 r2q 10 default 0x10 direct_packets_stat 0 direct_qlen 1000
 Sent 24167878 bytes 16361 pkt (dropped 581, overlimits 6124 requeues 0) 
 backlog 12112b 8p requeues 0
qdisc pfifo 20: parent 1:10 limit 12p
 Sent 24167878 bytes 16361 pkt (dropped 581, overlimits 0 requeues 0) 
 backlog 12112b 8p requeues 0
======================================================================
Timestamp: 2026-04-28 17:05:33
qdisc htb 1: root refcnt 13 r2q 10 default 0x10 direct_packets_stat 0 direct_qlen 1000
 Sent 25050402 bytes 16953 pkt (dropped 634, overlimits 6441 requeues 0) 
 backlog 37146b 8p requeues 0
qdisc pfifo 20: parent 1:10 limit 12p
 Sent 25050402 bytes 16953 pkt (dropped 634, overlimits 0 requeues 0) 
 backlog 37146b 8p requeues 0
======================================================================
Timestamp: 2026-04-28 17:05:34
qdisc htb 1: root refcnt 13 r2q 10 default 0x10 direct_packets_stat 0 direct_qlen 1000
 Sent 25844276 bytes 17487 pkt (dropped 644, overlimits 6684 requeues 0) 
 backlog 2693b 1p requeues 0
qdisc pfifo 20: parent 1:10 limit 12p
 Sent 25844276 bytes 17487 pkt (dropped 644, overlimits 0 requeues 0) 
 backlog 2693b 1p requeues 0
======================================================================
Timestamp: 2026-04-28 17:05:35
qdisc htb 1: root refcnt 13 r2q 10 default 0x10 direct_packets_stat 0 direct_qlen 1000
 Sent 26714669 bytes 18071 pkt (dropped 691, overlimits 7089 requeues 0) 
 backlog 13434b 8p requeues 0
qdisc pfifo 20: parent 1:10 limit 12p
 Sent 26714669 bytes 18071 pkt (dropped 691, overlimits 0 requeues 0) 
 backlog 13434b 8p requeues 0
======================================================================
Timestamp: 2026-04-28 17:05:36
qdisc htb 1: root refcnt 13 r2q 10 default 0x10 direct_packets_stat 0 direct_qlen 1000
 Sent 27420950 bytes 18544 pkt (dropped 707, overlimits 7401 requeues 0) 
 backlog 7570b 5p requeues 0
qdisc pfifo 20: parent 1:10 limit 12p
 Sent 27420950 bytes 18544 pkt (dropped 707, overlimits 0 requeues 0) 
 backlog 7570b 5p requeues 0
======================================================================
Timestamp: 2026-04-28 17:05:37
qdisc htb 1: root refcnt 13 r2q 10 default 0x10 direct_packets_stat 0 direct_qlen 1000
 Sent 28283963 bytes 19122 pkt (dropped 753, overlimits 7786 requeues 0) 
 backlog 25386b 9p requeues 0
qdisc pfifo 20: parent 1:10 limit 12p
 Sent 28283963 bytes 19122 pkt (dropped 753, overlimits 0 requeues 0) 
 backlog 25386b 9p requeues 0
======================================================================
Timestamp: 2026-04-28 17:05:38
qdisc htb 1: root refcnt 13 r2q 10 default 0x10 direct_packets_stat 0 direct_qlen 1000
 Sent 29098570 bytes 19671 pkt (dropped 778, overlimits 8041 requeues 0) 
 backlog 0b 0p requeues 0
qdisc pfifo 20: parent 1:10 limit 12p
 Sent 29098570 bytes 19671 pkt (dropped 778, overlimits 0 requeues 0) 
 backlog 0b 0p requeues 0
======================================================================
Timestamp: 2026-04-28 17:05:39
qdisc htb 1: root refcnt 13 r2q 10 default 0x10 direct_packets_stat 0 direct_qlen 1000
 Sent 29889955 bytes 20203 pkt (dropped 783, overlimits 8246 requeues 0) 
 backlog 38756b 11p requeues 0
qdisc pfifo 20: parent 1:10 limit 12p
 Sent 29889955 bytes 20203 pkt (dropped 783, overlimits 0 requeues 0) 
 backlog 38756b 11p requeues 0
======================================================================
Timestamp: 2026-04-28 17:05:40
qdisc htb 1: root refcnt 13 r2q 10 default 0x10 direct_packets_stat 0 direct_qlen 1000
 Sent 30702851 bytes 20744 pkt (dropped 797, overlimits 8681 requeues 0) 
 backlog 10598b 7p requeues 0
qdisc pfifo 20: parent 1:10 limit 12p
 Sent 30702851 bytes 20744 pkt (dropped 797, overlimits 0 requeues 0) 
 backlog 10598b 7p requeues 0
======================================================================
Timestamp: 2026-04-28 17:05:41
qdisc htb 1: root refcnt 13 r2q 10 default 0x10 direct_packets_stat 0 direct_qlen 1000
 Sent 31582064 bytes 21330 pkt (dropped 855, overlimits 9193 requeues 0) 
 backlog 17848b 7p requeues 0
qdisc pfifo 20: parent 1:10 limit 12p
 Sent 31582064 bytes 21330 pkt (dropped 855, overlimits 0 requeues 0) 
 backlog 17848b 7p requeues 0
======================================================================
Timestamp: 2026-04-28 17:05:42
qdisc htb 1: root refcnt 13 r2q 10 default 0x10 direct_packets_stat 0 direct_qlen 1000
 Sent 32416934 bytes 21894 pkt (dropped 878, overlimits 9478 requeues 0) 
 backlog 0b 0p requeues 0
qdisc pfifo 20: parent 1:10 limit 12p
 Sent 32416934 bytes 21894 pkt (dropped 878, overlimits 0 requeues 0) 
 backlog 0b 0p requeues 0
======================================================================
Timestamp: 2026-04-28 17:05:43
qdisc htb 1: root refcnt 13 r2q 10 default 0x10 direct_packets_stat 0 direct_qlen 1000
 Sent 33205015 bytes 22422 pkt (dropped 896, overlimits 9788 requeues 0) 
 backlog 29736b 7p requeues 0
qdisc pfifo 20: parent 1:10 limit 12p
 Sent 33205015 bytes 22422 pkt (dropped 896, overlimits 0 requeues 0) 
 backlog 29736b 7p requeues 0
======================================================================
Timestamp: 2026-04-28 17:05:44
qdisc htb 1: root refcnt 13 r2q 10 default 0x10 direct_packets_stat 0 direct_qlen 1000
 Sent 34093225 bytes 23019 pkt (dropped 902, overlimits 9999 requeues 0) 
 backlog 35696b 8p requeues 0
qdisc pfifo 20: parent 1:10 limit 12p
 Sent 34093225 bytes 23019 pkt (dropped 902, overlimits 0 requeues 0) 
 backlog 35696b 8p requeues 0
======================================================================
Timestamp: 2026-04-28 17:05:45
qdisc htb 1: root refcnt 13 r2q 10 default 0x10 direct_packets_stat 0 direct_qlen 1000
 Sent 34922165 bytes 23576 pkt (dropped 930, overlimits 10311 requeues 0) 
 backlog 19394b 10p requeues 0
qdisc pfifo 20: parent 1:10 limit 12p
 Sent 34922165 bytes 23576 pkt (dropped 930, overlimits 0 requeues 0) 
 backlog 19394b 10p requeues 0
======================================================================
Timestamp: 2026-04-28 17:05:46
qdisc htb 1: root refcnt 13 r2q 10 default 0x10 direct_packets_stat 0 direct_qlen 1000
 Sent 35686454 bytes 24087 pkt (dropped 938, overlimits 10708 requeues 0) 
 backlog 13626b 9p requeues 0
qdisc pfifo 20: parent 1:10 limit 12p
 Sent 35686454 bytes 24087 pkt (dropped 938, overlimits 0 requeues 0) 
 backlog 13626b 9p requeues 0
======================================================================
Timestamp: 2026-04-28 17:05:47
qdisc htb 1: root refcnt 13 r2q 10 default 0x10 direct_packets_stat 0 direct_qlen 1000
 Sent 36567057 bytes 24708 pkt (dropped 999, overlimits 11166 requeues 0) 
 backlog 24612b 9p requeues 0
qdisc pfifo 20: parent 1:10 limit 12p
 Sent 36567057 bytes 24708 pkt (dropped 999, overlimits 0 requeues 0) 
 backlog 24612b 9p requeues 0
======================================================================
Timestamp: 2026-04-28 17:05:48
qdisc htb 1: root refcnt 13 r2q 10 default 0x10 direct_packets_stat 0 direct_qlen 1000
 Sent 37447795 bytes 25365 pkt (dropped 1014, overlimits 11450 requeues 0) 
 backlog 24392b 8p requeues 0
qdisc pfifo 20: parent 1:10 limit 12p
 Sent 37447795 bytes 25365 pkt (dropped 1014, overlimits 0 requeues 0) 
 backlog 24392b 8p requeues 0
======================================================================
Timestamp: 2026-04-28 17:05:49
qdisc htb 1: root refcnt 13 r2q 10 default 0x10 direct_packets_stat 0 direct_qlen 1000
 Sent 38242271 bytes 25906 pkt (dropped 1049, overlimits 11755 requeues 0) 
 backlog 13402b 8p requeues 0
qdisc pfifo 20: parent 1:10 limit 12p
 Sent 38242271 bytes 25906 pkt (dropped 1049, overlimits 0 requeues 0) 
 backlog 13402b 8p requeues 0
======================================================================
Timestamp: 2026-04-28 17:05:50
qdisc htb 1: root refcnt 13 r2q 10 default 0x10 direct_packets_stat 0 direct_qlen 1000
 Sent 38987133 bytes 26406 pkt (dropped 1053, overlimits 12088 requeues 0) 
 backlog 0b 0p requeues 0
qdisc pfifo 20: parent 1:10 limit 12p
 Sent 38987133 bytes 26406 pkt (dropped 1053, overlimits 0 requeues 0) 
 backlog 0b 0p requeues 0
======================================================================
Timestamp: 2026-04-28 17:05:51
qdisc htb 1: root refcnt 13 r2q 10 default 0x10 direct_packets_stat 0 direct_qlen 1000
 Sent 39858286 bytes 26986 pkt (dropped 1105, overlimits 12560 requeues 0) 
 backlog 8956b 4p requeues 0
qdisc pfifo 20: parent 1:10 limit 12p
 Sent 39858286 bytes 26986 pkt (dropped 1105, overlimits 0 requeues 0) 
 backlog 8956b 4p requeues 0
======================================================================
Timestamp: 2026-04-28 17:05:52
qdisc htb 1: root refcnt 13 r2q 10 default 0x10 direct_packets_stat 0 direct_qlen 1000
 Sent 40739054 bytes 27578 pkt (dropped 1125, overlimits 12907 requeues 0) 
 backlog 19330b 9p requeues 0
qdisc pfifo 20: parent 1:10 limit 12p
 Sent 40739054 bytes 27578 pkt (dropped 1125, overlimits 0 requeues 0) 
 backlog 19330b 9p requeues 0
======================================================================
Timestamp: 2026-04-28 17:05:53
qdisc htb 1: root refcnt 13 r2q 10 default 0x10 direct_packets_stat 0 direct_qlen 1000
 Sent 41560592 bytes 28131 pkt (dropped 1150, overlimits 13246 requeues 0) 
 backlog 19362b 7p requeues 0
qdisc pfifo 20: parent 1:10 limit 12p
 Sent 41560592 bytes 28131 pkt (dropped 1150, overlimits 0 requeues 0) 
 backlog 19362b 7p requeues 0
======================================================================
Timestamp: 2026-04-28 17:05:54
qdisc htb 1: root refcnt 13 r2q 10 default 0x10 direct_packets_stat 0 direct_qlen 1000
 Sent 42400449 bytes 28694 pkt (dropped 1156, overlimits 13515 requeues 0) 
 backlog 0b 0p requeues 0
qdisc pfifo 20: parent 1:10 limit 12p
 Sent 42400449 bytes 28694 pkt (dropped 1156, overlimits 0 requeues 0) 
 backlog 0b 0p requeues 0
======================================================================
Timestamp: 2026-04-28 17:05:55
qdisc htb 1: root refcnt 13 r2q 10 default 0x10 direct_packets_stat 0 direct_qlen 1000
 Sent 43259608 bytes 29271 pkt (dropped 1295, overlimits 13944 requeues 0) 
 backlog 23776b 6p requeues 0
qdisc pfifo 20: parent 1:10 limit 12p
 Sent 43259608 bytes 29271 pkt (dropped 1295, overlimits 0 requeues 0) 
 backlog 23776b 6p requeues 0
======================================================================
Timestamp: 2026-04-28 17:05:56
qdisc htb 1: root refcnt 13 r2q 10 default 0x10 direct_packets_stat 0 direct_qlen 1000
 Sent 44091647 bytes 29831 pkt (dropped 1302, overlimits 14212 requeues 0) 
 backlog 6056b 4p requeues 0
qdisc pfifo 20: parent 1:10 limit 12p
 Sent 44091647 bytes 29831 pkt (dropped 1302, overlimits 0 requeues 0) 
 backlog 6056b 4p requeues 0
======================================================================
Timestamp: 2026-04-28 17:05:57
qdisc htb 1: root refcnt 13 r2q 10 default 0x10 direct_packets_stat 0 direct_qlen 1000
 Sent 44941978 bytes 30396 pkt (dropped 1363, overlimits 14692 requeues 0) 
 backlog 16366b 9p requeues 0
qdisc pfifo 20: parent 1:10 limit 12p
 Sent 44941978 bytes 30396 pkt (dropped 1363, overlimits 0 requeues 0) 
 backlog 16366b 9p requeues 0
======================================================================
Timestamp: 2026-04-28 17:05:58
qdisc htb 1: root refcnt 13 r2q 10 default 0x10 direct_packets_stat 0 direct_qlen 1000
 Sent 45820902 bytes 30986 pkt (dropped 1375, overlimits 14990 requeues 0) 
 backlog 20812b 10p requeues 0
qdisc pfifo 20: parent 1:10 limit 12p
 Sent 45820902 bytes 30986 pkt (dropped 1375, overlimits 0 requeues 0) 
 backlog 20812b 10p requeues 0
======================================================================
Timestamp: 2026-04-28 17:05:59
qdisc htb 1: root refcnt 13 r2q 10 default 0x10 direct_packets_stat 0 direct_qlen 1000
 Sent 46693426 bytes 31573 pkt (dropped 1396, overlimits 15357 requeues 0) 
 backlog 41656b 12p requeues 0
qdisc pfifo 20: parent 1:10 limit 12p
 Sent 46693426 bytes 31573 pkt (dropped 1396, overlimits 0 requeues 0) 
 backlog 41656b 12p requeues 0
======================================================================
Timestamp: 2026-04-28 17:06:00
qdisc htb 1: root refcnt 13 r2q 10 default 0x10 direct_packets_stat 0 direct_qlen 1000
 Sent 47576606 bytes 32167 pkt (dropped 1408, overlimits 15595 requeues 0) 
 backlog 23808b 6p requeues 0
qdisc pfifo 20: parent 1:10 limit 12p
 Sent 47576606 bytes 32167 pkt (dropped 1408, overlimits 0 requeues 0) 
 backlog 23808b 6p requeues 0
======================================================================
Timestamp: 2026-04-28 17:06:01
qdisc htb 1: root refcnt 13 r2q 10 default 0x10 direct_packets_stat 0 direct_qlen 1000
 Sent 48439877 bytes 32748 pkt (dropped 1431, overlimits 15908 requeues 0) 
 backlog 23808b 9p requeues 0
qdisc pfifo 20: parent 1:10 limit 12p
 Sent 48439877 bytes 32748 pkt (dropped 1431, overlimits 0 requeues 0) 
 backlog 23808b 9p requeues 0
======================================================================
Timestamp: 2026-04-28 17:06:02
qdisc htb 1: root refcnt 13 r2q 10 default 0x10 direct_packets_stat 0 direct_qlen 1000
 Sent 49267306 bytes 33305 pkt (dropped 1454, overlimits 16194 requeues 0) 
 backlog 1514b 1p requeues 0
qdisc pfifo 20: parent 1:10 limit 12p
 Sent 49267306 bytes 33305 pkt (dropped 1454, overlimits 0 requeues 0) 
 backlog 1514b 1p requeues 0
======================================================================
Timestamp: 2026-04-28 17:06:03
qdisc htb 1: root refcnt 13 r2q 10 default 0x10 direct_packets_stat 0 direct_qlen 1000
 Sent 49988154 bytes 33787 pkt (dropped 1466, overlimits 16525 requeues 0) 
 backlog 0b 0p requeues 0
qdisc pfifo 20: parent 1:10 limit 12p
 Sent 49988154 bytes 33787 pkt (dropped 1466, overlimits 0 requeues 0) 
 backlog 0b 0p requeues 0
======================================================================
Timestamp: 2026-04-28 17:06:04
qdisc htb 1: root refcnt 13 r2q 10 default 0x10 direct_packets_stat 0 direct_qlen 1000
 Sent 50857190 bytes 34361 pkt (dropped 1466, overlimits 17094 requeues 0) 
 backlog 13626b 9p requeues 0
qdisc pfifo 20: parent 1:10 limit 12p
 Sent 50857190 bytes 34361 pkt (dropped 1466, overlimits 0 requeues 0) 
 backlog 13626b 9p requeues 0
======================================================================
Timestamp: 2026-04-28 17:06:05
qdisc htb 1: root refcnt 13 r2q 10 default 0x10 direct_packets_stat 0 direct_qlen 1000
 Sent 51737013 bytes 34978 pkt (dropped 1570, overlimits 17577 requeues 0) 
 backlog 24172b 9p requeues 0
qdisc pfifo 20: parent 1:10 limit 12p
 Sent 51737013 bytes 34978 pkt (dropped 1570, overlimits 0 requeues 0) 
 backlog 24172b 9p requeues 0
======================================================================
Timestamp: 2026-04-28 17:06:06
qdisc htb 1: root refcnt 13 r2q 10 default 0x10 direct_packets_stat 0 direct_qlen 1000
 Sent 52543283 bytes 35516 pkt (dropped 1570, overlimits 18067 requeues 0) 
 backlog 13626b 9p requeues 0
qdisc pfifo 20: parent 1:10 limit 12p
 Sent 52543283 bytes 35516 pkt (dropped 1570, overlimits 0 requeues 0) 
 backlog 13626b 9p requeues 0
======================================================================
Timestamp: 2026-04-28 17:06:07
qdisc htb 1: root refcnt 13 r2q 10 default 0x10 direct_packets_stat 0 direct_qlen 1000
 Sent 53420962 bytes 36103 pkt (dropped 1666, overlimits 18494 requeues 0) 
 backlog 25290b 7p requeues 0
qdisc pfifo 20: parent 1:10 limit 12p
 Sent 53420962 bytes 36103 pkt (dropped 1666, overlimits 0 requeues 0) 
 backlog 25290b 7p requeues 0
======================================================================
Timestamp: 2026-04-28 17:06:08
qdisc htb 1: root refcnt 13 r2q 10 default 0x10 direct_packets_stat 0 direct_qlen 1000
 Sent 54300888 bytes 36694 pkt (dropped 1695, overlimits 18769 requeues 0) 
 backlog 10134b 8p requeues 0
qdisc pfifo 20: parent 1:10 limit 12p
 Sent 54300888 bytes 36694 pkt (dropped 1695, overlimits 0 requeues 0) 
 backlog 10134b 8p requeues 0
======================================================================
Timestamp: 2026-04-28 17:06:09
qdisc htb 1: root refcnt 13 r2q 10 default 0x10 direct_packets_stat 0 direct_qlen 1000
 Sent 55035070 bytes 37185 pkt (dropped 1719, overlimits 19105 requeues 0) 
 backlog 22294b 8p requeues 0
qdisc pfifo 20: parent 1:10 limit 12p
 Sent 55035070 bytes 37185 pkt (dropped 1719, overlimits 0 requeues 0) 
 backlog 22294b 8p requeues 0
======================================================================
Timestamp: 2026-04-28 17:06:10
qdisc htb 1: root refcnt 13 r2q 10 default 0x10 direct_packets_stat 0 direct_qlen 1000
 Sent 55912704 bytes 37774 pkt (dropped 1731, overlimits 19419 requeues 0) 
 backlog 17912b 12p requeues 0
qdisc pfifo 20: parent 1:10 limit 12p
 Sent 55912704 bytes 37774 pkt (dropped 1731, overlimits 0 requeues 0) 
 backlog 17912b 12p requeues 0
======================================================================
Timestamp: 2026-04-28 17:06:11
qdisc htb 1: root refcnt 13 r2q 10 default 0x10 direct_packets_stat 0 direct_qlen 1000
 Sent 56766275 bytes 38348 pkt (dropped 1748, overlimits 19767 requeues 0) 
 backlog 32700b 8p requeues 0
qdisc pfifo 20: parent 1:10 limit 12p
 Sent 56766275 bytes 38348 pkt (dropped 1748, overlimits 0 requeues 0) 
 backlog 32700b 8p requeues 0
======================================================================
Timestamp: 2026-04-28 17:06:12
qdisc htb 1: root refcnt 13 r2q 10 default 0x10 direct_packets_stat 0 direct_qlen 1000
 Sent 57647139 bytes 38940 pkt (dropped 1753, overlimits 19988 requeues 0) 
 backlog 47616b 10p requeues 0
qdisc pfifo 20: parent 1:10 limit 12p
 Sent 57647139 bytes 38940 pkt (dropped 1753, overlimits 0 requeues 0) 
 backlog 47616b 10p requeues 0
======================================================================
Timestamp: 2026-04-28 17:06:13
qdisc htb 1: root refcnt 13 r2q 10 default 0x10 direct_packets_stat 0 direct_qlen 1000
 Sent 58491934 bytes 39509 pkt (dropped 1836, overlimits 20227 requeues 0) 
 backlog 29Kb 6p requeues 0
qdisc pfifo 20: parent 1:10 limit 12p
 Sent 58491934 bytes 39509 pkt (dropped 1836, overlimits 0 requeues 0) 
 backlog 29Kb 6p requeues 0
======================================================================
Timestamp: 2026-04-28 17:06:14
qdisc htb 1: root refcnt 13 r2q 10 default 0x10 direct_packets_stat 0 direct_qlen 1000
 Sent 59373864 bytes 40102 pkt (dropped 1851, overlimits 20427 requeues 0) 
 backlog 26740b 7p requeues 0
qdisc pfifo 20: parent 1:10 limit 12p
 Sent 59373864 bytes 40102 pkt (dropped 1851, overlimits 0 requeues 0) 
 backlog 26740b 7p requeues 0
======================================================================
Timestamp: 2026-04-28 17:06:15
qdisc htb 1: root refcnt 13 r2q 10 default 0x10 direct_packets_stat 0 direct_qlen 1000
 Sent 60197861 bytes 40658 pkt (dropped 1862, overlimits 20698 requeues 0) 
 backlog 34182b 10p requeues 0
qdisc pfifo 20: parent 1:10 limit 12p
 Sent 60197861 bytes 40658 pkt (dropped 1862, overlimits 0 requeues 0) 
 backlog 34182b 10p requeues 0
======================================================================
Timestamp: 2026-04-28 17:06:16
qdisc htb 1: root refcnt 13 r2q 10 default 0x10 direct_packets_stat 0 direct_qlen 1000
 Sent 61077739 bytes 41249 pkt (dropped 1889, overlimits 21002 requeues 0) 
 backlog 22390b 11p requeues 0
qdisc pfifo 20: parent 1:10 limit 12p
 Sent 61077739 bytes 41249 pkt (dropped 1889, overlimits 0 requeues 0) 
 backlog 22390b 11p requeues 0
======================================================================
Timestamp: 2026-04-28 17:06:17
qdisc htb 1: root refcnt 13 r2q 10 default 0x10 direct_packets_stat 0 direct_qlen 1000
 Sent 61882135 bytes 41793 pkt (dropped 1957, overlimits 21257 requeues 0) 
 backlog 37242b 11p requeues 0
qdisc pfifo 20: parent 1:10 limit 12p
 Sent 61882135 bytes 41793 pkt (dropped 1957, overlimits 0 requeues 0) 
 backlog 37242b 11p requeues 0
======================================================================
Timestamp: 2026-04-28 17:06:18
qdisc htb 1: root refcnt 13 r2q 10 default 0x10 direct_packets_stat 0 direct_qlen 1000
 Sent 62708777 bytes 42350 pkt (dropped 1974, overlimits 21577 requeues 0) 
 backlog 0b 0p requeues 0
qdisc pfifo 20: parent 1:10 limit 12p
 Sent 62708777 bytes 42350 pkt (dropped 1974, overlimits 0 requeues 0) 
 backlog 0b 0p requeues 0
======================================================================
Timestamp: 2026-04-28 17:06:19
qdisc htb 1: root refcnt 13 r2q 10 default 0x10 direct_packets_stat 0 direct_qlen 1000
 Sent 63509359 bytes 42890 pkt (dropped 2067, overlimits 21833 requeues 0) 
 backlog 40110b 7p requeues 0
qdisc pfifo 20: parent 1:10 limit 12p
 Sent 63509359 bytes 42890 pkt (dropped 2067, overlimits 0 requeues 0) 
 backlog 40110b 7p requeues 0
======================================================================
Timestamp: 2026-04-28 17:06:20
qdisc htb 1: root refcnt 13 r2q 10 default 0x10 direct_packets_stat 0 direct_qlen 1000
 Sent 64358583 bytes 43461 pkt (dropped 2091, overlimits 22116 requeues 0) 
 backlog 0b 0p requeues 0
qdisc pfifo 20: parent 1:10 limit 12p
 Sent 64358583 bytes 43461 pkt (dropped 2091, overlimits 0 requeues 0) 
 backlog 0b 0p requeues 0
======================================================================
Timestamp: 2026-04-28 17:06:21
qdisc htb 1: root refcnt 13 r2q 10 default 0x10 direct_packets_stat 0 direct_qlen 1000
 Sent 65147990 bytes 43988 pkt (dropped 2112, overlimits 22508 requeues 0) 
 backlog 17880b 6p requeues 0
qdisc pfifo 20: parent 1:10 limit 12p
 Sent 65147990 bytes 43988 pkt (dropped 2112, overlimits 0 requeues 0) 
 backlog 17880b 6p requeues 0
======================================================================
Timestamp: 2026-04-28 17:06:22
qdisc htb 1: root refcnt 13 r2q 10 default 0x10 direct_packets_stat 0 direct_qlen 1000
 Sent 66026274 bytes 44578 pkt (dropped 2124, overlimits 22775 requeues 0) 
 backlog 40142b 9p requeues 0
qdisc pfifo 20: parent 1:10 limit 12p
 Sent 66026274 bytes 44578 pkt (dropped 2124, overlimits 0 requeues 0) 
 backlog 40142b 9p requeues 0
======================================================================
Timestamp: 2026-04-28 17:06:23
qdisc htb 1: root refcnt 13 r2q 10 default 0x10 direct_packets_stat 0 direct_qlen 1000
 Sent 66862491 bytes 45141 pkt (dropped 2159, overlimits 23068 requeues 0) 
 backlog 28254b 7p requeues 0
qdisc pfifo 20: parent 1:10 limit 12p
 Sent 66862491 bytes 45141 pkt (dropped 2159, overlimits 0 requeues 0) 
 backlog 28254b 7p requeues 0
======================================================================
Timestamp: 2026-04-28 17:06:24
qdisc htb 1: root refcnt 13 r2q 10 default 0x10 direct_packets_stat 0 direct_qlen 1000
 Sent 67607539 bytes 45641 pkt (dropped 2167, overlimits 23322 requeues 0) 
 backlog 3028b 2p requeues 0
qdisc pfifo 20: parent 1:10 limit 12p
 Sent 67607539 bytes 45641 pkt (dropped 2167, overlimits 0 requeues 0) 
 backlog 3028b 2p requeues 0
======================================================================
Timestamp: 2026-04-28 17:06:25
qdisc htb 1: root refcnt 13 r2q 10 default 0x10 direct_packets_stat 0 direct_qlen 1000
 Sent 68460261 bytes 46246 pkt (dropped 2281, overlimits 23700 requeues 0) 
 backlog 36038b 10p requeues 0
qdisc pfifo 20: parent 1:10 limit 12p
 Sent 68460261 bytes 46246 pkt (dropped 2281, overlimits 0 requeues 0) 
 backlog 36038b 10p requeues 0
======================================================================
Timestamp: 2026-04-28 17:06:26
qdisc htb 1: root refcnt 13 r2q 10 default 0x10 direct_packets_stat 0 direct_qlen 1000
 Sent 69205156 bytes 46791 pkt (dropped 2304, overlimits 24027 requeues 0) 
 backlog 6056b 4p requeues 0
qdisc pfifo 20: parent 1:10 limit 12p
 Sent 69205156 bytes 46791 pkt (dropped 2304, overlimits 0 requeues 0) 
 backlog 6056b 4p requeues 0
======================================================================
Timestamp: 2026-04-28 17:06:27
qdisc htb 1: root refcnt 13 r2q 10 default 0x10 direct_packets_stat 0 direct_qlen 1000
 Sent 70066882 bytes 47365 pkt (dropped 2348, overlimits 24484 requeues 0) 
 backlog 13434b 5p requeues 0
qdisc pfifo 20: parent 1:10 limit 12p
 Sent 70066882 bytes 47365 pkt (dropped 2348, overlimits 0 requeues 0) 
 backlog 13434b 5p requeues 0
======================================================================
Timestamp: 2026-04-28 17:06:28
qdisc htb 1: root refcnt 13 r2q 10 default 0x10 direct_packets_stat 0 direct_qlen 1000
 Sent 70943292 bytes 47954 pkt (dropped 2380, overlimits 24782 requeues 0) 
 backlog 22262b 5p requeues 0
qdisc pfifo 20: parent 1:10 limit 12p
 Sent 70943292 bytes 47954 pkt (dropped 2380, overlimits 0 requeues 0) 
 backlog 22262b 5p requeues 0
======================================================================
Timestamp: 2026-04-28 17:06:29
qdisc htb 1: root refcnt 13 r2q 10 default 0x10 direct_packets_stat 0 direct_qlen 1000
 Sent 71804164 bytes 48536 pkt (dropped 2387, overlimits 24994 requeues 0) 
 backlog 47648b 11p requeues 0
qdisc pfifo 20: parent 1:10 limit 12p
 Sent 71804164 bytes 48536 pkt (dropped 2387, overlimits 0 requeues 0) 
 backlog 47648b 11p requeues 0
======================================================================
Timestamp: 2026-04-28 17:06:30
qdisc htb 1: root refcnt 13 r2q 10 default 0x10 direct_packets_stat 0 direct_qlen 1000
 Sent 72682518 bytes 49129 pkt (dropped 2420, overlimits 25264 requeues 0) 
 backlog 28286b 8p requeues 0
qdisc pfifo 20: parent 1:10 limit 12p
 Sent 72682518 bytes 49129 pkt (dropped 2420, overlimits 0 requeues 0) 
 backlog 28286b 8p requeues 0
======================================================================
Timestamp: 2026-04-28 17:06:31
qdisc htb 1: root refcnt 13 r2q 10 default 0x10 direct_packets_stat 0 direct_qlen 1000
 Sent 73561966 bytes 49721 pkt (dropped 2448, overlimits 25555 requeues 0) 
 backlog 5928b 1p requeues 0
qdisc pfifo 20: parent 1:10 limit 12p
 Sent 73561966 bytes 49721 pkt (dropped 2448, overlimits 0 requeues 0) 
 backlog 5928b 1p requeues 0
======================================================================
Timestamp: 2026-04-28 17:06:32
qdisc htb 1: root refcnt 13 r2q 10 default 0x10 direct_packets_stat 0 direct_qlen 1000
 Sent 74347832 bytes 50251 pkt (dropped 2505, overlimits 25833 requeues 0) 
 backlog 31218b 8p requeues 0
qdisc pfifo 20: parent 1:10 limit 12p
 Sent 74347832 bytes 50251 pkt (dropped 2505, overlimits 0 requeues 0) 
 backlog 31218b 8p requeues 0
======================================================================
Timestamp: 2026-04-28 17:06:33
qdisc htb 1: root refcnt 13 r2q 10 default 0x10 direct_packets_stat 0 direct_qlen 1000
 Sent 75224154 bytes 50840 pkt (dropped 2527, overlimits 26098 requeues 0) 
 backlog 14884b 9p requeues 0
qdisc pfifo 20: parent 1:10 limit 12p
 Sent 75224154 bytes 50840 pkt (dropped 2527, overlimits 0 requeues 0) 
 backlog 14884b 9p requeues 0
======================================================================
Timestamp: 2026-04-28 17:06:34
qdisc htb 1: root refcnt 13 r2q 10 default 0x10 direct_packets_stat 0 direct_qlen 1000
 Sent 75976787 bytes 51347 pkt (dropped 2536, overlimits 26347 requeues 0) 
 backlog 38724b 10p requeues 0
qdisc pfifo 20: parent 1:10 limit 12p
 Sent 75976787 bytes 51347 pkt (dropped 2536, overlimits 0 requeues 0) 
 backlog 38724b 10p requeues 0
======================================================================
Timestamp: 2026-04-28 17:06:35
qdisc htb 1: root refcnt 13 r2q 10 default 0x10 direct_packets_stat 0 direct_qlen 1000
 Sent 76852205 bytes 51936 pkt (dropped 2564, overlimits 26620 requeues 0) 
 backlog 19986b 5p requeues 0
qdisc pfifo 20: parent 1:10 limit 12p
 Sent 76852205 bytes 51936 pkt (dropped 2564, overlimits 0 requeues 0) 
 backlog 19986b 5p requeues 0
======================================================================
Timestamp: 2026-04-28 17:06:36
qdisc htb 1: root refcnt 13 r2q 10 default 0x10 direct_packets_stat 0 direct_qlen 1000
 Sent 77616586 bytes 52481 pkt (dropped 2644, overlimits 26952 requeues 0) 
 backlog 26126b 11p requeues 0
qdisc pfifo 20: parent 1:10 limit 12p
 Sent 77616586 bytes 52481 pkt (dropped 2644, overlimits 0 requeues 0) 
 backlog 26126b 11p requeues 0
======================================================================
Timestamp: 2026-04-28 17:06:37
qdisc htb 1: root refcnt 13 r2q 10 default 0x10 direct_packets_stat 0 direct_qlen 1000
 Sent 78495530 bytes 53139 pkt (dropped 2669, overlimits 27236 requeues 0) 
 backlog 11646b 9p requeues 0
qdisc pfifo 20: parent 1:10 limit 12p
 Sent 78495530 bytes 53139 pkt (dropped 2669, overlimits 0 requeues 0) 
 backlog 11646b 9p requeues 0
======================================================================
Timestamp: 2026-04-28 17:06:38
qdisc htb 1: root refcnt 13 r2q 10 default 0x10 direct_packets_stat 0 direct_qlen 1000
 Sent 79328421 bytes 53729 pkt (dropped 2727, overlimits 27522 requeues 0) 
 backlog 25354b 9p requeues 0
qdisc pfifo 20: parent 1:10 limit 12p
 Sent 79328421 bytes 53729 pkt (dropped 2727, overlimits 0 requeues 0) 
 backlog 25354b 9p requeues 0
======================================================================
Timestamp: 2026-04-28 17:06:39
qdisc htb 1: root refcnt 13 r2q 10 default 0x10 direct_packets_stat 0 direct_qlen 1000
 Sent 80204743 bytes 54318 pkt (dropped 2734, overlimits 27729 requeues 0) 
 backlog 44620b 10p requeues 0
qdisc pfifo 20: parent 1:10 limit 12p
 Sent 80204743 bytes 54318 pkt (dropped 2734, overlimits 0 requeues 0) 
 backlog 44620b 10p requeues 0
======================================================================
Timestamp: 2026-04-28 17:06:40
qdisc htb 1: root refcnt 13 r2q 10 default 0x10 direct_packets_stat 0 direct_qlen 1000
 Sent 80986623 bytes 54842 pkt (dropped 2787, overlimits 28066 requeues 0) 
 backlog 35760b 10p requeues 0
qdisc pfifo 20: parent 1:10 limit 12p
 Sent 80986623 bytes 54842 pkt (dropped 2787, overlimits 0 requeues 0) 
 backlog 35760b 10p requeues 0
======================================================================
Timestamp: 2026-04-28 17:06:41
qdisc htb 1: root refcnt 13 r2q 10 default 0x10 direct_packets_stat 0 direct_qlen 1000
 Sent 81861719 bytes 55430 pkt (dropped 2803, overlimits 28277 requeues 0) 
 backlog 38692b 8p requeues 0
qdisc pfifo 20: parent 1:10 limit 12p
 Sent 81861719 bytes 55430 pkt (dropped 2803, overlimits 0 requeues 0) 
 backlog 38692b 8p requeues 0
======================================================================
Timestamp: 2026-04-28 17:06:42
qdisc htb 1: root refcnt 13 r2q 10 default 0x10 direct_packets_stat 0 direct_qlen 1000
 Sent 82694788 bytes 56014 pkt (dropped 2915, overlimits 28599 requeues 0) 
 backlog 17042b 5p requeues 0
qdisc pfifo 20: parent 1:10 limit 12p
 Sent 82694788 bytes 56014 pkt (dropped 2915, overlimits 0 requeues 0) 
 backlog 17042b 5p requeues 0
======================================================================
Timestamp: 2026-04-28 17:06:43
qdisc htb 1: root refcnt 13 r2q 10 default 0x10 direct_packets_stat 0 direct_qlen 1000
 Sent 83572412 bytes 56672 pkt (dropped 2933, overlimits 28855 requeues 0) 
 backlog 20924b 8p requeues 0
qdisc pfifo 20: parent 1:10 limit 12p
 Sent 83572412 bytes 56672 pkt (dropped 2933, overlimits 0 requeues 0) 
 backlog 20924b 8p requeues 0
======================================================================
Timestamp: 2026-04-28 17:06:44
qdisc htb 1: root refcnt 13 r2q 10 default 0x10 direct_packets_stat 0 direct_qlen 1000
 Sent 84324366 bytes 57200 pkt (dropped 2984, overlimits 29180 requeues 0) 
 backlog 26804b 7p requeues 0
qdisc pfifo 20: parent 1:10 limit 12p
 Sent 84324366 bytes 57200 pkt (dropped 2984, overlimits 0 requeues 0) 
 backlog 26804b 7p requeues 0
======================================================================
Timestamp: 2026-04-28 17:06:45
qdisc htb 1: root refcnt 13 r2q 10 default 0x10 direct_packets_stat 0 direct_qlen 1000
 Sent 85206594 bytes 57794 pkt (dropped 2990, overlimits 29391 requeues 0) 
 backlog 34246b 8p requeues 0
qdisc pfifo 20: parent 1:10 limit 12p
 Sent 85206594 bytes 57794 pkt (dropped 2990, overlimits 0 requeues 0) 
 backlog 34246b 8p requeues 0
======================================================================
Timestamp: 2026-04-28 17:06:46
qdisc htb 1: root refcnt 13 r2q 10 default 0x10 direct_packets_stat 0 direct_qlen 1000
 Sent 86050386 bytes 58360 pkt (dropped 3027, overlimits 29730 requeues 0) 
 backlog 20940b 8p requeues 0
qdisc pfifo 20: parent 1:10 limit 12p
 Sent 86050386 bytes 58360 pkt (dropped 3027, overlimits 0 requeues 0) 
 backlog 20940b 8p requeues 0
======================================================================
Timestamp: 2026-04-28 17:06:47
qdisc htb 1: root refcnt 13 r2q 10 default 0x10 direct_packets_stat 0 direct_qlen 1000
 Sent 86926442 bytes 58948 pkt (dropped 3043, overlimits 30053 requeues 0) 
 backlog 26868b 10p requeues 0
qdisc pfifo 20: parent 1:10 limit 12p
 Sent 86926442 bytes 58948 pkt (dropped 3043, overlimits 0 requeues 0) 
 backlog 26868b 10p requeues 0
======================================================================
Timestamp: 2026-04-28 17:06:48
qdisc htb 1: root refcnt 13 r2q 10 default 0x10 direct_packets_stat 0 direct_qlen 1000
 Sent 87755846 bytes 59515 pkt (dropped 3134, overlimits 30482 requeues 0) 
 backlog 14894b 5p requeues 0
qdisc pfifo 20: parent 1:10 limit 12p
 Sent 87755846 bytes 59515 pkt (dropped 3134, overlimits 0 requeues 0) 
 backlog 14894b 5p requeues 0
======================================================================
Timestamp: 2026-04-28 17:06:49
qdisc htb 1: root refcnt 13 r2q 10 default 0x10 direct_packets_stat 0 direct_qlen 1000
 Sent 88638862 bytes 60169 pkt (dropped 3160, overlimits 30855 requeues 0) 
 backlog 25026b 6p requeues 0
qdisc pfifo 20: parent 1:10 limit 12p
 Sent 88638862 bytes 60169 pkt (dropped 3160, overlimits 0 requeues 0) 
 backlog 25026b 6p requeues 0
======================================================================
Timestamp: 2026-04-28 17:06:50
qdisc htb 1: root refcnt 13 r2q 10 default 0x10 direct_packets_stat 0 direct_qlen 1000
 Sent 89495052 bytes 60795 pkt (dropped 3195, overlimits 31136 requeues 0) 
 backlog 13338b 5p requeues 0
qdisc pfifo 20: parent 1:10 limit 12p
 Sent 89495052 bytes 60795 pkt (dropped 3195, overlimits 0 requeues 0) 
 backlog 13338b 5p requeues 0
======================================================================
Timestamp: 2026-04-28 17:06:51
qdisc htb 1: root refcnt 13 r2q 10 default 0x10 direct_packets_stat 0 direct_qlen 1000
 Sent 90374050 bytes 61386 pkt (dropped 3202, overlimits 31354 requeues 0) 
 backlog 40206b 12p requeues 0
qdisc pfifo 20: parent 1:10 limit 12p
 Sent 90374050 bytes 61386 pkt (dropped 3202, overlimits 0 requeues 0) 
 backlog 40206b 12p requeues 0
======================================================================
Timestamp: 2026-04-28 17:06:52
qdisc htb 1: root refcnt 13 r2q 10 default 0x10 direct_packets_stat 0 direct_qlen 1000
 Sent 91112184 bytes 61886 pkt (dropped 3311, overlimits 31614 requeues 0) 
 backlog 17784b 12p requeues 0
qdisc pfifo 20: parent 1:10 limit 12p
 Sent 91112184 bytes 61886 pkt (dropped 3311, overlimits 0 requeues 0) 
 backlog 17784b 12p requeues 0
======================================================================
Timestamp: 2026-04-28 17:06:53
qdisc htb 1: root refcnt 13 r2q 10 default 0x10 direct_packets_stat 0 direct_qlen 1000
 Sent 91992907 bytes 62478 pkt (dropped 3340, overlimits 31954 requeues 0) 
 backlog 11952b 8p requeues 0
qdisc pfifo 20: parent 1:10 limit 12p
 Sent 91992907 bytes 62478 pkt (dropped 3340, overlimits 0 requeues 0) 
 backlog 11952b 8p requeues 0
======================================================================
Timestamp: 2026-04-28 17:06:54
qdisc htb 1: root refcnt 13 r2q 10 default 0x10 direct_packets_stat 0 direct_qlen 1000
 Sent 92767133 bytes 63000 pkt (dropped 3420, overlimits 32293 requeues 0) 
 backlog 17816b 12p requeues 0
qdisc pfifo 20: parent 1:10 limit 12p
 Sent 92767133 bytes 63000 pkt (dropped 3420, overlimits 0 requeues 0) 
 backlog 17816b 12p requeues 0
======================================================================
Timestamp: 2026-04-28 17:06:55
qdisc htb 1: root refcnt 13 r2q 10 default 0x10 direct_packets_stat 0 direct_qlen 1000
 Sent 93647261 bytes 63592 pkt (dropped 3432, overlimits 32504 requeues 0) 
 backlog 41656b 10p requeues 0
qdisc pfifo 20: parent 1:10 limit 12p
 Sent 93647261 bytes 63592 pkt (dropped 3432, overlimits 0 requeues 0) 
 backlog 41656b 10p requeues 0
======================================================================
Timestamp: 2026-04-28 17:06:56
qdisc htb 1: root refcnt 13 r2q 10 default 0x10 direct_packets_stat 0 direct_qlen 1000
 Sent 94429316 bytes 64120 pkt (dropped 3524, overlimits 32801 requeues 0) 
 backlog 9278b 7p requeues 0
qdisc pfifo 20: parent 1:10 limit 12p
 Sent 94429316 bytes 64120 pkt (dropped 3524, overlimits 0 requeues 0) 
 backlog 9278b 7p requeues 0
======================================================================
Timestamp: 2026-04-28 17:06:57
qdisc htb 1: root refcnt 13 r2q 10 default 0x10 direct_packets_stat 0 direct_qlen 1000
 Sent 95307750 bytes 64781 pkt (dropped 3548, overlimits 33065 requeues 0) 
 backlog 37112b 8p requeues 0
qdisc pfifo 20: parent 1:10 limit 12p
 Sent 95307750 bytes 64781 pkt (dropped 3548, overlimits 0 requeues 0) 
 backlog 37112b 8p requeues 0
======================================================================
Timestamp: 2026-04-28 17:06:58
qdisc htb 1: root refcnt 13 r2q 10 default 0x10 direct_packets_stat 0 direct_qlen 1000
 Sent 96032129 bytes 65301 pkt (dropped 3611, overlimits 33379 requeues 0) 
 backlog 0b 0p requeues 0
qdisc pfifo 20: parent 1:10 limit 12p
 Sent 96032129 bytes 65301 pkt (dropped 3611, overlimits 0 requeues 0) 
 backlog 0b 0p requeues 0
======================================================================
Timestamp: 2026-04-28 17:06:59
qdisc htb 1: root refcnt 13 r2q 10 default 0x10 direct_packets_stat 0 direct_qlen 1000
 Sent 96900341 bytes 65885 pkt (dropped 3628, overlimits 33623 requeues 0) 
 backlog 40110b 8p requeues 0
qdisc pfifo 20: parent 1:10 limit 12p
 Sent 96900341 bytes 65885 pkt (dropped 3628, overlimits 0 requeues 0) 
 backlog 40110b 8p requeues 0
======================================================================
Timestamp: 2026-04-28 17:07:00
qdisc htb 1: root refcnt 13 r2q 10 default 0x10 direct_packets_stat 0 direct_qlen 1000
 Sent 97660372 bytes 66393 pkt (dropped 3662, overlimits 33932 requeues 0) 
 backlog 40238b 12p requeues 0
qdisc pfifo 20: parent 1:10 limit 12p
 Sent 97660372 bytes 66393 pkt (dropped 3662, overlimits 0 requeues 0) 
 backlog 40238b 12p requeues 0
======================================================================
Timestamp: 2026-04-28 17:07:01
qdisc htb 1: root refcnt 13 r2q 10 default 0x10 direct_packets_stat 0 direct_qlen 1000
 Sent 98531692 bytes 67031 pkt (dropped 3768, overlimits 34314 requeues 0) 
 backlog 23732b 9p requeues 0
qdisc pfifo 20: parent 1:10 limit 12p
 Sent 98531692 bytes 67031 pkt (dropped 3768, overlimits 0 requeues 0) 
 backlog 23732b 9p requeues 0
======================================================================
Timestamp: 2026-04-28 17:07:02
qdisc htb 1: root refcnt 13 r2q 10 default 0x10 direct_packets_stat 0 direct_qlen 1000
 Sent 99409853 bytes 67687 pkt (dropped 3778, overlimits 34591 requeues 0) 
 backlog 7311b 5p requeues 0
qdisc pfifo 20: parent 1:10 limit 12p
 Sent 99409853 bytes 67687 pkt (dropped 3778, overlimits 0 requeues 0) 
 backlog 7311b 5p requeues 0
======================================================================
Timestamp: 2026-04-28 17:07:03
qdisc htb 1: root refcnt 13 r2q 10 default 0x10 direct_packets_stat 0 direct_qlen 1000
 Sent 100231116 bytes 68241 pkt (dropped 3799, overlimits 34894 requeues 0) 
 backlog 1514b 1p requeues 0
qdisc pfifo 20: parent 1:10 limit 12p
 Sent 100231116 bytes 68241 pkt (dropped 3799, overlimits 0 requeues 0) 
 backlog 1514b 1p requeues 0
======================================================================
Timestamp: 2026-04-28 17:07:04
qdisc htb 1: root refcnt 13 r2q 10 default 0x10 direct_packets_stat 0 direct_qlen 1000
 Sent 100941182 bytes 68710 pkt (dropped 3799, overlimits 35335 requeues 0) 
 backlog 13626b 9p requeues 0
qdisc pfifo 20: parent 1:10 limit 12p
 Sent 100941182 bytes 68710 pkt (dropped 3799, overlimits 0 requeues 0) 
 backlog 13626b 9p requeues 0
======================================================================
Timestamp: 2026-04-28 17:07:05
qdisc htb 1: root refcnt 13 r2q 10 default 0x10 direct_packets_stat 0 direct_qlen 1000
 Sent 101819478 bytes 69297 pkt (dropped 3860, overlimits 35799 requeues 0) 
 backlog 20972b 9p requeues 0
qdisc pfifo 20: parent 1:10 limit 12p
 Sent 101819478 bytes 69297 pkt (dropped 3860, overlimits 0 requeues 0) 
 backlog 20972b 9p requeues 0
======================================================================
Timestamp: 2026-04-28 17:07:06
qdisc htb 1: root refcnt 13 r2q 10 default 0x10 direct_packets_stat 0 direct_qlen 1000
 Sent 102588815 bytes 69814 pkt (dropped 3875, overlimits 36062 requeues 0) 
 backlog 0b 0p requeues 0
qdisc pfifo 20: parent 1:10 limit 12p
 Sent 102588815 bytes 69814 pkt (dropped 3875, overlimits 0 requeues 0) 
 backlog 0b 0p requeues 0
======================================================================
Timestamp: 2026-04-28 17:07:07
qdisc htb 1: root refcnt 13 r2q 10 default 0x10 direct_packets_stat 0 direct_qlen 1000
 Sent 103436967 bytes 70387 pkt (dropped 3996, overlimits 36341 requeues 0) 
 backlog 16302b 10p requeues 0
qdisc pfifo 20: parent 1:10 limit 12p
 Sent 103436967 bytes 70387 pkt (dropped 3996, overlimits 0 requeues 0) 
 backlog 16302b 10p requeues 0
======================================================================
Timestamp: 2026-04-28 17:07:08
qdisc htb 1: root refcnt 13 r2q 10 default 0x10 direct_packets_stat 0 direct_qlen 1000
 Sent 104238562 bytes 70925 pkt (dropped 4000, overlimits 36667 requeues 0) 
 backlog 7570b 5p requeues 0
qdisc pfifo 20: parent 1:10 limit 12p
 Sent 104238562 bytes 70925 pkt (dropped 4000, overlimits 0 requeues 0) 
 backlog 7570b 5p requeues 0
======================================================================
Timestamp: 2026-04-28 17:07:09
qdisc htb 1: root refcnt 13 r2q 10 default 0x10 direct_packets_stat 0 direct_qlen 1000
 Sent 105107258 bytes 71554 pkt (dropped 4117, overlimits 37039 requeues 0) 
 backlog 14674b 11p requeues 0
qdisc pfifo 20: parent 1:10 limit 12p
 Sent 105107258 bytes 71554 pkt (dropped 4117, overlimits 0 requeues 0) 
 backlog 14674b 11p requeues 0
======================================================================
Timestamp: 2026-04-28 17:07:10
qdisc htb 1: root refcnt 13 r2q 10 default 0x10 direct_packets_stat 0 direct_qlen 1000
 Sent 105986324 bytes 72211 pkt (dropped 4142, overlimits 37428 requeues 0) 
 backlog 22658b 7p requeues 0
qdisc pfifo 20: parent 1:10 limit 12p
 Sent 105986324 bytes 72211 pkt (dropped 4142, overlimits 0 requeues 0) 
 backlog 22658b 7p requeues 0
======================================================================
Timestamp: 2026-04-28 17:07:11
qdisc htb 1: root refcnt 13 r2q 10 default 0x10 direct_packets_stat 0 direct_qlen 1000
 Sent 106828100 bytes 72782 pkt (dropped 4170, overlimits 37780 requeues 0) 
 backlog 20876b 7p requeues 0
qdisc pfifo 20: parent 1:10 limit 12p
 Sent 106828100 bytes 72782 pkt (dropped 4170, overlimits 0 requeues 0) 
 backlog 20876b 7p requeues 0
======================================================================
Timestamp: 2026-04-28 17:07:12
qdisc htb 1: root refcnt 13 r2q 10 default 0x10 direct_packets_stat 0 direct_qlen 1000
 Sent 107700304 bytes 73370 pkt (dropped 4173, overlimits 38029 requeues 0) 
 backlog 0b 0p requeues 0
qdisc pfifo 20: parent 1:10 limit 12p
 Sent 107700304 bytes 73370 pkt (dropped 4173, overlimits 0 requeues 0) 
 backlog 0b 0p requeues 0
======================================================================
Timestamp: 2026-04-28 17:07:13
qdisc htb 1: root refcnt 13 r2q 10 default 0x10 direct_packets_stat 0 direct_qlen 1000
 Sent 108508778 bytes 73952 pkt (dropped 4287, overlimits 38388 requeues 0) 
 backlog 13600b 10p requeues 0
qdisc pfifo 20: parent 1:10 limit 12p
 Sent 108508778 bytes 73952 pkt (dropped 4287, overlimits 0 requeues 0) 
 backlog 13600b 10p requeues 0
======================================================================
Timestamp: 2026-04-28 17:07:14
qdisc htb 1: root refcnt 13 r2q 10 default 0x10 direct_packets_stat 0 direct_qlen 1000
 Sent 109390694 bytes 74606 pkt (dropped 4303, overlimits 38782 requeues 0) 
 backlog 24612b 10p requeues 0
qdisc pfifo 20: parent 1:10 limit 12p
 Sent 109390694 bytes 74606 pkt (dropped 4303, overlimits 0 requeues 0) 
 backlog 24612b 10p requeues 0
======================================================================
Timestamp: 2026-04-28 17:07:15
qdisc htb 1: root refcnt 13 r2q 10 default 0x10 direct_packets_stat 0 direct_qlen 1000
 Sent 110240408 bytes 75202 pkt (dropped 4324, overlimits 39056 requeues 0) 
 backlog 32860b 11p requeues 0
qdisc pfifo 20: parent 1:10 limit 12p
 Sent 110240408 bytes 75202 pkt (dropped 4324, overlimits 0 requeues 0) 
 backlog 32860b 11p requeues 0
======================================================================
Timestamp: 2026-04-28 17:07:16
qdisc htb 1: root refcnt 13 r2q 10 default 0x10 direct_packets_stat 0 direct_qlen 1000
 Sent 111097742 bytes 75780 pkt (dropped 4350, overlimits 39327 requeues 0) 
 backlog 19362b 5p requeues 0
qdisc pfifo 20: parent 1:10 limit 12p
 Sent 111097742 bytes 75780 pkt (dropped 4350, overlimits 0 requeues 0) 
 backlog 19362b 5p requeues 0
======================================================================
Timestamp: 2026-04-28 17:07:17
qdisc htb 1: root refcnt 13 r2q 10 default 0x10 direct_packets_stat 0 direct_qlen 1000
 Sent 111967012 bytes 76367 pkt (dropped 4381, overlimits 39618 requeues 0) 
 backlog 16430b 6p requeues 0
qdisc pfifo 20: parent 1:10 limit 12p
 Sent 111967012 bytes 76367 pkt (dropped 4381, overlimits 0 requeues 0) 
 backlog 16430b 6p requeues 0
======================================================================
Timestamp: 2026-04-28 17:07:18
qdisc htb 1: root refcnt 13 r2q 10 default 0x10 direct_packets_stat 0 direct_qlen 1000
 Sent 112755219 bytes 76896 pkt (dropped 4386, overlimits 39868 requeues 0) 
 backlog 1514b 1p requeues 0
qdisc pfifo 20: parent 1:10 limit 12p
 Sent 112755219 bytes 76896 pkt (dropped 4386, overlimits 0 requeues 0) 
 backlog 1514b 1p requeues 0
======================================================================
Timestamp: 2026-04-28 17:07:19
qdisc htb 1: root refcnt 13 r2q 10 default 0x10 direct_packets_stat 0 direct_qlen 1000
 Sent 113606135 bytes 77461 pkt (dropped 4425, overlimits 40327 requeues 0) 
 backlog 23914b 11p requeues 0
qdisc pfifo 20: parent 1:10 limit 12p
 Sent 113606135 bytes 77461 pkt (dropped 4425, overlimits 0 requeues 0) 
 backlog 23914b 11p requeues 0
======================================================================
Timestamp: 2026-04-28 17:07:20
qdisc htb 1: root refcnt 13 r2q 10 default 0x10 direct_packets_stat 0 direct_qlen 1000
 Sent 114487713 bytes 78054 pkt (dropped 4441, overlimits 40653 requeues 0) 
 backlog 34310b 12p requeues 0
qdisc pfifo 20: parent 1:10 limit 12p
 Sent 114487713 bytes 78054 pkt (dropped 4441, overlimits 0 requeues 0) 
 backlog 34310b 12p requeues 0
======================================================================
Timestamp: 2026-04-28 17:07:21
qdisc htb 1: root refcnt 13 r2q 10 default 0x10 direct_packets_stat 0 direct_qlen 1000
 Sent 115317242 bytes 78613 pkt (dropped 4468, overlimits 40936 requeues 0) 
 backlog 14852b 3p requeues 0
qdisc pfifo 20: parent 1:10 limit 12p
 Sent 115317242 bytes 78613 pkt (dropped 4468, overlimits 0 requeues 0) 
 backlog 14852b 3p requeues 0
======================================================================
Timestamp: 2026-04-28 17:07:22
qdisc htb 1: root refcnt 13 r2q 10 default 0x10 direct_packets_stat 0 direct_qlen 1000
 Sent 116195430 bytes 79203 pkt (dropped 4473, overlimits 41156 requeues 0) 
 backlog 37242b 9p requeues 0
qdisc pfifo 20: parent 1:10 limit 12p
 Sent 116195430 bytes 79203 pkt (dropped 4473, overlimits 0 requeues 0) 
 backlog 37242b 9p requeues 0
======================================================================
Timestamp: 2026-04-28 17:07:23
qdisc htb 1: root refcnt 13 r2q 10 default 0x10 direct_packets_stat 0 direct_qlen 1000
 Sent 116995789 bytes 79749 pkt (dropped 4577, overlimits 41447 requeues 0) 
 backlog 15528b 12p requeues 0
qdisc pfifo 20: parent 1:10 limit 12p
 Sent 116995789 bytes 79749 pkt (dropped 4577, overlimits 0 requeues 0) 
 backlog 15528b 12p requeues 0
======================================================================
Timestamp: 2026-04-28 17:07:24
qdisc htb 1: root refcnt 13 r2q 10 default 0x10 direct_packets_stat 0 direct_qlen 1000
 Sent 117875025 bytes 80413 pkt (dropped 4586, overlimits 41669 requeues 0) 
 backlog 42288b 9p requeues 0
qdisc pfifo 20: parent 1:10 limit 12p
 Sent 117875025 bytes 80413 pkt (dropped 4586, overlimits 0 requeues 0) 
 backlog 42288b 9p requeues 0
======================================================================
Timestamp: 2026-04-28 17:07:25
qdisc htb 1: root refcnt 13 r2q 10 default 0x10 direct_packets_stat 0 direct_qlen 1000
 Sent 118601203 bytes 80945 pkt (dropped 4653, overlimits 41940 requeues 0) 
 backlog 17692b 12p requeues 0
qdisc pfifo 20: parent 1:10 limit 12p
 Sent 118601203 bytes 80945 pkt (dropped 4653, overlimits 0 requeues 0) 
 backlog 17692b 12p requeues 0
======================================================================
Timestamp: 2026-04-28 17:07:26
qdisc htb 1: root refcnt 13 r2q 10 default 0x10 direct_packets_stat 0 direct_qlen 1000
 Sent 119481303 bytes 81537 pkt (dropped 4668, overlimits 42191 requeues 0) 
 backlog 38628b 8p requeues 0
qdisc pfifo 20: parent 1:10 limit 12p
 Sent 119481303 bytes 81537 pkt (dropped 4668, overlimits 0 requeues 0) 
 backlog 38628b 8p requeues 0
======================================================================
Timestamp: 2026-04-28 17:07:27
qdisc htb 1: root refcnt 13 r2q 10 default 0x10 direct_packets_stat 0 direct_qlen 1000
 Sent 119983997 bytes 81883 pkt (dropped 4678, overlimits 42349 requeues 0) 
 backlog 17784b 12p requeues 0
qdisc pfifo 20: parent 1:10 limit 12p
 Sent 119983997 bytes 81883 pkt (dropped 4678, overlimits 0 requeues 0) 
 backlog 17784b 12p requeues 0
======================================================================
Timestamp: 2026-04-28 17:07:28
qdisc htb 1: root refcnt 13 r2q 10 default 0x10 direct_packets_stat 0 direct_qlen 1000
 Sent 120865787 bytes 82478 pkt (dropped 4688, overlimits 42512 requeues 0) 
 backlog 35568b 5p requeues 0
qdisc pfifo 20: parent 1:10 limit 12p
 Sent 120865787 bytes 82478 pkt (dropped 4688, overlimits 0 requeues 0) 
 backlog 35568b 5p requeues 0
======================================================================
Timestamp: 2026-04-28 17:07:29
qdisc htb 1: root refcnt 13 r2q 10 default 0x10 direct_packets_stat 0 direct_qlen 1000
 Sent 121074798 bytes 82621 pkt (dropped 4734, overlimits 42537 requeues 0) 
 backlog 17784b 12p requeues 0
qdisc pfifo 20: parent 1:10 limit 12p
 Sent 121074798 bytes 82621 pkt (dropped 4734, overlimits 0 requeues 0) 
 backlog 17784b 12p requeues 0
======================================================================
Timestamp: 2026-04-28 17:07:30
qdisc htb 1: root refcnt 13 r2q 10 default 0x10 direct_packets_stat 0 direct_qlen 1000
 Sent 121644408 bytes 83061 pkt (dropped 4754, overlimits 42698 requeues 0) 
 backlog 0b 0p requeues 0
qdisc pfifo 20: parent 1:10 limit 12p
 Sent 121644408 bytes 83061 pkt (dropped 4754, overlimits 0 requeues 0) 
 backlog 0b 0p requeues 0
======================================================================
Timestamp: 2026-04-28 17:07:31
qdisc htb 1: root refcnt 13 r2q 10 default 0x10 direct_packets_stat 0 direct_qlen 1000
 Sent 121647102 bytes 83063 pkt (dropped 4754, overlimits 42699 requeues 0) 
 backlog 0b 0p requeues 0
qdisc pfifo 20: parent 1:10 limit 12p
 Sent 121647102 bytes 83063 pkt (dropped 4754, overlimits 0 requeues 0) 
 backlog 0b 0p requeues 0
======================================================================
Timestamp: 2026-04-28 17:07:32
qdisc htb 1: root refcnt 13 r2q 10 default 0x10 direct_packets_stat 0 direct_qlen 1000
 Sent 122531856 bytes 83660 pkt (dropped 4757, overlimits 42826 requeues 0) 
 backlog 50388b 5p requeues 0
qdisc pfifo 20: parent 1:10 limit 12p
 Sent 122531856 bytes 83660 pkt (dropped 4757, overlimits 0 requeues 0) 
 backlog 50388b 5p requeues 0
======================================================================
Timestamp: 2026-04-28 17:07:33
qdisc htb 1: root refcnt 13 r2q 10 default 0x10 direct_packets_stat 0 direct_qlen 1000
 Sent 122835386 bytes 83865 pkt (dropped 4757, overlimits 42861 requeues 0) 
 backlog 0b 0p requeues 0
qdisc pfifo 20: parent 1:10 limit 12p
 Sent 122835386 bytes 83865 pkt (dropped 4757, overlimits 0 requeues 0) 
 backlog 0b 0p requeues 0
======================================================================
Timestamp: 2026-04-28 17:07:34
qdisc htb 1: root refcnt 13 r2q 10 default 0x10 direct_packets_stat 0 direct_qlen 1000
 Sent 123671234 bytes 84429 pkt (dropped 4790, overlimits 43021 requeues 0) 
 backlog 35568b 4p requeues 0
qdisc pfifo 20: parent 1:10 limit 12p
 Sent 123671234 bytes 84429 pkt (dropped 4790, overlimits 0 requeues 0) 
 backlog 35568b 4p requeues 0
======================================================================
Timestamp: 2026-04-28 17:07:35
qdisc htb 1: root refcnt 13 r2q 10 default 0x10 direct_packets_stat 0 direct_qlen 1000
 Sent 123791291 bytes 84511 pkt (dropped 4790, overlimits 43036 requeues 0) 
 backlog 0b 0p requeues 0
qdisc pfifo 20: parent 1:10 limit 12p
 Sent 123791291 bytes 84511 pkt (dropped 4790, overlimits 0 requeues 0) 
 backlog 0b 0p requeues 0
======================================================================
Timestamp: 2026-04-28 17:07:36
qdisc htb 1: root refcnt 13 r2q 10 default 0x10 direct_packets_stat 0 direct_qlen 1000
 Sent 124546119 bytes 85088 pkt (dropped 4855, overlimits 43204 requeues 0) 
 backlog 20704b 3p requeues 0
qdisc pfifo 20: parent 1:10 limit 12p
 Sent 124546119 bytes 85088 pkt (dropped 4855, overlimits 0 requeues 0) 
 backlog 20704b 3p requeues 0
======================================================================
Timestamp: 2026-04-28 17:07:37
qdisc htb 1: root refcnt 13 r2q 10 default 0x10 direct_packets_stat 0 direct_qlen 1000
 Sent 125025914 bytes 85460 pkt (dropped 4855, overlimits 43263 requeues 0) 
 backlog 0b 0p requeues 0
qdisc pfifo 20: parent 1:10 limit 12p
 Sent 125025914 bytes 85460 pkt (dropped 4855, overlimits 0 requeues 0) 
 backlog 0b 0p requeues 0
======================================================================
Timestamp: 2026-04-28 17:07:38
qdisc htb 1: root refcnt 13 r2q 10 default 0x10 direct_packets_stat 0 direct_qlen 1000
 Sent 125770014 bytes 86029 pkt (dropped 4920, overlimits 43438 requeues 0) 
 backlog 16822b 2p requeues 0
qdisc pfifo 20: parent 1:10 limit 12p
 Sent 125770014 bytes 86029 pkt (dropped 4920, overlimits 0 requeues 0) 
 backlog 16822b 2p requeues 0
======================================================================
Timestamp: 2026-04-28 17:07:39
qdisc htb 1: root refcnt 13 r2q 10 default 0x10 direct_packets_stat 0 direct_qlen 1000
 Sent 125847849 bytes 86090 pkt (dropped 4920, overlimits 43451 requeues 0) 
 backlog 0b 0p requeues 0
qdisc pfifo 20: parent 1:10 limit 12p
 Sent 125847849 bytes 86090 pkt (dropped 4920, overlimits 0 requeues 0) 
 backlog 0b 0p requeues 0
======================================================================
Timestamp: 2026-04-28 17:07:40
qdisc htb 1: root refcnt 13 r2q 10 default 0x10 direct_packets_stat 0 direct_qlen 1000
 Sent 126560421 bytes 86571 pkt (dropped 4927, overlimits 43574 requeues 0) 
 backlog 31122b 4p requeues 0
qdisc pfifo 20: parent 1:10 limit 12p
 Sent 126560421 bytes 86571 pkt (dropped 4927, overlimits 0 requeues 0) 
 backlog 31122b 4p requeues 0
======================================================================
Timestamp: 2026-04-28 17:07:41
qdisc htb 1: root refcnt 13 r2q 10 default 0x10 direct_packets_stat 0 direct_qlen 1000
 Sent 126859185 bytes 86774 pkt (dropped 4927, overlimits 43611 requeues 0) 
 backlog 0b 0p requeues 0
qdisc pfifo 20: parent 1:10 limit 12p
 Sent 126859185 bytes 86774 pkt (dropped 4927, overlimits 0 requeues 0) 
 backlog 0b 0p requeues 0
======================================================================
Timestamp: 2026-04-28 17:07:42
qdisc htb 1: root refcnt 13 r2q 10 default 0x10 direct_packets_stat 0 direct_qlen 1000
 Sent 127485801 bytes 87197 pkt (dropped 4949, overlimits 43756 requeues 0) 
 backlog 31122b 5p requeues 0
qdisc pfifo 20: parent 1:10 limit 12p
 Sent 127485801 bytes 87197 pkt (dropped 4949, overlimits 0 requeues 0) 
 backlog 31122b 5p requeues 0
======================================================================
Timestamp: 2026-04-28 17:07:43
qdisc htb 1: root refcnt 13 r2q 10 default 0x10 direct_packets_stat 0 direct_qlen 1000
 Sent 128145666 bytes 87644 pkt (dropped 4949, overlimits 43843 requeues 0) 
 backlog 0b 0p requeues 0
qdisc pfifo 20: parent 1:10 limit 12p
 Sent 128145666 bytes 87644 pkt (dropped 4949, overlimits 0 requeues 0) 
 backlog 0b 0p requeues 0
======================================================================
Timestamp: 2026-04-28 17:07:44
qdisc htb 1: root refcnt 13 r2q 10 default 0x10 direct_packets_stat 0 direct_qlen 1000
 Sent 128720736 bytes 88034 pkt (dropped 5025, overlimits 43988 requeues 0) 
 backlog 26676b 4p requeues 0
qdisc pfifo 20: parent 1:10 limit 12p
 Sent 128720736 bytes 88034 pkt (dropped 5025, overlimits 0 requeues 0) 
 backlog 26676b 4p requeues 0
======================================================================
Timestamp: 2026-04-28 17:07:45
qdisc htb 1: root refcnt 13 r2q 10 default 0x10 direct_packets_stat 0 direct_qlen 1000
 Sent 128995502 bytes 88221 pkt (dropped 5025, overlimits 44027 requeues 0) 
 backlog 0b 0p requeues 0
qdisc pfifo 20: parent 1:10 limit 12p
 Sent 128995502 bytes 88221 pkt (dropped 5025, overlimits 0 requeues 0) 
 backlog 0b 0p requeues 0
======================================================================
Timestamp: 2026-04-28 17:07:46
qdisc htb 1: root refcnt 13 r2q 10 default 0x10 direct_packets_stat 0 direct_qlen 1000
 Sent 129519246 bytes 88620 pkt (dropped 5083, overlimits 44167 requeues 0) 
 backlog 15528b 2p requeues 0
qdisc pfifo 20: parent 1:10 limit 12p
 Sent 129519246 bytes 88620 pkt (dropped 5083, overlimits 0 requeues 0) 
 backlog 15528b 2p requeues 0
======================================================================
Timestamp: 2026-04-28 17:07:47
qdisc htb 1: root refcnt 13 r2q 10 default 0x10 direct_packets_stat 0 direct_qlen 1000
 Sent 130111612 bytes 89079 pkt (dropped 5083, overlimits 44242 requeues 0) 
 backlog 0b 0p requeues 0
qdisc pfifo 20: parent 1:10 limit 12p
 Sent 130111612 bytes 89079 pkt (dropped 5083, overlimits 0 requeues 0) 
 backlog 0b 0p requeues 0
======================================================================
Timestamp: 2026-04-28 17:07:48
qdisc htb 1: root refcnt 13 r2q 10 default 0x10 direct_packets_stat 0 direct_qlen 1000
 Sent 130624114 bytes 89425 pkt (dropped 5099, overlimits 44363 requeues 0) 
 backlog 16302b 2p requeues 0
qdisc pfifo 20: parent 1:10 limit 12p
 Sent 130624114 bytes 89425 pkt (dropped 5099, overlimits 0 requeues 0) 
 backlog 16302b 2p requeues 0
======================================================================
Timestamp: 2026-04-28 17:07:49
qdisc htb 1: root refcnt 13 r2q 10 default 0x10 direct_packets_stat 0 direct_qlen 1000
 Sent 131087078 bytes 89738 pkt (dropped 5099, overlimits 44420 requeues 0) 
 backlog 0b 0p requeues 0
qdisc pfifo 20: parent 1:10 limit 12p
 Sent 131087078 bytes 89738 pkt (dropped 5099, overlimits 0 requeues 0) 
 backlog 0b 0p requeues 0
======================================================================
Timestamp: 2026-04-28 17:07:50
qdisc htb 1: root refcnt 13 r2q 10 default 0x10 direct_packets_stat 0 direct_qlen 1000
 Sent 131552156 bytes 90052 pkt (dropped 5116, overlimits 44538 requeues 0) 
 backlog 20748b 3p requeues 0
qdisc pfifo 20: parent 1:10 limit 12p
 Sent 131552156 bytes 90052 pkt (dropped 5116, overlimits 0 requeues 0) 
 backlog 20748b 3p requeues 0
======================================================================
Timestamp: 2026-04-28 17:07:51
qdisc htb 1: root refcnt 13 r2q 10 default 0x10 direct_packets_stat 0 direct_qlen 1000
 Sent 132246459 bytes 90522 pkt (dropped 5116, overlimits 44634 requeues 0) 
 backlog 0b 0p requeues 0
qdisc pfifo 20: parent 1:10 limit 12p
 Sent 132246459 bytes 90522 pkt (dropped 5116, overlimits 0 requeues 0) 
 backlog 0b 0p requeues 0
======================================================================
Timestamp: 2026-04-28 17:07:52
qdisc htb 1: root refcnt 13 r2q 10 default 0x10 direct_packets_stat 0 direct_qlen 1000
 Sent 132581843 bytes 90775 pkt (dropped 5184, overlimits 44755 requeues 0) 
 backlog 12940b 2p requeues 0
qdisc pfifo 20: parent 1:10 limit 12p
 Sent 132581843 bytes 90775 pkt (dropped 5184, overlimits 0 requeues 0) 
 backlog 12940b 2p requeues 0
======================================================================
Timestamp: 2026-04-28 17:07:53
qdisc htb 1: root refcnt 13 r2q 10 default 0x10 direct_packets_stat 0 direct_qlen 1000
 Sent 133458297 bytes 91453 pkt (dropped 5184, overlimits 44879 requeues 0) 
 backlog 1579b 2p requeues 0
qdisc pfifo 20: parent 1:10 limit 12p
 Sent 133458297 bytes 91453 pkt (dropped 5184, overlimits 0 requeues 0) 
 backlog 1579b 2p requeues 0
======================================================================
Timestamp: 2026-04-28 17:07:54
qdisc htb 1: root refcnt 13 r2q 10 default 0x10 direct_packets_stat 0 direct_qlen 1000
 Sent 133841962 bytes 91713 pkt (dropped 5200, overlimits 44981 requeues 0) 
 backlog 23712b 3p requeues 0
qdisc pfifo 20: parent 1:10 limit 12p
 Sent 133841962 bytes 91713 pkt (dropped 5200, overlimits 0 requeues 0) 
 backlog 23712b 3p requeues 0
======================================================================
Timestamp: 2026-04-28 17:07:56
qdisc htb 1: root refcnt 13 r2q 10 default 0x10 direct_packets_stat 0 direct_qlen 1000
 Sent 134673922 bytes 92275 pkt (dropped 5200, overlimits 45088 requeues 0) 
 backlog 0b 0p requeues 0
qdisc pfifo 20: parent 1:10 limit 12p
 Sent 134673922 bytes 92275 pkt (dropped 5200, overlimits 0 requeues 0) 
 backlog 0b 0p requeues 0
======================================================================
Timestamp: 2026-04-28 17:07:57
qdisc htb 1: root refcnt 13 r2q 10 default 0x10 direct_packets_stat 0 direct_qlen 1000
 Sent 135016091 bytes 92507 pkt (dropped 5228, overlimits 45207 requeues 0) 
 backlog 20748b 3p requeues 0
qdisc pfifo 20: parent 1:10 limit 12p
 Sent 135016091 bytes 92507 pkt (dropped 5228, overlimits 0 requeues 0) 
 backlog 20748b 3p requeues 0
======================================================================
Timestamp: 2026-04-28 17:07:58
qdisc htb 1: root refcnt 13 r2q 10 default 0x10 direct_packets_stat 0 direct_qlen 1000
 Sent 135876586 bytes 93089 pkt (dropped 5228, overlimits 45319 requeues 0) 
 backlog 0b 0p requeues 0
qdisc pfifo 20: parent 1:10 limit 12p
 Sent 135876586 bytes 93089 pkt (dropped 5228, overlimits 0 requeues 0) 
 backlog 0b 0p requeues 0
======================================================================
Timestamp: 2026-04-28 17:07:59
qdisc htb 1: root refcnt 13 r2q 10 default 0x10 direct_packets_stat 0 direct_qlen 1000
 Sent 136177162 bytes 93292 pkt (dropped 5260, overlimits 45438 requeues 0) 
 backlog 22230b 3p requeues 0
qdisc pfifo 20: parent 1:10 limit 12p
 Sent 136177162 bytes 93292 pkt (dropped 5260, overlimits 0 requeues 0) 
 backlog 22230b 3p requeues 0
======================================================================
Timestamp: 2026-04-28 17:08:00
qdisc htb 1: root refcnt 13 r2q 10 default 0x10 direct_packets_stat 0 direct_qlen 1000
 Sent 137054506 bytes 93884 pkt (dropped 5260, overlimits 45562 requeues 0) 
 backlog 50388b 7p requeues 0
qdisc pfifo 20: parent 1:10 limit 12p
 Sent 137054506 bytes 93884 pkt (dropped 5260, overlimits 0 requeues 0) 
 backlog 50388b 7p requeues 0
======================================================================
Timestamp: 2026-04-28 17:08:01
qdisc htb 1: root refcnt 13 r2q 10 default 0x10 direct_packets_stat 0 direct_qlen 1000
 Sent 137378560 bytes 94105 pkt (dropped 5289, overlimits 45678 requeues 0) 
 backlog 16302b 3p requeues 0
qdisc pfifo 20: parent 1:10 limit 12p
 Sent 137378560 bytes 94105 pkt (dropped 5289, overlimits 0 requeues 0) 
 backlog 16302b 3p requeues 0
======================================================================
Timestamp: 2026-04-28 17:08:02
qdisc htb 1: root refcnt 13 r2q 10 default 0x10 direct_packets_stat 0 direct_qlen 1000
 Sent 138255904 bytes 94697 pkt (dropped 5289, overlimits 45802 requeues 0) 
 backlog 15590b 2p requeues 0
qdisc pfifo 20: parent 1:10 limit 12p
 Sent 138255904 bytes 94697 pkt (dropped 5289, overlimits 0 requeues 0) 
 backlog 15590b 2p requeues 0
======================================================================
Timestamp: 2026-04-28 17:08:03
qdisc htb 1: root refcnt 13 r2q 10 default 0x10 direct_packets_stat 0 direct_qlen 1000
 Sent 138493621 bytes 94859 pkt (dropped 5312, overlimits 45885 requeues 0) 
 backlog 22230b 3p requeues 0
qdisc pfifo 20: parent 1:10 limit 12p
 Sent 138493621 bytes 94859 pkt (dropped 5312, overlimits 0 requeues 0) 
 backlog 22230b 3p requeues 0
======================================================================
Timestamp: 2026-04-28 17:08:04
qdisc htb 1: root refcnt 13 r2q 10 default 0x10 direct_packets_stat 0 direct_qlen 1000
 Sent 138598788 bytes 94931 pkt (dropped 5312, overlimits 45900 requeues 0) 
 backlog 0b 0p requeues 0
qdisc pfifo 20: parent 1:10 limit 12p
 Sent 138598788 bytes 94931 pkt (dropped 5312, overlimits 0 requeues 0) 
 backlog 0b 0p requeues 0
======================================================================
Timestamp: 2026-04-28 17:08:05
qdisc htb 1: root refcnt 13 r2q 10 default 0x10 direct_packets_stat 0 direct_qlen 1000
 Sent 138686642 bytes 94993 pkt (dropped 5358, overlimits 45927 requeues 0) 
 backlog 11646b 9p requeues 0
qdisc pfifo 20: parent 1:10 limit 12p
 Sent 138686642 bytes 94993 pkt (dropped 5358, overlimits 0 requeues 0) 
 backlog 11646b 9p requeues 0
======================================================================
Timestamp: 2026-04-28 17:08:06
qdisc htb 1: root refcnt 13 r2q 10 default 0x10 direct_packets_stat 0 direct_qlen 1000
 Sent 138993025 bytes 95231 pkt (dropped 5365, overlimits 46016 requeues 0) 
 backlog 0b 0p requeues 0
qdisc pfifo 20: parent 1:10 limit 12p
 Sent 138993025 bytes 95231 pkt (dropped 5365, overlimits 0 requeues 0) 
 backlog 0b 0p requeues 0
======================================================================
Timestamp: 2026-04-28 17:08:07
qdisc htb 1: root refcnt 13 r2q 10 default 0x10 direct_packets_stat 0 direct_qlen 1000
 Sent 139123481 bytes 95322 pkt (dropped 5396, overlimits 46061 requeues 0) 
 backlog 14820b 10p requeues 0
qdisc pfifo 20: parent 1:10 limit 12p
 Sent 139123481 bytes 95322 pkt (dropped 5396, overlimits 0 requeues 0) 
 backlog 14820b 10p requeues 0
======================================================================
Timestamp: 2026-04-28 17:08:08
qdisc htb 1: root refcnt 13 r2q 10 default 0x10 direct_packets_stat 0 direct_qlen 1000
 Sent 140002307 bytes 95915 pkt (dropped 5400, overlimits 46209 requeues 0) 
 backlog 38532b 3p requeues 0
qdisc pfifo 20: parent 1:10 limit 12p
 Sent 140002307 bytes 95915 pkt (dropped 5400, overlimits 0 requeues 0) 
 backlog 38532b 3p requeues 0
======================================================================
Timestamp: 2026-04-28 17:08:09
qdisc htb 1: root refcnt 13 r2q 10 default 0x10 direct_packets_stat 0 direct_qlen 1000
 Sent 140163293 bytes 96025 pkt (dropped 5414, overlimits 46255 requeues 0) 
 backlog 23712b 12p requeues 0
qdisc pfifo 20: parent 1:10 limit 12p
 Sent 140163293 bytes 96025 pkt (dropped 5414, overlimits 0 requeues 0) 
 backlog 23712b 12p requeues 0
======================================================================
Timestamp: 2026-04-28 17:08:10
qdisc htb 1: root refcnt 13 r2q 10 default 0x10 direct_packets_stat 0 direct_qlen 1000
 Sent 141039197 bytes 96617 pkt (dropped 5421, overlimits 46441 requeues 0) 
 backlog 38532b 5p requeues 0
qdisc pfifo 20: parent 1:10 limit 12p
 Sent 141039197 bytes 96617 pkt (dropped 5421, overlimits 0 requeues 0) 
 backlog 38532b 5p requeues 0
======================================================================
Timestamp: 2026-04-28 17:08:11
qdisc htb 1: root refcnt 13 r2q 10 default 0x10 direct_packets_stat 0 direct_qlen 1000
 Sent 141397281 bytes 96860 pkt (dropped 5436, overlimits 46498 requeues 0) 
 backlog 16302b 11p requeues 0
qdisc pfifo 20: parent 1:10 limit 12p
 Sent 141397281 bytes 96860 pkt (dropped 5436, overlimits 0 requeues 0) 
 backlog 16302b 11p requeues 0
======================================================================
Timestamp: 2026-04-28 17:08:12
qdisc htb 1: root refcnt 13 r2q 10 default 0x10 direct_packets_stat 0 direct_qlen 1000
 Sent 142282389 bytes 97458 pkt (dropped 5457, overlimits 46703 requeues 0) 
 backlog 25194b 4p requeues 0
qdisc pfifo 20: parent 1:10 limit 12p
 Sent 142282389 bytes 97458 pkt (dropped 5457, overlimits 0 requeues 0) 
 backlog 25194b 4p requeues 0
======================================================================
Timestamp: 2026-04-28 17:08:13
qdisc htb 1: root refcnt 13 r2q 10 default 0x10 direct_packets_stat 0 direct_qlen 1000
 Sent 142693081 bytes 97736 pkt (dropped 5457, overlimits 46756 requeues 0) 
 backlog 0b 0p requeues 0
qdisc pfifo 20: parent 1:10 limit 12p
 Sent 142693081 bytes 97736 pkt (dropped 5457, overlimits 0 requeues 0) 
 backlog 0b 0p requeues 0
======================================================================
Timestamp: 2026-04-28 17:08:14
qdisc htb 1: root refcnt 13 r2q 10 default 0x10 direct_packets_stat 0 direct_qlen 1000
 Sent 143574871 bytes 98331 pkt (dropped 5481, overlimits 46926 requeues 0) 
 backlog 37050b 5p requeues 0
qdisc pfifo 20: parent 1:10 limit 12p
 Sent 143574871 bytes 98331 pkt (dropped 5481, overlimits 0 requeues 0) 
 backlog 37050b 5p requeues 0
======================================================================
Timestamp: 2026-04-28 17:08:15
qdisc htb 1: root refcnt 13 r2q 10 default 0x10 direct_packets_stat 0 direct_qlen 1000
 Sent 144433445 bytes 98912 pkt (dropped 5509, overlimits 47107 requeues 0) 
 backlog 20845b 4p requeues 0
qdisc pfifo 20: parent 1:10 limit 12p
 Sent 144433445 bytes 98912 pkt (dropped 5509, overlimits 0 requeues 0) 
 backlog 20845b 4p requeues 0
