  Time         s2-eth2      
HH:MM:SS   KB/s in  KB/s out
15:27:51      5.21    133.14
15:27:52     14.04    779.91
15:27:53     14.28    826.86
15:27:54     13.96    822.15
15:27:55     14.29    850.43
15:27:56      5.15    288.79
15:27:57     14.19    854.65
15:27:58      5.46    307.83
15:27:59     13.80    813.03
15:28:00      6.81    396.49
15:28:01     13.39    767.36
15:28:02      6.06    356.03
15:28:03     10.53    595.19
15:28:04      1.80    101.38
15:28:05     11.78    676.40
15:28:06      6.34    376.93
15:28:07     11.22    626.00
15:28:08     10.42    620.80
15:28:09     10.45    588.20
15:28:10     12.37    719.33
15:28:11      9.70    553.53
15:28:12     11.07    655.62
  Time         s2-eth2      
HH:MM:SS   KB/s in  KB/s out
15:28:13      8.94    500.36
15:28:14     12.40    728.69
15:28:15      8.18    456.56
15:28:16     12.97    750.82
15:28:17      7.24    410.32
15:28:18     13.34    795.04
15:28:19      6.30    365.76
15:28:20     14.29    850.93
15:28:21      5.63    163.42
15:28:22     11.64    422.14
15:28:23     10.06    392.61
15:28:24     11.35    419.24
15:28:25      8.47    287.06
15:28:26     12.78    425.34
15:28:27     10.80    370.73
15:28:28      8.42    302.44
15:28:29      0.71     17.08
15:28:30     12.02    422.32
15:28:31      1.01     32.81
15:28:32     11.94    423.62
15:28:33      2.15     66.05
15:28:34     11.28    398.74
  Time         s2-eth2      
HH:MM:SS   KB/s in  KB/s out
15:28:35      2.37     76.18
15:28:36     10.84    375.99
15:28:37      1.32     46.49
15:28:38     10.08    354.07
15:28:39      1.99     65.35
15:28:40      9.13    331.11
15:28:41      2.18     83.40
15:28:42      8.45    305.10
15:28:43      3.22    116.00
15:28:44      8.28    283.07
15:28:45      4.83    142.09
15:28:46      7.43    276.12
15:28:47      5.20    171.59
15:28:48      6.67    235.38
15:28:49      8.24    296.05
15:28:50      7.05    228.15
15:28:51      6.72    226.46
15:28:52      5.53    192.01
15:28:53      7.19    260.90
15:28:54      4.59    166.15
15:28:55      7.38    261.34
15:28:56      4.02    145.75
  Time         s2-eth2      
HH:MM:SS   KB/s in  KB/s out
15:28:57      9.88    336.99
15:28:58      3.45    118.34
15:28:59     10.31    352.04
15:29:00      2.60     96.59
15:29:02     10.79    393.51
15:29:03      2.13     74.95
15:29:04      6.43    225.40
15:29:05      1.65     53.23
15:29:06      8.71    329.03
15:29:07      1.09     30.10
15:29:08     10.03    363.70
15:29:09      0.61      8.41
15:29:10     10.79    423.30
15:29:11      0.26      2.63
15:29:12     12.19    400.75
15:29:13      1.65     50.30
15:29:14     10.64    385.73
15:29:15     12.09    410.98
15:29:16     12.54    411.35
15:29:17      0.47      6.28
15:29:18      7.43    277.31
15:29:19      1.51     43.33
  Time         s2-eth2      
HH:MM:SS   KB/s in  KB/s out
15:29:20      8.09    260.08
15:29:21      4.54    164.93
15:29:22      6.48    231.04
15:29:23      5.62    193.41
15:29:24      5.91    213.77
15:29:25      7.38    258.72
15:29:26      5.63    192.01
15:29:27      7.66    275.73
15:29:28      4.78    169.14
15:29:29      9.65    334.94
15:29:30      4.02    147.19
15:29:31      4.45    159.74
15:29:32      3.45    124.12
15:29:33      8.05    298.45
15:29:34      2.70    102.48
15:29:35      8.05    294.68
15:29:36      2.22     79.37
15:29:37     10.79    360.40
15:29:38      1.75     56.14
15:29:39      6.34    233.61
15:29:40      1.09     34.50
15:29:41      9.08    337.05
  Time         s2-eth2      
HH:MM:SS   KB/s in  KB/s out
15:29:42      0.61     11.44
15:29:43     12.87    441.28
15:29:44      0.26      2.72
15:29:45     11.25    407.45
15:29:46      0.07      0.07
15:29:47     11.22    380.31
15:29:48      0.70     19.19
15:29:49     10.36    388.84
15:29:50      0.89     31.98
15:29:51     10.26    342.44
15:29:52      2.55     85.72
15:29:53      9.89    322.33
15:29:54      4.07    124.79
15:29:55      8.75    317.79
15:29:56      3.60    130.01
15:29:57      7.90    278.90
15:29:58      5.02    172.23
15:29:59      7.14    258.52
15:30:00      5.87    201.95
15:30:01      6.86    236.91
15:30:02      6.53    226.60
15:30:03      4.97    152.22
  Time         s2-eth2      
HH:MM:SS   KB/s in  KB/s out
15:30:04      0.00      0.00
15:30:05      4.21    174.73
15:30:06      0.28      4.92
15:30:07      4.21    150.08
15:30:08      8.61    293.96
15:30:09      3.55    128.45
15:30:10     11.07    344.26
15:30:11      3.17    106.71
15:30:12      9.13    319.04
15:30:13      2.79     83.58
15:30:14      9.47    343.44
15:30:15      1.84     59.01
15:30:16     10.70    364.02
15:30:17      1.37     37.32
15:30:18     11.46    407.81
15:30:19      0.71     15.64
15:30:20     11.83    429.36
15:30:21      1.65     36.58
15:30:22     12.28    546.61
15:30:23      4.14    239.69
15:30:24      7.14    363.66
15:30:25      0.19      0.78
  Time         s2-eth2      
HH:MM:SS   KB/s in  KB/s out
15:30:26     12.77    745.70
15:30:27      1.61     89.48
15:30:28     10.45    589.56
15:30:29      0.57     23.20
15:30:30     11.02    651.73
15:30:31      2.27    126.32
15:30:32     10.45    583.78
15:30:33      3.78    227.41
15:30:34      9.71    555.53
15:30:35      3.98    234.68
15:30:36      8.75    512.94
15:30:37      5.12    285.72
15:30:38      8.19    470.13
15:30:39     11.64    685.93
15:30:40      7.43    420.84
15:30:41     14.67    850.01
15:30:42      6.86    375.84
15:30:43     13.81    824.41
15:30:44      5.82    332.25
15:30:45     14.38    851.51
15:30:46      6.39    356.65
15:30:47     11.73    689.24
  Time         s2-eth2      
HH:MM:SS   KB/s in  KB/s out
15:30:48      4.40    238.43
15:30:49     14.39    851.84
15:30:50      6.76    372.00
15:30:51     14.20    853.48
15:30:52      5.82    313.14
15:30:53     14.19    851.57
15:30:54      5.16    274.07
15:30:55     14.10    853.12
15:30:56      7.24    407.15
15:30:57     14.49    850.84
15:30:58      3.55    189.86
15:30:59     14.29    848.59
15:31:00      3.76    204.31
15:31:01     13.55    811.08
15:31:02      7.19    428.62
15:31:03     11.82    658.03
15:31:04      0.00      0.00
15:31:05     12.44    716.77
15:31:06      4.26    252.36
15:31:07     11.78    683.53
15:31:08      7.48    442.00
15:31:09     10.74    635.83
  Time         s2-eth2      
HH:MM:SS   KB/s in  KB/s out
15:31:10     10.13    591.28
15:31:11     10.36    586.68
