Starting TC Qdisc Monitoring for s1-eth2
Timestamp, Qdisc Stats
======================================================================
Timestamp: 2026-04-07 02:37:46
qdisc htb 1: root refcnt 13 r2q 10 default 0x10 direct_packets_stat 0 direct_qlen 1000
 Sent 7594 bytes 37 pkt (dropped 0, overlimits 2 requeues 0) 
 backlog 0b 0p requeues 0
qdisc pfifo 20: parent 1:10 limit 12p
 Sent 7594 bytes 37 pkt (dropped 0, overlimits 0 requeues 0) 
 backlog 0b 0p requeues 0
======================================================================
Timestamp: 2026-04-07 02:37:47
qdisc htb 1: root refcnt 13 r2q 10 default 0x10 direct_packets_stat 0 direct_qlen 1000
 Sent 203806 bytes 175 pkt (dropped 13, overlimits 84 requeues 0) 
 backlog 0b 0p requeues 0
qdisc pfifo 20: parent 1:10 limit 12p
 Sent 203806 bytes 175 pkt (dropped 13, overlimits 0 requeues 0) 
 backlog 0b 0p requeues 0
======================================================================
Timestamp: 2026-04-07 02:37:48
qdisc htb 1: root refcnt 13 r2q 10 default 0x10 direct_packets_stat 0 direct_qlen 1000
 Sent 1022670 bytes 728 pkt (dropped 56, overlimits 507 requeues 0) 
 backlog 20748b 11p requeues 0
qdisc pfifo 20: parent 1:10 limit 12p
 Sent 1022670 bytes 728 pkt (dropped 56, overlimits 0 requeues 0) 
 backlog 20748b 11p requeues 0
======================================================================
Timestamp: 2026-04-07 02:37:49
qdisc htb 1: root refcnt 13 r2q 10 default 0x10 direct_packets_stat 0 direct_qlen 1000
 Sent 1825711 bytes 1273 pkt (dropped 76, overlimits 921 requeues 0) 
 backlog 23712b 12p requeues 0
qdisc pfifo 20: parent 1:10 limit 12p
 Sent 1825711 bytes 1273 pkt (dropped 76, overlimits 0 requeues 0) 
 backlog 23712b 12p requeues 0
======================================================================
Timestamp: 2026-04-07 02:37:50
qdisc htb 1: root refcnt 13 r2q 10 default 0x10 direct_packets_stat 0 direct_qlen 1000
 Sent 2590191 bytes 1791 pkt (dropped 95, overlimits 1315 requeues 0) 
 backlog 23712b 12p requeues 0
qdisc pfifo 20: parent 1:10 limit 12p
 Sent 2590191 bytes 1791 pkt (dropped 95, overlimits 0 requeues 0) 
 backlog 23712b 12p requeues 0
======================================================================
Timestamp: 2026-04-07 02:37:51
qdisc htb 1: root refcnt 13 r2q 10 default 0x10 direct_packets_stat 0 direct_qlen 1000
 Sent 3310500 bytes 2280 pkt (dropped 111, overlimits 1680 requeues 0) 
 backlog 0b 0p requeues 0
qdisc pfifo 20: parent 1:10 limit 12p
 Sent 3310500 bytes 2280 pkt (dropped 111, overlimits 0 requeues 0) 
 backlog 0b 0p requeues 0
======================================================================
Timestamp: 2026-04-07 02:37:52
qdisc htb 1: root refcnt 13 r2q 10 default 0x10 direct_packets_stat 0 direct_qlen 1000
 Sent 3787430 bytes 2602 pkt (dropped 125, overlimits 1926 requeues 0) 
 backlog 20748b 11p requeues 0
qdisc pfifo 20: parent 1:10 limit 12p
 Sent 3787430 bytes 2602 pkt (dropped 125, overlimits 0 requeues 0) 
 backlog 20748b 11p requeues 0
======================================================================
Timestamp: 2026-04-07 02:37:53
qdisc htb 1: root refcnt 13 r2q 10 default 0x10 direct_packets_stat 0 direct_qlen 1000
 Sent 4512052 bytes 3093 pkt (dropped 140, overlimits 2293 requeues 0) 
 backlog 0b 0p requeues 0
qdisc pfifo 20: parent 1:10 limit 12p
 Sent 4512052 bytes 3093 pkt (dropped 140, overlimits 0 requeues 0) 
 backlog 0b 0p requeues 0
======================================================================
Timestamp: 2026-04-07 02:37:54
qdisc htb 1: root refcnt 13 r2q 10 default 0x10 direct_packets_stat 0 direct_qlen 1000
 Sent 4951251 bytes 3390 pkt (dropped 153, overlimits 2520 requeues 0) 
 backlog 23712b 12p requeues 0
qdisc pfifo 20: parent 1:10 limit 12p
 Sent 4951251 bytes 3390 pkt (dropped 153, overlimits 0 requeues 0) 
 backlog 23712b 12p requeues 0
======================================================================
Timestamp: 2026-04-07 02:37:55
qdisc htb 1: root refcnt 13 r2q 10 default 0x10 direct_packets_stat 0 direct_qlen 1000
 Sent 5388284 bytes 3686 pkt (dropped 162, overlimits 2740 requeues 0) 
 backlog 0b 0p requeues 0
qdisc pfifo 20: parent 1:10 limit 12p
 Sent 5388284 bytes 3686 pkt (dropped 162, overlimits 0 requeues 0) 
 backlog 0b 0p requeues 0
======================================================================
Timestamp: 2026-04-07 02:37:56
qdisc htb 1: root refcnt 13 r2q 10 default 0x10 direct_packets_stat 0 direct_qlen 1000
 Sent 5783707 bytes 3953 pkt (dropped 174, overlimits 2945 requeues 0) 
 backlog 22230b 11p requeues 0
qdisc pfifo 20: parent 1:10 limit 12p
 Sent 5783707 bytes 3953 pkt (dropped 174, overlimits 0 requeues 0) 
 backlog 22230b 11p requeues 0
======================================================================
Timestamp: 2026-04-07 02:37:57
qdisc htb 1: root refcnt 13 r2q 10 default 0x10 direct_packets_stat 0 direct_qlen 1000
 Sent 6296712 bytes 4301 pkt (dropped 185, overlimits 3205 requeues 0) 
 backlog 0b 0p requeues 0
qdisc pfifo 20: parent 1:10 limit 12p
 Sent 6296712 bytes 4301 pkt (dropped 185, overlimits 0 requeues 0) 
 backlog 0b 0p requeues 0
======================================================================
Timestamp: 2026-04-07 02:37:58
qdisc htb 1: root refcnt 13 r2q 10 default 0x10 direct_packets_stat 0 direct_qlen 1000
 Sent 6646193 bytes 4537 pkt (dropped 196, overlimits 3387 requeues 0) 
 backlog 23712b 12p requeues 0
qdisc pfifo 20: parent 1:10 limit 12p
 Sent 6646193 bytes 4537 pkt (dropped 196, overlimits 0 requeues 0) 
 backlog 23712b 12p requeues 0
======================================================================
Timestamp: 2026-04-07 02:37:59
qdisc htb 1: root refcnt 13 r2q 10 default 0x10 direct_packets_stat 0 direct_qlen 1000
 Sent 7201654 bytes 4913 pkt (dropped 207, overlimits 3668 requeues 0) 
 backlog 0b 0p requeues 0
qdisc pfifo 20: parent 1:10 limit 12p
 Sent 7201654 bytes 4913 pkt (dropped 207, overlimits 0 requeues 0) 
 backlog 0b 0p requeues 0
======================================================================
Timestamp: 2026-04-07 02:38:00
qdisc htb 1: root refcnt 13 r2q 10 default 0x10 direct_packets_stat 0 direct_qlen 1000
 Sent 7485927 bytes 5105 pkt (dropped 217, overlimits 3821 requeues 0) 
 backlog 20748b 11p requeues 0
qdisc pfifo 20: parent 1:10 limit 12p
 Sent 7485927 bytes 5105 pkt (dropped 217, overlimits 0 requeues 0) 
 backlog 20748b 11p requeues 0
======================================================================
Timestamp: 2026-04-07 02:38:01
qdisc htb 1: root refcnt 13 r2q 10 default 0x10 direct_packets_stat 0 direct_qlen 1000
 Sent 8109804 bytes 5527 pkt (dropped 230, overlimits 4136 requeues 0) 
 backlog 0b 0p requeues 0
qdisc pfifo 20: parent 1:10 limit 12p
 Sent 8109804 bytes 5527 pkt (dropped 230, overlimits 0 requeues 0) 
 backlog 0b 0p requeues 0
======================================================================
Timestamp: 2026-04-07 02:38:02
qdisc htb 1: root refcnt 13 r2q 10 default 0x10 direct_packets_stat 0 direct_qlen 1000
 Sent 8374811 bytes 5706 pkt (dropped 239, overlimits 4275 requeues 0) 
 backlog 4695b 4p requeues 0
qdisc pfifo 20: parent 1:10 limit 12p
 Sent 8374811 bytes 5706 pkt (dropped 239, overlimits 0 requeues 0) 
 backlog 4695b 4p requeues 0
======================================================================
Timestamp: 2026-04-07 02:38:03
qdisc htb 1: root refcnt 13 r2q 10 default 0x10 direct_packets_stat 0 direct_qlen 1000
 Sent 8379506 bytes 5711 pkt (dropped 239, overlimits 4279 requeues 0) 
 backlog 0b 0p requeues 0
qdisc pfifo 20: parent 1:10 limit 12p
 Sent 8379506 bytes 5711 pkt (dropped 239, overlimits 0 requeues 0) 
 backlog 0b 0p requeues 0
======================================================================
Timestamp: 2026-04-07 02:38:04
qdisc htb 1: root refcnt 13 r2q 10 default 0x10 direct_packets_stat 0 direct_qlen 1000
 Sent 8601535 bytes 5861 pkt (dropped 248, overlimits 4396 requeues 0) 
 backlog 20748b 11p requeues 0
qdisc pfifo 20: parent 1:10 limit 12p
 Sent 8601535 bytes 5861 pkt (dropped 248, overlimits 0 requeues 0) 
 backlog 20748b 11p requeues 0
======================================================================
Timestamp: 2026-04-07 02:38:05
qdisc htb 1: root refcnt 13 r2q 10 default 0x10 direct_packets_stat 0 direct_qlen 1000
 Sent 8718848 bytes 5942 pkt (dropped 250, overlimits 4455 requeues 0) 
 backlog 0b 0p requeues 0
qdisc pfifo 20: parent 1:10 limit 12p
 Sent 8718848 bytes 5942 pkt (dropped 250, overlimits 0 requeues 0) 
 backlog 0b 0p requeues 0
======================================================================
Timestamp: 2026-04-07 02:38:06
qdisc htb 1: root refcnt 13 r2q 10 default 0x10 direct_packets_stat 0 direct_qlen 1000
 Sent 8899381 bytes 6064 pkt (dropped 258, overlimits 4551 requeues 0) 
 backlog 20748b 11p requeues 0
qdisc pfifo 20: parent 1:10 limit 12p
 Sent 8899381 bytes 6064 pkt (dropped 258, overlimits 0 requeues 0) 
 backlog 20748b 11p requeues 0
======================================================================
Timestamp: 2026-04-07 02:38:07
qdisc htb 1: root refcnt 13 r2q 10 default 0x10 direct_packets_stat 0 direct_qlen 1000
 Sent 9579831 bytes 6525 pkt (dropped 272, overlimits 4896 requeues 0) 
 backlog 0b 0p requeues 0
qdisc pfifo 20: parent 1:10 limit 12p
 Sent 9579831 bytes 6525 pkt (dropped 272, overlimits 0 requeues 0) 
 backlog 0b 0p requeues 0
======================================================================
Timestamp: 2026-04-07 02:38:08
qdisc htb 1: root refcnt 13 r2q 10 default 0x10 direct_packets_stat 0 direct_qlen 1000
 Sent 9714422 bytes 6616 pkt (dropped 279, overlimits 4969 requeues 0) 
 backlog 22230b 11p requeues 0
qdisc pfifo 20: parent 1:10 limit 12p
 Sent 9714422 bytes 6616 pkt (dropped 279, overlimits 0 requeues 0) 
 backlog 22230b 11p requeues 0
======================================================================
Timestamp: 2026-04-07 02:38:09
qdisc htb 1: root refcnt 13 r2q 10 default 0x10 direct_packets_stat 0 direct_qlen 1000
 Sent 10450389 bytes 7116 pkt (dropped 296, overlimits 5343 requeues 0) 
 backlog 0b 0p requeues 0
qdisc pfifo 20: parent 1:10 limit 12p
 Sent 10450389 bytes 7116 pkt (dropped 296, overlimits 0 requeues 0) 
 backlog 0b 0p requeues 0
======================================================================
Timestamp: 2026-04-07 02:38:10
qdisc htb 1: root refcnt 13 r2q 10 default 0x10 direct_packets_stat 0 direct_qlen 1000
 Sent 10542002 bytes 7178 pkt (dropped 302, overlimits 5394 requeues 0) 
 backlog 19266b 10p requeues 0
qdisc pfifo 20: parent 1:10 limit 12p
 Sent 10542002 bytes 7178 pkt (dropped 302, overlimits 0 requeues 0) 
 backlog 19266b 10p requeues 0
======================================================================
Timestamp: 2026-04-07 02:38:11
qdisc htb 1: root refcnt 13 r2q 10 default 0x10 direct_packets_stat 0 direct_qlen 1000
 Sent 11336435 bytes 7716 pkt (dropped 319, overlimits 5798 requeues 0) 
 backlog 0b 0p requeues 0
qdisc pfifo 20: parent 1:10 limit 12p
 Sent 11336435 bytes 7716 pkt (dropped 319, overlimits 0 requeues 0) 
 backlog 0b 0p requeues 0
======================================================================
Timestamp: 2026-04-07 02:38:12
qdisc htb 1: root refcnt 13 r2q 10 default 0x10 direct_packets_stat 0 direct_qlen 1000
 Sent 11388034 bytes 7751 pkt (dropped 323, overlimits 5828 requeues 0) 
 backlog 14820b 8p requeues 0
qdisc pfifo 20: parent 1:10 limit 12p
 Sent 11388034 bytes 7751 pkt (dropped 323, overlimits 0 requeues 0) 
 backlog 14820b 8p requeues 0
======================================================================
Timestamp: 2026-04-07 02:38:13
qdisc htb 1: root refcnt 13 r2q 10 default 0x10 direct_packets_stat 0 direct_qlen 1000
 Sent 12176899 bytes 8285 pkt (dropped 340, overlimits 6230 requeues 0) 
 backlog 0b 0p requeues 0
qdisc pfifo 20: parent 1:10 limit 12p
 Sent 12176899 bytes 8285 pkt (dropped 340, overlimits 0 requeues 0) 
 backlog 0b 0p requeues 0
======================================================================
Timestamp: 2026-04-07 02:38:14
qdisc htb 1: root refcnt 13 r2q 10 default 0x10 direct_packets_stat 0 direct_qlen 1000
 Sent 12179592 bytes 8287 pkt (dropped 340, overlimits 6231 requeues 0) 
 backlog 0b 0p requeues 0
qdisc pfifo 20: parent 1:10 limit 12p
 Sent 12179592 bytes 8287 pkt (dropped 340, overlimits 0 requeues 0) 
 backlog 0b 0p requeues 0
======================================================================
Timestamp: 2026-04-07 02:38:15
qdisc htb 1: root refcnt 13 r2q 10 default 0x10 direct_packets_stat 0 direct_qlen 1000
 Sent 13039039 bytes 8868 pkt (dropped 362, overlimits 6671 requeues 0) 
 backlog 0b 0p requeues 0
qdisc pfifo 20: parent 1:10 limit 12p
 Sent 13039039 bytes 8868 pkt (dropped 362, overlimits 0 requeues 0) 
 backlog 0b 0p requeues 0
======================================================================
Timestamp: 2026-04-07 02:38:16
qdisc htb 1: root refcnt 13 r2q 10 default 0x10 direct_packets_stat 0 direct_qlen 1000
 Sent 13043635 bytes 8877 pkt (dropped 362, overlimits 6672 requeues 0) 
 backlog 0b 0p requeues 0
qdisc pfifo 20: parent 1:10 limit 12p
 Sent 13043635 bytes 8877 pkt (dropped 362, overlimits 0 requeues 0) 
 backlog 0b 0p requeues 0
======================================================================
Timestamp: 2026-04-07 02:38:17
qdisc htb 1: root refcnt 13 r2q 10 default 0x10 direct_packets_stat 0 direct_qlen 1000
 Sent 13881668 bytes 9448 pkt (dropped 415, overlimits 7106 requeues 0) 
 backlog 20748b 11p requeues 0
qdisc pfifo 20: parent 1:10 limit 12p
 Sent 13881668 bytes 9448 pkt (dropped 415, overlimits 0 requeues 0) 
 backlog 20748b 11p requeues 0
======================================================================
Timestamp: 2026-04-07 02:38:18
qdisc htb 1: root refcnt 13 r2q 10 default 0x10 direct_packets_stat 0 direct_qlen 1000
 Sent 14385786 bytes 9784 pkt (dropped 418, overlimits 7405 requeues 0) 
 backlog 7570b 5p requeues 0
qdisc pfifo 20: parent 1:10 limit 12p
 Sent 14385786 bytes 9784 pkt (dropped 418, overlimits 0 requeues 0) 
 backlog 7570b 5p requeues 0
======================================================================
Timestamp: 2026-04-07 02:38:19
qdisc htb 1: root refcnt 13 r2q 10 default 0x10 direct_packets_stat 0 direct_qlen 1000
 Sent 15231657 bytes 10352 pkt (dropped 492, overlimits 7916 requeues 0) 
 backlog 0b 0p requeues 0
qdisc pfifo 20: parent 1:10 limit 12p
 Sent 15231657 bytes 10352 pkt (dropped 492, overlimits 0 requeues 0) 
 backlog 0b 0p requeues 0
======================================================================
Timestamp: 2026-04-07 02:38:20
qdisc htb 1: root refcnt 13 r2q 10 default 0x10 direct_packets_stat 0 direct_qlen 1000
 Sent 16035591 bytes 10883 pkt (dropped 492, overlimits 8423 requeues 0) 
 backlog 7570b 5p requeues 0
qdisc pfifo 20: parent 1:10 limit 12p
 Sent 16035591 bytes 10883 pkt (dropped 492, overlimits 0 requeues 0) 
 backlog 7570b 5p requeues 0
======================================================================
Timestamp: 2026-04-07 02:38:21
qdisc htb 1: root refcnt 13 r2q 10 default 0x10 direct_packets_stat 0 direct_qlen 1000
 Sent 16913474 bytes 11471 pkt (dropped 536, overlimits 9007 requeues 0) 
 backlog 7442b 5p requeues 0
qdisc pfifo 20: parent 1:10 limit 12p
 Sent 16913474 bytes 11471 pkt (dropped 536, overlimits 0 requeues 0) 
 backlog 7442b 5p requeues 0
======================================================================
Timestamp: 2026-04-07 02:38:22
qdisc htb 1: root refcnt 13 r2q 10 default 0x10 direct_packets_stat 0 direct_qlen 1000
 Sent 17661663 bytes 11975 pkt (dropped 546, overlimits 9485 requeues 0) 
 backlog 0b 0p requeues 0
qdisc pfifo 20: parent 1:10 limit 12p
 Sent 17661663 bytes 11975 pkt (dropped 546, overlimits 0 requeues 0) 
 backlog 0b 0p requeues 0
======================================================================
Timestamp: 2026-04-07 02:38:23
qdisc htb 1: root refcnt 13 r2q 10 default 0x10 direct_packets_stat 0 direct_qlen 1000
 Sent 18535255 bytes 12560 pkt (dropped 607, overlimits 10052 requeues 0) 
 backlog 16334b 11p requeues 0
qdisc pfifo 20: parent 1:10 limit 12p
 Sent 18535255 bytes 12560 pkt (dropped 607, overlimits 0 requeues 0) 
 backlog 16334b 11p requeues 0
======================================================================
Timestamp: 2026-04-07 02:38:24
qdisc htb 1: root refcnt 13 r2q 10 default 0x10 direct_packets_stat 0 direct_qlen 1000
 Sent 19301950 bytes 13070 pkt (dropped 607, overlimits 10530 requeues 0) 
 backlog 7570b 5p requeues 0
qdisc pfifo 20: parent 1:10 limit 12p
 Sent 19301950 bytes 13070 pkt (dropped 607, overlimits 0 requeues 0) 
 backlog 7570b 5p requeues 0
======================================================================
Timestamp: 2026-04-07 02:38:25
qdisc htb 1: root refcnt 13 r2q 10 default 0x10 direct_packets_stat 0 direct_qlen 1000
 Sent 20180875 bytes 13658 pkt (dropped 648, overlimits 11112 requeues 0) 
 backlog 14884b 10p requeues 0
qdisc pfifo 20: parent 1:10 limit 12p
 Sent 20180875 bytes 13658 pkt (dropped 648, overlimits 0 requeues 0) 
 backlog 14884b 10p requeues 0
======================================================================
Timestamp: 2026-04-07 02:38:26
qdisc htb 1: root refcnt 13 r2q 10 default 0x10 direct_packets_stat 0 direct_qlen 1000
 Sent 21041967 bytes 14239 pkt (dropped 670, overlimits 11689 requeues 0) 
 backlog 17784b 12p requeues 0
qdisc pfifo 20: parent 1:10 limit 12p
 Sent 21041967 bytes 14239 pkt (dropped 670, overlimits 0 requeues 0) 
 backlog 17784b 12p requeues 0
======================================================================
Timestamp: 2026-04-07 02:38:27
qdisc htb 1: root refcnt 13 r2q 10 default 0x10 direct_packets_stat 0 direct_qlen 1000
 Sent 21892483 bytes 14813 pkt (dropped 700, overlimits 12258 requeues 0) 
 backlog 5928b 4p requeues 0
qdisc pfifo 20: parent 1:10 limit 12p
 Sent 21892483 bytes 14813 pkt (dropped 700, overlimits 0 requeues 0) 
 backlog 5928b 4p requeues 0
======================================================================
Timestamp: 2026-04-07 02:38:28
qdisc htb 1: root refcnt 13 r2q 10 default 0x10 direct_packets_stat 0 direct_qlen 1000
 Sent 22505140 bytes 15223 pkt (dropped 707, overlimits 12612 requeues 0) 
 backlog 0b 0p requeues 0
qdisc pfifo 20: parent 1:10 limit 12p
 Sent 22505140 bytes 15223 pkt (dropped 707, overlimits 0 requeues 0) 
 backlog 0b 0p requeues 0
======================================================================
Timestamp: 2026-04-07 02:38:29
qdisc htb 1: root refcnt 13 r2q 10 default 0x10 direct_packets_stat 0 direct_qlen 1000
 Sent 23381121 bytes 15805 pkt (dropped 746, overlimits 13185 requeues 0) 
 backlog 7442b 5p requeues 0
qdisc pfifo 20: parent 1:10 limit 12p
 Sent 23381121 bytes 15805 pkt (dropped 746, overlimits 0 requeues 0) 
 backlog 7442b 5p requeues 0
======================================================================
Timestamp: 2026-04-07 02:38:30
qdisc htb 1: root refcnt 13 r2q 10 default 0x10 direct_packets_stat 0 direct_qlen 1000
 Sent 24098962 bytes 16288 pkt (dropped 760, overlimits 13655 requeues 0) 
 backlog 1514b 1p requeues 0
qdisc pfifo 20: parent 1:10 limit 12p
 Sent 24098962 bytes 16288 pkt (dropped 760, overlimits 0 requeues 0) 
 backlog 1514b 1p requeues 0
======================================================================
Timestamp: 2026-04-07 02:38:31
qdisc htb 1: root refcnt 13 r2q 10 default 0x10 direct_packets_stat 0 direct_qlen 1000
 Sent 24914863 bytes 16830 pkt (dropped 804, overlimits 14175 requeues 0) 
 backlog 11888b 8p requeues 0
qdisc pfifo 20: parent 1:10 limit 12p
 Sent 24914863 bytes 16830 pkt (dropped 804, overlimits 0 requeues 0) 
 backlog 11888b 8p requeues 0
======================================================================
Timestamp: 2026-04-07 02:38:32
qdisc htb 1: root refcnt 13 r2q 10 default 0x10 direct_packets_stat 0 direct_qlen 1000
 Sent 25693690 bytes 17355 pkt (dropped 833, overlimits 14693 requeues 0) 
 backlog 0b 0p requeues 0
qdisc pfifo 20: parent 1:10 limit 12p
 Sent 25693690 bytes 17355 pkt (dropped 833, overlimits 0 requeues 0) 
 backlog 0b 0p requeues 0
======================================================================
Timestamp: 2026-04-07 02:38:33
qdisc htb 1: root refcnt 13 r2q 10 default 0x10 direct_packets_stat 0 direct_qlen 1000
 Sent 26476617 bytes 17874 pkt (dropped 860, overlimits 15185 requeues 0) 
 backlog 16462b 11p requeues 0
qdisc pfifo 20: parent 1:10 limit 12p
 Sent 26476617 bytes 17874 pkt (dropped 860, overlimits 0 requeues 0) 
 backlog 16462b 11p requeues 0
======================================================================
Timestamp: 2026-04-07 02:38:34
qdisc htb 1: root refcnt 13 r2q 10 default 0x10 direct_packets_stat 0 direct_qlen 1000
 Sent 27285691 bytes 18420 pkt (dropped 886, overlimits 15726 requeues 0) 
 backlog 0b 0p requeues 0
qdisc pfifo 20: parent 1:10 limit 12p
 Sent 27285691 bytes 18420 pkt (dropped 886, overlimits 0 requeues 0) 
 backlog 0b 0p requeues 0
======================================================================
Timestamp: 2026-04-07 02:38:35
qdisc htb 1: root refcnt 13 r2q 10 default 0x10 direct_packets_stat 0 direct_qlen 1000
 Sent 27977498 bytes 18879 pkt (dropped 928, overlimits 16148 requeues 0) 
 backlog 11856b 8p requeues 0
qdisc pfifo 20: parent 1:10 limit 12p
 Sent 27977498 bytes 18879 pkt (dropped 928, overlimits 0 requeues 0) 
 backlog 11856b 8p requeues 0
======================================================================
Timestamp: 2026-04-07 02:38:36
qdisc htb 1: root refcnt 13 r2q 10 default 0x10 direct_packets_stat 0 direct_qlen 1000
 Sent 28765998 bytes 19411 pkt (dropped 964, overlimits 16673 requeues 0) 
 backlog 0b 0p requeues 0
qdisc pfifo 20: parent 1:10 limit 12p
 Sent 28765998 bytes 19411 pkt (dropped 964, overlimits 0 requeues 0) 
 backlog 0b 0p requeues 0
======================================================================
Timestamp: 2026-04-07 02:38:37
qdisc htb 1: root refcnt 13 r2q 10 default 0x10 direct_packets_stat 0 direct_qlen 1000
 Sent 29520839 bytes 19911 pkt (dropped 1002, overlimits 17149 requeues 0) 
 backlog 19330b 12p requeues 0
qdisc pfifo 20: parent 1:10 limit 12p
 Sent 29520839 bytes 19911 pkt (dropped 1002, overlimits 0 requeues 0) 
 backlog 19330b 12p requeues 0
======================================================================
Timestamp: 2026-04-07 02:38:38
qdisc htb 1: root refcnt 13 r2q 10 default 0x10 direct_packets_stat 0 direct_qlen 1000
 Sent 30399005 bytes 20502 pkt (dropped 1034, overlimits 17738 requeues 0) 
 backlog 14820b 10p requeues 0
qdisc pfifo 20: parent 1:10 limit 12p
 Sent 30399005 bytes 20502 pkt (dropped 1034, overlimits 0 requeues 0) 
 backlog 14820b 10p requeues 0
======================================================================
Timestamp: 2026-04-07 02:38:39
qdisc htb 1: root refcnt 13 r2q 10 default 0x10 direct_packets_stat 0 direct_qlen 1000
 Sent 31025762 bytes 20923 pkt (dropped 1047, overlimits 18124 requeues 0) 
 backlog 19426b 12p requeues 0
qdisc pfifo 20: parent 1:10 limit 12p
 Sent 31025762 bytes 20923 pkt (dropped 1047, overlimits 0 requeues 0) 
 backlog 19426b 12p requeues 0
======================================================================
Timestamp: 2026-04-07 02:38:40
qdisc htb 1: root refcnt 13 r2q 10 default 0x10 direct_packets_stat 0 direct_qlen 1000
 Sent 31904332 bytes 21516 pkt (dropped 1092, overlimits 18715 requeues 0) 
 backlog 10374b 7p requeues 0
qdisc pfifo 20: parent 1:10 limit 12p
 Sent 31904332 bytes 21516 pkt (dropped 1092, overlimits 0 requeues 0) 
 backlog 10374b 7p requeues 0
======================================================================
Timestamp: 2026-04-07 02:38:41
qdisc htb 1: root refcnt 13 r2q 10 default 0x10 direct_packets_stat 0 direct_qlen 1000
 Sent 32589570 bytes 21979 pkt (dropped 1100, overlimits 19155 requeues 0) 
 backlog 3028b 2p requeues 0
qdisc pfifo 20: parent 1:10 limit 12p
 Sent 32589570 bytes 21979 pkt (dropped 1100, overlimits 0 requeues 0) 
 backlog 3028b 2p requeues 0
======================================================================
Timestamp: 2026-04-07 02:38:42
qdisc htb 1: root refcnt 13 r2q 10 default 0x10 direct_packets_stat 0 direct_qlen 1000
 Sent 33468216 bytes 22570 pkt (dropped 1132, overlimits 19744 requeues 0) 
 backlog 17848b 12p requeues 0
qdisc pfifo 20: parent 1:10 limit 12p
 Sent 33468216 bytes 22570 pkt (dropped 1132, overlimits 0 requeues 0) 
 backlog 17848b 12p requeues 0
======================================================================
Timestamp: 2026-04-07 02:38:43
qdisc htb 1: root refcnt 13 r2q 10 default 0x10 direct_packets_stat 0 direct_qlen 1000
 Sent 34215472 bytes 23073 pkt (dropped 1145, overlimits 20217 requeues 0) 
 backlog 8956b 4p requeues 0
qdisc pfifo 20: parent 1:10 limit 12p
 Sent 34215472 bytes 23073 pkt (dropped 1145, overlimits 0 requeues 0) 
 backlog 8956b 4p requeues 0
======================================================================
Timestamp: 2026-04-07 02:38:44
qdisc htb 1: root refcnt 13 r2q 10 default 0x10 direct_packets_stat 0 direct_qlen 1000
 Sent 35093670 bytes 23664 pkt (dropped 1192, overlimits 20806 requeues 0) 
 backlog 10438b 7p requeues 0
qdisc pfifo 20: parent 1:10 limit 12p
 Sent 35093670 bytes 23664 pkt (dropped 1192, overlimits 0 requeues 0) 
 backlog 10438b 7p requeues 0
======================================================================
Timestamp: 2026-04-07 02:38:45
qdisc htb 1: root refcnt 13 r2q 10 default 0x10 direct_packets_stat 0 direct_qlen 1000
 Sent 35811724 bytes 24147 pkt (dropped 1206, overlimits 21270 requeues 0) 
 backlog 1514b 1p requeues 0
qdisc pfifo 20: parent 1:10 limit 12p
 Sent 35811724 bytes 24147 pkt (dropped 1206, overlimits 0 requeues 0) 
 backlog 1514b 1p requeues 0
======================================================================
Timestamp: 2026-04-07 02:38:46
qdisc htb 1: root refcnt 13 r2q 10 default 0x10 direct_packets_stat 0 direct_qlen 1000
 Sent 36682758 bytes 24732 pkt (dropped 1241, overlimits 21846 requeues 0) 
 backlog 13370b 9p requeues 0
qdisc pfifo 20: parent 1:10 limit 12p
 Sent 36682758 bytes 24732 pkt (dropped 1241, overlimits 0 requeues 0) 
 backlog 13370b 9p requeues 0
======================================================================
Timestamp: 2026-04-07 02:38:47
qdisc htb 1: root refcnt 13 r2q 10 default 0x10 direct_packets_stat 0 direct_qlen 1000
 Sent 37353797 bytes 25180 pkt (dropped 1251, overlimits 22263 requeues 0) 
 backlog 4542b 3p requeues 0
qdisc pfifo 20: parent 1:10 limit 12p
 Sent 37353797 bytes 25180 pkt (dropped 1251, overlimits 0 requeues 0) 
 backlog 4542b 3p requeues 0
======================================================================
Timestamp: 2026-04-07 02:38:48
qdisc htb 1: root refcnt 13 r2q 10 default 0x10 direct_packets_stat 0 direct_qlen 1000
 Sent 38231592 bytes 25771 pkt (dropped 1307, overlimits 22850 requeues 0) 
 backlog 11856b 8p requeues 0
qdisc pfifo 20: parent 1:10 limit 12p
 Sent 38231592 bytes 25771 pkt (dropped 1307, overlimits 0 requeues 0) 
 backlog 11856b 8p requeues 0
======================================================================
Timestamp: 2026-04-07 02:38:49
qdisc htb 1: root refcnt 13 r2q 10 default 0x10 direct_packets_stat 0 direct_qlen 1000
 Sent 38922095 bytes 26238 pkt (dropped 1328, overlimits 23302 requeues 0) 
 backlog 0b 0p requeues 0
qdisc pfifo 20: parent 1:10 limit 12p
 Sent 38922095 bytes 26238 pkt (dropped 1328, overlimits 0 requeues 0) 
 backlog 0b 0p requeues 0
======================================================================
Timestamp: 2026-04-07 02:38:50
qdisc htb 1: root refcnt 13 r2q 10 default 0x10 direct_packets_stat 0 direct_qlen 1000
 Sent 39733482 bytes 26783 pkt (dropped 1366, overlimits 23829 requeues 0) 
 backlog 11888b 8p requeues 0
qdisc pfifo 20: parent 1:10 limit 12p
 Sent 39733482 bytes 26783 pkt (dropped 1366, overlimits 0 requeues 0) 
 backlog 11888b 8p requeues 0
======================================================================
Timestamp: 2026-04-07 02:38:51
qdisc htb 1: root refcnt 13 r2q 10 default 0x10 direct_packets_stat 0 direct_qlen 1000
 Sent 40523396 bytes 27315 pkt (dropped 1376, overlimits 24350 requeues 0) 
 backlog 0b 0p requeues 0
qdisc pfifo 20: parent 1:10 limit 12p
 Sent 40523396 bytes 27315 pkt (dropped 1376, overlimits 0 requeues 0) 
 backlog 0b 0p requeues 0
======================================================================
Timestamp: 2026-04-07 02:38:52
qdisc htb 1: root refcnt 13 r2q 10 default 0x10 direct_packets_stat 0 direct_qlen 1000
 Sent 41368931 bytes 27881 pkt (dropped 1414, overlimits 24893 requeues 0) 
 backlog 13402b 9p requeues 0
qdisc pfifo 20: parent 1:10 limit 12p
 Sent 41368931 bytes 27881 pkt (dropped 1414, overlimits 0 requeues 0) 
 backlog 13402b 9p requeues 0
======================================================================
Timestamp: 2026-04-07 02:38:53
qdisc htb 1: root refcnt 13 r2q 10 default 0x10 direct_packets_stat 0 direct_qlen 1000
 Sent 42232608 bytes 28464 pkt (dropped 1434, overlimits 25474 requeues 0) 
 backlog 0b 0p requeues 0
qdisc pfifo 20: parent 1:10 limit 12p
 Sent 42232608 bytes 28464 pkt (dropped 1434, overlimits 0 requeues 0) 
 backlog 0b 0p requeues 0
======================================================================
Timestamp: 2026-04-07 02:38:54
qdisc htb 1: root refcnt 13 r2q 10 default 0x10 direct_packets_stat 0 direct_qlen 1000
 Sent 42991131 bytes 28972 pkt (dropped 1467, overlimits 25949 requeues 0) 
 backlog 13402b 9p requeues 0
qdisc pfifo 20: parent 1:10 limit 12p
 Sent 42991131 bytes 28972 pkt (dropped 1467, overlimits 0 requeues 0) 
 backlog 13402b 9p requeues 0
======================================================================
Timestamp: 2026-04-07 02:38:55
qdisc htb 1: root refcnt 13 r2q 10 default 0x10 direct_packets_stat 0 direct_qlen 1000
 Sent 43868561 bytes 29563 pkt (dropped 1490, overlimits 26540 requeues 0) 
 backlog 10374b 7p requeues 0
qdisc pfifo 20: parent 1:10 limit 12p
 Sent 43868561 bytes 29563 pkt (dropped 1490, overlimits 0 requeues 0) 
 backlog 10374b 7p requeues 0
======================================================================
Timestamp: 2026-04-07 02:38:56
qdisc htb 1: root refcnt 13 r2q 10 default 0x10 direct_packets_stat 0 direct_qlen 1000
 Sent 44585095 bytes 30047 pkt (dropped 1521, overlimits 27005 requeues 0) 
 backlog 10374b 7p requeues 0
qdisc pfifo 20: parent 1:10 limit 12p
 Sent 44585095 bytes 30047 pkt (dropped 1521, overlimits 0 requeues 0) 
 backlog 10374b 7p requeues 0
======================================================================
Timestamp: 2026-04-07 02:38:57
qdisc htb 1: root refcnt 13 r2q 10 default 0x10 direct_packets_stat 0 direct_qlen 1000
 Sent 45291119 bytes 30523 pkt (dropped 1537, overlimits 27457 requeues 0) 
 backlog 1514b 1p requeues 0
qdisc pfifo 20: parent 1:10 limit 12p
 Sent 45291119 bytes 30523 pkt (dropped 1537, overlimits 0 requeues 0) 
 backlog 1514b 1p requeues 0
======================================================================
Timestamp: 2026-04-07 02:38:58
qdisc htb 1: root refcnt 13 r2q 10 default 0x10 direct_packets_stat 0 direct_qlen 1000
 Sent 46146172 bytes 31095 pkt (dropped 1587, overlimits 28011 requeues 0) 
 backlog 10438b 7p requeues 0
qdisc pfifo 20: parent 1:10 limit 12p
 Sent 46146172 bytes 31095 pkt (dropped 1587, overlimits 0 requeues 0) 
 backlog 10438b 7p requeues 0
======================================================================
Timestamp: 2026-04-07 02:38:59
qdisc htb 1: root refcnt 13 r2q 10 default 0x10 direct_packets_stat 0 direct_qlen 1000
 Sent 46987822 bytes 31660 pkt (dropped 1599, overlimits 28551 requeues 0) 
 backlog 4510b 3p requeues 0
qdisc pfifo 20: parent 1:10 limit 12p
 Sent 46987822 bytes 31660 pkt (dropped 1599, overlimits 0 requeues 0) 
 backlog 4510b 3p requeues 0
======================================================================
Timestamp: 2026-04-07 02:39:00
qdisc htb 1: root refcnt 13 r2q 10 default 0x10 direct_packets_stat 0 direct_qlen 1000
 Sent 47817217 bytes 32217 pkt (dropped 1632, overlimits 29074 requeues 0) 
 backlog 17816b 12p requeues 0
qdisc pfifo 20: parent 1:10 limit 12p
 Sent 47817217 bytes 32217 pkt (dropped 1632, overlimits 0 requeues 0) 
 backlog 17816b 12p requeues 0
======================================================================
Timestamp: 2026-04-07 02:39:01
qdisc htb 1: root refcnt 13 r2q 10 default 0x10 direct_packets_stat 0 direct_qlen 1000
 Sent 48696023 bytes 32808 pkt (dropped 1652, overlimits 29665 requeues 0) 
 backlog 11888b 8p requeues 0
qdisc pfifo 20: parent 1:10 limit 12p
 Sent 48696023 bytes 32808 pkt (dropped 1652, overlimits 0 requeues 0) 
 backlog 11888b 8p requeues 0
======================================================================
Timestamp: 2026-04-07 02:39:02
qdisc htb 1: root refcnt 13 r2q 10 default 0x10 direct_packets_stat 0 direct_qlen 1000
 Sent 49474923 bytes 33333 pkt (dropped 1688, overlimits 30162 requeues 0) 
 backlog 14884b 10p requeues 0
qdisc pfifo 20: parent 1:10 limit 12p
 Sent 49474923 bytes 33333 pkt (dropped 1688, overlimits 0 requeues 0) 
 backlog 14884b 10p requeues 0
======================================================================
Timestamp: 2026-04-07 02:39:03
qdisc htb 1: root refcnt 13 r2q 10 default 0x10 direct_packets_stat 0 direct_qlen 1000
 Sent 50145900 bytes 33784 pkt (dropped 1700, overlimits 30581 requeues 0) 
 backlog 1514b 1p requeues 0
qdisc pfifo 20: parent 1:10 limit 12p
 Sent 50145900 bytes 33784 pkt (dropped 1700, overlimits 0 requeues 0) 
 backlog 1514b 1p requeues 0
======================================================================
Timestamp: 2026-04-07 02:39:04
qdisc htb 1: root refcnt 13 r2q 10 default 0x10 direct_packets_stat 0 direct_qlen 1000
 Sent 51024863 bytes 34370 pkt (dropped 1738, overlimits 31163 requeues 0) 
 backlog 16Kb 11p requeues 0
qdisc pfifo 20: parent 1:10 limit 12p
 Sent 51024863 bytes 34370 pkt (dropped 1738, overlimits 0 requeues 0) 
 backlog 16Kb 11p requeues 0
======================================================================
Timestamp: 2026-04-07 02:39:05
qdisc htb 1: root refcnt 13 r2q 10 default 0x10 direct_packets_stat 0 direct_qlen 1000
 Sent 51842349 bytes 34921 pkt (dropped 1751, overlimits 31698 requeues 0) 
 backlog 0b 0p requeues 0
qdisc pfifo 20: parent 1:10 limit 12p
 Sent 51842349 bytes 34921 pkt (dropped 1751, overlimits 0 requeues 0) 
 backlog 0b 0p requeues 0
======================================================================
Timestamp: 2026-04-07 02:39:06
qdisc htb 1: root refcnt 13 r2q 10 default 0x10 direct_packets_stat 0 direct_qlen 1000
 Sent 52705229 bytes 35497 pkt (dropped 1786, overlimits 32262 requeues 0) 
 backlog 16Kb 11p requeues 0
qdisc pfifo 20: parent 1:10 limit 12p
 Sent 52705229 bytes 35497 pkt (dropped 1786, overlimits 0 requeues 0) 
 backlog 16Kb 11p requeues 0
======================================================================
Timestamp: 2026-04-07 02:39:07
qdisc htb 1: root refcnt 13 r2q 10 default 0x10 direct_packets_stat 0 direct_qlen 1000
 Sent 53582265 bytes 36087 pkt (dropped 1820, overlimits 32852 requeues 0) 
 backlog 17848b 12p requeues 0
qdisc pfifo 20: parent 1:10 limit 12p
 Sent 53582265 bytes 36087 pkt (dropped 1820, overlimits 0 requeues 0) 
 backlog 17848b 12p requeues 0
======================================================================
Timestamp: 2026-04-07 02:39:08
qdisc htb 1: root refcnt 13 r2q 10 default 0x10 direct_packets_stat 0 direct_qlen 1000
 Sent 54342414 bytes 36599 pkt (dropped 1855, overlimits 33322 requeues 0) 
 backlog 11888b 8p requeues 0
qdisc pfifo 20: parent 1:10 limit 12p
 Sent 54342414 bytes 36599 pkt (dropped 1855, overlimits 0 requeues 0) 
 backlog 11888b 8p requeues 0
======================================================================
Timestamp: 2026-04-07 02:39:09
qdisc htb 1: root refcnt 13 r2q 10 default 0x10 direct_packets_stat 0 direct_qlen 1000
 Sent 55216934 bytes 37187 pkt (dropped 1886, overlimits 33910 requeues 0) 
 backlog 0b 0p requeues 0
qdisc pfifo 20: parent 1:10 limit 12p
 Sent 55216934 bytes 37187 pkt (dropped 1886, overlimits 0 requeues 0) 
 backlog 0b 0p requeues 0
======================================================================
Timestamp: 2026-04-07 02:39:10
qdisc htb 1: root refcnt 13 r2q 10 default 0x10 direct_packets_stat 0 direct_qlen 1000
 Sent 55988942 bytes 37706 pkt (dropped 1896, overlimits 34393 requeues 0) 
 backlog 11920b 8p requeues 0
qdisc pfifo 20: parent 1:10 limit 12p
 Sent 55988942 bytes 37706 pkt (dropped 1896, overlimits 0 requeues 0) 
 backlog 11920b 8p requeues 0
======================================================================
Timestamp: 2026-04-07 02:39:11
qdisc htb 1: root refcnt 13 r2q 10 default 0x10 direct_packets_stat 0 direct_qlen 1000
 Sent 56866916 bytes 38297 pkt (dropped 1925, overlimits 34984 requeues 0) 
 backlog 5340b 4p requeues 0
qdisc pfifo 20: parent 1:10 limit 12p
 Sent 56866916 bytes 38297 pkt (dropped 1925, overlimits 0 requeues 0) 
 backlog 5340b 4p requeues 0
======================================================================
Timestamp: 2026-04-07 02:39:12
qdisc htb 1: root refcnt 13 r2q 10 default 0x10 direct_packets_stat 0 direct_qlen 1000
 Sent 57474708 bytes 38705 pkt (dropped 1944, overlimits 35344 requeues 0) 
 backlog 16430b 11p requeues 0
qdisc pfifo 20: parent 1:10 limit 12p
 Sent 57474708 bytes 38705 pkt (dropped 1944, overlimits 0 requeues 0) 
 backlog 16430b 11p requeues 0
======================================================================
Timestamp: 2026-04-07 02:39:13
qdisc htb 1: root refcnt 13 r2q 10 default 0x10 direct_packets_stat 0 direct_qlen 1000
 Sent 58352480 bytes 39295 pkt (dropped 1991, overlimits 35934 requeues 0) 
 backlog 13402b 9p requeues 0
qdisc pfifo 20: parent 1:10 limit 12p
 Sent 58352480 bytes 39295 pkt (dropped 1991, overlimits 0 requeues 0) 
 backlog 13402b 9p requeues 0
======================================================================
Timestamp: 2026-04-07 02:39:14
qdisc htb 1: root refcnt 13 r2q 10 default 0x10 direct_packets_stat 0 direct_qlen 1000
 Sent 59035848 bytes 39753 pkt (dropped 1993, overlimits 36361 requeues 0) 
 backlog 17912b 12p requeues 0
qdisc pfifo 20: parent 1:10 limit 12p
 Sent 59035848 bytes 39753 pkt (dropped 1993, overlimits 0 requeues 0) 
 backlog 17912b 12p requeues 0
======================================================================
Timestamp: 2026-04-07 02:39:15
qdisc htb 1: root refcnt 13 r2q 10 default 0x10 direct_packets_stat 0 direct_qlen 1000
 Sent 59913268 bytes 40343 pkt (dropped 2048, overlimits 36950 requeues 0) 
 backlog 10438b 7p requeues 0
qdisc pfifo 20: parent 1:10 limit 12p
 Sent 59913268 bytes 40343 pkt (dropped 2048, overlimits 0 requeues 0) 
 backlog 10438b 7p requeues 0
======================================================================
Timestamp: 2026-04-07 02:39:16
qdisc htb 1: root refcnt 13 r2q 10 default 0x10 direct_packets_stat 0 direct_qlen 1000
 Sent 60606412 bytes 40809 pkt (dropped 2051, overlimits 37377 requeues 0) 
 backlog 6056b 4p requeues 0
qdisc pfifo 20: parent 1:10 limit 12p
 Sent 60606412 bytes 40809 pkt (dropped 2051, overlimits 0 requeues 0) 
 backlog 6056b 4p requeues 0
======================================================================
Timestamp: 2026-04-07 02:39:17
qdisc htb 1: root refcnt 13 r2q 10 default 0x10 direct_packets_stat 0 direct_qlen 1000
 Sent 61356107 bytes 41311 pkt (dropped 2100, overlimits 37846 requeues 0) 
 backlog 3028b 2p requeues 0
qdisc pfifo 20: parent 1:10 limit 12p
 Sent 61356107 bytes 41311 pkt (dropped 2100, overlimits 0 requeues 0) 
 backlog 3028b 2p requeues 0
======================================================================
Timestamp: 2026-04-07 02:39:18
qdisc htb 1: root refcnt 13 r2q 10 default 0x10 direct_packets_stat 0 direct_qlen 1000
 Sent 62232754 bytes 41894 pkt (dropped 2100, overlimits 38428 requeues 0) 
 backlog 7570b 5p requeues 0
qdisc pfifo 20: parent 1:10 limit 12p
 Sent 62232754 bytes 41894 pkt (dropped 2100, overlimits 0 requeues 0) 
 backlog 7570b 5p requeues 0
======================================================================
Timestamp: 2026-04-07 02:39:19
qdisc htb 1: root refcnt 13 r2q 10 default 0x10 direct_packets_stat 0 direct_qlen 1000
 Sent 63111735 bytes 42484 pkt (dropped 2154, overlimits 39015 requeues 0) 
 backlog 8924b 6p requeues 0
qdisc pfifo 20: parent 1:10 limit 12p
 Sent 63111735 bytes 42484 pkt (dropped 2154, overlimits 0 requeues 0) 
 backlog 8924b 6p requeues 0
======================================================================
Timestamp: 2026-04-07 02:39:20
qdisc htb 1: root refcnt 13 r2q 10 default 0x10 direct_packets_stat 0 direct_qlen 1000
 Sent 63897733 bytes 43011 pkt (dropped 2157, overlimits 39512 requeues 0) 
 backlog 7570b 5p requeues 0
qdisc pfifo 20: parent 1:10 limit 12p
 Sent 63897733 bytes 43011 pkt (dropped 2157, overlimits 0 requeues 0) 
 backlog 7570b 5p requeues 0
======================================================================
Timestamp: 2026-04-07 02:39:21
qdisc htb 1: root refcnt 13 r2q 10 default 0x10 direct_packets_stat 0 direct_qlen 1000
 Sent 64775080 bytes 43599 pkt (dropped 2207, overlimits 40096 requeues 0) 
 backlog 13402b 9p requeues 0
qdisc pfifo 20: parent 1:10 limit 12p
 Sent 64775080 bytes 43599 pkt (dropped 2207, overlimits 0 requeues 0) 
 backlog 13402b 9p requeues 0
======================================================================
Timestamp: 2026-04-07 02:39:22
qdisc htb 1: root refcnt 13 r2q 10 default 0x10 direct_packets_stat 0 direct_qlen 1000
 Sent 65577853 bytes 44137 pkt (dropped 2222, overlimits 40593 requeues 0) 
 backlog 1514b 1p requeues 0
qdisc pfifo 20: parent 1:10 limit 12p
 Sent 65577853 bytes 44137 pkt (dropped 2222, overlimits 0 requeues 0) 
 backlog 1514b 1p requeues 0
======================================================================
Timestamp: 2026-04-07 02:39:23
qdisc htb 1: root refcnt 13 r2q 10 default 0x10 direct_packets_stat 0 direct_qlen 1000
 Sent 66455324 bytes 44726 pkt (dropped 2260, overlimits 41178 requeues 0) 
 backlog 14820b 10p requeues 0
qdisc pfifo 20: parent 1:10 limit 12p
 Sent 66455324 bytes 44726 pkt (dropped 2260, overlimits 0 requeues 0) 
 backlog 14820b 10p requeues 0
======================================================================
Timestamp: 2026-04-07 02:39:24
qdisc htb 1: root refcnt 13 r2q 10 default 0x10 direct_packets_stat 0 direct_qlen 1000
 Sent 67288759 bytes 45289 pkt (dropped 2280, overlimits 41730 requeues 0) 
 backlog 10406b 7p requeues 0
qdisc pfifo 20: parent 1:10 limit 12p
 Sent 67288759 bytes 45289 pkt (dropped 2280, overlimits 0 requeues 0) 
 backlog 10406b 7p requeues 0
======================================================================
Timestamp: 2026-04-07 02:39:25
qdisc htb 1: root refcnt 13 r2q 10 default 0x10 direct_packets_stat 0 direct_qlen 1000
 Sent 68166637 bytes 45880 pkt (dropped 2302, overlimits 42321 requeues 0) 
 backlog 13402b 9p requeues 0
qdisc pfifo 20: parent 1:10 limit 12p
 Sent 68166637 bytes 45880 pkt (dropped 2302, overlimits 0 requeues 0) 
 backlog 13402b 9p requeues 0
======================================================================
Timestamp: 2026-04-07 02:39:26
qdisc htb 1: root refcnt 13 r2q 10 default 0x10 direct_packets_stat 0 direct_qlen 1000
 Sent 68994702 bytes 46438 pkt (dropped 2314, overlimits 42873 requeues 0) 
 backlog 11920b 8p requeues 0
qdisc pfifo 20: parent 1:10 limit 12p
 Sent 68994702 bytes 46438 pkt (dropped 2314, overlimits 0 requeues 0) 
 backlog 11920b 8p requeues 0
======================================================================
Timestamp: 2026-04-07 02:39:27
qdisc htb 1: root refcnt 13 r2q 10 default 0x10 direct_packets_stat 0 direct_qlen 1000
 Sent 69669746 bytes 46892 pkt (dropped 2322, overlimits 43299 requeues 0) 
 backlog 4542b 3p requeues 0
qdisc pfifo 20: parent 1:10 limit 12p
 Sent 69669746 bytes 46892 pkt (dropped 2322, overlimits 0 requeues 0) 
 backlog 4542b 3p requeues 0
======================================================================
Timestamp: 2026-04-07 02:39:28
qdisc htb 1: root refcnt 13 r2q 10 default 0x10 direct_packets_stat 0 direct_qlen 1000
 Sent 70547297 bytes 47480 pkt (dropped 2386, overlimits 43883 requeues 0) 
 backlog 14884b 10p requeues 0
qdisc pfifo 20: parent 1:10 limit 12p
 Sent 70547297 bytes 47480 pkt (dropped 2386, overlimits 0 requeues 0) 
 backlog 14884b 10p requeues 0
======================================================================
Timestamp: 2026-04-07 02:39:29
qdisc htb 1: root refcnt 13 r2q 10 default 0x10 direct_packets_stat 0 direct_qlen 1000
 Sent 71296160 bytes 47982 pkt (dropped 2391, overlimits 44354 requeues 0) 
 backlog 0b 0p requeues 0
qdisc pfifo 20: parent 1:10 limit 12p
 Sent 71296160 bytes 47982 pkt (dropped 2391, overlimits 0 requeues 0) 
 backlog 0b 0p requeues 0
======================================================================
Timestamp: 2026-04-07 02:39:30
qdisc htb 1: root refcnt 13 r2q 10 default 0x10 direct_packets_stat 0 direct_qlen 1000
 Sent 72175070 bytes 48570 pkt (dropped 2439, overlimits 44939 requeues 0) 
 backlog 8924b 6p requeues 0
qdisc pfifo 20: parent 1:10 limit 12p
 Sent 72175070 bytes 48570 pkt (dropped 2439, overlimits 0 requeues 0) 
 backlog 8924b 6p requeues 0
======================================================================
Timestamp: 2026-04-07 02:39:31
qdisc htb 1: root refcnt 13 r2q 10 default 0x10 direct_packets_stat 0 direct_qlen 1000
 Sent 72814955 bytes 48997 pkt (dropped 2441, overlimits 45336 requeues 0) 
 backlog 7570b 5p requeues 0
qdisc pfifo 20: parent 1:10 limit 12p
 Sent 72814955 bytes 48997 pkt (dropped 2441, overlimits 0 requeues 0) 
 backlog 7570b 5p requeues 0
======================================================================
Timestamp: 2026-04-07 02:39:32
qdisc htb 1: root refcnt 13 r2q 10 default 0x10 direct_packets_stat 0 direct_qlen 1000
 Sent 73692413 bytes 49585 pkt (dropped 2506, overlimits 45920 requeues 0) 
 backlog 16366b 11p requeues 0
qdisc pfifo 20: parent 1:10 limit 12p
 Sent 73692413 bytes 49585 pkt (dropped 2506, overlimits 0 requeues 0) 
 backlog 16366b 11p requeues 0
======================================================================
Timestamp: 2026-04-07 02:39:33
qdisc htb 1: root refcnt 13 r2q 10 default 0x10 direct_packets_stat 0 direct_qlen 1000
 Sent 74526908 bytes 50149 pkt (dropped 2527, overlimits 46481 requeues 0) 
 backlog 0b 0p requeues 0
qdisc pfifo 20: parent 1:10 limit 12p
 Sent 74526908 bytes 50149 pkt (dropped 2527, overlimits 0 requeues 0) 
 backlog 0b 0p requeues 0
======================================================================
Timestamp: 2026-04-07 02:39:34
qdisc htb 1: root refcnt 13 r2q 10 default 0x10 direct_packets_stat 0 direct_qlen 1000
 Sent 75264262 bytes 50644 pkt (dropped 2561, overlimits 46943 requeues 0) 
 backlog 14820b 10p requeues 0
qdisc pfifo 20: parent 1:10 limit 12p
 Sent 75264262 bytes 50644 pkt (dropped 2561, overlimits 0 requeues 0) 
 backlog 14820b 10p requeues 0
======================================================================
Timestamp: 2026-04-07 02:39:36
qdisc htb 1: root refcnt 13 r2q 10 default 0x10 direct_packets_stat 0 direct_qlen 1000
 Sent 75971058 bytes 51120 pkt (dropped 2576, overlimits 47402 requeues 0) 
 backlog 1514b 1p requeues 0
qdisc pfifo 20: parent 1:10 limit 12p
 Sent 75971058 bytes 51120 pkt (dropped 2576, overlimits 0 requeues 0) 
 backlog 1514b 1p requeues 0
======================================================================
Timestamp: 2026-04-07 02:39:37
qdisc htb 1: root refcnt 13 r2q 10 default 0x10 direct_packets_stat 0 direct_qlen 1000
 Sent 76799204 bytes 51674 pkt (dropped 2631, overlimits 47930 requeues 0) 
 backlog 16366b 11p requeues 0
qdisc pfifo 20: parent 1:10 limit 12p
 Sent 76799204 bytes 51674 pkt (dropped 2631, overlimits 0 requeues 0) 
 backlog 16366b 11p requeues 0
======================================================================
Timestamp: 2026-04-07 02:39:38
qdisc htb 1: root refcnt 13 r2q 10 default 0x10 direct_packets_stat 0 direct_qlen 1000
 Sent 77544558 bytes 52171 pkt (dropped 2637, overlimits 48404 requeues 0) 
 backlog 7570b 5p requeues 0
qdisc pfifo 20: parent 1:10 limit 12p
 Sent 77544558 bytes 52171 pkt (dropped 2637, overlimits 0 requeues 0) 
 backlog 7570b 5p requeues 0
======================================================================
Timestamp: 2026-04-07 02:39:39
qdisc htb 1: root refcnt 13 r2q 10 default 0x10 direct_packets_stat 0 direct_qlen 1000
 Sent 78422470 bytes 52757 pkt (dropped 2687, overlimits 48985 requeues 0) 
 backlog 17784b 12p requeues 0
qdisc pfifo 20: parent 1:10 limit 12p
 Sent 78422470 bytes 52757 pkt (dropped 2687, overlimits 0 requeues 0) 
 backlog 17784b 12p requeues 0
======================================================================
Timestamp: 2026-04-07 02:39:40
qdisc htb 1: root refcnt 13 r2q 10 default 0x10 direct_packets_stat 0 direct_qlen 1000
 Sent 79060242 bytes 53186 pkt (dropped 2701, overlimits 49381 requeues 0) 
 backlog 1514b 1p requeues 0
qdisc pfifo 20: parent 1:10 limit 12p
 Sent 79060242 bytes 53186 pkt (dropped 2701, overlimits 0 requeues 0) 
 backlog 1514b 1p requeues 0
======================================================================
Timestamp: 2026-04-07 02:39:41
qdisc htb 1: root refcnt 13 r2q 10 default 0x10 direct_packets_stat 0 direct_qlen 1000
 Sent 79935606 bytes 53770 pkt (dropped 2740, overlimits 49961 requeues 0) 
 backlog 17880b 12p requeues 0
qdisc pfifo 20: parent 1:10 limit 12p
 Sent 79935606 bytes 53770 pkt (dropped 2740, overlimits 0 requeues 0) 
 backlog 17880b 12p requeues 0
======================================================================
Timestamp: 2026-04-07 02:39:42
qdisc htb 1: root refcnt 13 r2q 10 default 0x10 direct_packets_stat 0 direct_qlen 1000
 Sent 80814316 bytes 54361 pkt (dropped 2783, overlimits 50551 requeues 0) 
 backlog 8892b 6p requeues 0
qdisc pfifo 20: parent 1:10 limit 12p
 Sent 80814316 bytes 54361 pkt (dropped 2783, overlimits 0 requeues 0) 
 backlog 8892b 6p requeues 0
======================================================================
Timestamp: 2026-04-07 02:39:43
qdisc htb 1: root refcnt 13 r2q 10 default 0x10 direct_packets_stat 0 direct_qlen 1000
 Sent 81563831 bytes 54864 pkt (dropped 2819, overlimits 51019 requeues 0) 
 backlog 16302b 11p requeues 0
qdisc pfifo 20: parent 1:10 limit 12p
 Sent 81563831 bytes 54864 pkt (dropped 2819, overlimits 0 requeues 0) 
 backlog 16302b 11p requeues 0
======================================================================
Timestamp: 2026-04-07 02:39:44
qdisc htb 1: root refcnt 13 r2q 10 default 0x10 direct_packets_stat 0 direct_qlen 1000
 Sent 82442477 bytes 55455 pkt (dropped 2855, overlimits 51610 requeues 0) 
 backlog 10374b 7p requeues 0
qdisc pfifo 20: parent 1:10 limit 12p
 Sent 82442477 bytes 55455 pkt (dropped 2855, overlimits 0 requeues 0) 
 backlog 10374b 7p requeues 0
======================================================================
Timestamp: 2026-04-07 02:39:45
qdisc htb 1: root refcnt 13 r2q 10 default 0x10 direct_packets_stat 0 direct_qlen 1000
 Sent 83201984 bytes 55967 pkt (dropped 2882, overlimits 52093 requeues 0) 
 backlog 7410b 5p requeues 0
qdisc pfifo 20: parent 1:10 limit 12p
 Sent 83201984 bytes 55967 pkt (dropped 2882, overlimits 0 requeues 0) 
 backlog 7410b 5p requeues 0
======================================================================
Timestamp: 2026-04-07 02:39:46
qdisc htb 1: root refcnt 13 r2q 10 default 0x10 direct_packets_stat 0 direct_qlen 1000
 Sent 83991328 bytes 56499 pkt (dropped 2895, overlimits 52599 requeues 0) 
 backlog 8892b 6p requeues 0
qdisc pfifo 20: parent 1:10 limit 12p
 Sent 83991328 bytes 56499 pkt (dropped 2895, overlimits 0 requeues 0) 
 backlog 8892b 6p requeues 0
======================================================================
Timestamp: 2026-04-07 02:39:47
qdisc htb 1: root refcnt 13 r2q 10 default 0x10 direct_packets_stat 0 direct_qlen 1000
 Sent 84739323 bytes 57001 pkt (dropped 2927, overlimits 53059 requeues 0) 
 backlog 16366b 11p requeues 0
qdisc pfifo 20: parent 1:10 limit 12p
 Sent 84739323 bytes 57001 pkt (dropped 2927, overlimits 0 requeues 0) 
 backlog 16366b 11p requeues 0
======================================================================
Timestamp: 2026-04-07 02:39:48
qdisc htb 1: root refcnt 13 r2q 10 default 0x10 direct_packets_stat 0 direct_qlen 1000
 Sent 85516577 bytes 57522 pkt (dropped 2948, overlimits 53549 requeues 0) 
 backlog 7570b 5p requeues 0
qdisc pfifo 20: parent 1:10 limit 12p
 Sent 85516577 bytes 57522 pkt (dropped 2948, overlimits 0 requeues 0) 
 backlog 7570b 5p requeues 0
======================================================================
Timestamp: 2026-04-07 02:39:49
qdisc htb 1: root refcnt 13 r2q 10 default 0x10 direct_packets_stat 0 direct_qlen 1000
 Sent 86394877 bytes 58107 pkt (dropped 2964, overlimits 54130 requeues 0) 
 backlog 16Kb 11p requeues 0
qdisc pfifo 20: parent 1:10 limit 12p
 Sent 86394877 bytes 58107 pkt (dropped 2964, overlimits 0 requeues 0) 
 backlog 16Kb 11p requeues 0
======================================================================
Timestamp: 2026-04-07 02:39:50
qdisc htb 1: root refcnt 13 r2q 10 default 0x10 direct_packets_stat 0 direct_qlen 1000
 Sent 87273459 bytes 58698 pkt (dropped 2999, overlimits 54721 requeues 0) 
 backlog 16302b 11p requeues 0
qdisc pfifo 20: parent 1:10 limit 12p
 Sent 87273459 bytes 58698 pkt (dropped 2999, overlimits 0 requeues 0) 
 backlog 16302b 11p requeues 0
======================================================================
Timestamp: 2026-04-07 02:39:51
qdisc htb 1: root refcnt 13 r2q 10 default 0x10 direct_packets_stat 0 direct_qlen 1000
 Sent 87974548 bytes 59169 pkt (dropped 3013, overlimits 55164 requeues 0) 
 backlog 16430b 11p requeues 0
qdisc pfifo 20: parent 1:10 limit 12p
 Sent 87974548 bytes 59169 pkt (dropped 3013, overlimits 0 requeues 0) 
 backlog 16430b 11p requeues 0
======================================================================
Timestamp: 2026-04-07 02:39:52
qdisc htb 1: root refcnt 13 r2q 10 default 0x10 direct_packets_stat 0 direct_qlen 1000
 Sent 88851318 bytes 59758 pkt (dropped 3084, overlimits 55751 requeues 0) 
 backlog 14884b 10p requeues 0
qdisc pfifo 20: parent 1:10 limit 12p
 Sent 88851318 bytes 59758 pkt (dropped 3084, overlimits 0 requeues 0) 
 backlog 14884b 10p requeues 0
======================================================================
Timestamp: 2026-04-07 02:39:53
qdisc htb 1: root refcnt 13 r2q 10 default 0x10 direct_packets_stat 0 direct_qlen 1000
 Sent 89536687 bytes 60222 pkt (dropped 3095, overlimits 56185 requeues 0) 
 backlog 1514b 1p requeues 0
qdisc pfifo 20: parent 1:10 limit 12p
 Sent 89536687 bytes 60222 pkt (dropped 3095, overlimits 0 requeues 0) 
 backlog 1514b 1p requeues 0
======================================================================
Timestamp: 2026-04-07 02:39:54
qdisc htb 1: root refcnt 13 r2q 10 default 0x10 direct_packets_stat 0 direct_qlen 1000
 Sent 90259382 bytes 60708 pkt (dropped 3136, overlimits 56648 requeues 0) 
 backlog 3028b 2p requeues 0
qdisc pfifo 20: parent 1:10 limit 12p
 Sent 90259382 bytes 60708 pkt (dropped 3136, overlimits 0 requeues 0) 
 backlog 3028b 2p requeues 0
======================================================================
Timestamp: 2026-04-07 02:39:55
qdisc htb 1: root refcnt 13 r2q 10 default 0x10 direct_packets_stat 0 direct_qlen 1000
 Sent 91132720 bytes 61290 pkt (dropped 3136, overlimits 57221 requeues 0) 
 backlog 8750b 5p requeues 0
qdisc pfifo 20: parent 1:10 limit 12p
 Sent 91132720 bytes 61290 pkt (dropped 3136, overlimits 0 requeues 0) 
 backlog 8750b 5p requeues 0
======================================================================
Timestamp: 2026-04-07 02:39:56
qdisc htb 1: root refcnt 13 r2q 10 default 0x10 direct_packets_stat 0 direct_qlen 1000
 Sent 91931033 bytes 61828 pkt (dropped 3191, overlimits 57741 requeues 0) 
 backlog 0b 0p requeues 0
qdisc pfifo 20: parent 1:10 limit 12p
 Sent 91931033 bytes 61828 pkt (dropped 3191, overlimits 0 requeues 0) 
 backlog 0b 0p requeues 0
======================================================================
Timestamp: 2026-04-07 02:39:57
qdisc htb 1: root refcnt 13 r2q 10 default 0x10 direct_packets_stat 0 direct_qlen 1000
 Sent 92772619 bytes 62393 pkt (dropped 3209, overlimits 58286 requeues 0) 
 backlog 8924b 6p requeues 0
qdisc pfifo 20: parent 1:10 limit 12p
 Sent 92772619 bytes 62393 pkt (dropped 3209, overlimits 0 requeues 0) 
 backlog 8924b 6p requeues 0
======================================================================
Timestamp: 2026-04-07 02:39:58
qdisc htb 1: root refcnt 13 r2q 10 default 0x10 direct_packets_stat 0 direct_qlen 1000
 Sent 93627699 bytes 62970 pkt (dropped 3223, overlimits 58858 requeues 0) 
 backlog 13338b 9p requeues 0
qdisc pfifo 20: parent 1:10 limit 12p
 Sent 93627699 bytes 62970 pkt (dropped 3223, overlimits 0 requeues 0) 
 backlog 13338b 9p requeues 0
======================================================================
Timestamp: 2026-04-07 02:39:59
qdisc htb 1: root refcnt 13 r2q 10 default 0x10 direct_packets_stat 0 direct_qlen 1000
 Sent 94505449 bytes 63561 pkt (dropped 3249, overlimits 59448 requeues 0) 
 backlog 14852b 10p requeues 0
qdisc pfifo 20: parent 1:10 limit 12p
 Sent 94505449 bytes 63561 pkt (dropped 3249, overlimits 0 requeues 0) 
 backlog 14852b 10p requeues 0
======================================================================
Timestamp: 2026-04-07 02:40:00
qdisc htb 1: root refcnt 13 r2q 10 default 0x10 direct_packets_stat 0 direct_qlen 1000
 Sent 95194422 bytes 64022 pkt (dropped 3286, overlimits 59874 requeues 0) 
 backlog 14852b 10p requeues 0
qdisc pfifo 20: parent 1:10 limit 12p
 Sent 95194422 bytes 64022 pkt (dropped 3286, overlimits 0 requeues 0) 
 backlog 14852b 10p requeues 0
======================================================================
Timestamp: 2026-04-07 02:40:01
qdisc htb 1: root refcnt 13 r2q 10 default 0x10 direct_packets_stat 0 direct_qlen 1000
 Sent 96072396 bytes 64613 pkt (dropped 3310, overlimits 60465 requeues 0) 
 backlog 17784b 12p requeues 0
qdisc pfifo 20: parent 1:10 limit 12p
 Sent 96072396 bytes 64613 pkt (dropped 3310, overlimits 0 requeues 0) 
 backlog 17784b 12p requeues 0
======================================================================
Timestamp: 2026-04-07 02:40:02
qdisc htb 1: root refcnt 13 r2q 10 default 0x10 direct_packets_stat 0 direct_qlen 1000
 Sent 96867079 bytes 65145 pkt (dropped 3347, overlimits 60972 requeues 0) 
 backlog 11920b 8p requeues 0
qdisc pfifo 20: parent 1:10 limit 12p
 Sent 96867079 bytes 65145 pkt (dropped 3347, overlimits 0 requeues 0) 
 backlog 11920b 8p requeues 0
======================================================================
Timestamp: 2026-04-07 02:40:03
qdisc htb 1: root refcnt 13 r2q 10 default 0x10 direct_packets_stat 0 direct_qlen 1000
 Sent 97650538 bytes 65667 pkt (dropped 3358, overlimits 61474 requeues 0) 
 backlog 6056b 4p requeues 0
qdisc pfifo 20: parent 1:10 limit 12p
 Sent 97650538 bytes 65667 pkt (dropped 3358, overlimits 0 requeues 0) 
 backlog 6056b 4p requeues 0
======================================================================
Timestamp: 2026-04-07 02:40:04
qdisc htb 1: root refcnt 13 r2q 10 default 0x10 direct_packets_stat 0 direct_qlen 1000
 Sent 98529688 bytes 66249 pkt (dropped 3374, overlimits 62048 requeues 0) 
 backlog 13458b 9p requeues 0
qdisc pfifo 20: parent 1:10 limit 12p
 Sent 98529688 bytes 66249 pkt (dropped 3374, overlimits 0 requeues 0) 
 backlog 13458b 9p requeues 0
======================================================================
Timestamp: 2026-04-07 02:40:05
qdisc htb 1: root refcnt 13 r2q 10 default 0x10 direct_packets_stat 0 direct_qlen 1000
 Sent 99345288 bytes 66794 pkt (dropped 3403, overlimits 62568 requeues 0) 
 backlog 4542b 3p requeues 0
qdisc pfifo 20: parent 1:10 limit 12p
 Sent 99345288 bytes 66794 pkt (dropped 3403, overlimits 0 requeues 0) 
 backlog 4542b 3p requeues 0
======================================================================
Timestamp: 2026-04-07 02:40:06
qdisc htb 1: root refcnt 13 r2q 10 default 0x10 direct_packets_stat 0 direct_qlen 1000
 Sent 100222540 bytes 67375 pkt (dropped 3427, overlimits 63146 requeues 0) 
 backlog 13402b 9p requeues 0
qdisc pfifo 20: parent 1:10 limit 12p
 Sent 100222540 bytes 67375 pkt (dropped 3427, overlimits 0 requeues 0) 
 backlog 13402b 9p requeues 0
======================================================================
Timestamp: 2026-04-07 02:40:07
qdisc htb 1: root refcnt 13 r2q 10 default 0x10 direct_packets_stat 0 direct_qlen 1000
 Sent 101099874 bytes 67966 pkt (dropped 3465, overlimits 63737 requeues 0) 
 backlog 10374b 7p requeues 0
qdisc pfifo 20: parent 1:10 limit 12p
 Sent 101099874 bytes 67966 pkt (dropped 3465, overlimits 0 requeues 0) 
 backlog 10374b 7p requeues 0
======================================================================
Timestamp: 2026-04-07 02:40:08
qdisc htb 1: root refcnt 13 r2q 10 default 0x10 direct_packets_stat 0 direct_qlen 1000
 Sent 101885166 bytes 68489 pkt (dropped 3468, overlimits 64228 requeues 0) 
 backlog 19394b 12p requeues 0
qdisc pfifo 20: parent 1:10 limit 12p
 Sent 101885166 bytes 68489 pkt (dropped 3468, overlimits 0 requeues 0) 
 backlog 19394b 12p requeues 0
======================================================================
Timestamp: 2026-04-07 02:40:09
qdisc htb 1: root refcnt 13 r2q 10 default 0x10 direct_packets_stat 0 direct_qlen 1000
 Sent 102763354 bytes 69079 pkt (dropped 3530, overlimits 64815 requeues 0) 
 backlog 14852b 10p requeues 0
qdisc pfifo 20: parent 1:10 limit 12p
 Sent 102763354 bytes 69079 pkt (dropped 3530, overlimits 0 requeues 0) 
 backlog 14852b 10p requeues 0
======================================================================
Timestamp: 2026-04-07 02:40:10
qdisc htb 1: root refcnt 13 r2q 10 default 0x10 direct_packets_stat 0 direct_qlen 1000
 Sent 103534477 bytes 69598 pkt (dropped 3540, overlimits 65312 requeues 0) 
 backlog 0b 0p requeues 0
qdisc pfifo 20: parent 1:10 limit 12p
 Sent 103534477 bytes 69598 pkt (dropped 3540, overlimits 0 requeues 0) 
 backlog 0b 0p requeues 0
======================================================================
Timestamp: 2026-04-07 02:40:11
qdisc htb 1: root refcnt 13 r2q 10 default 0x10 direct_packets_stat 0 direct_qlen 1000
 Sent 104396997 bytes 70177 pkt (dropped 3575, overlimits 65879 requeues 0) 
 backlog 11856b 8p requeues 0
qdisc pfifo 20: parent 1:10 limit 12p
 Sent 104396997 bytes 70177 pkt (dropped 3575, overlimits 0 requeues 0) 
 backlog 11856b 8p requeues 0
======================================================================
Timestamp: 2026-04-07 02:40:12
qdisc htb 1: root refcnt 13 r2q 10 default 0x10 direct_packets_stat 0 direct_qlen 1000
 Sent 105229289 bytes 70738 pkt (dropped 3594, overlimits 66433 requeues 0) 
 backlog 804b 1p requeues 0
qdisc pfifo 20: parent 1:10 limit 12p
 Sent 105229289 bytes 70738 pkt (dropped 3594, overlimits 0 requeues 0) 
 backlog 804b 1p requeues 0
======================================================================
Timestamp: 2026-04-07 02:40:13
qdisc htb 1: root refcnt 13 r2q 10 default 0x10 direct_packets_stat 0 direct_qlen 1000
 Sent 106029043 bytes 71276 pkt (dropped 3627, overlimits 66957 requeues 0) 
 backlog 17848b 12p requeues 0
qdisc pfifo 20: parent 1:10 limit 12p
 Sent 106029043 bytes 71276 pkt (dropped 3627, overlimits 0 requeues 0) 
 backlog 17848b 12p requeues 0
======================================================================
Timestamp: 2026-04-07 02:40:14
qdisc htb 1: root refcnt 13 r2q 10 default 0x10 direct_packets_stat 0 direct_qlen 1000
 Sent 106708110 bytes 71730 pkt (dropped 3633, overlimits 67376 requeues 0) 
 backlog 6056b 4p requeues 0
qdisc pfifo 20: parent 1:10 limit 12p
 Sent 106708110 bytes 71730 pkt (dropped 3633, overlimits 0 requeues 0) 
 backlog 6056b 4p requeues 0
======================================================================
Timestamp: 2026-04-07 02:40:15
qdisc htb 1: root refcnt 13 r2q 10 default 0x10 direct_packets_stat 0 direct_qlen 1000
 Sent 107582373 bytes 72315 pkt (dropped 3684, overlimits 67941 requeues 0) 
 backlog 13402b 9p requeues 0
qdisc pfifo 20: parent 1:10 limit 12p
 Sent 107582373 bytes 72315 pkt (dropped 3684, overlimits 0 requeues 0) 
 backlog 13402b 9p requeues 0
======================================================================
Timestamp: 2026-04-07 02:40:16
qdisc htb 1: root refcnt 13 r2q 10 default 0x10 direct_packets_stat 0 direct_qlen 1000
 Sent 108460241 bytes 72905 pkt (dropped 3703, overlimits 68530 requeues 0) 
 backlog 13402b 9p requeues 0
qdisc pfifo 20: parent 1:10 limit 12p
 Sent 108460241 bytes 72905 pkt (dropped 3703, overlimits 0 requeues 0) 
 backlog 13402b 9p requeues 0
======================================================================
Timestamp: 2026-04-07 02:40:17
qdisc htb 1: root refcnt 13 r2q 10 default 0x10 direct_packets_stat 0 direct_qlen 1000
 Sent 109277734 bytes 73456 pkt (dropped 3729, overlimits 69067 requeues 0) 
 backlog 13402b 9p requeues 0
qdisc pfifo 20: parent 1:10 limit 12p
 Sent 109277734 bytes 73456 pkt (dropped 3729, overlimits 0 requeues 0) 
 backlog 13402b 9p requeues 0
======================================================================
Timestamp: 2026-04-07 02:40:18
qdisc htb 1: root refcnt 13 r2q 10 default 0x10 direct_packets_stat 0 direct_qlen 1000
 Sent 109805845 bytes 73814 pkt (dropped 3744, overlimits 69399 requeues 0) 
 backlog 0b 0p requeues 0
qdisc pfifo 20: parent 1:10 limit 12p
 Sent 109805845 bytes 73814 pkt (dropped 3744, overlimits 0 requeues 0) 
 backlog 0b 0p requeues 0
======================================================================
Timestamp: 2026-04-07 02:40:19
qdisc htb 1: root refcnt 13 r2q 10 default 0x10 direct_packets_stat 0 direct_qlen 1000
 Sent 110299835 bytes 74151 pkt (dropped 3744, overlimits 69728 requeues 0) 
 backlog 0b 0p requeues 0
qdisc pfifo 20: parent 1:10 limit 12p
 Sent 110299835 bytes 74151 pkt (dropped 3744, overlimits 0 requeues 0) 
 backlog 0b 0p requeues 0
======================================================================
Timestamp: 2026-04-07 02:40:20
qdisc htb 1: root refcnt 13 r2q 10 default 0x10 direct_packets_stat 0 direct_qlen 1000
 Sent 110300639 bytes 74152 pkt (dropped 3744, overlimits 69728 requeues 0) 
 backlog 0b 0p requeues 0
qdisc pfifo 20: parent 1:10 limit 12p
 Sent 110300639 bytes 74152 pkt (dropped 3744, overlimits 0 requeues 0) 
 backlog 0b 0p requeues 0
======================================================================
Timestamp: 2026-04-07 02:40:21
qdisc htb 1: root refcnt 13 r2q 10 default 0x10 direct_packets_stat 0 direct_qlen 1000
 Sent 110800055 bytes 74491 pkt (dropped 3744, overlimits 70060 requeues 0) 
 backlog 7410b 5p requeues 0
qdisc pfifo 20: parent 1:10 limit 12p
 Sent 110800055 bytes 74491 pkt (dropped 3744, overlimits 0 requeues 0) 
 backlog 7410b 5p requeues 0
======================================================================
Timestamp: 2026-04-07 02:40:22
qdisc htb 1: root refcnt 13 r2q 10 default 0x10 direct_packets_stat 0 direct_qlen 1000
 Sent 111337725 bytes 74855 pkt (dropped 3744, overlimits 70423 requeues 0) 
 backlog 0b 0p requeues 0
qdisc pfifo 20: parent 1:10 limit 12p
 Sent 111337725 bytes 74855 pkt (dropped 3744, overlimits 0 requeues 0) 
 backlog 0b 0p requeues 0
======================================================================
Timestamp: 2026-04-07 02:40:23
qdisc htb 1: root refcnt 13 r2q 10 default 0x10 direct_packets_stat 0 direct_qlen 1000
 Sent 111793527 bytes 75166 pkt (dropped 3744, overlimits 70726 requeues 0) 
 backlog 7410b 5p requeues 0
qdisc pfifo 20: parent 1:10 limit 12p
 Sent 111793527 bytes 75166 pkt (dropped 3744, overlimits 0 requeues 0) 
 backlog 7410b 5p requeues 0
======================================================================
Timestamp: 2026-04-07 02:40:24
qdisc htb 1: root refcnt 13 r2q 10 default 0x10 direct_packets_stat 0 direct_qlen 1000
 Sent 111914563 bytes 75250 pkt (dropped 3744, overlimits 70806 requeues 0) 
 backlog 0b 0p requeues 0
qdisc pfifo 20: parent 1:10 limit 12p
 Sent 111914563 bytes 75250 pkt (dropped 3744, overlimits 0 requeues 0) 
 backlog 0b 0p requeues 0
======================================================================
Timestamp: 2026-04-07 02:40:25
qdisc htb 1: root refcnt 13 r2q 10 default 0x10 direct_packets_stat 0 direct_qlen 1000
 Sent 112303633 bytes 75515 pkt (dropped 3744, overlimits 71063 requeues 0) 
 backlog 11856b 8p requeues 0
qdisc pfifo 20: parent 1:10 limit 12p
 Sent 112303633 bytes 75515 pkt (dropped 3744, overlimits 0 requeues 0) 
 backlog 11856b 8p requeues 0
======================================================================
Timestamp: 2026-04-07 02:40:26
qdisc htb 1: root refcnt 13 r2q 10 default 0x10 direct_packets_stat 0 direct_qlen 1000
 Sent 112773086 bytes 75833 pkt (dropped 3744, overlimits 71379 requeues 0) 
 backlog 0b 0p requeues 0
qdisc pfifo 20: parent 1:10 limit 12p
 Sent 112773086 bytes 75833 pkt (dropped 3744, overlimits 0 requeues 0) 
 backlog 0b 0p requeues 0
======================================================================
Timestamp: 2026-04-07 02:40:27
qdisc htb 1: root refcnt 13 r2q 10 default 0x10 direct_packets_stat 0 direct_qlen 1000
 Sent 113114054 bytes 76066 pkt (dropped 3744, overlimits 71601 requeues 0) 
 backlog 5928b 4p requeues 0
qdisc pfifo 20: parent 1:10 limit 12p
 Sent 113114054 bytes 76066 pkt (dropped 3744, overlimits 0 requeues 0) 
 backlog 5928b 4p requeues 0
======================================================================
Timestamp: 2026-04-07 02:40:28
qdisc htb 1: root refcnt 13 r2q 10 default 0x10 direct_packets_stat 0 direct_qlen 1000
 Sent 113224793 bytes 76153 pkt (dropped 3744, overlimits 71674 requeues 0) 
 backlog 0b 0p requeues 0
qdisc pfifo 20: parent 1:10 limit 12p
 Sent 113224793 bytes 76153 pkt (dropped 3744, overlimits 0 requeues 0) 
 backlog 0b 0p requeues 0
======================================================================
Timestamp: 2026-04-07 02:40:29
qdisc htb 1: root refcnt 13 r2q 10 default 0x10 direct_packets_stat 0 direct_qlen 1000
 Sent 113534639 bytes 76365 pkt (dropped 3744, overlimits 71877 requeues 0) 
 backlog 7410b 5p requeues 0
qdisc pfifo 20: parent 1:10 limit 12p
 Sent 113534639 bytes 76365 pkt (dropped 3744, overlimits 0 requeues 0) 
 backlog 7410b 5p requeues 0
======================================================================
Timestamp: 2026-04-07 02:40:30
qdisc htb 1: root refcnt 13 r2q 10 default 0x10 direct_packets_stat 0 direct_qlen 1000
 Sent 113858558 bytes 76585 pkt (dropped 3744, overlimits 72095 requeues 0) 
 backlog 0b 0p requeues 0
qdisc pfifo 20: parent 1:10 limit 12p
 Sent 113858558 bytes 76585 pkt (dropped 3744, overlimits 0 requeues 0) 
 backlog 0b 0p requeues 0
======================================================================
Timestamp: 2026-04-07 02:40:31
qdisc htb 1: root refcnt 13 r2q 10 default 0x10 direct_packets_stat 0 direct_qlen 1000
 Sent 114129194 bytes 76771 pkt (dropped 3744, overlimits 72271 requeues 0) 
 backlog 7410b 5p requeues 0
qdisc pfifo 20: parent 1:10 limit 12p
 Sent 114129194 bytes 76771 pkt (dropped 3744, overlimits 0 requeues 0) 
 backlog 7410b 5p requeues 0
======================================================================
Timestamp: 2026-04-07 02:40:32
qdisc htb 1: root refcnt 13 r2q 10 default 0x10 direct_packets_stat 0 direct_qlen 1000
 Sent 115008020 bytes 77364 pkt (dropped 3745, overlimits 72863 requeues 0) 
 backlog 7410b 5p requeues 0
qdisc pfifo 20: parent 1:10 limit 12p
 Sent 115008020 bytes 77364 pkt (dropped 3745, overlimits 0 requeues 0) 
 backlog 7410b 5p requeues 0
======================================================================
Timestamp: 2026-04-07 02:40:33
qdisc htb 1: root refcnt 13 r2q 10 default 0x10 direct_packets_stat 0 direct_qlen 1000
 Sent 115356795 bytes 77603 pkt (dropped 3745, overlimits 73093 requeues 0) 
 backlog 13338b 9p requeues 0
qdisc pfifo 20: parent 1:10 limit 12p
 Sent 115356795 bytes 77603 pkt (dropped 3745, overlimits 0 requeues 0) 
 backlog 13338b 9p requeues 0
======================================================================
Timestamp: 2026-04-07 02:40:34
qdisc htb 1: root refcnt 13 r2q 10 default 0x10 direct_packets_stat 0 direct_qlen 1000
 Sent 115964171 bytes 78015 pkt (dropped 3745, overlimits 73504 requeues 0) 
 backlog 0b 0p requeues 0
qdisc pfifo 20: parent 1:10 limit 12p
 Sent 115964171 bytes 78015 pkt (dropped 3745, overlimits 0 requeues 0) 
 backlog 0b 0p requeues 0
======================================================================
Timestamp: 2026-04-07 02:40:35
qdisc htb 1: root refcnt 13 r2q 10 default 0x10 direct_packets_stat 0 direct_qlen 1000
 Sent 116120819 bytes 78125 pkt (dropped 3745, overlimits 73602 requeues 0) 
 backlog 13338b 9p requeues 0
qdisc pfifo 20: parent 1:10 limit 12p
 Sent 116120819 bytes 78125 pkt (dropped 3745, overlimits 0 requeues 0) 
 backlog 13338b 9p requeues 0
======================================================================
Timestamp: 2026-04-07 02:40:36
qdisc htb 1: root refcnt 13 r2q 10 default 0x10 direct_packets_stat 0 direct_qlen 1000
 Sent 116458813 bytes 78355 pkt (dropped 3745, overlimits 73830 requeues 0) 
 backlog 0b 0p requeues 0
qdisc pfifo 20: parent 1:10 limit 12p
 Sent 116458813 bytes 78355 pkt (dropped 3745, overlimits 0 requeues 0) 
 backlog 0b 0p requeues 0
======================================================================
Timestamp: 2026-04-07 02:40:37
qdisc htb 1: root refcnt 13 r2q 10 default 0x10 direct_packets_stat 0 direct_qlen 1000
 Sent 116558341 bytes 78426 pkt (dropped 3745, overlimits 73889 requeues 0) 
 backlog 2964b 2p requeues 0
qdisc pfifo 20: parent 1:10 limit 12p
 Sent 116558341 bytes 78426 pkt (dropped 3745, overlimits 0 requeues 0) 
 backlog 2964b 2p requeues 0
======================================================================
Timestamp: 2026-04-07 02:40:38
qdisc htb 1: root refcnt 13 r2q 10 default 0x10 direct_packets_stat 0 direct_qlen 1000
 Sent 117435727 bytes 79019 pkt (dropped 3749, overlimits 74482 requeues 0) 
 backlog 13338b 9p requeues 0
qdisc pfifo 20: parent 1:10 limit 12p
 Sent 117435727 bytes 79019 pkt (dropped 3749, overlimits 0 requeues 0) 
 backlog 13338b 9p requeues 0
======================================================================
Timestamp: 2026-04-07 02:40:39
qdisc htb 1: root refcnt 13 r2q 10 default 0x10 direct_packets_stat 0 direct_qlen 1000
 Sent 117884034 bytes 79325 pkt (dropped 3749, overlimits 74779 requeues 0) 
 backlog 11856b 8p requeues 0
qdisc pfifo 20: parent 1:10 limit 12p
 Sent 117884034 bytes 79325 pkt (dropped 3749, overlimits 0 requeues 0) 
 backlog 11856b 8p requeues 0
======================================================================
Timestamp: 2026-04-07 02:40:40
qdisc htb 1: root refcnt 13 r2q 10 default 0x10 direct_packets_stat 0 direct_qlen 1000
 Sent 118245177 bytes 79571 pkt (dropped 3749, overlimits 75023 requeues 0) 
 backlog 0b 0p requeues 0
qdisc pfifo 20: parent 1:10 limit 12p
 Sent 118245177 bytes 79571 pkt (dropped 3749, overlimits 0 requeues 0) 
 backlog 0b 0p requeues 0
======================================================================
Timestamp: 2026-04-07 02:40:41
qdisc htb 1: root refcnt 13 r2q 10 default 0x10 direct_packets_stat 0 direct_qlen 1000
 Sent 118278819 bytes 79598 pkt (dropped 3749, overlimits 75038 requeues 0) 
 backlog 7410b 5p requeues 0
qdisc pfifo 20: parent 1:10 limit 12p
 Sent 118278819 bytes 79598 pkt (dropped 3749, overlimits 0 requeues 0) 
 backlog 7410b 5p requeues 0
======================================================================
Timestamp: 2026-04-07 02:40:42
qdisc htb 1: root refcnt 13 r2q 10 default 0x10 direct_packets_stat 0 direct_qlen 1000
 Sent 119083546 bytes 80143 pkt (dropped 3749, overlimits 75582 requeues 0) 
 backlog 0b 0p requeues 0
qdisc pfifo 20: parent 1:10 limit 12p
 Sent 119083546 bytes 80143 pkt (dropped 3749, overlimits 0 requeues 0) 
 backlog 0b 0p requeues 0
======================================================================
Timestamp: 2026-04-07 02:40:43
qdisc htb 1: root refcnt 13 r2q 10 default 0x10 direct_packets_stat 0 direct_qlen 1000
 Sent 119962372 bytes 80736 pkt (dropped 3750, overlimits 76173 requeues 0) 
 backlog 10374b 7p requeues 0
qdisc pfifo 20: parent 1:10 limit 12p
 Sent 119962372 bytes 80736 pkt (dropped 3750, overlimits 0 requeues 0) 
 backlog 10374b 7p requeues 0
======================================================================
Timestamp: 2026-04-07 02:40:44
qdisc htb 1: root refcnt 13 r2q 10 default 0x10 direct_packets_stat 0 direct_qlen 1000
 Sent 120813131 bytes 81311 pkt (dropped 3750, overlimits 76744 requeues 0) 
 backlog 7410b 5p requeues 0
qdisc pfifo 20: parent 1:10 limit 12p
 Sent 120813131 bytes 81311 pkt (dropped 3750, overlimits 0 requeues 0) 
 backlog 7410b 5p requeues 0
======================================================================
Timestamp: 2026-04-07 02:40:45
qdisc htb 1: root refcnt 13 r2q 10 default 0x10 direct_packets_stat 0 direct_qlen 1000
 Sent 121596842 bytes 81841 pkt (dropped 3750, overlimits 77272 requeues 0) 
 backlog 0b 0p requeues 0
qdisc pfifo 20: parent 1:10 limit 12p
 Sent 121596842 bytes 81841 pkt (dropped 3750, overlimits 0 requeues 0) 
 backlog 0b 0p requeues 0
======================================================================
Timestamp: 2026-04-07 02:40:46
qdisc htb 1: root refcnt 13 r2q 10 default 0x10 direct_packets_stat 0 direct_qlen 1000
 Sent 122029316 bytes 82133 pkt (dropped 3750, overlimits 77558 requeues 0) 
 backlog 5928b 4p requeues 0
qdisc pfifo 20: parent 1:10 limit 12p
 Sent 122029316 bytes 82133 pkt (dropped 3750, overlimits 0 requeues 0) 
 backlog 5928b 4p requeues 0
======================================================================
Timestamp: 2026-04-07 02:40:47
qdisc htb 1: root refcnt 13 r2q 10 default 0x10 direct_packets_stat 0 direct_qlen 1000
 Sent 122596619 bytes 82517 pkt (dropped 3750, overlimits 77941 requeues 0) 
 backlog 0b 0p requeues 0
qdisc pfifo 20: parent 1:10 limit 12p
 Sent 122596619 bytes 82517 pkt (dropped 3750, overlimits 0 requeues 0) 
 backlog 0b 0p requeues 0
======================================================================
Timestamp: 2026-04-07 02:40:48
qdisc htb 1: root refcnt 13 r2q 10 default 0x10 direct_packets_stat 0 direct_qlen 1000
 Sent 122984633 bytes 82779 pkt (dropped 3750, overlimits 78197 requeues 0) 
 backlog 7410b 5p requeues 0
qdisc pfifo 20: parent 1:10 limit 12p
 Sent 122984633 bytes 82779 pkt (dropped 3750, overlimits 0 requeues 0) 
 backlog 7410b 5p requeues 0
======================================================================
Timestamp: 2026-04-07 02:40:49
qdisc htb 1: root refcnt 13 r2q 10 default 0x10 direct_packets_stat 0 direct_qlen 1000
 Sent 123861977 bytes 83371 pkt (dropped 3750, overlimits 78789 requeues 0) 
 backlog 14820b 10p requeues 0
qdisc pfifo 20: parent 1:10 limit 12p
 Sent 123861977 bytes 83371 pkt (dropped 3750, overlimits 0 requeues 0) 
 backlog 14820b 10p requeues 0
======================================================================
Timestamp: 2026-04-07 02:40:50
qdisc htb 1: root refcnt 13 r2q 10 default 0x10 direct_packets_stat 0 direct_qlen 1000
 Sent 124273024 bytes 83650 pkt (dropped 3750, overlimits 79065 requeues 0) 
 backlog 7410b 5p requeues 0
qdisc pfifo 20: parent 1:10 limit 12p
 Sent 124273024 bytes 83650 pkt (dropped 3750, overlimits 0 requeues 0) 
 backlog 7410b 5p requeues 0
======================================================================
Timestamp: 2026-04-07 02:40:51
qdisc htb 1: root refcnt 13 r2q 10 default 0x10 direct_packets_stat 0 direct_qlen 1000
 Sent 125151850 bytes 84243 pkt (dropped 3750, overlimits 79658 requeues 0) 
 backlog 11456b 8p requeues 0
qdisc pfifo 20: parent 1:10 limit 12p
 Sent 125151850 bytes 84243 pkt (dropped 3750, overlimits 0 requeues 0) 
 backlog 11456b 8p requeues 0
======================================================================
Timestamp: 2026-04-07 02:40:52
qdisc htb 1: root refcnt 13 r2q 10 default 0x10 direct_packets_stat 0 direct_qlen 1000
 Sent 125465465 bytes 84456 pkt (dropped 3750, overlimits 79865 requeues 0) 
 backlog 13338b 9p requeues 0
qdisc pfifo 20: parent 1:10 limit 12p
 Sent 125465465 bytes 84456 pkt (dropped 3750, overlimits 0 requeues 0) 
 backlog 13338b 9p requeues 0
======================================================================
Timestamp: 2026-04-07 02:40:53
qdisc htb 1: root refcnt 13 r2q 10 default 0x10 direct_packets_stat 0 direct_qlen 1000
 Sent 126341036 bytes 85047 pkt (dropped 3750, overlimits 80455 requeues 0) 
 backlog 0b 0p requeues 0
qdisc pfifo 20: parent 1:10 limit 12p
 Sent 126341036 bytes 85047 pkt (dropped 3750, overlimits 0 requeues 0) 
 backlog 0b 0p requeues 0
======================================================================
Timestamp: 2026-04-07 02:40:54
qdisc htb 1: root refcnt 13 r2q 10 default 0x10 direct_packets_stat 0 direct_qlen 1000
 Sent 126623832 bytes 85238 pkt (dropped 3750, overlimits 80642 requeues 0) 
 backlog 5928b 4p requeues 0
qdisc pfifo 20: parent 1:10 limit 12p
 Sent 126623832 bytes 85238 pkt (dropped 3750, overlimits 0 requeues 0) 
 backlog 5928b 4p requeues 0
======================================================================
Timestamp: 2026-04-07 02:40:55
qdisc htb 1: root refcnt 13 r2q 10 default 0x10 direct_packets_stat 0 direct_qlen 1000
 Sent 127501176 bytes 85830 pkt (dropped 3750, overlimits 81233 requeues 0) 
 backlog 13338b 9p requeues 0
qdisc pfifo 20: parent 1:10 limit 12p
 Sent 127501176 bytes 85830 pkt (dropped 3750, overlimits 0 requeues 0) 
 backlog 13338b 9p requeues 0
======================================================================
Timestamp: 2026-04-07 02:40:56
qdisc htb 1: root refcnt 13 r2q 10 default 0x10 direct_packets_stat 0 direct_qlen 1000
 Sent 127891964 bytes 86095 pkt (dropped 3750, overlimits 81490 requeues 0) 
 backlog 5928b 4p requeues 0
qdisc pfifo 20: parent 1:10 limit 12p
 Sent 127891964 bytes 86095 pkt (dropped 3750, overlimits 0 requeues 0) 
 backlog 5928b 4p requeues 0
======================================================================
Timestamp: 2026-04-07 02:40:57
qdisc htb 1: root refcnt 13 r2q 10 default 0x10 direct_packets_stat 0 direct_qlen 1000
 Sent 128769308 bytes 86687 pkt (dropped 3750, overlimits 82080 requeues 0) 
 backlog 5928b 4p requeues 0
qdisc pfifo 20: parent 1:10 limit 12p
 Sent 128769308 bytes 86687 pkt (dropped 3750, overlimits 0 requeues 0) 
 backlog 5928b 4p requeues 0
======================================================================
Timestamp: 2026-04-07 02:40:58
qdisc htb 1: root refcnt 13 r2q 10 default 0x10 direct_packets_stat 0 direct_qlen 1000
 Sent 128984749 bytes 86834 pkt (dropped 3750, overlimits 82223 requeues 0) 
 backlog 5928b 4p requeues 0
qdisc pfifo 20: parent 1:10 limit 12p
 Sent 128984749 bytes 86834 pkt (dropped 3750, overlimits 0 requeues 0) 
 backlog 5928b 4p requeues 0
======================================================================
Timestamp: 2026-04-07 02:40:59
qdisc htb 1: root refcnt 13 r2q 10 default 0x10 direct_packets_stat 0 direct_qlen 1000
 Sent 129862093 bytes 87426 pkt (dropped 3751, overlimits 82815 requeues 0) 
 backlog 5928b 4p requeues 0
qdisc pfifo 20: parent 1:10 limit 12p
 Sent 129862093 bytes 87426 pkt (dropped 3751, overlimits 0 requeues 0) 
 backlog 5928b 4p requeues 0
======================================================================
Timestamp: 2026-04-07 02:41:00
qdisc htb 1: root refcnt 13 r2q 10 default 0x10 direct_packets_stat 0 direct_qlen 1000
 Sent 130007808 bytes 87526 pkt (dropped 3751, overlimits 82908 requeues 0) 
 backlog 5928b 4p requeues 0
qdisc pfifo 20: parent 1:10 limit 12p
 Sent 130007808 bytes 87526 pkt (dropped 3751, overlimits 0 requeues 0) 
 backlog 5928b 4p requeues 0
======================================================================
Timestamp: 2026-04-07 02:41:01
qdisc htb 1: root refcnt 13 r2q 10 default 0x10 direct_packets_stat 0 direct_qlen 1000
 Sent 130885152 bytes 88118 pkt (dropped 3751, overlimits 83499 requeues 0) 
 backlog 7410b 5p requeues 0
qdisc pfifo 20: parent 1:10 limit 12p
 Sent 130885152 bytes 88118 pkt (dropped 3751, overlimits 0 requeues 0) 
 backlog 7410b 5p requeues 0
======================================================================
Timestamp: 2026-04-07 02:41:02
qdisc htb 1: root refcnt 13 r2q 10 default 0x10 direct_packets_stat 0 direct_qlen 1000
 Sent 131264296 bytes 88375 pkt (dropped 3751, overlimits 83751 requeues 0) 
 backlog 5928b 4p requeues 0
qdisc pfifo 20: parent 1:10 limit 12p
 Sent 131264296 bytes 88375 pkt (dropped 3751, overlimits 0 requeues 0) 
 backlog 7410b 5p requeues 0
======================================================================
Timestamp: 2026-04-07 02:41:03
qdisc htb 1: root refcnt 13 r2q 10 default 0x10 direct_packets_stat 0 direct_qlen 1000
 Sent 131789764 bytes 88731 pkt (dropped 3751, overlimits 84106 requeues 0) 
 backlog 0b 0p requeues 0
qdisc pfifo 20: parent 1:10 limit 12p
 Sent 131789764 bytes 88731 pkt (dropped 3751, overlimits 0 requeues 0) 
 backlog 0b 0p requeues 0
======================================================================
Timestamp: 2026-04-07 02:41:04
qdisc htb 1: root refcnt 13 r2q 10 default 0x10 direct_packets_stat 0 direct_qlen 1000
 Sent 131854706 bytes 88775 pkt (dropped 3751, overlimits 84147 requeues 0) 
 backlog 13338b 9p requeues 0
qdisc pfifo 20: parent 1:10 limit 12p
 Sent 131854706 bytes 88775 pkt (dropped 3751, overlimits 0 requeues 0) 
 backlog 13338b 9p requeues 0
======================================================================
Timestamp: 2026-04-07 02:41:05
qdisc htb 1: root refcnt 13 r2q 10 default 0x10 direct_packets_stat 0 direct_qlen 1000
 Sent 132616928 bytes 89291 pkt (dropped 3751, overlimits 84663 requeues 0) 
 backlog 0b 0p requeues 0
qdisc pfifo 20: parent 1:10 limit 12p
 Sent 132616928 bytes 89291 pkt (dropped 3751, overlimits 0 requeues 0) 
 backlog 0b 0p requeues 0
======================================================================
Timestamp: 2026-04-07 02:41:06
qdisc htb 1: root refcnt 13 r2q 10 default 0x10 direct_packets_stat 0 direct_qlen 1000
 Sent 132641856 bytes 89308 pkt (dropped 3751, overlimits 84677 requeues 0) 
 backlog 7410b 5p requeues 0
qdisc pfifo 20: parent 1:10 limit 12p
 Sent 132641856 bytes 89308 pkt (dropped 3751, overlimits 0 requeues 0) 
 backlog 7410b 5p requeues 0
