      Time     KB/s_in    KB/s_out
  12:11:59         0.0         0.0
  12:12:00         0.0         0.2
  12:12:01         0.0         0.0
  12:12:02         0.0         0.0
  12:12:03         0.0         0.0
  12:12:04         0.0         0.1
  12:12:05         0.1         0.1
  12:12:06         0.0         0.1
  12:12:07         0.0         0.0
  12:12:08         0.0         0.2
  12:12:09         0.0         0.0
  12:12:10         0.0         0.0
  12:12:11         0.0         0.0
  12:12:12         0.0         0.0
  12:12:13         0.0         0.0
  12:12:14         0.0         0.0
  12:12:15         0.0         0.0
  12:12:16         0.0         0.0
  12:12:17         0.0         0.0
  12:12:18         0.0         0.0
  12:12:19         0.0         0.1
  12:12:20         0.0         0.1
  12:12:21         0.1         0.1
  12:12:22         0.0         0.0
  12:12:23         0.0         0.0
  12:12:24         0.0         0.2
  12:12:25         0.0         0.1
  12:12:26         0.0         0.0
  12:12:27         0.0         0.0
  12:12:28         0.0         0.0
  12:12:29        11.1       404.4
  12:12:30        15.7       703.5
  12:12:31         9.5       427.0
  12:12:32         9.5       427.1
  12:12:33        10.1       453.7
  12:12:34         9.5       425.4
  12:12:35        10.2       456.5
  12:12:36        11.1       502.2
  12:12:37        11.6       520.0
  12:12:38        17.5       786.1
  12:12:39        11.3       506.9
  12:12:40        17.9       804.0
  12:12:41        11.0       493.6
  12:12:42        18.4       824.7
  12:12:43        10.4       466.9
  12:12:44        18.7       839.1
  12:12:45        10.0       447.7
  12:12:46        19.0       851.0
  12:12:47         9.7       434.4
  12:12:48        18.6       833.5
  12:12:49        10.0       450.8
  12:12:50        16.3       729.9
  12:12:51        10.4       464.1
  12:12:52        17.7       793.6
  12:12:53        14.5       653.4
  12:12:54        19.1       854.0
  12:12:55        14.4       647.2
  12:12:56        19.0       854.4
  12:12:57        14.4       647.3
  12:12:58        19.0       854.2
  12:12:59        14.8       663.6
  12:13:00        19.0       854.2
  12:13:01        14.0       628.0
  12:13:02        19.0       854.1
  12:13:03        16.3       731.5
  12:13:04        19.0       854.2
  12:13:05        15.8       710.8
  12:13:06        19.1       854.2
  12:13:07        15.1       676.8
  12:13:08        19.0       854.3
  12:13:09        14.8       663.5
  12:13:10        19.0       854.1
  12:13:11        14.7       659.0
  12:13:12        19.1       855.3
  12:13:13        14.4       648.5
  12:13:14        14.2       636.7
  12:13:15        17.1       768.3
  12:13:16        18.3       820.1
  12:13:17        16.4       735.9
  12:13:18        18.2       817.0
  12:13:19        15.6       697.6
  12:13:20        17.9       805.5
  12:13:21        16.0       716.7
  12:13:22        17.5       787.6
  12:13:23        16.3       730.1
  12:13:24        17.0       764.1
  12:13:25        16.6       741.9
  12:13:26        17.3       774.2
  12:13:27        16.9       761.2
  12:13:28        16.0       721.0
  12:13:29        17.3       777.3
  12:13:30        18.0       808.2
  12:13:31        17.7       792.1
  12:13:32        16.0       718.3
  12:13:33        18.0       808.2
  12:13:34        16.1       724.1
  12:13:35        18.4       823.1
  12:13:36        15.9       715.0
  12:13:37        18.7       840.8
  12:13:38        16.4       734.4
  12:13:39        18.9       851.0
  12:13:40        15.3       685.6
  12:13:41        19.1       854.2
  12:13:42        14.1       632.5
  12:13:43        19.0       853.9
  12:13:44        15.0       673.8
  12:13:45        19.1       855.2
  12:13:46        14.9       666.4
  12:13:47        19.1       855.5
  12:13:48        14.6       659.0
  12:13:49        19.1       854.2
  12:13:50        14.5       650.3
  12:13:51        19.1       854.2
  12:13:52        14.5       650.2
  12:13:53        19.1       853.9
  12:13:54        14.5       651.5
  12:13:55        19.0       854.1
  12:13:56        14.6       651.6
  12:13:57        19.0       854.2
  12:13:58        14.2       638.5
  12:13:59        19.0       854.3
  12:14:00        14.4       645.9
  12:14:01        19.0       854.4
  12:14:02        17.4       780.2
  12:14:03        19.1       855.6
  12:14:04        16.8       753.6
  12:14:05        19.0       854.2
  12:14:06        14.5       651.6
  12:14:07        19.1       854.2
  12:14:08        14.8       665.1
  12:14:09        18.1       814.3
  12:14:10        15.2       679.7
  12:14:11        18.2       818.6
  12:14:12        15.5       697.5
  12:14:13        17.8       797.8
  12:14:14        15.9       713.7
  12:14:15        17.5       783.2
  12:14:16        16.2       730.0
  12:14:17        17.3       773.0
  12:14:18        16.6       743.2
  12:14:19        16.8       756.4
  12:14:20        17.0       761.1
  12:14:21        16.0       722.6
  12:14:22        17.4       778.8
  12:14:23        18.0       806.8
  12:14:24        17.6       792.0
  12:14:25        17.3       778.8
  12:14:26        18.0       806.9
  12:14:27        15.9       712.3
  12:14:28        18.3       821.6
  12:14:29        16.9       759.6
  12:14:30        18.6       836.4
  12:14:31        14.6       657.7
  12:14:32        19.0       851.3
  12:14:33        14.0       626.7
  12:14:34        19.1       855.5
  12:14:35        14.0       629.3
  12:14:36        19.1       855.5
  12:14:37        13.8       617.4
  12:14:38        19.1       855.4
  12:14:39        14.5       651.7
  12:14:40        19.0       854.3
  12:14:41        14.8       663.6
  12:14:42        19.1       855.6
  12:14:43        14.7       663.3
  12:14:44        19.1       854.1
  12:14:45        13.8       619.2
  12:14:46        19.0       854.1
  12:14:47        14.1       631.1
  12:14:48        19.0       854.1
  12:14:49        13.8       620.6
  12:14:50        19.0       853.9
  12:14:51        14.1       634.0
  12:14:52        19.1       855.5
  12:14:53        14.6       653.1
  12:14:54        19.1       854.1
  12:14:55        14.1       634.0
  12:14:56        14.8       662.0
  12:14:57        15.8       712.2
  12:14:58        18.0       806.7
  12:14:59         7.3       280.1
  12:15:00         0.0         0.0
  12:15:01         0.0         0.0
  12:15:02         0.0         0.0
  12:15:03         0.0         0.0
  12:15:04         0.0         0.0
  12:15:05         0.0         0.0
  12:15:06         0.0         0.0
  12:15:07         0.0         0.0
  12:15:08         0.0         0.0
  12:15:09         0.0         0.0
  12:15:10         0.0         0.0
  12:15:11         0.0         0.0
  12:15:12         0.0         0.0
  12:15:13         0.0         0.0
  12:15:14         0.0         0.0
  12:15:15         0.0         0.0
  12:15:16         0.0         0.0
  12:15:17         0.0         0.0
  12:15:18         0.0         0.0
