Starting TC Qdisc Monitoring for s1-eth2
Timestamp, Qdisc Stats
======================================================================
Timestamp: 2026-04-10 14:24:16
qdisc htb 1: root refcnt 13 r2q 10 default 0x10 direct_packets_stat 0 direct_qlen 1000
 Sent 3299 bytes 29 pkt (dropped 0, overlimits 0 requeues 0) 
 backlog 0b 0p requeues 0
qdisc pfifo 20: parent 1:10 limit 12p
 Sent 3299 bytes 29 pkt (dropped 0, overlimits 0 requeues 0) 
 backlog 0b 0p requeues 0
======================================================================
Timestamp: 2026-04-10 14:24:17
qdisc htb 1: root refcnt 13 r2q 10 default 0x10 direct_packets_stat 0 direct_qlen 1000
 Sent 6636 bytes 36 pkt (dropped 0, overlimits 1 requeues 0) 
 backlog 0b 0p requeues 0
qdisc pfifo 20: parent 1:10 limit 12p
 Sent 6636 bytes 36 pkt (dropped 0, overlimits 0 requeues 0) 
 backlog 0b 0p requeues 0
======================================================================
Timestamp: 2026-04-10 14:24:18
qdisc htb 1: root refcnt 13 r2q 10 default 0x10 direct_packets_stat 0 direct_qlen 1000
 Sent 781130 bytes 551 pkt (dropped 0, overlimits 509 requeues 0) 
 backlog 7570b 5p requeues 0
qdisc pfifo 20: parent 1:10 limit 12p
 Sent 781130 bytes 551 pkt (dropped 0, overlimits 0 requeues 0) 
 backlog 7570b 5p requeues 0
======================================================================
Timestamp: 2026-04-10 14:24:19
qdisc htb 1: root refcnt 13 r2q 10 default 0x10 direct_packets_stat 0 direct_qlen 1000
 Sent 1644599 bytes 1122 pkt (dropped 0, overlimits 1079 requeues 0) 
 backlog 6056b 4p requeues 0
qdisc pfifo 20: parent 1:10 limit 12p
 Sent 1644599 bytes 1122 pkt (dropped 0, overlimits 0 requeues 0) 
 backlog 6056b 4p requeues 0
======================================================================
Timestamp: 2026-04-10 14:24:20
qdisc htb 1: root refcnt 13 r2q 10 default 0x10 direct_packets_stat 0 direct_qlen 1000
 Sent 2525940 bytes 1707 pkt (dropped 0, overlimits 1664 requeues 0) 
 backlog 7570b 5p requeues 0
qdisc pfifo 20: parent 1:10 limit 12p
 Sent 2525940 bytes 1707 pkt (dropped 0, overlimits 0 requeues 0) 
 backlog 7570b 5p requeues 0
======================================================================
Timestamp: 2026-04-10 14:24:21
qdisc htb 1: root refcnt 13 r2q 10 default 0x10 direct_packets_stat 0 direct_qlen 1000
 Sent 3384969 bytes 2275 pkt (dropped 0, overlimits 2231 requeues 0) 
 backlog 6056b 4p requeues 0
qdisc pfifo 20: parent 1:10 limit 12p
 Sent 3384969 bytes 2275 pkt (dropped 0, overlimits 0 requeues 0) 
 backlog 6056b 4p requeues 0
======================================================================
Timestamp: 2026-04-10 14:24:22
qdisc htb 1: root refcnt 13 r2q 10 default 0x10 direct_packets_stat 0 direct_qlen 1000
 Sent 4244625 bytes 2844 pkt (dropped 0, overlimits 2799 requeues 0) 
 backlog 7570b 5p requeues 0
qdisc pfifo 20: parent 1:10 limit 12p
 Sent 4244625 bytes 2844 pkt (dropped 0, overlimits 0 requeues 0) 
 backlog 7570b 5p requeues 0
======================================================================
Timestamp: 2026-04-10 14:24:23
qdisc htb 1: root refcnt 13 r2q 10 default 0x10 direct_packets_stat 0 direct_qlen 1000
 Sent 4831384 bytes 3234 pkt (dropped 0, overlimits 3188 requeues 0) 
 backlog 0b 0p requeues 0
qdisc pfifo 20: parent 1:10 limit 12p
 Sent 4831384 bytes 3234 pkt (dropped 0, overlimits 0 requeues 0) 
 backlog 0b 0p requeues 0
======================================================================
Timestamp: 2026-04-10 14:24:24
qdisc htb 1: root refcnt 13 r2q 10 default 0x10 direct_packets_stat 0 direct_qlen 1000
 Sent 5585095 bytes 3732 pkt (dropped 0, overlimits 3684 requeues 0) 
 backlog 7570b 5p requeues 0
qdisc pfifo 20: parent 1:10 limit 12p
 Sent 5585095 bytes 3732 pkt (dropped 0, overlimits 0 requeues 0) 
 backlog 7570b 5p requeues 0
======================================================================
Timestamp: 2026-04-10 14:24:25
qdisc htb 1: root refcnt 13 r2q 10 default 0x10 direct_packets_stat 0 direct_qlen 1000
 Sent 5679032 bytes 3795 pkt (dropped 0, overlimits 3747 requeues 0) 
 backlog 0b 0p requeues 0
qdisc pfifo 20: parent 1:10 limit 12p
 Sent 5679032 bytes 3795 pkt (dropped 0, overlimits 0 requeues 0) 
 backlog 0b 0p requeues 0
======================================================================
Timestamp: 2026-04-10 14:24:26
qdisc htb 1: root refcnt 13 r2q 10 default 0x10 direct_packets_stat 0 direct_qlen 1000
 Sent 6405598 bytes 4276 pkt (dropped 0, overlimits 4225 requeues 0) 
 backlog 7570b 5p requeues 0
qdisc pfifo 20: parent 1:10 limit 12p
 Sent 6405598 bytes 4276 pkt (dropped 0, overlimits 0 requeues 0) 
 backlog 7570b 5p requeues 0
======================================================================
Timestamp: 2026-04-10 14:24:27
qdisc htb 1: root refcnt 13 r2q 10 default 0x10 direct_packets_stat 0 direct_qlen 1000
 Sent 6834346 bytes 4560 pkt (dropped 0, overlimits 4509 requeues 0) 
 backlog 0b 0p requeues 0
qdisc pfifo 20: parent 1:10 limit 12p
 Sent 6834346 bytes 4560 pkt (dropped 0, overlimits 0 requeues 0) 
 backlog 0b 0p requeues 0
======================================================================
Timestamp: 2026-04-10 14:24:28
qdisc htb 1: root refcnt 13 r2q 10 default 0x10 direct_packets_stat 0 direct_qlen 1000
 Sent 7548693 bytes 5032 pkt (dropped 0, overlimits 4978 requeues 0) 
 backlog 7570b 5p requeues 0
qdisc pfifo 20: parent 1:10 limit 12p
 Sent 7548693 bytes 5032 pkt (dropped 0, overlimits 0 requeues 0) 
 backlog 7570b 5p requeues 0
======================================================================
Timestamp: 2026-04-10 14:24:29
qdisc htb 1: root refcnt 13 r2q 10 default 0x10 direct_packets_stat 0 direct_qlen 1000
 Sent 7643924 bytes 5095 pkt (dropped 0, overlimits 5041 requeues 0) 
 backlog 0b 0p requeues 0
qdisc pfifo 20: parent 1:10 limit 12p
 Sent 7643924 bytes 5095 pkt (dropped 0, overlimits 0 requeues 0) 
 backlog 0b 0p requeues 0
======================================================================
Timestamp: 2026-04-10 14:24:30
qdisc htb 1: root refcnt 13 r2q 10 default 0x10 direct_packets_stat 0 direct_qlen 1000
 Sent 8338589 bytes 5554 pkt (dropped 0, overlimits 5497 requeues 0) 
 backlog 6056b 4p requeues 0
qdisc pfifo 20: parent 1:10 limit 12p
 Sent 8338589 bytes 5554 pkt (dropped 0, overlimits 0 requeues 0) 
 backlog 6056b 4p requeues 0
======================================================================
Timestamp: 2026-04-10 14:24:31
qdisc htb 1: root refcnt 13 r2q 10 default 0x10 direct_packets_stat 0 direct_qlen 1000
 Sent 8896226 bytes 5923 pkt (dropped 0, overlimits 5866 requeues 0) 
 backlog 0b 0p requeues 0
qdisc pfifo 20: parent 1:10 limit 12p
 Sent 8896226 bytes 5923 pkt (dropped 0, overlimits 0 requeues 0) 
 backlog 0b 0p requeues 0
======================================================================
Timestamp: 2026-04-10 14:24:32
qdisc htb 1: root refcnt 13 r2q 10 default 0x10 direct_packets_stat 0 direct_qlen 1000
 Sent 9586349 bytes 6379 pkt (dropped 0, overlimits 6319 requeues 0) 
 backlog 6056b 4p requeues 0
qdisc pfifo 20: parent 1:10 limit 12p
 Sent 9586349 bytes 6379 pkt (dropped 0, overlimits 0 requeues 0) 
 backlog 6056b 4p requeues 0
======================================================================
Timestamp: 2026-04-10 14:24:33
qdisc htb 1: root refcnt 13 r2q 10 default 0x10 direct_packets_stat 0 direct_qlen 1000
 Sent 10200635 bytes 6785 pkt (dropped 0, overlimits 6725 requeues 0) 
 backlog 0b 0p requeues 0
qdisc pfifo 20: parent 1:10 limit 12p
 Sent 10200635 bytes 6785 pkt (dropped 0, overlimits 0 requeues 0) 
 backlog 0b 0p requeues 0
======================================================================
Timestamp: 2026-04-10 14:24:34
qdisc htb 1: root refcnt 13 r2q 10 default 0x10 direct_packets_stat 0 direct_qlen 1000
 Sent 10874104 bytes 7230 pkt (dropped 0, overlimits 7167 requeues 0) 
 backlog 7570b 5p requeues 0
qdisc pfifo 20: parent 1:10 limit 12p
 Sent 10874104 bytes 7230 pkt (dropped 0, overlimits 0 requeues 0) 
 backlog 7570b 5p requeues 0
======================================================================
Timestamp: 2026-04-10 14:24:35
qdisc htb 1: root refcnt 13 r2q 10 default 0x10 direct_packets_stat 0 direct_qlen 1000
 Sent 11410680 bytes 7585 pkt (dropped 0, overlimits 7522 requeues 0) 
 backlog 0b 0p requeues 0
qdisc pfifo 20: parent 1:10 limit 12p
 Sent 11410680 bytes 7585 pkt (dropped 0, overlimits 0 requeues 0) 
 backlog 0b 0p requeues 0
======================================================================
Timestamp: 2026-04-10 14:24:36
qdisc htb 1: root refcnt 13 r2q 10 default 0x10 direct_packets_stat 0 direct_qlen 1000
 Sent 12056897 bytes 8012 pkt (dropped 0, overlimits 7946 requeues 0) 
 backlog 7570b 5p requeues 0
qdisc pfifo 20: parent 1:10 limit 12p
 Sent 12056897 bytes 8012 pkt (dropped 0, overlimits 0 requeues 0) 
 backlog 7570b 5p requeues 0
======================================================================
Timestamp: 2026-04-10 14:24:37
qdisc htb 1: root refcnt 13 r2q 10 default 0x10 direct_packets_stat 0 direct_qlen 1000
 Sent 12744821 bytes 8468 pkt (dropped 0, overlimits 8402 requeues 0) 
 backlog 0b 0p requeues 0
qdisc pfifo 20: parent 1:10 limit 12p
 Sent 12744821 bytes 8468 pkt (dropped 0, overlimits 0 requeues 0) 
 backlog 0b 0p requeues 0
======================================================================
Timestamp: 2026-04-10 14:24:38
qdisc htb 1: root refcnt 13 r2q 10 default 0x10 direct_packets_stat 0 direct_qlen 1000
 Sent 13365370 bytes 8879 pkt (dropped 0, overlimits 8809 requeues 0) 
 backlog 7570b 5p requeues 0
qdisc pfifo 20: parent 1:10 limit 12p
 Sent 13365370 bytes 8879 pkt (dropped 0, overlimits 0 requeues 0) 
 backlog 7570b 5p requeues 0
======================================================================
Timestamp: 2026-04-10 14:24:39
qdisc htb 1: root refcnt 13 r2q 10 default 0x10 direct_packets_stat 0 direct_qlen 1000
 Sent 13919715 bytes 9248 pkt (dropped 0, overlimits 9178 requeues 0) 
 backlog 0b 0p requeues 0
qdisc pfifo 20: parent 1:10 limit 12p
 Sent 13919715 bytes 9248 pkt (dropped 0, overlimits 0 requeues 0) 
 backlog 0b 0p requeues 0
======================================================================
Timestamp: 2026-04-10 14:24:40
qdisc htb 1: root refcnt 13 r2q 10 default 0x10 direct_packets_stat 0 direct_qlen 1000
 Sent 14526568 bytes 9649 pkt (dropped 0, overlimits 9576 requeues 0) 
 backlog 6056b 4p requeues 0
qdisc pfifo 20: parent 1:10 limit 12p
 Sent 14526568 bytes 9649 pkt (dropped 0, overlimits 0 requeues 0) 
 backlog 6056b 4p requeues 0
======================================================================
Timestamp: 2026-04-10 14:24:41
qdisc htb 1: root refcnt 13 r2q 10 default 0x10 direct_packets_stat 0 direct_qlen 1000
 Sent 15211270 bytes 10102 pkt (dropped 0, overlimits 10029 requeues 0) 
 backlog 0b 0p requeues 0
qdisc pfifo 20: parent 1:10 limit 12p
 Sent 15211270 bytes 10102 pkt (dropped 0, overlimits 0 requeues 0) 
 backlog 0b 0p requeues 0
======================================================================
Timestamp: 2026-04-10 14:24:42
qdisc htb 1: root refcnt 13 r2q 10 default 0x10 direct_packets_stat 0 direct_qlen 1000
 Sent 15806118 bytes 10496 pkt (dropped 0, overlimits 10419 requeues 0) 
 backlog 6056b 4p requeues 0
qdisc pfifo 20: parent 1:10 limit 12p
 Sent 15806118 bytes 10496 pkt (dropped 0, overlimits 0 requeues 0) 
 backlog 6056b 4p requeues 0
======================================================================
Timestamp: 2026-04-10 14:24:43
qdisc htb 1: root refcnt 13 r2q 10 default 0x10 direct_packets_stat 0 direct_qlen 1000
 Sent 16431288 bytes 10909 pkt (dropped 0, overlimits 10832 requeues 0) 
 backlog 0b 0p requeues 0
qdisc pfifo 20: parent 1:10 limit 12p
 Sent 16431288 bytes 10909 pkt (dropped 0, overlimits 0 requeues 0) 
 backlog 0b 0p requeues 0
======================================================================
Timestamp: 2026-04-10 14:24:44
qdisc htb 1: root refcnt 13 r2q 10 default 0x10 direct_packets_stat 0 direct_qlen 1000
 Sent 17013917 bytes 11294 pkt (dropped 0, overlimits 11214 requeues 0) 
 backlog 6056b 4p requeues 0
qdisc pfifo 20: parent 1:10 limit 12p
 Sent 17013917 bytes 11294 pkt (dropped 0, overlimits 0 requeues 0) 
 backlog 6056b 4p requeues 0
======================================================================
Timestamp: 2026-04-10 14:24:45
qdisc htb 1: root refcnt 13 r2q 10 default 0x10 direct_packets_stat 0 direct_qlen 1000
 Sent 17706384 bytes 11752 pkt (dropped 0, overlimits 11672 requeues 0) 
 backlog 0b 0p requeues 0
qdisc pfifo 20: parent 1:10 limit 12p
 Sent 17706384 bytes 11752 pkt (dropped 0, overlimits 0 requeues 0) 
 backlog 0b 0p requeues 0
======================================================================
Timestamp: 2026-04-10 14:24:46
qdisc htb 1: root refcnt 13 r2q 10 default 0x10 direct_packets_stat 0 direct_qlen 1000
 Sent 18278836 bytes 12136 pkt (dropped 0, overlimits 12053 requeues 0) 
 backlog 7570b 5p requeues 0
qdisc pfifo 20: parent 1:10 limit 12p
 Sent 18278836 bytes 12136 pkt (dropped 0, overlimits 0 requeues 0) 
 backlog 7570b 5p requeues 0
======================================================================
Timestamp: 2026-04-10 14:24:47
qdisc htb 1: root refcnt 13 r2q 10 default 0x10 direct_packets_stat 0 direct_qlen 1000
 Sent 19147660 bytes 12723 pkt (dropped 60, overlimits 12628 requeues 0) 
 backlog 0b 0p requeues 0
qdisc pfifo 20: parent 1:10 limit 12p
 Sent 19147660 bytes 12723 pkt (dropped 60, overlimits 0 requeues 0) 
 backlog 0b 0p requeues 0
======================================================================
Timestamp: 2026-04-10 14:24:49
qdisc htb 1: root refcnt 13 r2q 10 default 0x10 direct_packets_stat 0 direct_qlen 1000
 Sent 20013407 bytes 13295 pkt (dropped 88, overlimits 13190 requeues 0) 
 backlog 10598b 7p requeues 0
qdisc pfifo 20: parent 1:10 limit 12p
 Sent 20013407 bytes 13295 pkt (dropped 88, overlimits 0 requeues 0) 
 backlog 10598b 7p requeues 0
======================================================================
Timestamp: 2026-04-10 14:24:50
qdisc htb 1: root refcnt 13 r2q 10 default 0x10 direct_packets_stat 0 direct_qlen 1000
 Sent 20899097 bytes 13880 pkt (dropped 103, overlimits 13775 requeues 0) 
 backlog 9084b 6p requeues 0
qdisc pfifo 20: parent 1:10 limit 12p
 Sent 20899097 bytes 13880 pkt (dropped 103, overlimits 0 requeues 0) 
 backlog 9084b 6p requeues 0
======================================================================
Timestamp: 2026-04-10 14:24:51
qdisc htb 1: root refcnt 13 r2q 10 default 0x10 direct_packets_stat 0 direct_qlen 1000
 Sent 21786288 bytes 14466 pkt (dropped 121, overlimits 14361 requeues 0) 
 backlog 13626b 9p requeues 0
qdisc pfifo 20: parent 1:10 limit 12p
 Sent 21786288 bytes 14466 pkt (dropped 121, overlimits 0 requeues 0) 
 backlog 13626b 9p requeues 0
======================================================================
Timestamp: 2026-04-10 14:24:52
qdisc htb 1: root refcnt 13 r2q 10 default 0x10 direct_packets_stat 0 direct_qlen 1000
 Sent 22667436 bytes 15048 pkt (dropped 142, overlimits 14941 requeues 0) 
 backlog 9084b 6p requeues 0
qdisc pfifo 20: parent 1:10 limit 12p
 Sent 22667436 bytes 15048 pkt (dropped 142, overlimits 0 requeues 0) 
 backlog 9084b 6p requeues 0
======================================================================
Timestamp: 2026-04-10 14:24:53
qdisc htb 1: root refcnt 13 r2q 10 default 0x10 direct_packets_stat 0 direct_qlen 1000
 Sent 23548571 bytes 15630 pkt (dropped 161, overlimits 15523 requeues 0) 
 backlog 9084b 6p requeues 0
qdisc pfifo 20: parent 1:10 limit 12p
 Sent 23548571 bytes 15630 pkt (dropped 161, overlimits 0 requeues 0) 
 backlog 9084b 6p requeues 0
======================================================================
Timestamp: 2026-04-10 14:24:54
qdisc htb 1: root refcnt 13 r2q 10 default 0x10 direct_packets_stat 0 direct_qlen 1000
 Sent 24414942 bytes 16203 pkt (dropped 182, overlimits 16093 requeues 0) 
 backlog 3028b 2p requeues 0
qdisc pfifo 20: parent 1:10 limit 12p
 Sent 24414942 bytes 16203 pkt (dropped 182, overlimits 0 requeues 0) 
 backlog 3028b 2p requeues 0
======================================================================
Timestamp: 2026-04-10 14:24:55
qdisc htb 1: root refcnt 13 r2q 10 default 0x10 direct_packets_stat 0 direct_qlen 1000
 Sent 25295524 bytes 16786 pkt (dropped 208, overlimits 16675 requeues 0) 
 backlog 9150b 7p requeues 0
qdisc pfifo 20: parent 1:10 limit 12p
 Sent 25295524 bytes 16786 pkt (dropped 208, overlimits 0 requeues 0) 
 backlog 9150b 7p requeues 0
======================================================================
Timestamp: 2026-04-10 14:24:56
qdisc htb 1: root refcnt 13 r2q 10 default 0x10 direct_packets_stat 0 direct_qlen 1000
 Sent 26181267 bytes 17372 pkt (dropped 232, overlimits 17261 requeues 0) 
 backlog 9084b 6p requeues 0
qdisc pfifo 20: parent 1:10 limit 12p
 Sent 26181267 bytes 17372 pkt (dropped 232, overlimits 0 requeues 0) 
 backlog 9084b 6p requeues 0
======================================================================
Timestamp: 2026-04-10 14:24:57
qdisc htb 1: root refcnt 13 r2q 10 default 0x10 direct_packets_stat 0 direct_qlen 1000
 Sent 27044538 bytes 17945 pkt (dropped 260, overlimits 17823 requeues 0) 
 backlog 12112b 8p requeues 0
qdisc pfifo 20: parent 1:10 limit 12p
 Sent 27044538 bytes 17945 pkt (dropped 260, overlimits 0 requeues 0) 
 backlog 12112b 8p requeues 0
======================================================================
Timestamp: 2026-04-10 14:24:58
qdisc htb 1: root refcnt 13 r2q 10 default 0x10 direct_packets_stat 0 direct_qlen 1000
 Sent 27927327 bytes 18530 pkt (dropped 293, overlimits 18408 requeues 0) 
 backlog 6056b 4p requeues 0
qdisc pfifo 20: parent 1:10 limit 12p
 Sent 27927327 bytes 18530 pkt (dropped 293, overlimits 0 requeues 0) 
 backlog 6056b 4p requeues 0
======================================================================
Timestamp: 2026-04-10 14:24:59
qdisc htb 1: root refcnt 13 r2q 10 default 0x10 direct_packets_stat 0 direct_qlen 1000
 Sent 28808567 bytes 19113 pkt (dropped 333, overlimits 18991 requeues 0) 
 backlog 15140b 10p requeues 0
qdisc pfifo 20: parent 1:10 limit 12p
 Sent 28808567 bytes 19113 pkt (dropped 333, overlimits 0 requeues 0) 
 backlog 15140b 10p requeues 0
======================================================================
Timestamp: 2026-04-10 14:25:00
qdisc htb 1: root refcnt 13 r2q 10 default 0x10 direct_packets_stat 0 direct_qlen 1000
 Sent 29692730 bytes 19697 pkt (dropped 362, overlimits 19575 requeues 0) 
 backlog 9084b 6p requeues 0
qdisc pfifo 20: parent 1:10 limit 12p
 Sent 29692730 bytes 19697 pkt (dropped 362, overlimits 0 requeues 0) 
 backlog 9084b 6p requeues 0
======================================================================
Timestamp: 2026-04-10 14:25:01
qdisc htb 1: root refcnt 13 r2q 10 default 0x10 direct_packets_stat 0 direct_qlen 1000
 Sent 30566867 bytes 20275 pkt (dropped 393, overlimits 20151 requeues 0) 
 backlog 13626b 9p requeues 0
qdisc pfifo 20: parent 1:10 limit 12p
 Sent 30566867 bytes 20275 pkt (dropped 393, overlimits 0 requeues 0) 
 backlog 13626b 9p requeues 0
======================================================================
Timestamp: 2026-04-10 14:25:02
qdisc htb 1: root refcnt 13 r2q 10 default 0x10 direct_packets_stat 0 direct_qlen 1000
 Sent 31450935 bytes 20860 pkt (dropped 425, overlimits 20736 requeues 0) 
 backlog 12112b 8p requeues 0
qdisc pfifo 20: parent 1:10 limit 12p
 Sent 31450935 bytes 20860 pkt (dropped 425, overlimits 0 requeues 0) 
 backlog 12112b 8p requeues 0
======================================================================
Timestamp: 2026-04-10 14:25:03
qdisc htb 1: root refcnt 13 r2q 10 default 0x10 direct_packets_stat 0 direct_qlen 1000
 Sent 32333597 bytes 21443 pkt (dropped 448, overlimits 21317 requeues 0) 
 backlog 9084b 6p requeues 0
qdisc pfifo 20: parent 1:10 limit 12p
 Sent 32333597 bytes 21443 pkt (dropped 448, overlimits 0 requeues 0) 
 backlog 9084b 6p requeues 0
======================================================================
Timestamp: 2026-04-10 14:25:04
qdisc htb 1: root refcnt 13 r2q 10 default 0x10 direct_packets_stat 0 direct_qlen 1000
 Sent 33218130 bytes 22028 pkt (dropped 477, overlimits 21902 requeues 0) 
 backlog 18168b 12p requeues 0
qdisc pfifo 20: parent 1:10 limit 12p
 Sent 33218130 bytes 22028 pkt (dropped 477, overlimits 0 requeues 0) 
 backlog 18168b 12p requeues 0
======================================================================
Timestamp: 2026-04-10 14:25:05
qdisc htb 1: root refcnt 13 r2q 10 default 0x10 direct_packets_stat 0 direct_qlen 1000
 Sent 34100914 bytes 22612 pkt (dropped 507, overlimits 22484 requeues 0) 
 backlog 13626b 9p requeues 0
qdisc pfifo 20: parent 1:10 limit 12p
 Sent 34100914 bytes 22612 pkt (dropped 507, overlimits 0 requeues 0) 
 backlog 13626b 9p requeues 0
======================================================================
Timestamp: 2026-04-10 14:25:06
qdisc htb 1: root refcnt 13 r2q 10 default 0x10 direct_packets_stat 0 direct_qlen 1000
 Sent 34982004 bytes 23195 pkt (dropped 532, overlimits 23065 requeues 0) 
 backlog 10598b 7p requeues 0
qdisc pfifo 20: parent 1:10 limit 12p
 Sent 34982004 bytes 23195 pkt (dropped 532, overlimits 0 requeues 0) 
 backlog 10598b 7p requeues 0
======================================================================
Timestamp: 2026-04-10 14:25:07
qdisc htb 1: root refcnt 13 r2q 10 default 0x10 direct_packets_stat 0 direct_qlen 1000
 Sent 35861317 bytes 23776 pkt (dropped 544, overlimits 23645 requeues 0) 
 backlog 6056b 4p requeues 0
qdisc pfifo 20: parent 1:10 limit 12p
 Sent 35861317 bytes 23776 pkt (dropped 544, overlimits 0 requeues 0) 
 backlog 6056b 4p requeues 0
======================================================================
Timestamp: 2026-04-10 14:25:08
qdisc htb 1: root refcnt 13 r2q 10 default 0x10 direct_packets_stat 0 direct_qlen 1000
 Sent 36746746 bytes 24361 pkt (dropped 579, overlimits 24230 requeues 0) 
 backlog 12112b 8p requeues 0
qdisc pfifo 20: parent 1:10 limit 12p
 Sent 36746746 bytes 24361 pkt (dropped 579, overlimits 0 requeues 0) 
 backlog 12112b 8p requeues 0
======================================================================
Timestamp: 2026-04-10 14:25:09
qdisc htb 1: root refcnt 13 r2q 10 default 0x10 direct_packets_stat 0 direct_qlen 1000
 Sent 37581150 bytes 24913 pkt (dropped 589, overlimits 24768 requeues 0) 
 backlog 0b 0p requeues 0
qdisc pfifo 20: parent 1:10 limit 12p
 Sent 37581150 bytes 24913 pkt (dropped 589, overlimits 0 requeues 0) 
 backlog 0b 0p requeues 0
======================================================================
Timestamp: 2026-04-10 14:25:10
qdisc htb 1: root refcnt 13 r2q 10 default 0x10 direct_packets_stat 0 direct_qlen 1000
 Sent 38457635 bytes 25494 pkt (dropped 627, overlimits 25346 requeues 0) 
 backlog 9084b 6p requeues 0
qdisc pfifo 20: parent 1:10 limit 12p
 Sent 38457635 bytes 25494 pkt (dropped 627, overlimits 0 requeues 0) 
 backlog 9084b 6p requeues 0
======================================================================
Timestamp: 2026-04-10 14:25:11
qdisc htb 1: root refcnt 13 r2q 10 default 0x10 direct_packets_stat 0 direct_qlen 1000
 Sent 39340297 bytes 26077 pkt (dropped 648, overlimits 25929 requeues 0) 
 backlog 12112b 8p requeues 0
qdisc pfifo 20: parent 1:10 limit 12p
 Sent 39340297 bytes 26077 pkt (dropped 648, overlimits 0 requeues 0) 
 backlog 12112b 8p requeues 0
======================================================================
Timestamp: 2026-04-10 14:25:12
qdisc htb 1: root refcnt 13 r2q 10 default 0x10 direct_packets_stat 0 direct_qlen 1000
 Sent 40224530 bytes 26662 pkt (dropped 680, overlimits 26514 requeues 0) 
 backlog 6056b 4p requeues 0
qdisc pfifo 20: parent 1:10 limit 12p
 Sent 40224530 bytes 26662 pkt (dropped 680, overlimits 0 requeues 0) 
 backlog 6056b 4p requeues 0
======================================================================
Timestamp: 2026-04-10 14:25:13
qdisc htb 1: root refcnt 13 r2q 10 default 0x10 direct_packets_stat 0 direct_qlen 1000
 Sent 41093990 bytes 27237 pkt (dropped 699, overlimits 27082 requeues 0) 
 backlog 12112b 8p requeues 0
qdisc pfifo 20: parent 1:10 limit 12p
 Sent 41093990 bytes 27237 pkt (dropped 699, overlimits 0 requeues 0) 
 backlog 12112b 8p requeues 0
======================================================================
Timestamp: 2026-04-10 14:25:14
qdisc htb 1: root refcnt 13 r2q 10 default 0x10 direct_packets_stat 0 direct_qlen 1000
 Sent 41976051 bytes 27821 pkt (dropped 729, overlimits 27666 requeues 0) 
 backlog 4542b 3p requeues 0
qdisc pfifo 20: parent 1:10 limit 12p
 Sent 41976051 bytes 27821 pkt (dropped 729, overlimits 0 requeues 0) 
 backlog 4542b 3p requeues 0
======================================================================
Timestamp: 2026-04-10 14:25:15
qdisc htb 1: root refcnt 13 r2q 10 default 0x10 direct_packets_stat 0 direct_qlen 1000
 Sent 42858507 bytes 28405 pkt (dropped 750, overlimits 28250 requeues 0) 
 backlog 10598b 7p requeues 0
qdisc pfifo 20: parent 1:10 limit 12p
 Sent 42858507 bytes 28405 pkt (dropped 750, overlimits 0 requeues 0) 
 backlog 10598b 7p requeues 0
======================================================================
Timestamp: 2026-04-10 14:25:16
qdisc htb 1: root refcnt 13 r2q 10 default 0x10 direct_packets_stat 0 direct_qlen 1000
 Sent 43736706 bytes 28986 pkt (dropped 784, overlimits 28829 requeues 0) 
 backlog 16654b 11p requeues 0
qdisc pfifo 20: parent 1:10 limit 12p
 Sent 43736706 bytes 28986 pkt (dropped 784, overlimits 0 requeues 0) 
 backlog 16654b 11p requeues 0
======================================================================
Timestamp: 2026-04-10 14:25:17
qdisc htb 1: root refcnt 13 r2q 10 default 0x10 direct_packets_stat 0 direct_qlen 1000
 Sent 44619368 bytes 29569 pkt (dropped 801, overlimits 29412 requeues 0) 
 backlog 9084b 6p requeues 0
qdisc pfifo 20: parent 1:10 limit 12p
 Sent 44619368 bytes 29569 pkt (dropped 801, overlimits 0 requeues 0) 
 backlog 9084b 6p requeues 0
======================================================================
Timestamp: 2026-04-10 14:25:18
qdisc htb 1: root refcnt 13 r2q 10 default 0x10 direct_packets_stat 0 direct_qlen 1000
 Sent 45494447 bytes 30147 pkt (dropped 828, overlimits 29988 requeues 0) 
 backlog 12112b 8p requeues 0
qdisc pfifo 20: parent 1:10 limit 12p
 Sent 45494447 bytes 30147 pkt (dropped 828, overlimits 0 requeues 0) 
 backlog 12112b 8p requeues 0
======================================================================
Timestamp: 2026-04-10 14:25:19
qdisc htb 1: root refcnt 13 r2q 10 default 0x10 direct_packets_stat 0 direct_qlen 1000
 Sent 46379676 bytes 30733 pkt (dropped 854, overlimits 30574 requeues 0) 
 backlog 0b 0p requeues 0
qdisc pfifo 20: parent 1:10 limit 12p
 Sent 46379676 bytes 30733 pkt (dropped 854, overlimits 0 requeues 0) 
 backlog 0b 0p requeues 0
======================================================================
Timestamp: 2026-04-10 14:25:20
qdisc htb 1: root refcnt 13 r2q 10 default 0x10 direct_packets_stat 0 direct_qlen 1000
 Sent 47265353 bytes 31318 pkt (dropped 876, overlimits 31159 requeues 0) 
 backlog 16654b 11p requeues 0
qdisc pfifo 20: parent 1:10 limit 12p
 Sent 47265353 bytes 31318 pkt (dropped 876, overlimits 0 requeues 0) 
 backlog 16654b 11p requeues 0
======================================================================
Timestamp: 2026-04-10 14:25:21
qdisc htb 1: root refcnt 13 r2q 10 default 0x10 direct_packets_stat 0 direct_qlen 1000
 Sent 48148865 bytes 31902 pkt (dropped 904, overlimits 31742 requeues 0) 
 backlog 9084b 6p requeues 0
qdisc pfifo 20: parent 1:10 limit 12p
 Sent 48148865 bytes 31902 pkt (dropped 904, overlimits 0 requeues 0) 
 backlog 9084b 6p requeues 0
======================================================================
Timestamp: 2026-04-10 14:25:22
qdisc htb 1: root refcnt 13 r2q 10 default 0x10 direct_packets_stat 0 direct_qlen 1000
 Sent 49014088 bytes 32474 pkt (dropped 933, overlimits 32310 requeues 0) 
 backlog 15140b 10p requeues 0
qdisc pfifo 20: parent 1:10 limit 12p
 Sent 49014088 bytes 32474 pkt (dropped 933, overlimits 0 requeues 0) 
 backlog 15140b 10p requeues 0
======================================================================
Timestamp: 2026-04-10 14:25:23
qdisc htb 1: root refcnt 13 r2q 10 default 0x10 direct_packets_stat 0 direct_qlen 1000
 Sent 49892208 bytes 33054 pkt (dropped 961, overlimits 32890 requeues 0) 
 backlog 12112b 8p requeues 0
qdisc pfifo 20: parent 1:10 limit 12p
 Sent 49892208 bytes 33054 pkt (dropped 961, overlimits 0 requeues 0) 
 backlog 12112b 8p requeues 0
======================================================================
Timestamp: 2026-04-10 14:25:24
qdisc htb 1: root refcnt 13 r2q 10 default 0x10 direct_packets_stat 0 direct_qlen 1000
 Sent 50764792 bytes 33631 pkt (dropped 975, overlimits 33464 requeues 0) 
 backlog 15140b 10p requeues 0
qdisc pfifo 20: parent 1:10 limit 12p
 Sent 50764792 bytes 33631 pkt (dropped 975, overlimits 0 requeues 0) 
 backlog 15140b 10p requeues 0
======================================================================
Timestamp: 2026-04-10 14:25:25
qdisc htb 1: root refcnt 13 r2q 10 default 0x10 direct_packets_stat 0 direct_qlen 1000
 Sent 51641529 bytes 34212 pkt (dropped 1005, overlimits 34045 requeues 0) 
 backlog 7570b 5p requeues 0
qdisc pfifo 20: parent 1:10 limit 12p
 Sent 51641529 bytes 34212 pkt (dropped 1005, overlimits 0 requeues 0) 
 backlog 7570b 5p requeues 0
======================================================================
Timestamp: 2026-04-10 14:25:26
qdisc htb 1: root refcnt 13 r2q 10 default 0x10 direct_packets_stat 0 direct_qlen 1000
 Sent 52519649 bytes 34792 pkt (dropped 1029, overlimits 34625 requeues 0) 
 backlog 7570b 5p requeues 0
qdisc pfifo 20: parent 1:10 limit 12p
 Sent 52519649 bytes 34792 pkt (dropped 1029, overlimits 0 requeues 0) 
 backlog 7570b 5p requeues 0
======================================================================
Timestamp: 2026-04-10 14:25:27
qdisc htb 1: root refcnt 13 r2q 10 default 0x10 direct_packets_stat 0 direct_qlen 1000
 Sent 53396663 bytes 35372 pkt (dropped 1057, overlimits 35203 requeues 0) 
 backlog 9084b 6p requeues 0
qdisc pfifo 20: parent 1:10 limit 12p
 Sent 53396663 bytes 35372 pkt (dropped 1057, overlimits 0 requeues 0) 
 backlog 9084b 6p requeues 0
======================================================================
Timestamp: 2026-04-10 14:25:28
qdisc htb 1: root refcnt 13 r2q 10 default 0x10 direct_packets_stat 0 direct_qlen 1000
 Sent 54260333 bytes 35943 pkt (dropped 1080, overlimits 35772 requeues 0) 
 backlog 1514b 1p requeues 0
qdisc pfifo 20: parent 1:10 limit 12p
 Sent 54260333 bytes 35943 pkt (dropped 1080, overlimits 0 requeues 0) 
 backlog 1514b 1p requeues 0
======================================================================
Timestamp: 2026-04-10 14:25:29
qdisc htb 1: root refcnt 13 r2q 10 default 0x10 direct_packets_stat 0 direct_qlen 1000
 Sent 55126080 bytes 36515 pkt (dropped 1111, overlimits 36338 requeues 0) 
 backlog 12112b 8p requeues 0
qdisc pfifo 20: parent 1:10 limit 12p
 Sent 55126080 bytes 36515 pkt (dropped 1111, overlimits 0 requeues 0) 
 backlog 12112b 8p requeues 0
======================================================================
Timestamp: 2026-04-10 14:25:30
qdisc htb 1: root refcnt 13 r2q 10 default 0x10 direct_packets_stat 0 direct_qlen 1000
 Sent 55953359 bytes 37062 pkt (dropped 1128, overlimits 36863 requeues 0) 
 backlog 12112b 8p requeues 0
qdisc pfifo 20: parent 1:10 limit 12p
 Sent 55953359 bytes 37062 pkt (dropped 1128, overlimits 0 requeues 0) 
 backlog 12112b 8p requeues 0
======================================================================
Timestamp: 2026-04-10 14:25:31
qdisc htb 1: root refcnt 13 r2q 10 default 0x10 direct_packets_stat 0 direct_qlen 1000
 Sent 56823648 bytes 37637 pkt (dropped 1154, overlimits 37432 requeues 0) 
 backlog 12112b 8p requeues 0
qdisc pfifo 20: parent 1:10 limit 12p
 Sent 56823648 bytes 37637 pkt (dropped 1154, overlimits 0 requeues 0) 
 backlog 12112b 8p requeues 0
======================================================================
Timestamp: 2026-04-10 14:25:32
qdisc htb 1: root refcnt 13 r2q 10 default 0x10 direct_packets_stat 0 direct_qlen 1000
 Sent 57701768 bytes 38217 pkt (dropped 1183, overlimits 38012 requeues 0) 
 backlog 12112b 8p requeues 0
qdisc pfifo 20: parent 1:10 limit 12p
 Sent 57701768 bytes 38217 pkt (dropped 1183, overlimits 0 requeues 0) 
 backlog 12112b 8p requeues 0
======================================================================
Timestamp: 2026-04-10 14:25:33
qdisc htb 1: root refcnt 13 r2q 10 default 0x10 direct_packets_stat 0 direct_qlen 1000
 Sent 58575932 bytes 38795 pkt (dropped 1218, overlimits 38589 requeues 0) 
 backlog 16654b 11p requeues 0
qdisc pfifo 20: parent 1:10 limit 12p
 Sent 58575932 bytes 38795 pkt (dropped 1218, overlimits 0 requeues 0) 
 backlog 16654b 11p requeues 0
======================================================================
Timestamp: 2026-04-10 14:25:34
qdisc htb 1: root refcnt 13 r2q 10 default 0x10 direct_packets_stat 0 direct_qlen 1000
 Sent 59454052 bytes 39375 pkt (dropped 1233, overlimits 39169 requeues 0) 
 backlog 15140b 10p requeues 0
qdisc pfifo 20: parent 1:10 limit 12p
 Sent 59454052 bytes 39375 pkt (dropped 1233, overlimits 0 requeues 0) 
 backlog 15140b 10p requeues 0
======================================================================
Timestamp: 2026-04-10 14:25:35
qdisc htb 1: root refcnt 13 r2q 10 default 0x10 direct_packets_stat 0 direct_qlen 1000
 Sent 60329032 bytes 39954 pkt (dropped 1261, overlimits 39746 requeues 0) 
 backlog 9084b 6p requeues 0
qdisc pfifo 20: parent 1:10 limit 12p
 Sent 60329032 bytes 39954 pkt (dropped 1261, overlimits 0 requeues 0) 
 backlog 9084b 6p requeues 0
======================================================================
Timestamp: 2026-04-10 14:25:36
qdisc htb 1: root refcnt 13 r2q 10 default 0x10 direct_packets_stat 0 direct_qlen 1000
 Sent 61202610 bytes 40531 pkt (dropped 1300, overlimits 40318 requeues 0) 
 backlog 12112b 8p requeues 0
qdisc pfifo 20: parent 1:10 limit 12p
 Sent 61202610 bytes 40531 pkt (dropped 1300, overlimits 0 requeues 0) 
 backlog 12112b 8p requeues 0
======================================================================
Timestamp: 2026-04-10 14:25:37
qdisc htb 1: root refcnt 13 r2q 10 default 0x10 direct_packets_stat 0 direct_qlen 1000
 Sent 62074276 bytes 41107 pkt (dropped 1324, overlimits 40885 requeues 0) 
 backlog 9084b 6p requeues 0
qdisc pfifo 20: parent 1:10 limit 12p
 Sent 62074276 bytes 41107 pkt (dropped 1324, overlimits 0 requeues 0) 
 backlog 9084b 6p requeues 0
======================================================================
Timestamp: 2026-04-10 14:25:38
qdisc htb 1: root refcnt 13 r2q 10 default 0x10 direct_packets_stat 0 direct_qlen 1000
 Sent 62947854 bytes 41684 pkt (dropped 1351, overlimits 41459 requeues 0) 
 backlog 15140b 10p requeues 0
qdisc pfifo 20: parent 1:10 limit 12p
 Sent 62947854 bytes 41684 pkt (dropped 1351, overlimits 0 requeues 0) 
 backlog 15140b 10p requeues 0
======================================================================
Timestamp: 2026-04-10 14:25:39
qdisc htb 1: root refcnt 13 r2q 10 default 0x10 direct_packets_stat 0 direct_qlen 1000
 Sent 63825006 bytes 42264 pkt (dropped 1371, overlimits 42036 requeues 0) 
 backlog 12112b 8p requeues 0
qdisc pfifo 20: parent 1:10 limit 12p
 Sent 63825006 bytes 42264 pkt (dropped 1371, overlimits 0 requeues 0) 
 backlog 12112b 8p requeues 0
======================================================================
Timestamp: 2026-04-10 14:25:40
qdisc htb 1: root refcnt 13 r2q 10 default 0x10 direct_packets_stat 0 direct_qlen 1000
 Sent 64707513 bytes 42848 pkt (dropped 1399, overlimits 42617 requeues 0) 
 backlog 7570b 5p requeues 0
qdisc pfifo 20: parent 1:10 limit 12p
 Sent 64707513 bytes 42848 pkt (dropped 1399, overlimits 0 requeues 0) 
 backlog 7570b 5p requeues 0
======================================================================
Timestamp: 2026-04-10 14:25:41
qdisc htb 1: root refcnt 13 r2q 10 default 0x10 direct_packets_stat 0 direct_qlen 1000
 Sent 65588648 bytes 43430 pkt (dropped 1423, overlimits 43198 requeues 0) 
 backlog 13626b 9p requeues 0
qdisc pfifo 20: parent 1:10 limit 12p
 Sent 65588648 bytes 43430 pkt (dropped 1423, overlimits 0 requeues 0) 
 backlog 13626b 9p requeues 0
======================================================================
Timestamp: 2026-04-10 14:25:42
qdisc htb 1: root refcnt 13 r2q 10 default 0x10 direct_packets_stat 0 direct_qlen 1000
 Sent 66454212 bytes 44002 pkt (dropped 1448, overlimits 43766 requeues 0) 
 backlog 13626b 9p requeues 0
qdisc pfifo 20: parent 1:10 limit 12p
 Sent 66454212 bytes 44002 pkt (dropped 1448, overlimits 0 requeues 0) 
 backlog 13626b 9p requeues 0
======================================================================
Timestamp: 2026-04-10 14:25:43
qdisc htb 1: root refcnt 13 r2q 10 default 0x10 direct_packets_stat 0 direct_qlen 1000
 Sent 67335445 bytes 44586 pkt (dropped 1476, overlimits 44348 requeues 0) 
 backlog 10598b 7p requeues 0
qdisc pfifo 20: parent 1:10 limit 12p
 Sent 67335445 bytes 44586 pkt (dropped 1476, overlimits 0 requeues 0) 
 backlog 10598b 7p requeues 0
======================================================================
Timestamp: 2026-04-10 14:25:44
qdisc htb 1: root refcnt 13 r2q 10 default 0x10 direct_packets_stat 0 direct_qlen 1000
 Sent 68222649 bytes 45172 pkt (dropped 1511, overlimits 44934 requeues 0) 
 backlog 13626b 9p requeues 0
qdisc pfifo 20: parent 1:10 limit 12p
 Sent 68222649 bytes 45172 pkt (dropped 1511, overlimits 0 requeues 0) 
 backlog 13626b 9p requeues 0
======================================================================
Timestamp: 2026-04-10 14:25:45
qdisc htb 1: root refcnt 13 r2q 10 default 0x10 direct_packets_stat 0 direct_qlen 1000
 Sent 69066542 bytes 45730 pkt (dropped 1539, overlimits 45481 requeues 0) 
 backlog 12112b 8p requeues 0
qdisc pfifo 20: parent 1:10 limit 12p
 Sent 69066542 bytes 45730 pkt (dropped 1539, overlimits 0 requeues 0) 
 backlog 12112b 8p requeues 0
======================================================================
Timestamp: 2026-04-10 14:25:46
qdisc htb 1: root refcnt 13 r2q 10 default 0x10 direct_packets_stat 0 direct_qlen 1000
 Sent 69949204 bytes 46313 pkt (dropped 1557, overlimits 46064 requeues 0) 
 backlog 10598b 7p requeues 0
qdisc pfifo 20: parent 1:10 limit 12p
 Sent 69949204 bytes 46313 pkt (dropped 1557, overlimits 0 requeues 0) 
 backlog 10598b 7p requeues 0
======================================================================
Timestamp: 2026-04-10 14:25:47
qdisc htb 1: root refcnt 13 r2q 10 default 0x10 direct_packets_stat 0 direct_qlen 1000
 Sent 70806463 bytes 46880 pkt (dropped 1588, overlimits 46623 requeues 0) 
 backlog 15140b 10p requeues 0
qdisc pfifo 20: parent 1:10 limit 12p
 Sent 70806463 bytes 46880 pkt (dropped 1588, overlimits 0 requeues 0) 
 backlog 15140b 10p requeues 0
======================================================================
Timestamp: 2026-04-10 14:25:48
qdisc htb 1: root refcnt 13 r2q 10 default 0x10 direct_packets_stat 0 direct_qlen 1000
 Sent 71689125 bytes 47463 pkt (dropped 1621, overlimits 47205 requeues 0) 
 backlog 9084b 6p requeues 0
qdisc pfifo 20: parent 1:10 limit 12p
 Sent 71689125 bytes 47463 pkt (dropped 1621, overlimits 0 requeues 0) 
 backlog 9084b 6p requeues 0
======================================================================
Timestamp: 2026-04-10 14:25:49
qdisc htb 1: root refcnt 13 r2q 10 default 0x10 direct_packets_stat 0 direct_qlen 1000
 Sent 72540713 bytes 48026 pkt (dropped 1635, overlimits 47758 requeues 0) 
 backlog 12112b 8p requeues 0
qdisc pfifo 20: parent 1:10 limit 12p
 Sent 72540713 bytes 48026 pkt (dropped 1635, overlimits 0 requeues 0) 
 backlog 12112b 8p requeues 0
======================================================================
Timestamp: 2026-04-10 14:25:50
qdisc htb 1: root refcnt 13 r2q 10 default 0x10 direct_packets_stat 0 direct_qlen 1000
 Sent 73421613 bytes 48608 pkt (dropped 1666, overlimits 48339 requeues 0) 
 backlog 4542b 3p requeues 0
qdisc pfifo 20: parent 1:10 limit 12p
 Sent 73421613 bytes 48608 pkt (dropped 1666, overlimits 0 requeues 0) 
 backlog 4542b 3p requeues 0
======================================================================
Timestamp: 2026-04-10 14:25:51
qdisc htb 1: root refcnt 13 r2q 10 default 0x10 direct_packets_stat 0 direct_qlen 1000
 Sent 74299215 bytes 49188 pkt (dropped 1685, overlimits 48917 requeues 0) 
 backlog 7570b 5p requeues 0
qdisc pfifo 20: parent 1:10 limit 12p
 Sent 74299215 bytes 49188 pkt (dropped 1685, overlimits 0 requeues 0) 
 backlog 7570b 5p requeues 0
======================================================================
Timestamp: 2026-04-10 14:25:52
qdisc htb 1: root refcnt 13 r2q 10 default 0x10 direct_packets_stat 0 direct_qlen 1000
 Sent 75181877 bytes 49771 pkt (dropped 1723, overlimits 49498 requeues 0) 
 backlog 12112b 8p requeues 0
qdisc pfifo 20: parent 1:10 limit 12p
 Sent 75181877 bytes 49771 pkt (dropped 1723, overlimits 0 requeues 0) 
 backlog 12112b 8p requeues 0
======================================================================
Timestamp: 2026-04-10 14:25:53
qdisc htb 1: root refcnt 13 r2q 10 default 0x10 direct_packets_stat 0 direct_qlen 1000
 Sent 76001486 bytes 50313 pkt (dropped 1733, overlimits 50021 requeues 0) 
 backlog 16654b 11p requeues 0
qdisc pfifo 20: parent 1:10 limit 12p
 Sent 76001486 bytes 50313 pkt (dropped 1733, overlimits 0 requeues 0) 
 backlog 16654b 11p requeues 0
======================================================================
Timestamp: 2026-04-10 14:25:54
qdisc htb 1: root refcnt 13 r2q 10 default 0x10 direct_packets_stat 0 direct_qlen 1000
 Sent 76882634 bytes 50895 pkt (dropped 1775, overlimits 50603 requeues 0) 
 backlog 15140b 10p requeues 0
qdisc pfifo 20: parent 1:10 limit 12p
 Sent 76882634 bytes 50895 pkt (dropped 1775, overlimits 0 requeues 0) 
 backlog 15140b 10p requeues 0
======================================================================
Timestamp: 2026-04-10 14:25:55
qdisc htb 1: root refcnt 13 r2q 10 default 0x10 direct_packets_stat 0 direct_qlen 1000
 Sent 77710548 bytes 51443 pkt (dropped 1791, overlimits 51137 requeues 0) 
 backlog 6056b 4p requeues 0
qdisc pfifo 20: parent 1:10 limit 12p
 Sent 77710548 bytes 51443 pkt (dropped 1791, overlimits 0 requeues 0) 
 backlog 6056b 4p requeues 0
======================================================================
Timestamp: 2026-04-10 14:25:56
qdisc htb 1: root refcnt 13 r2q 10 default 0x10 direct_packets_stat 0 direct_qlen 1000
 Sent 78590000 bytes 52025 pkt (dropped 1822, overlimits 51717 requeues 0) 
 backlog 7570b 5p requeues 0
qdisc pfifo 20: parent 1:10 limit 12p
 Sent 78590000 bytes 52025 pkt (dropped 1822, overlimits 0 requeues 0) 
 backlog 7570b 5p requeues 0
======================================================================
Timestamp: 2026-04-10 14:25:57
qdisc htb 1: root refcnt 13 r2q 10 default 0x10 direct_packets_stat 0 direct_qlen 1000
 Sent 79471148 bytes 52607 pkt (dropped 1845, overlimits 52298 requeues 0) 
 backlog 10585b 7p requeues 0
qdisc pfifo 20: parent 1:10 limit 12p
 Sent 79471148 bytes 52607 pkt (dropped 1845, overlimits 0 requeues 0) 
 backlog 10585b 7p requeues 0
======================================================================
Timestamp: 2026-04-10 14:25:58
qdisc htb 1: root refcnt 13 r2q 10 default 0x10 direct_packets_stat 0 direct_qlen 1000
 Sent 80350769 bytes 53188 pkt (dropped 1874, overlimits 52873 requeues 0) 
 backlog 13626b 9p requeues 0
qdisc pfifo 20: parent 1:10 limit 12p
 Sent 80350769 bytes 53188 pkt (dropped 1874, overlimits 0 requeues 0) 
 backlog 13626b 9p requeues 0
======================================================================
Timestamp: 2026-04-10 14:25:59
qdisc htb 1: root refcnt 13 r2q 10 default 0x10 direct_packets_stat 0 direct_qlen 1000
 Sent 81225687 bytes 53767 pkt (dropped 1902, overlimits 53447 requeues 0) 
 backlog 9084b 6p requeues 0
qdisc pfifo 20: parent 1:10 limit 12p
 Sent 81225687 bytes 53767 pkt (dropped 1902, overlimits 0 requeues 0) 
 backlog 9084b 6p requeues 0
======================================================================
Timestamp: 2026-04-10 14:26:00
qdisc htb 1: root refcnt 13 r2q 10 default 0x10 direct_packets_stat 0 direct_qlen 1000
 Sent 82107550 bytes 54350 pkt (dropped 1918, overlimits 54028 requeues 0) 
 backlog 12112b 8p requeues 0
qdisc pfifo 20: parent 1:10 limit 12p
 Sent 82107550 bytes 54350 pkt (dropped 1918, overlimits 0 requeues 0) 
 backlog 12112b 8p requeues 0
======================================================================
Timestamp: 2026-04-10 14:26:01
qdisc htb 1: root refcnt 13 r2q 10 default 0x10 direct_packets_stat 0 direct_qlen 1000
 Sent 82987964 bytes 54932 pkt (dropped 1947, overlimits 54610 requeues 0) 
 backlog 1514b 1p requeues 0
qdisc pfifo 20: parent 1:10 limit 12p
 Sent 82987964 bytes 54932 pkt (dropped 1947, overlimits 0 requeues 0) 
 backlog 1514b 1p requeues 0
======================================================================
Timestamp: 2026-04-10 14:26:02
qdisc htb 1: root refcnt 13 r2q 10 default 0x10 direct_packets_stat 0 direct_qlen 1000
 Sent 83816709 bytes 55481 pkt (dropped 1959, overlimits 55142 requeues 0) 
 backlog 9084b 6p requeues 0
qdisc pfifo 20: parent 1:10 limit 12p
 Sent 83816709 bytes 55481 pkt (dropped 1959, overlimits 0 requeues 0) 
 backlog 9084b 6p requeues 0
======================================================================
Timestamp: 2026-04-10 14:26:03
qdisc htb 1: root refcnt 13 r2q 10 default 0x10 direct_packets_stat 0 direct_qlen 1000
 Sent 84694829 bytes 56061 pkt (dropped 1969, overlimits 55718 requeues 0) 
 backlog 7570b 5p requeues 0
qdisc pfifo 20: parent 1:10 limit 12p
 Sent 84694829 bytes 56061 pkt (dropped 1969, overlimits 0 requeues 0) 
 backlog 7570b 5p requeues 0
======================================================================
Timestamp: 2026-04-10 14:26:04
qdisc htb 1: root refcnt 13 r2q 10 default 0x10 direct_packets_stat 0 direct_qlen 1000
 Sent 85577230 bytes 56644 pkt (dropped 2003, overlimits 56299 requeues 0) 
 backlog 16654b 11p requeues 0
qdisc pfifo 20: parent 1:10 limit 12p
 Sent 85577230 bytes 56644 pkt (dropped 2003, overlimits 0 requeues 0) 
 backlog 16654b 11p requeues 0
======================================================================
Timestamp: 2026-04-10 14:26:05
qdisc htb 1: root refcnt 13 r2q 10 default 0x10 direct_packets_stat 0 direct_qlen 1000
 Sent 86449955 bytes 57221 pkt (dropped 2011, overlimits 56873 requeues 0) 
 backlog 15140b 10p requeues 0
qdisc pfifo 20: parent 1:10 limit 12p
 Sent 86449955 bytes 57221 pkt (dropped 2011, overlimits 0 requeues 0) 
 backlog 15140b 10p requeues 0
======================================================================
Timestamp: 2026-04-10 14:26:06
qdisc htb 1: root refcnt 13 r2q 10 default 0x10 direct_packets_stat 0 direct_qlen 1000
 Sent 87320244 bytes 57796 pkt (dropped 2037, overlimits 57445 requeues 0) 
 backlog 13626b 9p requeues 0
qdisc pfifo 20: parent 1:10 limit 12p
 Sent 87320244 bytes 57796 pkt (dropped 2037, overlimits 0 requeues 0) 
 backlog 13626b 9p requeues 0
======================================================================
Timestamp: 2026-04-10 14:26:07
qdisc htb 1: root refcnt 13 r2q 10 default 0x10 direct_packets_stat 0 direct_qlen 1000
 Sent 88198364 bytes 58376 pkt (dropped 2070, overlimits 58022 requeues 0) 
 backlog 13626b 9p requeues 0
qdisc pfifo 20: parent 1:10 limit 12p
 Sent 88198364 bytes 58376 pkt (dropped 2070, overlimits 0 requeues 0) 
 backlog 13626b 9p requeues 0
======================================================================
Timestamp: 2026-04-10 14:26:08
qdisc htb 1: root refcnt 13 r2q 10 default 0x10 direct_packets_stat 0 direct_qlen 1000
 Sent 89081013 bytes 58959 pkt (dropped 2099, overlimits 58603 requeues 0) 
 backlog 10598b 7p requeues 0
qdisc pfifo 20: parent 1:10 limit 12p
 Sent 89081013 bytes 58959 pkt (dropped 2099, overlimits 0 requeues 0) 
 backlog 10598b 7p requeues 0
======================================================================
Timestamp: 2026-04-10 14:26:09
qdisc htb 1: root refcnt 13 r2q 10 default 0x10 direct_packets_stat 0 direct_qlen 1000
 Sent 89961973 bytes 59543 pkt (dropped 2130, overlimits 59184 requeues 0) 
 backlog 16654b 11p requeues 0
qdisc pfifo 20: parent 1:10 limit 12p
 Sent 89961973 bytes 59543 pkt (dropped 2130, overlimits 0 requeues 0) 
 backlog 16654b 11p requeues 0
======================================================================
Timestamp: 2026-04-10 14:26:10
qdisc htb 1: root refcnt 13 r2q 10 default 0x10 direct_packets_stat 0 direct_qlen 1000
 Sent 90847650 bytes 60128 pkt (dropped 2151, overlimits 59769 requeues 0) 
 backlog 12112b 8p requeues 0
qdisc pfifo 20: parent 1:10 limit 12p
 Sent 90847650 bytes 60128 pkt (dropped 2151, overlimits 0 requeues 0) 
 backlog 12112b 8p requeues 0
======================================================================
Timestamp: 2026-04-10 14:26:11
qdisc htb 1: root refcnt 13 r2q 10 default 0x10 direct_packets_stat 0 direct_qlen 1000
 Sent 91734924 bytes 60715 pkt (dropped 2180, overlimits 60356 requeues 0) 
 backlog 16654b 11p requeues 0
qdisc pfifo 20: parent 1:10 limit 12p
 Sent 91734924 bytes 60715 pkt (dropped 2180, overlimits 0 requeues 0) 
 backlog 16654b 11p requeues 0
======================================================================
Timestamp: 2026-04-10 14:26:12
qdisc htb 1: root refcnt 13 r2q 10 default 0x10 direct_packets_stat 0 direct_qlen 1000
 Sent 92618478 bytes 61300 pkt (dropped 2214, overlimits 60940 requeues 0) 
 backlog 9084b 6p requeues 0
qdisc pfifo 20: parent 1:10 limit 12p
 Sent 92618478 bytes 61300 pkt (dropped 2214, overlimits 0 requeues 0) 
 backlog 9084b 6p requeues 0
======================================================================
Timestamp: 2026-04-10 14:26:13
qdisc htb 1: root refcnt 13 r2q 10 default 0x10 direct_packets_stat 0 direct_qlen 1000
 Sent 93502531 bytes 61885 pkt (dropped 2234, overlimits 61525 requeues 0) 
 backlog 7570b 5p requeues 0
qdisc pfifo 20: parent 1:10 limit 12p
 Sent 93502531 bytes 61885 pkt (dropped 2234, overlimits 0 requeues 0) 
 backlog 7570b 5p requeues 0
======================================================================
Timestamp: 2026-04-10 14:26:14
qdisc htb 1: root refcnt 13 r2q 10 default 0x10 direct_packets_stat 0 direct_qlen 1000
 Sent 94388208 bytes 62470 pkt (dropped 2269, overlimits 62110 requeues 0) 
 backlog 15140b 10p requeues 0
qdisc pfifo 20: parent 1:10 limit 12p
 Sent 94388208 bytes 62470 pkt (dropped 2269, overlimits 0 requeues 0) 
 backlog 15140b 10p requeues 0
======================================================================
Timestamp: 2026-04-10 14:26:15
qdisc htb 1: root refcnt 13 r2q 10 default 0x10 direct_packets_stat 0 direct_qlen 1000
 Sent 95252702 bytes 63041 pkt (dropped 2294, overlimits 62669 requeues 0) 
 backlog 15140b 10p requeues 0
qdisc pfifo 20: parent 1:10 limit 12p
 Sent 95252702 bytes 63041 pkt (dropped 2294, overlimits 0 requeues 0) 
 backlog 15140b 10p requeues 0
======================================================================
Timestamp: 2026-04-10 14:26:16
qdisc htb 1: root refcnt 13 r2q 10 default 0x10 direct_packets_stat 0 direct_qlen 1000
 Sent 96134843 bytes 63625 pkt (dropped 2320, overlimits 63253 requeues 0) 
 backlog 13626b 9p requeues 0
qdisc pfifo 20: parent 1:10 limit 12p
 Sent 96134843 bytes 63625 pkt (dropped 2320, overlimits 0 requeues 0) 
 backlog 13626b 9p requeues 0
======================================================================
Timestamp: 2026-04-10 14:26:17
qdisc htb 1: root refcnt 13 r2q 10 default 0x10 direct_packets_stat 0 direct_qlen 1000
 Sent 97005186 bytes 64201 pkt (dropped 2347, overlimits 63823 requeues 0) 
 backlog 15140b 10p requeues 0
qdisc pfifo 20: parent 1:10 limit 12p
 Sent 97005186 bytes 64201 pkt (dropped 2347, overlimits 0 requeues 0) 
 backlog 15140b 10p requeues 0
======================================================================
Timestamp: 2026-04-10 14:26:18
qdisc htb 1: root refcnt 13 r2q 10 default 0x10 direct_packets_stat 0 direct_qlen 1000
 Sent 97886368 bytes 64785 pkt (dropped 2388, overlimits 64405 requeues 0) 
 backlog 18168b 12p requeues 0
qdisc pfifo 20: parent 1:10 limit 12p
 Sent 97886368 bytes 64785 pkt (dropped 2388, overlimits 0 requeues 0) 
 backlog 18168b 12p requeues 0
======================================================================
Timestamp: 2026-04-10 14:26:19
qdisc htb 1: root refcnt 13 r2q 10 default 0x10 direct_packets_stat 0 direct_qlen 1000
 Sent 98770614 bytes 65370 pkt (dropped 2416, overlimits 64990 requeues 0) 
 backlog 10598b 7p requeues 0
qdisc pfifo 20: parent 1:10 limit 12p
 Sent 98770614 bytes 65370 pkt (dropped 2416, overlimits 0 requeues 0) 
 backlog 10598b 7p requeues 0
======================================================================
Timestamp: 2026-04-10 14:26:20
qdisc htb 1: root refcnt 13 r2q 10 default 0x10 direct_packets_stat 0 direct_qlen 1000
 Sent 99652862 bytes 65953 pkt (dropped 2444, overlimits 65572 requeues 0) 
 backlog 4542b 3p requeues 0
qdisc pfifo 20: parent 1:10 limit 12p
 Sent 99652862 bytes 65953 pkt (dropped 2444, overlimits 0 requeues 0) 
 backlog 4542b 3p requeues 0
======================================================================
Timestamp: 2026-04-10 14:26:21
qdisc htb 1: root refcnt 13 r2q 10 default 0x10 direct_packets_stat 0 direct_qlen 1000
 Sent 100535524 bytes 66536 pkt (dropped 2466, overlimits 66155 requeues 0) 
 backlog 12112b 8p requeues 0
qdisc pfifo 20: parent 1:10 limit 12p
 Sent 100535524 bytes 66536 pkt (dropped 2466, overlimits 0 requeues 0) 
 backlog 13626b 9p requeues 0
======================================================================
Timestamp: 2026-04-10 14:26:22
qdisc htb 1: root refcnt 13 r2q 10 default 0x10 direct_packets_stat 0 direct_qlen 1000
 Sent 101398523 bytes 67107 pkt (dropped 2493, overlimits 66718 requeues 0) 
 backlog 10598b 7p requeues 0
qdisc pfifo 20: parent 1:10 limit 12p
 Sent 101398523 bytes 67107 pkt (dropped 2493, overlimits 0 requeues 0) 
 backlog 10598b 7p requeues 0
======================================================================
Timestamp: 2026-04-10 14:26:23
qdisc htb 1: root refcnt 13 r2q 10 default 0x10 direct_packets_stat 0 direct_qlen 1000
 Sent 102248299 bytes 67669 pkt (dropped 2514, overlimits 67272 requeues 0) 
 backlog 15140b 10p requeues 0
qdisc pfifo 20: parent 1:10 limit 12p
 Sent 102249813 bytes 67670 pkt (dropped 2514, overlimits 0 requeues 0) 
 backlog 13626b 9p requeues 0
======================================================================
Timestamp: 2026-04-10 14:26:24
qdisc htb 1: root refcnt 13 r2q 10 default 0x10 direct_packets_stat 0 direct_qlen 1000
 Sent 103127672 bytes 68250 pkt (dropped 2547, overlimits 67851 requeues 0) 
 backlog 16654b 11p requeues 0
qdisc pfifo 20: parent 1:10 limit 12p
 Sent 103127672 bytes 68250 pkt (dropped 2547, overlimits 0 requeues 0) 
 backlog 16654b 11p requeues 0
======================================================================
Timestamp: 2026-04-10 14:26:25
qdisc htb 1: root refcnt 13 r2q 10 default 0x10 direct_packets_stat 0 direct_qlen 1000
 Sent 104009919 bytes 68833 pkt (dropped 2567, overlimits 68431 requeues 0) 
 backlog 9084b 6p requeues 0
qdisc pfifo 20: parent 1:10 limit 12p
 Sent 104009919 bytes 68833 pkt (dropped 2567, overlimits 0 requeues 0) 
 backlog 9084b 6p requeues 0
======================================================================
Timestamp: 2026-04-10 14:26:26
qdisc htb 1: root refcnt 13 r2q 10 default 0x10 direct_packets_stat 0 direct_qlen 1000
 Sent 104889292 bytes 69414 pkt (dropped 2597, overlimits 69011 requeues 0) 
 backlog 9084b 6p requeues 0
qdisc pfifo 20: parent 1:10 limit 12p
 Sent 104889292 bytes 69414 pkt (dropped 2597, overlimits 0 requeues 0) 
 backlog 9084b 6p requeues 0
======================================================================
Timestamp: 2026-04-10 14:26:27
qdisc htb 1: root refcnt 13 r2q 10 default 0x10 direct_packets_stat 0 direct_qlen 1000
 Sent 105771954 bytes 69997 pkt (dropped 2630, overlimits 69590 requeues 0) 
 backlog 4542b 3p requeues 0
qdisc pfifo 20: parent 1:10 limit 12p
 Sent 105771954 bytes 69997 pkt (dropped 2630, overlimits 0 requeues 0) 
 backlog 4542b 3p requeues 0
======================================================================
Timestamp: 2026-04-10 14:26:28
qdisc htb 1: root refcnt 13 r2q 10 default 0x10 direct_packets_stat 0 direct_qlen 1000
 Sent 106645219 bytes 70574 pkt (dropped 2655, overlimits 70162 requeues 0) 
 backlog 16654b 11p requeues 0
qdisc pfifo 20: parent 1:10 limit 12p
 Sent 106645219 bytes 70574 pkt (dropped 2655, overlimits 0 requeues 0) 
 backlog 16654b 11p requeues 0
======================================================================
Timestamp: 2026-04-10 14:26:29
qdisc htb 1: root refcnt 13 r2q 10 default 0x10 direct_packets_stat 0 direct_qlen 1000
 Sent 107473461 bytes 71122 pkt (dropped 2678, overlimits 70699 requeues 0) 
 backlog 0b 0p requeues 0
qdisc pfifo 20: parent 1:10 limit 12p
 Sent 107473461 bytes 71122 pkt (dropped 2678, overlimits 0 requeues 0) 
 backlog 0b 0p requeues 0
======================================================================
Timestamp: 2026-04-10 14:26:30
qdisc htb 1: root refcnt 13 r2q 10 default 0x10 direct_packets_stat 0 direct_qlen 1000
 Sent 108351320 bytes 71702 pkt (dropped 2709, overlimits 71278 requeues 0) 
 backlog 10598b 7p requeues 0
qdisc pfifo 20: parent 1:10 limit 12p
 Sent 108351320 bytes 71702 pkt (dropped 2709, overlimits 0 requeues 0) 
 backlog 10598b 7p requeues 0
======================================================================
Timestamp: 2026-04-10 14:26:31
qdisc htb 1: root refcnt 13 r2q 10 default 0x10 direct_packets_stat 0 direct_qlen 1000
 Sent 109233355 bytes 72285 pkt (dropped 2738, overlimits 71856 requeues 0) 
 backlog 7570b 5p requeues 0
qdisc pfifo 20: parent 1:10 limit 12p
 Sent 109233355 bytes 72285 pkt (dropped 2738, overlimits 0 requeues 0) 
 backlog 7570b 5p requeues 0
======================================================================
Timestamp: 2026-04-10 14:26:32
qdisc htb 1: root refcnt 13 r2q 10 default 0x10 direct_packets_stat 0 direct_qlen 1000
 Sent 110102130 bytes 72859 pkt (dropped 2773, overlimits 72421 requeues 0) 
 backlog 18168b 12p requeues 0
qdisc pfifo 20: parent 1:10 limit 12p
 Sent 110102130 bytes 72859 pkt (dropped 2773, overlimits 0 requeues 0) 
 backlog 18168b 12p requeues 0
======================================================================
Timestamp: 2026-04-10 14:26:33
qdisc htb 1: root refcnt 13 r2q 10 default 0x10 direct_packets_stat 0 direct_qlen 1000
 Sent 110943729 bytes 73415 pkt (dropped 2786, overlimits 72966 requeues 0) 
 backlog 12112b 8p requeues 0
qdisc pfifo 20: parent 1:10 limit 12p
 Sent 110943729 bytes 73415 pkt (dropped 2786, overlimits 0 requeues 0) 
 backlog 12112b 8p requeues 0
======================================================================
Timestamp: 2026-04-10 14:26:34
qdisc htb 1: root refcnt 13 r2q 10 default 0x10 direct_packets_stat 0 direct_qlen 1000
 Sent 111824616 bytes 73997 pkt (dropped 2810, overlimits 73543 requeues 0) 
 backlog 16654b 11p requeues 0
qdisc pfifo 20: parent 1:10 limit 12p
 Sent 111824616 bytes 73997 pkt (dropped 2810, overlimits 0 requeues 0) 
 backlog 16654b 11p requeues 0
======================================================================
Timestamp: 2026-04-10 14:26:35
qdisc htb 1: root refcnt 13 r2q 10 default 0x10 direct_packets_stat 0 direct_qlen 1000
 Sent 112704250 bytes 74578 pkt (dropped 2836, overlimits 74121 requeues 0) 
 backlog 16654b 11p requeues 0
qdisc pfifo 20: parent 1:10 limit 12p
 Sent 112704250 bytes 74578 pkt (dropped 2836, overlimits 0 requeues 0) 
 backlog 16654b 11p requeues 0
======================================================================
Timestamp: 2026-04-10 14:26:36
qdisc htb 1: root refcnt 13 r2q 10 default 0x10 direct_packets_stat 0 direct_qlen 1000
 Sent 113585452 bytes 75161 pkt (dropped 2869, overlimits 74703 requeues 0) 
 backlog 10598b 7p requeues 0
qdisc pfifo 20: parent 1:10 limit 12p
 Sent 113585452 bytes 75161 pkt (dropped 2869, overlimits 0 requeues 0) 
 backlog 10598b 7p requeues 0
======================================================================
Timestamp: 2026-04-10 14:26:37
qdisc htb 1: root refcnt 13 r2q 10 default 0x10 direct_packets_stat 0 direct_qlen 1000
 Sent 114464811 bytes 75742 pkt (dropped 2884, overlimits 75279 requeues 0) 
 backlog 9084b 6p requeues 0
qdisc pfifo 20: parent 1:10 limit 12p
 Sent 114464811 bytes 75742 pkt (dropped 2884, overlimits 0 requeues 0) 
 backlog 9084b 6p requeues 0
======================================================================
Timestamp: 2026-04-10 14:26:38
qdisc htb 1: root refcnt 13 r2q 10 default 0x10 direct_packets_stat 0 direct_qlen 1000
 Sent 115338128 bytes 76319 pkt (dropped 2907, overlimits 75849 requeues 0) 
 backlog 18168b 12p requeues 0
qdisc pfifo 20: parent 1:10 limit 12p
 Sent 115338128 bytes 76319 pkt (dropped 2907, overlimits 0 requeues 0) 
 backlog 18168b 12p requeues 0
======================================================================
Timestamp: 2026-04-10 14:26:39
qdisc htb 1: root refcnt 13 r2q 10 default 0x10 direct_packets_stat 0 direct_qlen 1000
 Sent 116222304 bytes 76903 pkt (dropped 2947, overlimits 76433 requeues 0) 
 backlog 12112b 8p requeues 0
qdisc pfifo 20: parent 1:10 limit 12p
 Sent 116222304 bytes 76903 pkt (dropped 2947, overlimits 0 requeues 0) 
 backlog 12112b 8p requeues 0
======================================================================
Timestamp: 2026-04-10 14:26:40
qdisc htb 1: root refcnt 13 r2q 10 default 0x10 direct_packets_stat 0 direct_qlen 1000
 Sent 117075863 bytes 77468 pkt (dropped 2977, overlimits 76988 requeues 0) 
 backlog 13626b 9p requeues 0
qdisc pfifo 20: parent 1:10 limit 12p
 Sent 117075863 bytes 77468 pkt (dropped 2977, overlimits 0 requeues 0) 
 backlog 13626b 9p requeues 0
======================================================================
Timestamp: 2026-04-10 14:26:41
qdisc htb 1: root refcnt 13 r2q 10 default 0x10 direct_packets_stat 0 direct_qlen 1000
 Sent 117960039 bytes 78052 pkt (dropped 3004, overlimits 77572 requeues 0) 
 backlog 10598b 7p requeues 0
qdisc pfifo 20: parent 1:10 limit 12p
 Sent 117960039 bytes 78052 pkt (dropped 3004, overlimits 0 requeues 0) 
 backlog 10598b 7p requeues 0
======================================================================
Timestamp: 2026-04-10 14:26:43
qdisc htb 1: root refcnt 13 r2q 10 default 0x10 direct_packets_stat 0 direct_qlen 1000
 Sent 118837243 bytes 78632 pkt (dropped 3026, overlimits 78147 requeues 0) 
 backlog 13626b 9p requeues 0
qdisc pfifo 20: parent 1:10 limit 12p
 Sent 118837243 bytes 78632 pkt (dropped 3026, overlimits 0 requeues 0) 
 backlog 13626b 9p requeues 0
======================================================================
Timestamp: 2026-04-10 14:26:44
qdisc htb 1: root refcnt 13 r2q 10 default 0x10 direct_packets_stat 0 direct_qlen 1000
 Sent 119719905 bytes 79215 pkt (dropped 3062, overlimits 78728 requeues 0) 
 backlog 10598b 7p requeues 0
qdisc pfifo 20: parent 1:10 limit 12p
 Sent 119719905 bytes 79215 pkt (dropped 3062, overlimits 0 requeues 0) 
 backlog 10598b 7p requeues 0
======================================================================
Timestamp: 2026-04-10 14:26:45
qdisc htb 1: root refcnt 13 r2q 10 default 0x10 direct_packets_stat 0 direct_qlen 1000
 Sent 120602259 bytes 79798 pkt (dropped 3086, overlimits 79310 requeues 0) 
 backlog 7570b 5p requeues 0
qdisc pfifo 20: parent 1:10 limit 12p
 Sent 120602259 bytes 79798 pkt (dropped 3086, overlimits 0 requeues 0) 
 backlog 7570b 5p requeues 0
======================================================================
Timestamp: 2026-04-10 14:26:46
qdisc htb 1: root refcnt 13 r2q 10 default 0x10 direct_packets_stat 0 direct_qlen 1000
 Sent 121486435 bytes 80382 pkt (dropped 3122, overlimits 79893 requeues 0) 
 backlog 10598b 7p requeues 0
qdisc pfifo 20: parent 1:10 limit 12p
 Sent 121486435 bytes 80382 pkt (dropped 3122, overlimits 0 requeues 0) 
 backlog 10598b 7p requeues 0
======================================================================
Timestamp: 2026-04-10 14:26:47
qdisc htb 1: root refcnt 13 r2q 10 default 0x10 direct_packets_stat 0 direct_qlen 1000
 Sent 122363823 bytes 80962 pkt (dropped 3147, overlimits 80459 requeues 0) 
 backlog 13626b 9p requeues 0
qdisc pfifo 20: parent 1:10 limit 12p
 Sent 122363823 bytes 80962 pkt (dropped 3147, overlimits 0 requeues 0) 
 backlog 13626b 9p requeues 0
======================================================================
Timestamp: 2026-04-10 14:26:48
qdisc htb 1: root refcnt 13 r2q 10 default 0x10 direct_packets_stat 0 direct_qlen 1000
 Sent 123249513 bytes 81547 pkt (dropped 3168, overlimits 81043 requeues 0) 
 backlog 9084b 6p requeues 0
qdisc pfifo 20: parent 1:10 limit 12p
 Sent 123249513 bytes 81547 pkt (dropped 3168, overlimits 0 requeues 0) 
 backlog 9084b 6p requeues 0
======================================================================
Timestamp: 2026-04-10 14:26:49
qdisc htb 1: root refcnt 13 r2q 10 default 0x10 direct_packets_stat 0 direct_qlen 1000
 Sent 124131576 bytes 82130 pkt (dropped 3201, overlimits 81626 requeues 0) 
 backlog 16654b 11p requeues 0
qdisc pfifo 20: parent 1:10 limit 12p
 Sent 124131576 bytes 82130 pkt (dropped 3201, overlimits 0 requeues 0) 
 backlog 16654b 11p requeues 0
======================================================================
Timestamp: 2026-04-10 14:26:50
qdisc htb 1: root refcnt 13 r2q 10 default 0x10 direct_packets_stat 0 direct_qlen 1000
 Sent 125012724 bytes 82712 pkt (dropped 3229, overlimits 82208 requeues 0) 
 backlog 9084b 6p requeues 0
qdisc pfifo 20: parent 1:10 limit 12p
 Sent 125012724 bytes 82712 pkt (dropped 3229, overlimits 0 requeues 0) 
 backlog 9084b 6p requeues 0
======================================================================
Timestamp: 2026-04-10 14:26:51
qdisc htb 1: root refcnt 13 r2q 10 default 0x10 direct_packets_stat 0 direct_qlen 1000
 Sent 125896827 bytes 83297 pkt (dropped 3245, overlimits 82793 requeues 0) 
 backlog 9084b 6p requeues 0
qdisc pfifo 20: parent 1:10 limit 12p
 Sent 125896827 bytes 83297 pkt (dropped 3245, overlimits 0 requeues 0) 
 backlog 9084b 6p requeues 0
======================================================================
Timestamp: 2026-04-10 14:26:52
qdisc htb 1: root refcnt 13 r2q 10 default 0x10 direct_packets_stat 0 direct_qlen 1000
 Sent 126779489 bytes 83880 pkt (dropped 3272, overlimits 83375 requeues 0) 
 backlog 9084b 6p requeues 0
qdisc pfifo 20: parent 1:10 limit 12p
 Sent 126779489 bytes 83880 pkt (dropped 3272, overlimits 0 requeues 0) 
 backlog 9084b 6p requeues 0
======================================================================
Timestamp: 2026-04-10 14:26:53
qdisc htb 1: root refcnt 13 r2q 10 default 0x10 direct_packets_stat 0 direct_qlen 1000
 Sent 127663652 bytes 84464 pkt (dropped 3298, overlimits 83959 requeues 0) 
 backlog 16654b 11p requeues 0
qdisc pfifo 20: parent 1:10 limit 12p
 Sent 127663652 bytes 84464 pkt (dropped 3298, overlimits 0 requeues 0) 
 backlog 16654b 11p requeues 0
======================================================================
Timestamp: 2026-04-10 14:26:54
qdisc htb 1: root refcnt 13 r2q 10 default 0x10 direct_packets_stat 0 direct_qlen 1000
 Sent 128545448 bytes 85047 pkt (dropped 3327, overlimits 84542 requeues 0) 
 backlog 6056b 4p requeues 0
qdisc pfifo 20: parent 1:10 limit 12p
 Sent 128545448 bytes 85047 pkt (dropped 3327, overlimits 0 requeues 0) 
 backlog 6056b 4p requeues 0
======================================================================
Timestamp: 2026-04-10 14:26:55
qdisc htb 1: root refcnt 13 r2q 10 default 0x10 direct_packets_stat 0 direct_qlen 1000
 Sent 129418038 bytes 85624 pkt (dropped 3358, overlimits 85115 requeues 0) 
 backlog 12112b 8p requeues 0
qdisc pfifo 20: parent 1:10 limit 12p
 Sent 129418038 bytes 85624 pkt (dropped 3358, overlimits 0 requeues 0) 
 backlog 12112b 8p requeues 0
======================================================================
Timestamp: 2026-04-10 14:26:56
qdisc htb 1: root refcnt 13 r2q 10 default 0x10 direct_packets_stat 0 direct_qlen 1000
 Sent 130290102 bytes 86200 pkt (dropped 3372, overlimits 85686 requeues 0) 
 backlog 16654b 11p requeues 0
qdisc pfifo 20: parent 1:10 limit 12p
 Sent 130290102 bytes 86200 pkt (dropped 3372, overlimits 0 requeues 0) 
 backlog 16654b 11p requeues 0
======================================================================
Timestamp: 2026-04-10 14:26:57
qdisc htb 1: root refcnt 13 r2q 10 default 0x10 direct_packets_stat 0 direct_qlen 1000
 Sent 131124891 bytes 86752 pkt (dropped 3391, overlimits 86222 requeues 0) 
 backlog 16654b 11p requeues 0
qdisc pfifo 20: parent 1:10 limit 12p
 Sent 131124891 bytes 86752 pkt (dropped 3391, overlimits 0 requeues 0) 
 backlog 16654b 11p requeues 0
======================================================================
Timestamp: 2026-04-10 14:26:58
qdisc htb 1: root refcnt 13 r2q 10 default 0x10 direct_packets_stat 0 direct_qlen 1000
 Sent 132002763 bytes 87332 pkt (dropped 3422, overlimits 86801 requeues 0) 
 backlog 10598b 7p requeues 0
qdisc pfifo 20: parent 1:10 limit 12p
 Sent 132002763 bytes 87332 pkt (dropped 3422, overlimits 0 requeues 0) 
 backlog 10598b 7p requeues 0
======================================================================
Timestamp: 2026-04-10 14:26:59
qdisc htb 1: root refcnt 13 r2q 10 default 0x10 direct_packets_stat 0 direct_qlen 1000
 Sent 132883911 bytes 87914 pkt (dropped 3442, overlimits 87383 requeues 0) 
 backlog 10598b 7p requeues 0
qdisc pfifo 20: parent 1:10 limit 12p
 Sent 132883911 bytes 87914 pkt (dropped 3442, overlimits 0 requeues 0) 
 backlog 10598b 7p requeues 0
======================================================================
Timestamp: 2026-04-10 14:27:00
qdisc htb 1: root refcnt 13 r2q 10 default 0x10 direct_packets_stat 0 direct_qlen 1000
 Sent 133767119 bytes 88498 pkt (dropped 3472, overlimits 87966 requeues 0) 
 backlog 15140b 10p requeues 0
qdisc pfifo 20: parent 1:10 limit 12p
 Sent 133767119 bytes 88498 pkt (dropped 3472, overlimits 0 requeues 0) 
 backlog 15140b 10p requeues 0
======================================================================
Timestamp: 2026-04-10 14:27:01
qdisc htb 1: root refcnt 13 r2q 10 default 0x10 direct_packets_stat 0 direct_qlen 1000
 Sent 134646753 bytes 89079 pkt (dropped 3493, overlimits 88544 requeues 0) 
 backlog 12112b 8p requeues 0
qdisc pfifo 20: parent 1:10 limit 12p
 Sent 134646753 bytes 89079 pkt (dropped 3493, overlimits 0 requeues 0) 
 backlog 12112b 8p requeues 0
======================================================================
Timestamp: 2026-04-10 14:27:02
qdisc htb 1: root refcnt 13 r2q 10 default 0x10 direct_packets_stat 0 direct_qlen 1000
 Sent 135529307 bytes 89663 pkt (dropped 3524, overlimits 89127 requeues 0) 
 backlog 13626b 9p requeues 0
qdisc pfifo 20: parent 1:10 limit 12p
 Sent 135529307 bytes 89663 pkt (dropped 3524, overlimits 0 requeues 0) 
 backlog 13626b 9p requeues 0
======================================================================
Timestamp: 2026-04-10 14:27:03
qdisc htb 1: root refcnt 13 r2q 10 default 0x10 direct_packets_stat 0 direct_qlen 1000
 Sent 136416511 bytes 90249 pkt (dropped 3548, overlimits 89713 requeues 0) 
 backlog 13626b 9p requeues 0
qdisc pfifo 20: parent 1:10 limit 12p
 Sent 136416511 bytes 90249 pkt (dropped 3548, overlimits 0 requeues 0) 
 backlog 13626b 9p requeues 0
======================================================================
Timestamp: 2026-04-10 14:27:04
qdisc htb 1: root refcnt 13 r2q 10 default 0x10 direct_packets_stat 0 direct_qlen 1000
 Sent 137290694 bytes 90827 pkt (dropped 3569, overlimits 90286 requeues 0) 
 backlog 7Kb 5p requeues 0
qdisc pfifo 20: parent 1:10 limit 12p
 Sent 137290694 bytes 90827 pkt (dropped 3569, overlimits 0 requeues 0) 
 backlog 7Kb 5p requeues 0
======================================================================
Timestamp: 2026-04-10 14:27:05
qdisc htb 1: root refcnt 13 r2q 10 default 0x10 direct_packets_stat 0 direct_qlen 1000
 Sent 138165518 bytes 91406 pkt (dropped 3605, overlimits 90863 requeues 0) 
 backlog 13626b 9p requeues 0
qdisc pfifo 20: parent 1:10 limit 12p
 Sent 138165518 bytes 91406 pkt (dropped 3605, overlimits 0 requeues 0) 
 backlog 13626b 9p requeues 0
======================================================================
Timestamp: 2026-04-10 14:27:06
qdisc htb 1: root refcnt 13 r2q 10 default 0x10 direct_packets_stat 0 direct_qlen 1000
 Sent 139051150 bytes 91992 pkt (dropped 3639, overlimits 91449 requeues 0) 
 backlog 15140b 10p requeues 0
qdisc pfifo 20: parent 1:10 limit 12p
 Sent 139051150 bytes 91992 pkt (dropped 3639, overlimits 0 requeues 0) 
 backlog 15140b 10p requeues 0
======================================================================
Timestamp: 2026-04-10 14:27:07
qdisc htb 1: root refcnt 13 r2q 10 default 0x10 direct_packets_stat 0 direct_qlen 1000
 Sent 139901697 bytes 92554 pkt (dropped 3662, overlimits 92002 requeues 0) 
 backlog 0b 0p requeues 0
qdisc pfifo 20: parent 1:10 limit 12p
 Sent 139901697 bytes 92554 pkt (dropped 3662, overlimits 0 requeues 0) 
 backlog 0b 0p requeues 0
======================================================================
Timestamp: 2026-04-10 14:27:08
qdisc htb 1: root refcnt 13 r2q 10 default 0x10 direct_packets_stat 0 direct_qlen 1000
 Sent 140767444 bytes 93126 pkt (dropped 3688, overlimits 92563 requeues 0) 
 backlog 12112b 8p requeues 0
qdisc pfifo 20: parent 1:10 limit 12p
 Sent 140767444 bytes 93126 pkt (dropped 3688, overlimits 0 requeues 0) 
 backlog 12112b 8p requeues 0
======================================================================
Timestamp: 2026-04-10 14:27:09
qdisc htb 1: root refcnt 13 r2q 10 default 0x10 direct_packets_stat 0 direct_qlen 1000
 Sent 141651662 bytes 93711 pkt (dropped 3716, overlimits 93145 requeues 0) 
 backlog 13626b 9p requeues 0
qdisc pfifo 20: parent 1:10 limit 12p
 Sent 141651662 bytes 93711 pkt (dropped 3716, overlimits 0 requeues 0) 
 backlog 13626b 9p requeues 0
======================================================================
Timestamp: 2026-04-10 14:27:10
qdisc htb 1: root refcnt 13 r2q 10 default 0x10 direct_packets_stat 0 direct_qlen 1000
 Sent 142524047 bytes 94288 pkt (dropped 3737, overlimits 93717 requeues 0) 
 backlog 16654b 11p requeues 0
qdisc pfifo 20: parent 1:10 limit 12p
 Sent 142524047 bytes 94288 pkt (dropped 3737, overlimits 0 requeues 0) 
 backlog 16654b 11p requeues 0
======================================================================
Timestamp: 2026-04-10 14:27:11
qdisc htb 1: root refcnt 13 r2q 10 default 0x10 direct_packets_stat 0 direct_qlen 1000
 Sent 143400653 bytes 94867 pkt (dropped 3774, overlimits 94288 requeues 0) 
 backlog 15140b 10p requeues 0
qdisc pfifo 20: parent 1:10 limit 12p
 Sent 143400653 bytes 94867 pkt (dropped 3774, overlimits 0 requeues 0) 
 backlog 15140b 10p requeues 0
======================================================================
Timestamp: 2026-04-10 14:27:12
qdisc htb 1: root refcnt 13 r2q 10 default 0x10 direct_packets_stat 0 direct_qlen 1000
 Sent 144279702 bytes 95448 pkt (dropped 3807, overlimits 94866 requeues 0) 
 backlog 13626b 9p requeues 0
qdisc pfifo 20: parent 1:10 limit 12p
 Sent 144279702 bytes 95448 pkt (dropped 3807, overlimits 0 requeues 0) 
 backlog 13626b 9p requeues 0
======================================================================
Timestamp: 2026-04-10 14:27:13
qdisc htb 1: root refcnt 13 r2q 10 default 0x10 direct_packets_stat 0 direct_qlen 1000
 Sent 145163878 bytes 96032 pkt (dropped 3829, overlimits 95446 requeues 0) 
 backlog 18168b 12p requeues 0
qdisc pfifo 20: parent 1:10 limit 12p
 Sent 145163878 bytes 96032 pkt (dropped 3829, overlimits 0 requeues 0) 
 backlog 18168b 12p requeues 0
======================================================================
Timestamp: 2026-04-10 14:27:14
qdisc htb 1: root refcnt 13 r2q 10 default 0x10 direct_packets_stat 0 direct_qlen 1000
 Sent 146030444 bytes 96605 pkt (dropped 3864, overlimits 96015 requeues 0) 
 backlog 10598b 7p requeues 0
qdisc pfifo 20: parent 1:10 limit 12p
 Sent 146030444 bytes 96605 pkt (dropped 3864, overlimits 0 requeues 0) 
 backlog 10598b 7p requeues 0
======================================================================
Timestamp: 2026-04-10 14:27:15
qdisc htb 1: root refcnt 13 r2q 10 default 0x10 direct_packets_stat 0 direct_qlen 1000
 Sent 146913106 bytes 97188 pkt (dropped 3908, overlimits 96598 requeues 0) 
 backlog 16654b 11p requeues 0
qdisc pfifo 20: parent 1:10 limit 12p
 Sent 146913106 bytes 97188 pkt (dropped 3908, overlimits 0 requeues 0) 
 backlog 16654b 11p requeues 0
======================================================================
Timestamp: 2026-04-10 14:27:16
qdisc htb 1: root refcnt 13 r2q 10 default 0x10 direct_packets_stat 0 direct_qlen 1000
 Sent 147714483 bytes 97718 pkt (dropped 3944, overlimits 97107 requeues 0) 
 backlog 9084b 6p requeues 0
qdisc pfifo 20: parent 1:10 limit 12p
 Sent 147714483 bytes 97718 pkt (dropped 3944, overlimits 0 requeues 0) 
 backlog 9084b 6p requeues 0
======================================================================
Timestamp: 2026-04-10 14:27:17
qdisc htb 1: root refcnt 13 r2q 10 default 0x10 direct_packets_stat 0 direct_qlen 1000
 Sent 148511913 bytes 98249 pkt (dropped 3952, overlimits 97629 requeues 0) 
 backlog 0b 0p requeues 0
qdisc pfifo 20: parent 1:10 limit 12p
 Sent 148511913 bytes 98249 pkt (dropped 3952, overlimits 0 requeues 0) 
 backlog 0b 0p requeues 0
======================================================================
Timestamp: 2026-04-10 14:27:18
qdisc htb 1: root refcnt 13 r2q 10 default 0x10 direct_packets_stat 0 direct_qlen 1000
 Sent 148654299 bytes 98348 pkt (dropped 3952, overlimits 97710 requeues 0) 
 backlog 0b 0p requeues 0
qdisc pfifo 20: parent 1:10 limit 12p
 Sent 148654299 bytes 98348 pkt (dropped 3952, overlimits 0 requeues 0) 
 backlog 0b 0p requeues 0
======================================================================
Timestamp: 2026-04-10 14:27:19
qdisc htb 1: root refcnt 13 r2q 10 default 0x10 direct_packets_stat 0 direct_qlen 1000
 Sent 148839713 bytes 98471 pkt (dropped 3952, overlimits 97832 requeues 0) 
 backlog 0b 0p requeues 0
qdisc pfifo 20: parent 1:10 limit 12p
 Sent 148839713 bytes 98471 pkt (dropped 3952, overlimits 0 requeues 0) 
 backlog 0b 0p requeues 0
======================================================================
Timestamp: 2026-04-10 14:27:20
qdisc htb 1: root refcnt 13 r2q 10 default 0x10 direct_packets_stat 0 direct_qlen 1000
 Sent 149034758 bytes 98600 pkt (dropped 3952, overlimits 97958 requeues 0) 
 backlog 6056b 4p requeues 0
qdisc pfifo 20: parent 1:10 limit 12p
 Sent 149034758 bytes 98600 pkt (dropped 3952, overlimits 0 requeues 0) 
 backlog 6056b 4p requeues 0
======================================================================
Timestamp: 2026-04-10 14:27:21
qdisc htb 1: root refcnt 13 r2q 10 default 0x10 direct_packets_stat 0 direct_qlen 1000
 Sent 149915906 bytes 99182 pkt (dropped 3952, overlimits 98540 requeues 0) 
 backlog 7570b 5p requeues 0
qdisc pfifo 20: parent 1:10 limit 12p
 Sent 149915906 bytes 99182 pkt (dropped 3952, overlimits 0 requeues 0) 
 backlog 7570b 5p requeues 0
======================================================================
Timestamp: 2026-04-10 14:27:22
qdisc htb 1: root refcnt 13 r2q 10 default 0x10 direct_packets_stat 0 direct_qlen 1000
 Sent 150347222 bytes 99468 pkt (dropped 3952, overlimits 98823 requeues 0) 
 backlog 6056b 4p requeues 0
qdisc pfifo 20: parent 1:10 limit 12p
 Sent 150347222 bytes 99468 pkt (dropped 3952, overlimits 0 requeues 0) 
 backlog 6056b 4p requeues 0
======================================================================
Timestamp: 2026-04-10 14:27:23
qdisc htb 1: root refcnt 13 r2q 10 default 0x10 direct_packets_stat 0 direct_qlen 1000
 Sent 151228370 bytes 100050 pkt (dropped 3952, overlimits 99405 requeues 0) 
 backlog 7570b 5p requeues 0
qdisc pfifo 20: parent 1:10 limit 12p
 Sent 151228370 bytes 100050 pkt (dropped 3952, overlimits 0 requeues 0) 
 backlog 7570b 5p requeues 0
======================================================================
Timestamp: 2026-04-10 14:27:24
qdisc htb 1: root refcnt 13 r2q 10 default 0x10 direct_packets_stat 0 direct_qlen 1000
 Sent 151581310 bytes 100284 pkt (dropped 3952, overlimits 99636 requeues 0) 
 backlog 7570b 5p requeues 0
qdisc pfifo 20: parent 1:10 limit 12p
 Sent 151581310 bytes 100284 pkt (dropped 3952, overlimits 0 requeues 0) 
 backlog 7570b 5p requeues 0
======================================================================
Timestamp: 2026-04-10 14:27:25
qdisc htb 1: root refcnt 13 r2q 10 default 0x10 direct_packets_stat 0 direct_qlen 1000
 Sent 152467000 bytes 100869 pkt (dropped 3952, overlimits 100221 requeues 0) 
 backlog 7570b 5p requeues 0
qdisc pfifo 20: parent 1:10 limit 12p
 Sent 152467000 bytes 100869 pkt (dropped 3952, overlimits 0 requeues 0) 
 backlog 7570b 5p requeues 0
======================================================================
Timestamp: 2026-04-10 14:27:26
qdisc htb 1: root refcnt 13 r2q 10 default 0x10 direct_packets_stat 0 direct_qlen 1000
 Sent 152845874 bytes 101120 pkt (dropped 3952, overlimits 100469 requeues 0) 
 backlog 7570b 5p requeues 0
qdisc pfifo 20: parent 1:10 limit 12p
 Sent 152845874 bytes 101120 pkt (dropped 3952, overlimits 0 requeues 0) 
 backlog 7570b 5p requeues 0
======================================================================
Timestamp: 2026-04-10 14:27:27
qdisc htb 1: root refcnt 13 r2q 10 default 0x10 direct_packets_stat 0 direct_qlen 1000
 Sent 153724060 bytes 101701 pkt (dropped 3952, overlimits 101050 requeues 0) 
 backlog 6056b 4p requeues 0
qdisc pfifo 20: parent 1:10 limit 12p
 Sent 153724060 bytes 101701 pkt (dropped 3952, overlimits 0 requeues 0) 
 backlog 6056b 4p requeues 0
======================================================================
Timestamp: 2026-04-10 14:27:28
qdisc htb 1: root refcnt 13 r2q 10 default 0x10 direct_packets_stat 0 direct_qlen 1000
 Sent 153971137 bytes 101865 pkt (dropped 3952, overlimits 101211 requeues 0) 
 backlog 7570b 5p requeues 0
qdisc pfifo 20: parent 1:10 limit 12p
 Sent 153971137 bytes 101865 pkt (dropped 3952, overlimits 0 requeues 0) 
 backlog 7570b 5p requeues 0
======================================================================
Timestamp: 2026-04-10 14:27:29
qdisc htb 1: root refcnt 13 r2q 10 default 0x10 direct_packets_stat 0 direct_qlen 1000
 Sent 154852285 bytes 102447 pkt (dropped 3952, overlimits 101793 requeues 0) 
 backlog 4542b 3p requeues 0
qdisc pfifo 20: parent 1:10 limit 12p
 Sent 154852285 bytes 102447 pkt (dropped 3952, overlimits 0 requeues 0) 
 backlog 4542b 3p requeues 0
======================================================================
Timestamp: 2026-04-10 14:27:30
qdisc htb 1: root refcnt 13 r2q 10 default 0x10 direct_packets_stat 0 direct_qlen 1000
 Sent 155076214 bytes 102596 pkt (dropped 3952, overlimits 101939 requeues 0) 
 backlog 6056b 4p requeues 0
qdisc pfifo 20: parent 1:10 limit 12p
 Sent 155076214 bytes 102596 pkt (dropped 3952, overlimits 0 requeues 0) 
 backlog 6056b 4p requeues 0
======================================================================
Timestamp: 2026-04-10 14:27:31
qdisc htb 1: root refcnt 13 r2q 10 default 0x10 direct_packets_stat 0 direct_qlen 1000
 Sent 155542734 bytes 102905 pkt (dropped 3952, overlimits 102248 requeues 0) 
 backlog 0b 0p requeues 0
qdisc pfifo 20: parent 1:10 limit 12p
 Sent 155542734 bytes 102905 pkt (dropped 3952, overlimits 0 requeues 0) 
 backlog 0b 0p requeues 0
======================================================================
Timestamp: 2026-04-10 14:27:32
qdisc htb 1: root refcnt 13 r2q 10 default 0x10 direct_packets_stat 0 direct_qlen 1000
 Sent 155674191 bytes 102992 pkt (dropped 3952, overlimits 102332 requeues 0) 
 backlog 7570b 5p requeues 0
qdisc pfifo 20: parent 1:10 limit 12p
 Sent 155674191 bytes 102992 pkt (dropped 3952, overlimits 0 requeues 0) 
 backlog 7570b 5p requeues 0
======================================================================
Timestamp: 2026-04-10 14:27:33
qdisc htb 1: root refcnt 13 r2q 10 default 0x10 direct_packets_stat 0 direct_qlen 1000
 Sent 156555339 bytes 103574 pkt (dropped 3952, overlimits 102914 requeues 0) 
 backlog 6056b 4p requeues 0
qdisc pfifo 20: parent 1:10 limit 12p
 Sent 156555339 bytes 103574 pkt (dropped 3952, overlimits 0 requeues 0) 
 backlog 6056b 4p requeues 0
======================================================================
Timestamp: 2026-04-10 14:27:34
qdisc htb 1: root refcnt 13 r2q 10 default 0x10 direct_packets_stat 0 direct_qlen 1000
 Sent 156845247 bytes 103766 pkt (dropped 3952, overlimits 103103 requeues 0) 
 backlog 6056b 4p requeues 0
qdisc pfifo 20: parent 1:10 limit 12p
 Sent 156845247 bytes 103766 pkt (dropped 3952, overlimits 0 requeues 0) 
 backlog 6056b 4p requeues 0
======================================================================
Timestamp: 2026-04-10 14:27:35
qdisc htb 1: root refcnt 13 r2q 10 default 0x10 direct_packets_stat 0 direct_qlen 1000
 Sent 157672232 bytes 104313 pkt (dropped 3952, overlimits 103650 requeues 0) 
 backlog 0b 0p requeues 0
qdisc pfifo 20: parent 1:10 limit 12p
 Sent 157672232 bytes 104313 pkt (dropped 3952, overlimits 0 requeues 0) 
 backlog 0b 0p requeues 0
======================================================================
Timestamp: 2026-04-10 14:27:36
qdisc htb 1: root refcnt 13 r2q 10 default 0x10 direct_packets_stat 0 direct_qlen 1000
 Sent 157784007 bytes 104387 pkt (dropped 3952, overlimits 103721 requeues 0) 
 backlog 6056b 4p requeues 0
qdisc pfifo 20: parent 1:10 limit 12p
 Sent 157784007 bytes 104387 pkt (dropped 3952, overlimits 0 requeues 0) 
 backlog 6056b 4p requeues 0
