  Time         s2-eth2      
HH:MM:SS   KB/s in  KB/s out
16:57:14      7.27    206.20
16:57:15     10.33    660.99
16:57:16     10.87    804.99
16:57:17      7.45    565.94
16:57:18      1.56     91.02
16:57:19      9.37    809.79
16:57:20      0.70     36.81
16:57:21      9.65    844.25
16:57:22      3.64    386.13
16:57:23     10.41    832.57
16:57:24      3.94    367.77
16:57:25     10.10    786.34
16:57:26      4.54    443.28
16:57:27      9.69    739.19
16:57:28      3.78    355.67
16:57:29      8.28    698.19
16:57:30      4.17    375.96
16:57:31      8.12    579.17
16:57:32      0.07      0.00
16:57:33      7.14    597.88
16:57:34      4.83    535.70
16:57:35      7.52    537.24
  Time         s2-eth2      
HH:MM:SS   KB/s in  KB/s out
16:57:36      4.54    378.77
16:57:37      5.76    411.91
16:57:38      7.48    756.42
16:57:39      6.21    416.21
16:57:40      2.34    168.40
16:57:41      4.84    317.32
16:57:42      5.49    650.77
16:57:43      4.18    256.48
16:57:44      2.52    189.98
16:57:45      5.08    174.90
16:57:46      3.23    233.92
16:57:47      4.75    118.31
16:57:48      6.69    280.50
16:57:49      3.24     40.99
16:57:50     11.18    572.12
16:57:51      5.86    360.52
16:57:52      8.58    396.14
16:57:53      4.06     10.38
16:57:54      9.94    497.24
16:57:55     10.38    614.15
16:57:56     10.37    524.23
16:57:57      7.80    368.01
  Time         s2-eth2      
HH:MM:SS   KB/s in  KB/s out
16:57:58      9.54    418.57
16:57:59     10.73    554.75
16:58:00     10.90    540.44
16:58:01      9.69    675.30
16:58:02      4.47    188.21
16:58:03      1.99     79.00
16:58:04      2.70     90.20
16:58:05      6.21    237.24
16:58:06      2.51    100.77
16:58:07     10.50    655.39
16:58:08      6.07    388.88
16:58:09     10.98    634.73
16:58:10      3.26    125.32
16:58:11     12.78    445.86
16:58:12      9.04    406.66
16:58:13     11.07    681.87
16:58:14      2.13     96.26
16:58:15     10.50    572.24
16:58:16      3.57    254.58
16:58:17     10.78    492.87
16:58:18      6.25    350.12
16:58:19     10.21    557.42
  Time         s2-eth2      
HH:MM:SS   KB/s in  KB/s out
16:58:20      7.00    378.03
16:58:21      9.89    441.65
16:58:22     10.12    551.95
16:58:23      8.12    369.44
16:58:24      4.02    182.34
16:58:25      7.40    207.10
16:58:26      9.46    501.36
16:58:27      7.41    313.75
16:58:28      8.33    509.78
16:58:29      6.11    262.46
16:58:30      1.39     56.34
16:58:31      4.81    202.24
16:58:32      9.18    563.35
16:58:33      4.44    210.60
16:58:34      5.24    279.43
16:58:35      6.23    151.75
16:58:36     11.07    594.98
16:58:37     11.37    600.74
16:58:38     11.64    575.35
16:58:39      4.73    100.33
16:58:40     11.07    501.50
16:58:41      7.56    285.37
  Time         s2-eth2      
HH:MM:SS   KB/s in  KB/s out
16:58:42      8.29    361.51
16:58:43      5.35     32.93
16:58:44     11.83    609.16
16:58:45      5.42    170.58
16:58:46      9.66    418.54
16:58:47      2.79     10.43
16:58:48      9.86    453.48
16:58:49     12.18    592.90
16:58:50     11.05    632.11
16:58:51      6.00    341.53
16:58:52      9.67    442.85
16:58:53     11.08    660.50
16:58:54      8.67    413.31
16:58:55      7.58    444.42
16:58:56      6.13    443.97
16:58:57      8.04    492.77
16:58:58      7.43    435.30
16:58:59      7.54    483.58
16:59:00      8.01    294.34
16:59:01     11.05    516.35
16:59:02     10.83    642.76
16:59:03      7.95    419.85
  Time         s2-eth2      
HH:MM:SS   KB/s in  KB/s out
16:59:04      3.36    142.66
16:59:05     11.26    535.11
16:59:06      5.92    356.77
16:59:07     10.88    640.57
16:59:08      2.04     49.19
16:59:09     11.40    608.97
16:59:10     11.51    596.68
16:59:11     10.26    523.04
16:59:12      7.59    357.59
16:59:13      9.79    452.21
16:59:14      7.23    363.54
16:59:15      8.60    355.90
16:59:16      2.62    106.08
16:59:17      8.07    310.70
16:59:18      0.00      0.07
16:59:19      7.37    250.55
16:59:20     10.22    504.65
16:59:21      7.88    374.56
16:59:22      9.56    457.30
16:59:23      6.48    359.35
16:59:24      6.88    432.97
16:59:25      6.23    254.61
  Time         s2-eth2      
HH:MM:SS   KB/s in  KB/s out
16:59:26     10.19    595.16
16:59:27      6.39    185.99
16:59:28     11.93    558.70
16:59:29      7.22    291.82
16:59:30     11.73    544.99
16:59:31     10.71    541.24
16:59:32      6.34    419.63
16:59:33      3.41    105.24
16:59:34     11.07    541.79
16:59:35      7.02    279.20
16:59:36      5.68    287.32
16:59:37      1.22     22.66
16:59:38      8.77    413.98
16:59:39      4.40     10.52
16:59:40     10.06    360.06
16:59:41     11.14    585.46
16:59:42     10.10    671.07
16:59:43      3.31    243.06
16:59:44     10.08    587.97
16:59:45      3.22    219.32
16:59:46      9.70    616.07
16:59:47      2.18    176.54
  Time         s2-eth2      
HH:MM:SS   KB/s in  KB/s out
16:59:48      8.47    538.07
16:59:49      3.50    272.95
16:59:50      8.28    518.35
16:59:51      3.69    290.08
16:59:52      6.30    482.86
16:59:53      4.26    365.56
16:59:54      6.70    430.26
16:59:55      8.99    729.24
16:59:56      6.18    382.99
16:59:57     10.03    766.70
16:59:58      5.44    322.95
16:59:59     10.98    833.97
17:00:00      4.98    318.19
17:00:01     10.42    816.11
17:00:02      3.94    241.18
17:00:03      1.23     73.99
17:00:04      3.30    186.23
17:00:05      2.46    188.77
17:00:06      2.66    133.85
17:00:07      8.08    692.95
17:00:08      1.65     93.74
17:00:09      9.94    838.08
  Time         s2-eth2      
HH:MM:SS   KB/s in  KB/s out
17:00:10      3.45    334.07
17:00:11     12.51    827.18
17:00:12      4.68    409.18
17:00:13      9.37    840.14
17:00:14      3.19    340.29
17:00:15     12.02    798.65
17:00:16      4.83    405.34
17:00:17     10.07    715.38
17:00:18      1.71    123.64
17:00:19      9.60    714.89
17:00:20      4.83    464.39
17:00:21      7.68    591.57
17:00:22      3.85    377.90
17:00:23      8.47    517.54
17:00:24      1.08     31.95
17:00:25      8.72    488.32
17:00:26      3.09    213.67
17:00:27      6.36    448.30
17:00:28      6.24    664.48
17:00:29      5.57    319.00
17:00:30      0.00      0.00
17:00:31      6.30    324.44
  Time         s2-eth2      
HH:MM:SS   KB/s in  KB/s out
17:00:32      2.15    140.47
