Starting TC Qdisc Monitoring for s1-eth2
Timestamp, Qdisc Stats
======================================================================
Timestamp: 2026-04-01 03:45:57
qdisc htb 1: root refcnt 13 r2q 10 default 0x10 direct_packets_stat 0 direct_qlen 1000
 Sent 3469 bytes 27 pkt (dropped 0, overlimits 0 requeues 0) 
 backlog 0b 0p requeues 0
qdisc pfifo 20: parent 1:10 limit 12p
 Sent 3469 bytes 27 pkt (dropped 0, overlimits 0 requeues 0) 
 backlog 0b 0p requeues 0
======================================================================
Timestamp: 2026-04-01 03:45:58
qdisc htb 1: root refcnt 13 r2q 10 default 0x10 direct_packets_stat 0 direct_qlen 1000
 Sent 6666 bytes 32 pkt (dropped 0, overlimits 1 requeues 0) 
 backlog 0b 0p requeues 0
qdisc pfifo 20: parent 1:10 limit 12p
 Sent 6666 bytes 32 pkt (dropped 0, overlimits 0 requeues 0) 
 backlog 0b 0p requeues 0
======================================================================
Timestamp: 2026-04-01 03:45:59
qdisc htb 1: root refcnt 13 r2q 10 default 0x10 direct_packets_stat 0 direct_qlen 1000
 Sent 482382 bytes 351 pkt (dropped 0, overlimits 311 requeues 0) 
 backlog 6056b 4p requeues 0
qdisc pfifo 20: parent 1:10 limit 12p
 Sent 482382 bytes 351 pkt (dropped 0, overlimits 0 requeues 0) 
 backlog 6056b 4p requeues 0
======================================================================
Timestamp: 2026-04-01 03:46:00
qdisc htb 1: root refcnt 13 r2q 10 default 0x10 direct_packets_stat 0 direct_qlen 1000
 Sent 1360502 bytes 931 pkt (dropped 0, overlimits 891 requeues 0) 
 backlog 7570b 5p requeues 0
qdisc pfifo 20: parent 1:10 limit 12p
 Sent 1360502 bytes 931 pkt (dropped 0, overlimits 0 requeues 0) 
 backlog 7570b 5p requeues 0
======================================================================
Timestamp: 2026-04-01 03:46:01
qdisc htb 1: root refcnt 13 r2q 10 default 0x10 direct_packets_stat 0 direct_qlen 1000
 Sent 1940462 bytes 1315 pkt (dropped 0, overlimits 1273 requeues 0) 
 backlog 7570b 5p requeues 0
qdisc pfifo 20: parent 1:10 limit 12p
 Sent 1940462 bytes 1315 pkt (dropped 0, overlimits 0 requeues 0) 
 backlog 7570b 5p requeues 0
======================================================================
Timestamp: 2026-04-01 03:46:02
qdisc htb 1: root refcnt 13 r2q 10 default 0x10 direct_packets_stat 0 direct_qlen 1000
 Sent 2586712 bytes 1742 pkt (dropped 0, overlimits 1700 requeues 0) 
 backlog 0b 0p requeues 0
qdisc pfifo 20: parent 1:10 limit 12p
 Sent 2586712 bytes 1742 pkt (dropped 0, overlimits 0 requeues 0) 
 backlog 0b 0p requeues 0
======================================================================
Timestamp: 2026-04-01 03:46:03
qdisc htb 1: root refcnt 13 r2q 10 default 0x10 direct_packets_stat 0 direct_qlen 1000
 Sent 2911891 bytes 1959 pkt (dropped 0, overlimits 1914 requeues 0) 
 backlog 0b 0p requeues 0
qdisc pfifo 20: parent 1:10 limit 12p
 Sent 2911891 bytes 1959 pkt (dropped 0, overlimits 0 requeues 0) 
 backlog 0b 0p requeues 0
======================================================================
Timestamp: 2026-04-01 03:46:04
qdisc htb 1: root refcnt 13 r2q 10 default 0x10 direct_packets_stat 0 direct_qlen 1000
 Sent 2911961 bytes 1960 pkt (dropped 0, overlimits 1914 requeues 0) 
 backlog 0b 0p requeues 0
qdisc pfifo 20: parent 1:10 limit 12p
 Sent 2911961 bytes 1960 pkt (dropped 0, overlimits 0 requeues 0) 
 backlog 0b 0p requeues 0
======================================================================
Timestamp: 2026-04-01 03:46:05
qdisc htb 1: root refcnt 13 r2q 10 default 0x10 direct_packets_stat 0 direct_qlen 1000
 Sent 3298823 bytes 2216 pkt (dropped 0, overlimits 2167 requeues 0) 
 backlog 0b 0p requeues 0
qdisc pfifo 20: parent 1:10 limit 12p
 Sent 3298823 bytes 2216 pkt (dropped 0, overlimits 0 requeues 0) 
 backlog 0b 0p requeues 0
======================================================================
Timestamp: 2026-04-01 03:46:06
qdisc htb 1: root refcnt 13 r2q 10 default 0x10 direct_packets_stat 0 direct_qlen 1000
 Sent 3298823 bytes 2216 pkt (dropped 0, overlimits 2167 requeues 0) 
 backlog 0b 0p requeues 0
qdisc pfifo 20: parent 1:10 limit 12p
 Sent 3298823 bytes 2216 pkt (dropped 0, overlimits 0 requeues 0) 
 backlog 0b 0p requeues 0
======================================================================
Timestamp: 2026-04-01 03:46:07
qdisc htb 1: root refcnt 13 r2q 10 default 0x10 direct_packets_stat 0 direct_qlen 1000
 Sent 3768123 bytes 2527 pkt (dropped 0, overlimits 2474 requeues 0) 
 backlog 7570b 5p requeues 0
qdisc pfifo 20: parent 1:10 limit 12p
 Sent 3768123 bytes 2527 pkt (dropped 0, overlimits 0 requeues 0) 
 backlog 7570b 5p requeues 0
======================================================================
Timestamp: 2026-04-01 03:46:08
qdisc htb 1: root refcnt 13 r2q 10 default 0x10 direct_packets_stat 0 direct_qlen 1000
 Sent 4369844 bytes 2925 pkt (dropped 0, overlimits 2872 requeues 0) 
 backlog 0b 0p requeues 0
qdisc pfifo 20: parent 1:10 limit 12p
 Sent 4369844 bytes 2925 pkt (dropped 0, overlimits 0 requeues 0) 
 backlog 0b 0p requeues 0
======================================================================
Timestamp: 2026-04-01 03:46:09
qdisc htb 1: root refcnt 13 r2q 10 default 0x10 direct_packets_stat 0 direct_qlen 1000
 Sent 4819241 bytes 3222 pkt (dropped 0, overlimits 3166 requeues 0) 
 backlog 6056b 4p requeues 0
qdisc pfifo 20: parent 1:10 limit 12p
 Sent 4819241 bytes 3222 pkt (dropped 0, overlimits 0 requeues 0) 
 backlog 6056b 4p requeues 0
======================================================================
Timestamp: 2026-04-01 03:46:10
qdisc htb 1: root refcnt 13 r2q 10 default 0x10 direct_packets_stat 0 direct_qlen 1000
 Sent 5636143 bytes 3762 pkt (dropped 0, overlimits 3706 requeues 0) 
 backlog 0b 0p requeues 0
qdisc pfifo 20: parent 1:10 limit 12p
 Sent 5636143 bytes 3762 pkt (dropped 0, overlimits 0 requeues 0) 
 backlog 0b 0p requeues 0
======================================================================
Timestamp: 2026-04-01 03:46:11
qdisc htb 1: root refcnt 13 r2q 10 default 0x10 direct_packets_stat 0 direct_qlen 1000
 Sent 6070400 bytes 4049 pkt (dropped 0, overlimits 3990 requeues 0) 
 backlog 6056b 4p requeues 0
qdisc pfifo 20: parent 1:10 limit 12p
 Sent 6070400 bytes 4049 pkt (dropped 0, overlimits 0 requeues 0) 
 backlog 6056b 4p requeues 0
======================================================================
Timestamp: 2026-04-01 03:46:12
qdisc htb 1: root refcnt 13 r2q 10 default 0x10 direct_packets_stat 0 direct_qlen 1000
 Sent 6950034 bytes 4630 pkt (dropped 0, overlimits 4571 requeues 0) 
 backlog 6056b 4p requeues 0
qdisc pfifo 20: parent 1:10 limit 12p
 Sent 6950034 bytes 4630 pkt (dropped 0, overlimits 0 requeues 0) 
 backlog 6056b 4p requeues 0
======================================================================
Timestamp: 2026-04-01 03:46:13
qdisc htb 1: root refcnt 13 r2q 10 default 0x10 direct_packets_stat 0 direct_qlen 1000
 Sent 7381079 bytes 4915 pkt (dropped 0, overlimits 4853 requeues 0) 
 backlog 7570b 5p requeues 0
qdisc pfifo 20: parent 1:10 limit 12p
 Sent 7381079 bytes 4915 pkt (dropped 0, overlimits 0 requeues 0) 
 backlog 7570b 5p requeues 0
======================================================================
Timestamp: 2026-04-01 03:46:14
qdisc htb 1: root refcnt 13 r2q 10 default 0x10 direct_packets_stat 0 direct_qlen 1000
 Sent 8193749 bytes 5452 pkt (dropped 0, overlimits 5390 requeues 0) 
 backlog 0b 0p requeues 0
qdisc pfifo 20: parent 1:10 limit 12p
 Sent 8193749 bytes 5452 pkt (dropped 0, overlimits 0 requeues 0) 
 backlog 0b 0p requeues 0
======================================================================
Timestamp: 2026-04-01 03:46:15
qdisc htb 1: root refcnt 13 r2q 10 default 0x10 direct_packets_stat 0 direct_qlen 1000
 Sent 8599240 bytes 5720 pkt (dropped 0, overlimits 5655 requeues 0) 
 backlog 6056b 4p requeues 0
qdisc pfifo 20: parent 1:10 limit 12p
 Sent 8599240 bytes 5720 pkt (dropped 0, overlimits 0 requeues 0) 
 backlog 6056b 4p requeues 0
======================================================================
Timestamp: 2026-04-01 03:46:16
qdisc htb 1: root refcnt 13 r2q 10 default 0x10 direct_packets_stat 0 direct_qlen 1000
 Sent 9442778 bytes 6278 pkt (dropped 0, overlimits 6213 requeues 0) 
 backlog 0b 0p requeues 0
qdisc pfifo 20: parent 1:10 limit 12p
 Sent 9442778 bytes 6278 pkt (dropped 0, overlimits 0 requeues 0) 
 backlog 0b 0p requeues 0
======================================================================
Timestamp: 2026-04-01 03:46:17
qdisc htb 1: root refcnt 13 r2q 10 default 0x10 direct_packets_stat 0 direct_qlen 1000
 Sent 9834643 bytes 6537 pkt (dropped 0, overlimits 6469 requeues 0) 
 backlog 7570b 5p requeues 0
qdisc pfifo 20: parent 1:10 limit 12p
 Sent 9834643 bytes 6537 pkt (dropped 0, overlimits 0 requeues 0) 
 backlog 7570b 5p requeues 0
======================================================================
Timestamp: 2026-04-01 03:46:18
qdisc htb 1: root refcnt 13 r2q 10 default 0x10 direct_packets_stat 0 direct_qlen 1000
 Sent 10669594 bytes 7089 pkt (dropped 0, overlimits 7021 requeues 0) 
 backlog 0b 0p requeues 0
qdisc pfifo 20: parent 1:10 limit 12p
 Sent 10669594 bytes 7089 pkt (dropped 0, overlimits 0 requeues 0) 
 backlog 0b 0p requeues 0
======================================================================
Timestamp: 2026-04-01 03:46:19
qdisc htb 1: root refcnt 13 r2q 10 default 0x10 direct_packets_stat 0 direct_qlen 1000
 Sent 11037375 bytes 7334 pkt (dropped 0, overlimits 7261 requeues 0) 
 backlog 7570b 5p requeues 0
qdisc pfifo 20: parent 1:10 limit 12p
 Sent 11037375 bytes 7334 pkt (dropped 0, overlimits 0 requeues 0) 
 backlog 7570b 5p requeues 0
======================================================================
Timestamp: 2026-04-01 03:46:20
qdisc htb 1: root refcnt 13 r2q 10 default 0x10 direct_packets_stat 0 direct_qlen 1000
 Sent 11895138 bytes 7901 pkt (dropped 0, overlimits 7828 requeues 0) 
 backlog 0b 0p requeues 0
qdisc pfifo 20: parent 1:10 limit 12p
 Sent 11895138 bytes 7901 pkt (dropped 0, overlimits 0 requeues 0) 
 backlog 0b 0p requeues 0
======================================================================
Timestamp: 2026-04-01 03:46:21
qdisc htb 1: root refcnt 13 r2q 10 default 0x10 direct_packets_stat 0 direct_qlen 1000
 Sent 12253695 bytes 8138 pkt (dropped 0, overlimits 8062 requeues 0) 
 backlog 7570b 5p requeues 0
qdisc pfifo 20: parent 1:10 limit 12p
 Sent 12253695 bytes 8138 pkt (dropped 0, overlimits 0 requeues 0) 
 backlog 7570b 5p requeues 0
======================================================================
Timestamp: 2026-04-01 03:46:22
qdisc htb 1: root refcnt 13 r2q 10 default 0x10 direct_packets_stat 0 direct_qlen 1000
 Sent 13131780 bytes 8719 pkt (dropped 0, overlimits 8643 requeues 0) 
 backlog 0b 0p requeues 0
qdisc pfifo 20: parent 1:10 limit 12p
 Sent 13131780 bytes 8719 pkt (dropped 0, overlimits 0 requeues 0) 
 backlog 0b 0p requeues 0
======================================================================
Timestamp: 2026-04-01 03:46:23
qdisc htb 1: root refcnt 13 r2q 10 default 0x10 direct_packets_stat 0 direct_qlen 1000
 Sent 13489044 bytes 8956 pkt (dropped 0, overlimits 8876 requeues 0) 
 backlog 6056b 4p requeues 0
qdisc pfifo 20: parent 1:10 limit 12p
 Sent 13489044 bytes 8956 pkt (dropped 0, overlimits 0 requeues 0) 
 backlog 6056b 4p requeues 0
======================================================================
Timestamp: 2026-04-01 03:46:24
qdisc htb 1: root refcnt 13 r2q 10 default 0x10 direct_packets_stat 0 direct_qlen 1000
 Sent 14057495 bytes 9332 pkt (dropped 0, overlimits 9252 requeues 0) 
 backlog 0b 0p requeues 0
qdisc pfifo 20: parent 1:10 limit 12p
 Sent 14057495 bytes 9332 pkt (dropped 0, overlimits 0 requeues 0) 
 backlog 0b 0p requeues 0
======================================================================
Timestamp: 2026-04-01 03:46:25
qdisc htb 1: root refcnt 13 r2q 10 default 0x10 direct_packets_stat 0 direct_qlen 1000
 Sent 14406968 bytes 9563 pkt (dropped 0, overlimits 9480 requeues 0) 
 backlog 6056b 4p requeues 0
qdisc pfifo 20: parent 1:10 limit 12p
 Sent 14406968 bytes 9563 pkt (dropped 0, overlimits 0 requeues 0) 
 backlog 6056b 4p requeues 0
======================================================================
Timestamp: 2026-04-01 03:46:26
qdisc htb 1: root refcnt 13 r2q 10 default 0x10 direct_packets_stat 0 direct_qlen 1000
 Sent 14905143 bytes 9893 pkt (dropped 0, overlimits 9810 requeues 0) 
 backlog 0b 0p requeues 0
qdisc pfifo 20: parent 1:10 limit 12p
 Sent 14905143 bytes 9893 pkt (dropped 0, overlimits 0 requeues 0) 
 backlog 0b 0p requeues 0
======================================================================
Timestamp: 2026-04-01 03:46:27
qdisc htb 1: root refcnt 13 r2q 10 default 0x10 direct_packets_stat 0 direct_qlen 1000
 Sent 15239897 bytes 10120 pkt (dropped 0, overlimits 10034 requeues 0) 
 backlog 6056b 4p requeues 0
qdisc pfifo 20: parent 1:10 limit 12p
 Sent 15239897 bytes 10120 pkt (dropped 0, overlimits 0 requeues 0) 
 backlog 6056b 4p requeues 0
======================================================================
Timestamp: 2026-04-01 03:46:28
qdisc htb 1: root refcnt 13 r2q 10 default 0x10 direct_packets_stat 0 direct_qlen 1000
 Sent 16126129 bytes 10711 pkt (dropped 0, overlimits 10625 requeues 0) 
 backlog 12112b 8p requeues 0
qdisc pfifo 20: parent 1:10 limit 12p
 Sent 16126129 bytes 10711 pkt (dropped 0, overlimits 0 requeues 0) 
 backlog 12112b 8p requeues 0
======================================================================
Timestamp: 2026-04-01 03:46:29
qdisc htb 1: root refcnt 13 r2q 10 default 0x10 direct_packets_stat 0 direct_qlen 1000
 Sent 17009022 bytes 11298 pkt (dropped 1, overlimits 11209 requeues 0) 
 backlog 12112b 8p requeues 0
qdisc pfifo 20: parent 1:10 limit 12p
 Sent 17009022 bytes 11298 pkt (dropped 1, overlimits 0 requeues 0) 
 backlog 12112b 8p requeues 0
======================================================================
Timestamp: 2026-04-01 03:46:30
qdisc htb 1: root refcnt 13 r2q 10 default 0x10 direct_packets_stat 0 direct_qlen 1000
 Sent 17893198 bytes 11882 pkt (dropped 1, overlimits 11793 requeues 0) 
 backlog 12112b 8p requeues 0
qdisc pfifo 20: parent 1:10 limit 12p
 Sent 17893198 bytes 11882 pkt (dropped 1, overlimits 0 requeues 0) 
 backlog 12112b 8p requeues 0
======================================================================
Timestamp: 2026-04-01 03:46:31
qdisc htb 1: root refcnt 13 r2q 10 default 0x10 direct_packets_stat 0 direct_qlen 1000
 Sent 18775056 bytes 12465 pkt (dropped 1, overlimits 12376 requeues 0) 
 backlog 12112b 8p requeues 0
qdisc pfifo 20: parent 1:10 limit 12p
 Sent 18775056 bytes 12465 pkt (dropped 1, overlimits 0 requeues 0) 
 backlog 12112b 8p requeues 0
======================================================================
Timestamp: 2026-04-01 03:46:32
qdisc htb 1: root refcnt 13 r2q 10 default 0x10 direct_packets_stat 0 direct_qlen 1000
 Sent 19657718 bytes 13048 pkt (dropped 1, overlimits 12959 requeues 0) 
 backlog 13626b 9p requeues 0
qdisc pfifo 20: parent 1:10 limit 12p
 Sent 19657718 bytes 13048 pkt (dropped 1, overlimits 0 requeues 0) 
 backlog 13626b 9p requeues 0
======================================================================
Timestamp: 2026-04-01 03:46:33
qdisc htb 1: root refcnt 13 r2q 10 default 0x10 direct_packets_stat 0 direct_qlen 1000
 Sent 20538144 bytes 13630 pkt (dropped 1, overlimits 13541 requeues 0) 
 backlog 12112b 8p requeues 0
qdisc pfifo 20: parent 1:10 limit 12p
 Sent 20538144 bytes 13630 pkt (dropped 1, overlimits 0 requeues 0) 
 backlog 12112b 8p requeues 0
======================================================================
Timestamp: 2026-04-01 03:46:34
qdisc htb 1: root refcnt 13 r2q 10 default 0x10 direct_packets_stat 0 direct_qlen 1000
 Sent 21416264 bytes 14210 pkt (dropped 1, overlimits 14121 requeues 0) 
 backlog 12112b 8p requeues 0
qdisc pfifo 20: parent 1:10 limit 12p
 Sent 21416264 bytes 14210 pkt (dropped 1, overlimits 0 requeues 0) 
 backlog 12112b 8p requeues 0
======================================================================
Timestamp: 2026-04-01 03:46:35
qdisc htb 1: root refcnt 13 r2q 10 default 0x10 direct_packets_stat 0 direct_qlen 1000
 Sent 22295590 bytes 14791 pkt (dropped 1, overlimits 14702 requeues 0) 
 backlog 13626b 9p requeues 0
qdisc pfifo 20: parent 1:10 limit 12p
 Sent 22295590 bytes 14791 pkt (dropped 1, overlimits 0 requeues 0) 
 backlog 13626b 9p requeues 0
======================================================================
Timestamp: 2026-04-01 03:46:36
qdisc htb 1: root refcnt 13 r2q 10 default 0x10 direct_packets_stat 0 direct_qlen 1000
 Sent 23176738 bytes 15373 pkt (dropped 1, overlimits 15284 requeues 0) 
 backlog 9084b 6p requeues 0
qdisc pfifo 20: parent 1:10 limit 12p
 Sent 23176738 bytes 15373 pkt (dropped 1, overlimits 0 requeues 0) 
 backlog 9084b 6p requeues 0
======================================================================
Timestamp: 2026-04-01 03:46:37
qdisc htb 1: root refcnt 13 r2q 10 default 0x10 direct_packets_stat 0 direct_qlen 1000
 Sent 24059694 bytes 15957 pkt (dropped 1, overlimits 15868 requeues 0) 
 backlog 12112b 8p requeues 0
qdisc pfifo 20: parent 1:10 limit 12p
 Sent 24059694 bytes 15957 pkt (dropped 1, overlimits 0 requeues 0) 
 backlog 12112b 8p requeues 0
======================================================================
Timestamp: 2026-04-01 03:46:38
qdisc htb 1: root refcnt 13 r2q 10 default 0x10 direct_packets_stat 0 direct_qlen 1000
 Sent 24943870 bytes 16541 pkt (dropped 1, overlimits 16452 requeues 0) 
 backlog 12112b 8p requeues 0
qdisc pfifo 20: parent 1:10 limit 12p
 Sent 24943870 bytes 16541 pkt (dropped 1, overlimits 0 requeues 0) 
 backlog 12112b 8p requeues 0
======================================================================
Timestamp: 2026-04-01 03:46:39
qdisc htb 1: root refcnt 13 r2q 10 default 0x10 direct_packets_stat 0 direct_qlen 1000
 Sent 25827766 bytes 17125 pkt (dropped 1, overlimits 17036 requeues 0) 
 backlog 12112b 8p requeues 0
qdisc pfifo 20: parent 1:10 limit 12p
 Sent 25827766 bytes 17125 pkt (dropped 1, overlimits 0 requeues 0) 
 backlog 12112b 8p requeues 0
======================================================================
Timestamp: 2026-04-01 03:46:40
qdisc htb 1: root refcnt 13 r2q 10 default 0x10 direct_packets_stat 0 direct_qlen 1000
 Sent 26710465 bytes 17709 pkt (dropped 1, overlimits 17620 requeues 0) 
 backlog 12112b 8p requeues 0
qdisc pfifo 20: parent 1:10 limit 12p
 Sent 26710465 bytes 17709 pkt (dropped 1, overlimits 0 requeues 0) 
 backlog 12112b 8p requeues 0
======================================================================
Timestamp: 2026-04-01 03:46:41
qdisc htb 1: root refcnt 13 r2q 10 default 0x10 direct_packets_stat 0 direct_qlen 1000
 Sent 27594628 bytes 18293 pkt (dropped 1, overlimits 18204 requeues 0) 
 backlog 12112b 8p requeues 0
qdisc pfifo 20: parent 1:10 limit 12p
 Sent 27594628 bytes 18293 pkt (dropped 1, overlimits 0 requeues 0) 
 backlog 12112b 8p requeues 0
======================================================================
Timestamp: 2026-04-01 03:46:42
qdisc htb 1: root refcnt 13 r2q 10 default 0x10 direct_packets_stat 0 direct_qlen 1000
 Sent 28475839 bytes 18876 pkt (dropped 1, overlimits 18787 requeues 0) 
 backlog 13626b 9p requeues 0
qdisc pfifo 20: parent 1:10 limit 12p
 Sent 28475839 bytes 18876 pkt (dropped 1, overlimits 0 requeues 0) 
 backlog 13626b 9p requeues 0
======================================================================
Timestamp: 2026-04-01 03:46:43
qdisc htb 1: root refcnt 13 r2q 10 default 0x10 direct_packets_stat 0 direct_qlen 1000
 Sent 29355460 bytes 19457 pkt (dropped 1, overlimits 19368 requeues 0) 
 backlog 12112b 8p requeues 0
qdisc pfifo 20: parent 1:10 limit 12p
 Sent 29355460 bytes 19457 pkt (dropped 1, overlimits 0 requeues 0) 
 backlog 12112b 8p requeues 0
======================================================================
Timestamp: 2026-04-01 03:46:44
qdisc htb 1: root refcnt 13 r2q 10 default 0x10 direct_packets_stat 0 direct_qlen 1000
 Sent 30235769 bytes 20039 pkt (dropped 1, overlimits 19950 requeues 0) 
 backlog 13626b 9p requeues 0
qdisc pfifo 20: parent 1:10 limit 12p
 Sent 30235769 bytes 20039 pkt (dropped 1, overlimits 0 requeues 0) 
 backlog 13626b 9p requeues 0
======================================================================
Timestamp: 2026-04-01 03:46:45
qdisc htb 1: root refcnt 13 r2q 10 default 0x10 direct_packets_stat 0 direct_qlen 1000
 Sent 31116904 bytes 20621 pkt (dropped 1, overlimits 20532 requeues 0) 
 backlog 12112b 8p requeues 0
qdisc pfifo 20: parent 1:10 limit 12p
 Sent 31116904 bytes 20621 pkt (dropped 1, overlimits 0 requeues 0) 
 backlog 12112b 8p requeues 0
======================================================================
Timestamp: 2026-04-01 03:46:46
qdisc htb 1: root refcnt 13 r2q 10 default 0x10 direct_packets_stat 0 direct_qlen 1000
 Sent 31996970 bytes 21203 pkt (dropped 1, overlimits 21114 requeues 0) 
 backlog 12112b 8p requeues 0
qdisc pfifo 20: parent 1:10 limit 12p
 Sent 31996970 bytes 21203 pkt (dropped 1, overlimits 0 requeues 0) 
 backlog 12112b 8p requeues 0
======================================================================
Timestamp: 2026-04-01 03:46:47
qdisc htb 1: root refcnt 13 r2q 10 default 0x10 direct_packets_stat 0 direct_qlen 1000
 Sent 32884161 bytes 21789 pkt (dropped 1, overlimits 21700 requeues 0) 
 backlog 13626b 9p requeues 0
qdisc pfifo 20: parent 1:10 limit 12p
 Sent 32884161 bytes 21789 pkt (dropped 1, overlimits 0 requeues 0) 
 backlog 13626b 9p requeues 0
======================================================================
Timestamp: 2026-04-01 03:46:48
qdisc htb 1: root refcnt 13 r2q 10 default 0x10 direct_packets_stat 0 direct_qlen 1000
 Sent 33768209 bytes 22374 pkt (dropped 1, overlimits 22285 requeues 0) 
 backlog 12112b 8p requeues 0
qdisc pfifo 20: parent 1:10 limit 12p
 Sent 33768209 bytes 22374 pkt (dropped 1, overlimits 0 requeues 0) 
 backlog 12112b 8p requeues 0
======================================================================
Timestamp: 2026-04-01 03:46:49
qdisc htb 1: root refcnt 13 r2q 10 default 0x10 direct_packets_stat 0 direct_qlen 1000
 Sent 34652372 bytes 22958 pkt (dropped 1, overlimits 22869 requeues 0) 
 backlog 13626b 9p requeues 0
qdisc pfifo 20: parent 1:10 limit 12p
 Sent 34652372 bytes 22958 pkt (dropped 1, overlimits 0 requeues 0) 
 backlog 13626b 9p requeues 0
======================================================================
Timestamp: 2026-04-01 03:46:50
qdisc htb 1: root refcnt 13 r2q 10 default 0x10 direct_packets_stat 0 direct_qlen 1000
 Sent 35533427 bytes 23542 pkt (dropped 1, overlimits 23453 requeues 0) 
 backlog 12112b 8p requeues 0
qdisc pfifo 20: parent 1:10 limit 12p
 Sent 35533427 bytes 23542 pkt (dropped 1, overlimits 0 requeues 0) 
 backlog 12112b 8p requeues 0
======================================================================
Timestamp: 2026-04-01 03:46:51
qdisc htb 1: root refcnt 13 r2q 10 default 0x10 direct_packets_stat 0 direct_qlen 1000
 Sent 36416076 bytes 24125 pkt (dropped 1, overlimits 24036 requeues 0) 
 backlog 13626b 9p requeues 0
qdisc pfifo 20: parent 1:10 limit 12p
 Sent 36416076 bytes 24125 pkt (dropped 1, overlimits 0 requeues 0) 
 backlog 13626b 9p requeues 0
======================================================================
Timestamp: 2026-04-01 03:46:52
qdisc htb 1: root refcnt 13 r2q 10 default 0x10 direct_packets_stat 0 direct_qlen 1000
 Sent 37299055 bytes 24710 pkt (dropped 1, overlimits 24621 requeues 0) 
 backlog 13626b 9p requeues 0
qdisc pfifo 20: parent 1:10 limit 12p
 Sent 37299055 bytes 24710 pkt (dropped 1, overlimits 0 requeues 0) 
 backlog 13626b 9p requeues 0
======================================================================
Timestamp: 2026-04-01 03:46:53
qdisc htb 1: root refcnt 13 r2q 10 default 0x10 direct_packets_stat 0 direct_qlen 1000
 Sent 38181704 bytes 25293 pkt (dropped 1, overlimits 25204 requeues 0) 
 backlog 12112b 8p requeues 0
qdisc pfifo 20: parent 1:10 limit 12p
 Sent 38181704 bytes 25293 pkt (dropped 1, overlimits 0 requeues 0) 
 backlog 12112b 8p requeues 0
======================================================================
Timestamp: 2026-04-01 03:46:54
qdisc htb 1: root refcnt 13 r2q 10 default 0x10 direct_packets_stat 0 direct_qlen 1000
 Sent 39063790 bytes 25878 pkt (dropped 1, overlimits 25789 requeues 0) 
 backlog 12112b 8p requeues 0
qdisc pfifo 20: parent 1:10 limit 12p
 Sent 39063790 bytes 25878 pkt (dropped 1, overlimits 0 requeues 0) 
 backlog 12112b 8p requeues 0
======================================================================
Timestamp: 2026-04-01 03:46:55
qdisc htb 1: root refcnt 13 r2q 10 default 0x10 direct_packets_stat 0 direct_qlen 1000
 Sent 39944925 bytes 26460 pkt (dropped 1, overlimits 26371 requeues 0) 
 backlog 13626b 9p requeues 0
qdisc pfifo 20: parent 1:10 limit 12p
 Sent 39944925 bytes 26460 pkt (dropped 1, overlimits 0 requeues 0) 
 backlog 13626b 9p requeues 0
======================================================================
Timestamp: 2026-04-01 03:46:56
qdisc htb 1: root refcnt 13 r2q 10 default 0x10 direct_packets_stat 0 direct_qlen 1000
 Sent 40826969 bytes 27043 pkt (dropped 1, overlimits 26954 requeues 0) 
 backlog 13626b 9p requeues 0
qdisc pfifo 20: parent 1:10 limit 12p
 Sent 40826969 bytes 27043 pkt (dropped 1, overlimits 0 requeues 0) 
 backlog 13626b 9p requeues 0
======================================================================
Timestamp: 2026-04-01 03:46:57
qdisc htb 1: root refcnt 13 r2q 10 default 0x10 direct_packets_stat 0 direct_qlen 1000
 Sent 41708117 bytes 27625 pkt (dropped 1, overlimits 27536 requeues 0) 
 backlog 15127b 10p requeues 0
qdisc pfifo 20: parent 1:10 limit 12p
 Sent 41708117 bytes 27625 pkt (dropped 1, overlimits 0 requeues 0) 
 backlog 15127b 10p requeues 0
======================================================================
Timestamp: 2026-04-01 03:46:58
qdisc htb 1: root refcnt 13 r2q 10 default 0x10 direct_packets_stat 0 direct_qlen 1000
 Sent 42589252 bytes 28207 pkt (dropped 1, overlimits 28118 requeues 0) 
 backlog 13626b 9p requeues 0
qdisc pfifo 20: parent 1:10 limit 12p
 Sent 42589252 bytes 28207 pkt (dropped 1, overlimits 0 requeues 0) 
 backlog 13626b 9p requeues 0
======================================================================
Timestamp: 2026-04-01 03:46:59
qdisc htb 1: root refcnt 13 r2q 10 default 0x10 direct_packets_stat 0 direct_qlen 1000
 Sent 43470550 bytes 28790 pkt (dropped 1, overlimits 28701 requeues 0) 
 backlog 12112b 8p requeues 0
qdisc pfifo 20: parent 1:10 limit 12p
 Sent 43470550 bytes 28790 pkt (dropped 1, overlimits 0 requeues 0) 
 backlog 12112b 8p requeues 0
======================================================================
Timestamp: 2026-04-01 03:47:00
qdisc htb 1: root refcnt 13 r2q 10 default 0x10 direct_packets_stat 0 direct_qlen 1000
 Sent 44353199 bytes 29373 pkt (dropped 1, overlimits 29284 requeues 0) 
 backlog 10598b 7p requeues 0
qdisc pfifo 20: parent 1:10 limit 12p
 Sent 44353199 bytes 29373 pkt (dropped 1, overlimits 0 requeues 0) 
 backlog 10598b 7p requeues 0
======================================================================
Timestamp: 2026-04-01 03:47:01
qdisc htb 1: root refcnt 13 r2q 10 default 0x10 direct_packets_stat 0 direct_qlen 1000
 Sent 45241595 bytes 29961 pkt (dropped 1, overlimits 29872 requeues 0) 
 backlog 13626b 9p requeues 0
qdisc pfifo 20: parent 1:10 limit 12p
 Sent 45241595 bytes 29961 pkt (dropped 1, overlimits 0 requeues 0) 
 backlog 13626b 9p requeues 0
======================================================================
Timestamp: 2026-04-01 03:47:02
qdisc htb 1: root refcnt 13 r2q 10 default 0x10 direct_packets_stat 0 direct_qlen 1000
 Sent 46125758 bytes 30545 pkt (dropped 1, overlimits 30456 requeues 0) 
 backlog 13626b 9p requeues 0
qdisc pfifo 20: parent 1:10 limit 12p
 Sent 46125758 bytes 30545 pkt (dropped 1, overlimits 0 requeues 0) 
 backlog 13626b 9p requeues 0
======================================================================
Timestamp: 2026-04-01 03:47:03
qdisc htb 1: root refcnt 13 r2q 10 default 0x10 direct_packets_stat 0 direct_qlen 1000
 Sent 47009298 bytes 31129 pkt (dropped 1, overlimits 31040 requeues 0) 
 backlog 12112b 8p requeues 0
qdisc pfifo 20: parent 1:10 limit 12p
 Sent 47009298 bytes 31129 pkt (dropped 1, overlimits 0 requeues 0) 
 backlog 12112b 8p requeues 0
======================================================================
Timestamp: 2026-04-01 03:47:04
qdisc htb 1: root refcnt 13 r2q 10 default 0x10 direct_packets_stat 0 direct_qlen 1000
 Sent 47891947 bytes 31712 pkt (dropped 1, overlimits 31623 requeues 0) 
 backlog 12112b 8p requeues 0
qdisc pfifo 20: parent 1:10 limit 12p
 Sent 47891947 bytes 31712 pkt (dropped 1, overlimits 0 requeues 0) 
 backlog 12112b 8p requeues 0
======================================================================
Timestamp: 2026-04-01 03:47:05
qdisc htb 1: root refcnt 13 r2q 10 default 0x10 direct_packets_stat 0 direct_qlen 1000
 Sent 48773144 bytes 32295 pkt (dropped 1, overlimits 32206 requeues 0) 
 backlog 13626b 9p requeues 0
qdisc pfifo 20: parent 1:10 limit 12p
 Sent 48773144 bytes 32295 pkt (dropped 1, overlimits 0 requeues 0) 
 backlog 13626b 9p requeues 0
======================================================================
Timestamp: 2026-04-01 03:47:06
qdisc htb 1: root refcnt 13 r2q 10 default 0x10 direct_packets_stat 0 direct_qlen 1000
 Sent 49654152 bytes 32878 pkt (dropped 1, overlimits 32789 requeues 0) 
 backlog 12112b 8p requeues 0
qdisc pfifo 20: parent 1:10 limit 12p
 Sent 49654152 bytes 32878 pkt (dropped 1, overlimits 0 requeues 0) 
 backlog 12112b 8p requeues 0
======================================================================
Timestamp: 2026-04-01 03:47:07
qdisc htb 1: root refcnt 13 r2q 10 default 0x10 direct_packets_stat 0 direct_qlen 1000
 Sent 50533786 bytes 33459 pkt (dropped 1, overlimits 33370 requeues 0) 
 backlog 12112b 8p requeues 0
qdisc pfifo 20: parent 1:10 limit 12p
 Sent 50533786 bytes 33459 pkt (dropped 1, overlimits 0 requeues 0) 
 backlog 12112b 8p requeues 0
======================================================================
Timestamp: 2026-04-01 03:47:08
qdisc htb 1: root refcnt 13 r2q 10 default 0x10 direct_packets_stat 0 direct_qlen 1000
 Sent 51416497 bytes 34043 pkt (dropped 1, overlimits 33954 requeues 0) 
 backlog 13626b 9p requeues 0
qdisc pfifo 20: parent 1:10 limit 12p
 Sent 51416497 bytes 34043 pkt (dropped 1, overlimits 0 requeues 0) 
 backlog 13626b 9p requeues 0
======================================================================
Timestamp: 2026-04-01 03:47:09
qdisc htb 1: root refcnt 13 r2q 10 default 0x10 direct_packets_stat 0 direct_qlen 1000
 Sent 52299159 bytes 34626 pkt (dropped 1, overlimits 34537 requeues 0) 
 backlog 13626b 9p requeues 0
qdisc pfifo 20: parent 1:10 limit 12p
 Sent 52299159 bytes 34626 pkt (dropped 1, overlimits 0 requeues 0) 
 backlog 13626b 9p requeues 0
======================================================================
Timestamp: 2026-04-01 03:47:10
qdisc htb 1: root refcnt 13 r2q 10 default 0x10 direct_packets_stat 0 direct_qlen 1000
 Sent 53179824 bytes 35208 pkt (dropped 1, overlimits 35119 requeues 0) 
 backlog 13626b 9p requeues 0
qdisc pfifo 20: parent 1:10 limit 12p
 Sent 53179824 bytes 35208 pkt (dropped 1, overlimits 0 requeues 0) 
 backlog 13626b 9p requeues 0
======================================================================
Timestamp: 2026-04-01 03:47:11
qdisc htb 1: root refcnt 13 r2q 10 default 0x10 direct_packets_stat 0 direct_qlen 1000
 Sent 54059458 bytes 35789 pkt (dropped 1, overlimits 35700 requeues 0) 
 backlog 13626b 9p requeues 0
qdisc pfifo 20: parent 1:10 limit 12p
 Sent 54059458 bytes 35789 pkt (dropped 1, overlimits 0 requeues 0) 
 backlog 13626b 9p requeues 0
======================================================================
Timestamp: 2026-04-01 03:47:12
qdisc htb 1: root refcnt 13 r2q 10 default 0x10 direct_packets_stat 0 direct_qlen 1000
 Sent 54941409 bytes 36372 pkt (dropped 1, overlimits 36283 requeues 0) 
 backlog 12112b 8p requeues 0
qdisc pfifo 20: parent 1:10 limit 12p
 Sent 54941409 bytes 36372 pkt (dropped 1, overlimits 0 requeues 0) 
 backlog 12112b 8p requeues 0
======================================================================
Timestamp: 2026-04-01 03:47:13
qdisc htb 1: root refcnt 13 r2q 10 default 0x10 direct_packets_stat 0 direct_qlen 1000
 Sent 55824071 bytes 36955 pkt (dropped 1, overlimits 36866 requeues 0) 
 backlog 13626b 9p requeues 0
qdisc pfifo 20: parent 1:10 limit 12p
 Sent 55824071 bytes 36955 pkt (dropped 1, overlimits 0 requeues 0) 
 backlog 13626b 9p requeues 0
======================================================================
Timestamp: 2026-04-01 03:47:14
qdisc htb 1: root refcnt 13 r2q 10 default 0x10 direct_packets_stat 0 direct_qlen 1000
 Sent 56704075 bytes 37537 pkt (dropped 1, overlimits 37448 requeues 0) 
 backlog 12112b 8p requeues 0
qdisc pfifo 20: parent 1:10 limit 12p
 Sent 56704075 bytes 37537 pkt (dropped 1, overlimits 0 requeues 0) 
 backlog 12112b 8p requeues 0
======================================================================
Timestamp: 2026-04-01 03:47:15
qdisc htb 1: root refcnt 13 r2q 10 default 0x10 direct_packets_stat 0 direct_qlen 1000
 Sent 57585223 bytes 38119 pkt (dropped 1, overlimits 38030 requeues 0) 
 backlog 13626b 9p requeues 0
qdisc pfifo 20: parent 1:10 limit 12p
 Sent 57585223 bytes 38119 pkt (dropped 1, overlimits 0 requeues 0) 
 backlog 13626b 9p requeues 0
======================================================================
Timestamp: 2026-04-01 03:47:16
qdisc htb 1: root refcnt 13 r2q 10 default 0x10 direct_packets_stat 0 direct_qlen 1000
 Sent 58467998 bytes 38703 pkt (dropped 1, overlimits 38614 requeues 0) 
 backlog 13626b 9p requeues 0
qdisc pfifo 20: parent 1:10 limit 12p
 Sent 58467998 bytes 38703 pkt (dropped 1, overlimits 0 requeues 0) 
 backlog 13626b 9p requeues 0
======================================================================
Timestamp: 2026-04-01 03:47:17
qdisc htb 1: root refcnt 13 r2q 10 default 0x10 direct_packets_stat 0 direct_qlen 1000
 Sent 59350660 bytes 39286 pkt (dropped 1, overlimits 39197 requeues 0) 
 backlog 12112b 8p requeues 0
qdisc pfifo 20: parent 1:10 limit 12p
 Sent 59350660 bytes 39286 pkt (dropped 1, overlimits 0 requeues 0) 
 backlog 12112b 8p requeues 0
======================================================================
Timestamp: 2026-04-01 03:47:18
qdisc htb 1: root refcnt 13 r2q 10 default 0x10 direct_packets_stat 0 direct_qlen 1000
 Sent 60231726 bytes 39869 pkt (dropped 1, overlimits 39780 requeues 0) 
 backlog 12112b 8p requeues 0
qdisc pfifo 20: parent 1:10 limit 12p
 Sent 60231726 bytes 39869 pkt (dropped 1, overlimits 0 requeues 0) 
 backlog 12112b 8p requeues 0
======================================================================
Timestamp: 2026-04-01 03:47:19
qdisc htb 1: root refcnt 13 r2q 10 default 0x10 direct_packets_stat 0 direct_qlen 1000
 Sent 61117416 bytes 40454 pkt (dropped 1, overlimits 40365 requeues 0) 
 backlog 13626b 9p requeues 0
qdisc pfifo 20: parent 1:10 limit 12p
 Sent 61117416 bytes 40454 pkt (dropped 1, overlimits 0 requeues 0) 
 backlog 13626b 9p requeues 0
======================================================================
Timestamp: 2026-04-01 03:47:20
qdisc htb 1: root refcnt 13 r2q 10 default 0x10 direct_packets_stat 0 direct_qlen 1000
 Sent 62000150 bytes 41038 pkt (dropped 1, overlimits 40949 requeues 0) 
 backlog 13626b 9p requeues 0
qdisc pfifo 20: parent 1:10 limit 12p
 Sent 62000150 bytes 41038 pkt (dropped 1, overlimits 0 requeues 0) 
 backlog 13626b 9p requeues 0
======================================================================
Timestamp: 2026-04-01 03:47:21
qdisc htb 1: root refcnt 13 r2q 10 default 0x10 direct_packets_stat 0 direct_qlen 1000
 Sent 62882812 bytes 41621 pkt (dropped 1, overlimits 41532 requeues 0) 
 backlog 13626b 9p requeues 0
qdisc pfifo 20: parent 1:10 limit 12p
 Sent 62882812 bytes 41621 pkt (dropped 1, overlimits 0 requeues 0) 
 backlog 13626b 9p requeues 0
======================================================================
Timestamp: 2026-04-01 03:47:22
qdisc htb 1: root refcnt 13 r2q 10 default 0x10 direct_packets_stat 0 direct_qlen 1000
 Sent 63766080 bytes 42205 pkt (dropped 1, overlimits 42116 requeues 0) 
 backlog 13626b 9p requeues 0
qdisc pfifo 20: parent 1:10 limit 12p
 Sent 63766080 bytes 42205 pkt (dropped 1, overlimits 0 requeues 0) 
 backlog 13626b 9p requeues 0
======================================================================
Timestamp: 2026-04-01 03:47:23
qdisc htb 1: root refcnt 13 r2q 10 default 0x10 direct_packets_stat 0 direct_qlen 1000
 Sent 64650256 bytes 42789 pkt (dropped 1, overlimits 42700 requeues 0) 
 backlog 13626b 9p requeues 0
qdisc pfifo 20: parent 1:10 limit 12p
 Sent 64650256 bytes 42789 pkt (dropped 1, overlimits 0 requeues 0) 
 backlog 13626b 9p requeues 0
======================================================================
Timestamp: 2026-04-01 03:47:24
qdisc htb 1: root refcnt 13 r2q 10 default 0x10 direct_packets_stat 0 direct_qlen 1000
 Sent 65532898 bytes 43373 pkt (dropped 1, overlimits 43284 requeues 0) 
 backlog 13626b 9p requeues 0
qdisc pfifo 20: parent 1:10 limit 12p
 Sent 65532898 bytes 43373 pkt (dropped 1, overlimits 0 requeues 0) 
 backlog 13626b 9p requeues 0
======================================================================
Timestamp: 2026-04-01 03:47:25
qdisc htb 1: root refcnt 13 r2q 10 default 0x10 direct_packets_stat 0 direct_qlen 1000
 Sent 66415560 bytes 43956 pkt (dropped 1, overlimits 43867 requeues 0) 
 backlog 13626b 9p requeues 0
qdisc pfifo 20: parent 1:10 limit 12p
 Sent 66415560 bytes 43956 pkt (dropped 1, overlimits 0 requeues 0) 
 backlog 13626b 9p requeues 0
======================================================================
Timestamp: 2026-04-01 03:47:26
qdisc htb 1: root refcnt 13 r2q 10 default 0x10 direct_packets_stat 0 direct_qlen 1000
 Sent 67298108 bytes 44540 pkt (dropped 1, overlimits 44451 requeues 0) 
 backlog 12112b 8p requeues 0
qdisc pfifo 20: parent 1:10 limit 12p
 Sent 67298108 bytes 44540 pkt (dropped 1, overlimits 0 requeues 0) 
 backlog 12112b 8p requeues 0
======================================================================
Timestamp: 2026-04-01 03:47:27
qdisc htb 1: root refcnt 13 r2q 10 default 0x10 direct_packets_stat 0 direct_qlen 1000
 Sent 68180770 bytes 45123 pkt (dropped 1, overlimits 45034 requeues 0) 
 backlog 13626b 9p requeues 0
qdisc pfifo 20: parent 1:10 limit 12p
 Sent 68180770 bytes 45123 pkt (dropped 1, overlimits 0 requeues 0) 
 backlog 13626b 9p requeues 0
======================================================================
Timestamp: 2026-04-01 03:47:28
qdisc htb 1: root refcnt 13 r2q 10 default 0x10 direct_packets_stat 0 direct_qlen 1000
 Sent 69062125 bytes 45706 pkt (dropped 1, overlimits 45617 requeues 0) 
 backlog 9084b 6p requeues 0
qdisc pfifo 20: parent 1:10 limit 12p
 Sent 69062125 bytes 45706 pkt (dropped 1, overlimits 0 requeues 0) 
 backlog 9084b 6p requeues 0
======================================================================
Timestamp: 2026-04-01 03:47:29
qdisc htb 1: root refcnt 13 r2q 10 default 0x10 direct_packets_stat 0 direct_qlen 1000
 Sent 69943273 bytes 46288 pkt (dropped 1, overlimits 46199 requeues 0) 
 backlog 13626b 9p requeues 0
qdisc pfifo 20: parent 1:10 limit 12p
 Sent 69943273 bytes 46288 pkt (dropped 1, overlimits 0 requeues 0) 
 backlog 13626b 9p requeues 0
======================================================================
Timestamp: 2026-04-01 03:47:30
qdisc htb 1: root refcnt 13 r2q 10 default 0x10 direct_packets_stat 0 direct_qlen 1000
 Sent 70824495 bytes 46871 pkt (dropped 1, overlimits 46782 requeues 0) 
 backlog 12112b 8p requeues 0
qdisc pfifo 20: parent 1:10 limit 12p
 Sent 70824495 bytes 46871 pkt (dropped 1, overlimits 0 requeues 0) 
 backlog 12112b 8p requeues 0
======================================================================
Timestamp: 2026-04-01 03:47:31
qdisc htb 1: root refcnt 13 r2q 10 default 0x10 direct_packets_stat 0 direct_qlen 1000
 Sent 71705643 bytes 47453 pkt (dropped 1, overlimits 47364 requeues 0) 
 backlog 15140b 10p requeues 0
qdisc pfifo 20: parent 1:10 limit 12p
 Sent 71705643 bytes 47453 pkt (dropped 1, overlimits 0 requeues 0) 
 backlog 15140b 10p requeues 0
======================================================================
Timestamp: 2026-04-01 03:47:32
qdisc htb 1: root refcnt 13 r2q 10 default 0x10 direct_packets_stat 0 direct_qlen 1000
 Sent 72589283 bytes 48037 pkt (dropped 1, overlimits 47948 requeues 0) 
 backlog 12112b 8p requeues 0
qdisc pfifo 20: parent 1:10 limit 12p
 Sent 72589283 bytes 48037 pkt (dropped 1, overlimits 0 requeues 0) 
 backlog 12112b 8p requeues 0
======================================================================
Timestamp: 2026-04-01 03:47:33
qdisc htb 1: root refcnt 13 r2q 10 default 0x10 direct_packets_stat 0 direct_qlen 1000
 Sent 73470431 bytes 48619 pkt (dropped 1, overlimits 48530 requeues 0) 
 backlog 12112b 8p requeues 0
qdisc pfifo 20: parent 1:10 limit 12p
 Sent 73470431 bytes 48619 pkt (dropped 1, overlimits 0 requeues 0) 
 backlog 12112b 8p requeues 0
======================================================================
Timestamp: 2026-04-01 03:47:34
qdisc htb 1: root refcnt 13 r2q 10 default 0x10 direct_packets_stat 0 direct_qlen 1000
 Sent 74354119 bytes 49203 pkt (dropped 1, overlimits 49114 requeues 0) 
 backlog 12112b 8p requeues 0
qdisc pfifo 20: parent 1:10 limit 12p
 Sent 74354119 bytes 49203 pkt (dropped 1, overlimits 0 requeues 0) 
 backlog 12112b 8p requeues 0
======================================================================
Timestamp: 2026-04-01 03:47:35
qdisc htb 1: root refcnt 13 r2q 10 default 0x10 direct_packets_stat 0 direct_qlen 1000
 Sent 75236781 bytes 49786 pkt (dropped 1, overlimits 49697 requeues 0) 
 backlog 12112b 8p requeues 0
qdisc pfifo 20: parent 1:10 limit 12p
 Sent 75236781 bytes 49786 pkt (dropped 1, overlimits 0 requeues 0) 
 backlog 12112b 8p requeues 0
======================================================================
Timestamp: 2026-04-01 03:47:36
qdisc htb 1: root refcnt 13 r2q 10 default 0x10 direct_packets_stat 0 direct_qlen 1000
 Sent 76121361 bytes 50372 pkt (dropped 1, overlimits 50283 requeues 0) 
 backlog 10598b 7p requeues 0
qdisc pfifo 20: parent 1:10 limit 12p
 Sent 76121361 bytes 50372 pkt (dropped 1, overlimits 0 requeues 0) 
 backlog 10598b 7p requeues 0
======================================================================
Timestamp: 2026-04-01 03:47:37
qdisc htb 1: root refcnt 13 r2q 10 default 0x10 direct_packets_stat 0 direct_qlen 1000
 Sent 77004023 bytes 50955 pkt (dropped 1, overlimits 50866 requeues 0) 
 backlog 13626b 9p requeues 0
qdisc pfifo 20: parent 1:10 limit 12p
 Sent 77004023 bytes 50955 pkt (dropped 1, overlimits 0 requeues 0) 
 backlog 13626b 9p requeues 0
======================================================================
Timestamp: 2026-04-01 03:47:38
qdisc htb 1: root refcnt 13 r2q 10 default 0x10 direct_packets_stat 0 direct_qlen 1000
 Sent 77886690 bytes 51539 pkt (dropped 1, overlimits 51450 requeues 0) 
 backlog 13626b 9p requeues 0
qdisc pfifo 20: parent 1:10 limit 12p
 Sent 77886690 bytes 51539 pkt (dropped 1, overlimits 0 requeues 0) 
 backlog 13626b 9p requeues 0
======================================================================
Timestamp: 2026-04-01 03:47:39
qdisc htb 1: root refcnt 13 r2q 10 default 0x10 direct_packets_stat 0 direct_qlen 1000
 Sent 78772380 bytes 52124 pkt (dropped 1, overlimits 52035 requeues 0) 
 backlog 12112b 8p requeues 0
qdisc pfifo 20: parent 1:10 limit 12p
 Sent 78772380 bytes 52124 pkt (dropped 1, overlimits 0 requeues 0) 
 backlog 12112b 8p requeues 0
======================================================================
Timestamp: 2026-04-01 03:47:41
qdisc htb 1: root refcnt 13 r2q 10 default 0x10 direct_packets_stat 0 direct_qlen 1000
 Sent 79653073 bytes 52706 pkt (dropped 1, overlimits 52617 requeues 0) 
 backlog 12112b 8p requeues 0
qdisc pfifo 20: parent 1:10 limit 12p
 Sent 79653073 bytes 52706 pkt (dropped 1, overlimits 0 requeues 0) 
 backlog 12112b 8p requeues 0
======================================================================
Timestamp: 2026-04-01 03:47:42
qdisc htb 1: root refcnt 13 r2q 10 default 0x10 direct_packets_stat 0 direct_qlen 1000
 Sent 80535735 bytes 53289 pkt (dropped 1, overlimits 53200 requeues 0) 
 backlog 9084b 6p requeues 0
qdisc pfifo 20: parent 1:10 limit 12p
 Sent 80535735 bytes 53289 pkt (dropped 1, overlimits 0 requeues 0) 
 backlog 9084b 6p requeues 0
======================================================================
Timestamp: 2026-04-01 03:47:43
qdisc htb 1: root refcnt 13 r2q 10 default 0x10 direct_packets_stat 0 direct_qlen 1000
 Sent 81421302 bytes 53875 pkt (dropped 1, overlimits 53786 requeues 0) 
 backlog 12112b 8p requeues 0
qdisc pfifo 20: parent 1:10 limit 12p
 Sent 81421302 bytes 53875 pkt (dropped 1, overlimits 0 requeues 0) 
 backlog 12112b 8p requeues 0
======================================================================
Timestamp: 2026-04-01 03:47:44
qdisc htb 1: root refcnt 13 r2q 10 default 0x10 direct_packets_stat 0 direct_qlen 1000
 Sent 82306992 bytes 54460 pkt (dropped 1, overlimits 54371 requeues 0) 
 backlog 15140b 10p requeues 0
qdisc pfifo 20: parent 1:10 limit 12p
 Sent 82306992 bytes 54460 pkt (dropped 1, overlimits 0 requeues 0) 
 backlog 15140b 10p requeues 0
======================================================================
Timestamp: 2026-04-01 03:47:45
qdisc htb 1: root refcnt 13 r2q 10 default 0x10 direct_packets_stat 0 direct_qlen 1000
 Sent 83192341 bytes 55045 pkt (dropped 1, overlimits 54956 requeues 0) 
 backlog 13626b 9p requeues 0
qdisc pfifo 20: parent 1:10 limit 12p
 Sent 83192341 bytes 55045 pkt (dropped 1, overlimits 0 requeues 0) 
 backlog 13626b 9p requeues 0
======================================================================
Timestamp: 2026-04-01 03:47:46
qdisc htb 1: root refcnt 13 r2q 10 default 0x10 direct_packets_stat 0 direct_qlen 1000
 Sent 84073489 bytes 55627 pkt (dropped 1, overlimits 55538 requeues 0) 
 backlog 13626b 9p requeues 0
qdisc pfifo 20: parent 1:10 limit 12p
 Sent 84073489 bytes 55627 pkt (dropped 1, overlimits 0 requeues 0) 
 backlog 13626b 9p requeues 0
======================================================================
Timestamp: 2026-04-01 03:47:47
qdisc htb 1: root refcnt 13 r2q 10 default 0x10 direct_packets_stat 0 direct_qlen 1000
 Sent 84957070 bytes 56211 pkt (dropped 1, overlimits 56122 requeues 0) 
 backlog 12112b 8p requeues 0
qdisc pfifo 20: parent 1:10 limit 12p
 Sent 84957070 bytes 56211 pkt (dropped 1, overlimits 0 requeues 0) 
 backlog 12112b 8p requeues 0
======================================================================
Timestamp: 2026-04-01 03:47:48
qdisc htb 1: root refcnt 13 r2q 10 default 0x10 direct_packets_stat 0 direct_qlen 1000
 Sent 85842760 bytes 56796 pkt (dropped 1, overlimits 56707 requeues 0) 
 backlog 13626b 9p requeues 0
qdisc pfifo 20: parent 1:10 limit 12p
 Sent 85842760 bytes 56796 pkt (dropped 1, overlimits 0 requeues 0) 
 backlog 13626b 9p requeues 0
======================================================================
Timestamp: 2026-04-01 03:47:49
qdisc htb 1: root refcnt 13 r2q 10 default 0x10 direct_packets_stat 0 direct_qlen 1000
 Sent 86727413 bytes 57381 pkt (dropped 1, overlimits 57292 requeues 0) 
 backlog 13626b 9p requeues 0
qdisc pfifo 20: parent 1:10 limit 12p
 Sent 86727413 bytes 57381 pkt (dropped 1, overlimits 0 requeues 0) 
 backlog 13626b 9p requeues 0
======================================================================
Timestamp: 2026-04-01 03:47:50
qdisc htb 1: root refcnt 13 r2q 10 default 0x10 direct_packets_stat 0 direct_qlen 1000
 Sent 87614617 bytes 57967 pkt (dropped 1, overlimits 57878 requeues 0) 
 backlog 13626b 9p requeues 0
qdisc pfifo 20: parent 1:10 limit 12p
 Sent 87614617 bytes 57967 pkt (dropped 1, overlimits 0 requeues 0) 
 backlog 13626b 9p requeues 0
======================================================================
Timestamp: 2026-04-01 03:47:51
qdisc htb 1: root refcnt 13 r2q 10 default 0x10 direct_packets_stat 0 direct_qlen 1000
 Sent 88496019 bytes 58550 pkt (dropped 1, overlimits 58461 requeues 0) 
 backlog 12112b 8p requeues 0
qdisc pfifo 20: parent 1:10 limit 12p
 Sent 88496019 bytes 58550 pkt (dropped 1, overlimits 0 requeues 0) 
 backlog 12112b 8p requeues 0
======================================================================
Timestamp: 2026-04-01 03:47:52
qdisc htb 1: root refcnt 13 r2q 10 default 0x10 direct_packets_stat 0 direct_qlen 1000
 Sent 89375653 bytes 59131 pkt (dropped 1, overlimits 59042 requeues 0) 
 backlog 10598b 7p requeues 0
qdisc pfifo 20: parent 1:10 limit 12p
 Sent 89375653 bytes 59131 pkt (dropped 1, overlimits 0 requeues 0) 
 backlog 10598b 7p requeues 0
======================================================================
Timestamp: 2026-04-01 03:47:53
qdisc htb 1: root refcnt 13 r2q 10 default 0x10 direct_packets_stat 0 direct_qlen 1000
 Sent 90255620 bytes 59713 pkt (dropped 1, overlimits 59624 requeues 0) 
 backlog 9084b 6p requeues 0
qdisc pfifo 20: parent 1:10 limit 12p
 Sent 90255620 bytes 59713 pkt (dropped 1, overlimits 0 requeues 0) 
 backlog 9084b 6p requeues 0
======================================================================
Timestamp: 2026-04-01 03:47:54
qdisc htb 1: root refcnt 13 r2q 10 default 0x10 direct_packets_stat 0 direct_qlen 1000
 Sent 91139866 bytes 60298 pkt (dropped 1, overlimits 60209 requeues 0) 
 backlog 13626b 9p requeues 0
qdisc pfifo 20: parent 1:10 limit 12p
 Sent 91139866 bytes 60298 pkt (dropped 1, overlimits 0 requeues 0) 
 backlog 13626b 9p requeues 0
======================================================================
Timestamp: 2026-04-01 03:47:55
qdisc htb 1: root refcnt 13 r2q 10 default 0x10 direct_packets_stat 0 direct_qlen 1000
 Sent 92020106 bytes 60880 pkt (dropped 1, overlimits 60791 requeues 0) 
 backlog 12112b 8p requeues 0
qdisc pfifo 20: parent 1:10 limit 12p
 Sent 92020106 bytes 60880 pkt (dropped 1, overlimits 0 requeues 0) 
 backlog 12112b 8p requeues 0
======================================================================
Timestamp: 2026-04-01 03:47:56
qdisc htb 1: root refcnt 13 r2q 10 default 0x10 direct_packets_stat 0 direct_qlen 1000
 Sent 92901254 bytes 61462 pkt (dropped 1, overlimits 61373 requeues 0) 
 backlog 13626b 9p requeues 0
qdisc pfifo 20: parent 1:10 limit 12p
 Sent 92901254 bytes 61462 pkt (dropped 1, overlimits 0 requeues 0) 
 backlog 13626b 9p requeues 0
======================================================================
Timestamp: 2026-04-01 03:47:57
qdisc htb 1: root refcnt 13 r2q 10 default 0x10 direct_packets_stat 0 direct_qlen 1000
 Sent 93780879 bytes 62044 pkt (dropped 1, overlimits 61955 requeues 0) 
 backlog 13626b 9p requeues 0
qdisc pfifo 20: parent 1:10 limit 12p
 Sent 93780879 bytes 62044 pkt (dropped 1, overlimits 0 requeues 0) 
 backlog 13626b 9p requeues 0
======================================================================
Timestamp: 2026-04-01 03:47:58
qdisc htb 1: root refcnt 13 r2q 10 default 0x10 direct_packets_stat 0 direct_qlen 1000
 Sent 94660583 bytes 62626 pkt (dropped 1, overlimits 62537 requeues 0) 
 backlog 12112b 8p requeues 0
qdisc pfifo 20: parent 1:10 limit 12p
 Sent 94660583 bytes 62626 pkt (dropped 1, overlimits 0 requeues 0) 
 backlog 12112b 8p requeues 0
======================================================================
Timestamp: 2026-04-01 03:47:59
qdisc htb 1: root refcnt 13 r2q 10 default 0x10 direct_packets_stat 0 direct_qlen 1000
 Sent 95542157 bytes 63210 pkt (dropped 1, overlimits 63121 requeues 0) 
 backlog 12112b 8p requeues 0
qdisc pfifo 20: parent 1:10 limit 12p
 Sent 95542157 bytes 63210 pkt (dropped 1, overlimits 0 requeues 0) 
 backlog 12112b 8p requeues 0
======================================================================
Timestamp: 2026-04-01 03:48:00
qdisc htb 1: root refcnt 13 r2q 10 default 0x10 direct_packets_stat 0 direct_qlen 1000
 Sent 96424889 bytes 63794 pkt (dropped 1, overlimits 63705 requeues 0) 
 backlog 7570b 5p requeues 0
qdisc pfifo 20: parent 1:10 limit 12p
 Sent 96424889 bytes 63794 pkt (dropped 1, overlimits 0 requeues 0) 
 backlog 7570b 5p requeues 0
======================================================================
Timestamp: 2026-04-01 03:48:01
qdisc htb 1: root refcnt 13 r2q 10 default 0x10 direct_packets_stat 0 direct_qlen 1000
 Sent 97309052 bytes 64378 pkt (dropped 1, overlimits 64289 requeues 0) 
 backlog 13626b 9p requeues 0
qdisc pfifo 20: parent 1:10 limit 12p
 Sent 97309052 bytes 64378 pkt (dropped 1, overlimits 0 requeues 0) 
 backlog 13626b 9p requeues 0
======================================================================
Timestamp: 2026-04-01 03:48:02
qdisc htb 1: root refcnt 13 r2q 10 default 0x10 direct_packets_stat 0 direct_qlen 1000
 Sent 98190057 bytes 64961 pkt (dropped 1, overlimits 64872 requeues 0) 
 backlog 13626b 9p requeues 0
qdisc pfifo 20: parent 1:10 limit 12p
 Sent 98190057 bytes 64961 pkt (dropped 1, overlimits 0 requeues 0) 
 backlog 13626b 9p requeues 0
======================================================================
Timestamp: 2026-04-01 03:48:03
qdisc htb 1: root refcnt 13 r2q 10 default 0x10 direct_packets_stat 0 direct_qlen 1000
 Sent 99072706 bytes 65544 pkt (dropped 1, overlimits 65455 requeues 0) 
 backlog 15140b 10p requeues 0
qdisc pfifo 20: parent 1:10 limit 12p
 Sent 99072706 bytes 65544 pkt (dropped 1, overlimits 0 requeues 0) 
 backlog 15140b 10p requeues 0
======================================================================
Timestamp: 2026-04-01 03:48:04
qdisc htb 1: root refcnt 13 r2q 10 default 0x10 direct_packets_stat 0 direct_qlen 1000
 Sent 99955708 bytes 66129 pkt (dropped 1, overlimits 66040 requeues 0) 
 backlog 6056b 4p requeues 0
qdisc pfifo 20: parent 1:10 limit 12p
 Sent 99955708 bytes 66129 pkt (dropped 1, overlimits 0 requeues 0) 
 backlog 6056b 4p requeues 0
======================================================================
Timestamp: 2026-04-01 03:48:05
qdisc htb 1: root refcnt 13 r2q 10 default 0x10 direct_packets_stat 0 direct_qlen 1000
 Sent 100842651 bytes 66715 pkt (dropped 1, overlimits 66626 requeues 0) 
 backlog 15140b 10p requeues 0
qdisc pfifo 20: parent 1:10 limit 12p
 Sent 100842651 bytes 66715 pkt (dropped 1, overlimits 0 requeues 0) 
 backlog 15140b 10p requeues 0
======================================================================
Timestamp: 2026-04-01 03:48:06
qdisc htb 1: root refcnt 13 r2q 10 default 0x10 direct_packets_stat 0 direct_qlen 1000
 Sent 101727388 bytes 67300 pkt (dropped 1, overlimits 67211 requeues 0) 
 backlog 13626b 9p requeues 0
qdisc pfifo 20: parent 1:10 limit 12p
 Sent 101727388 bytes 67300 pkt (dropped 1, overlimits 0 requeues 0) 
 backlog 13626b 9p requeues 0
======================================================================
Timestamp: 2026-04-01 03:48:07
qdisc htb 1: root refcnt 13 r2q 10 default 0x10 direct_packets_stat 0 direct_qlen 1000
 Sent 102614579 bytes 67886 pkt (dropped 1, overlimits 67797 requeues 0) 
 backlog 10598b 7p requeues 0
qdisc pfifo 20: parent 1:10 limit 12p
 Sent 102614579 bytes 67886 pkt (dropped 1, overlimits 0 requeues 0) 
 backlog 10598b 7p requeues 0
======================================================================
Timestamp: 2026-04-01 03:48:08
qdisc htb 1: root refcnt 13 r2q 10 default 0x10 direct_packets_stat 0 direct_qlen 1000
 Sent 103500269 bytes 68471 pkt (dropped 1, overlimits 68382 requeues 0) 
 backlog 12112b 8p requeues 0
qdisc pfifo 20: parent 1:10 limit 12p
 Sent 103500269 bytes 68471 pkt (dropped 1, overlimits 0 requeues 0) 
 backlog 12112b 8p requeues 0
======================================================================
Timestamp: 2026-04-01 03:48:09
qdisc htb 1: root refcnt 13 r2q 10 default 0x10 direct_packets_stat 0 direct_qlen 1000
 Sent 104382941 bytes 69055 pkt (dropped 1, overlimits 68966 requeues 0) 
 backlog 12112b 8p requeues 0
qdisc pfifo 20: parent 1:10 limit 12p
 Sent 104382941 bytes 69055 pkt (dropped 1, overlimits 0 requeues 0) 
 backlog 12112b 8p requeues 0
======================================================================
Timestamp: 2026-04-01 03:48:10
qdisc htb 1: root refcnt 13 r2q 10 default 0x10 direct_packets_stat 0 direct_qlen 1000
 Sent 105264089 bytes 69637 pkt (dropped 1, overlimits 69548 requeues 0) 
 backlog 13626b 9p requeues 0
qdisc pfifo 20: parent 1:10 limit 12p
 Sent 105264089 bytes 69637 pkt (dropped 1, overlimits 0 requeues 0) 
 backlog 13626b 9p requeues 0
======================================================================
Timestamp: 2026-04-01 03:48:11
qdisc htb 1: root refcnt 13 r2q 10 default 0x10 direct_packets_stat 0 direct_qlen 1000
 Sent 106143996 bytes 70219 pkt (dropped 1, overlimits 70130 requeues 0) 
 backlog 13626b 9p requeues 0
qdisc pfifo 20: parent 1:10 limit 12p
 Sent 106143996 bytes 70219 pkt (dropped 1, overlimits 0 requeues 0) 
 backlog 13626b 9p requeues 0
======================================================================
Timestamp: 2026-04-01 03:48:12
qdisc htb 1: root refcnt 13 r2q 10 default 0x10 direct_packets_stat 0 direct_qlen 1000
 Sent 107025186 bytes 70802 pkt (dropped 1, overlimits 70713 requeues 0) 
 backlog 13626b 9p requeues 0
qdisc pfifo 20: parent 1:10 limit 12p
 Sent 107025186 bytes 70802 pkt (dropped 1, overlimits 0 requeues 0) 
 backlog 13626b 9p requeues 0
======================================================================
Timestamp: 2026-04-01 03:48:13
qdisc htb 1: root refcnt 13 r2q 10 default 0x10 direct_packets_stat 0 direct_qlen 1000
 Sent 107905535 bytes 71384 pkt (dropped 1, overlimits 71295 requeues 0) 
 backlog 10598b 7p requeues 0
qdisc pfifo 20: parent 1:10 limit 12p
 Sent 107905535 bytes 71384 pkt (dropped 1, overlimits 0 requeues 0) 
 backlog 10598b 7p requeues 0
======================================================================
Timestamp: 2026-04-01 03:48:14
qdisc htb 1: root refcnt 13 r2q 10 default 0x10 direct_packets_stat 0 direct_qlen 1000
 Sent 108788197 bytes 71967 pkt (dropped 1, overlimits 71878 requeues 0) 
 backlog 13626b 9p requeues 0
qdisc pfifo 20: parent 1:10 limit 12p
 Sent 108788197 bytes 71967 pkt (dropped 1, overlimits 0 requeues 0) 
 backlog 13626b 9p requeues 0
======================================================================
Timestamp: 2026-04-01 03:48:15
qdisc htb 1: root refcnt 13 r2q 10 default 0x10 direct_packets_stat 0 direct_qlen 1000
 Sent 109668786 bytes 72549 pkt (dropped 1, overlimits 72460 requeues 0) 
 backlog 10598b 7p requeues 0
qdisc pfifo 20: parent 1:10 limit 12p
 Sent 109668786 bytes 72549 pkt (dropped 1, overlimits 0 requeues 0) 
 backlog 10598b 7p requeues 0
======================================================================
Timestamp: 2026-04-01 03:48:16
qdisc htb 1: root refcnt 13 r2q 10 default 0x10 direct_packets_stat 0 direct_qlen 1000
 Sent 110551448 bytes 73132 pkt (dropped 1, overlimits 73043 requeues 0) 
 backlog 10598b 7p requeues 0
qdisc pfifo 20: parent 1:10 limit 12p
 Sent 110551448 bytes 73132 pkt (dropped 1, overlimits 0 requeues 0) 
 backlog 10598b 7p requeues 0
======================================================================
Timestamp: 2026-04-01 03:48:17
qdisc htb 1: root refcnt 13 r2q 10 default 0x10 direct_packets_stat 0 direct_qlen 1000
 Sent 111432318 bytes 73714 pkt (dropped 1, overlimits 73625 requeues 0) 
 backlog 12112b 8p requeues 0
qdisc pfifo 20: parent 1:10 limit 12p
 Sent 111432318 bytes 73714 pkt (dropped 1, overlimits 0 requeues 0) 
 backlog 12112b 8p requeues 0
======================================================================
Timestamp: 2026-04-01 03:48:18
qdisc htb 1: root refcnt 13 r2q 10 default 0x10 direct_packets_stat 0 direct_qlen 1000
 Sent 112313466 bytes 74296 pkt (dropped 1, overlimits 74207 requeues 0) 
 backlog 12112b 8p requeues 0
qdisc pfifo 20: parent 1:10 limit 12p
 Sent 112313466 bytes 74296 pkt (dropped 1, overlimits 0 requeues 0) 
 backlog 12112b 8p requeues 0
======================================================================
Timestamp: 2026-04-01 03:48:19
qdisc htb 1: root refcnt 13 r2q 10 default 0x10 direct_packets_stat 0 direct_qlen 1000
 Sent 113194032 bytes 74878 pkt (dropped 1, overlimits 74789 requeues 0) 
 backlog 12112b 8p requeues 0
qdisc pfifo 20: parent 1:10 limit 12p
 Sent 113194032 bytes 74878 pkt (dropped 1, overlimits 0 requeues 0) 
 backlog 12112b 8p requeues 0
======================================================================
Timestamp: 2026-04-01 03:48:20
qdisc htb 1: root refcnt 13 r2q 10 default 0x10 direct_packets_stat 0 direct_qlen 1000
 Sent 114075180 bytes 75460 pkt (dropped 1, overlimits 75371 requeues 0) 
 backlog 12112b 8p requeues 0
qdisc pfifo 20: parent 1:10 limit 12p
 Sent 114075180 bytes 75460 pkt (dropped 1, overlimits 0 requeues 0) 
 backlog 12112b 8p requeues 0
======================================================================
Timestamp: 2026-04-01 03:48:21
qdisc htb 1: root refcnt 13 r2q 10 default 0x10 direct_packets_stat 0 direct_qlen 1000
 Sent 114961916 bytes 76046 pkt (dropped 1, overlimits 75957 requeues 0) 
 backlog 9071b 6p requeues 0
qdisc pfifo 20: parent 1:10 limit 12p
 Sent 114961916 bytes 76046 pkt (dropped 1, overlimits 0 requeues 0) 
 backlog 9071b 6p requeues 0
======================================================================
Timestamp: 2026-04-01 03:48:22
qdisc htb 1: root refcnt 13 r2q 10 default 0x10 direct_packets_stat 0 direct_qlen 1000
 Sent 115847593 bytes 76631 pkt (dropped 1, overlimits 76542 requeues 0) 
 backlog 13626b 9p requeues 0
qdisc pfifo 20: parent 1:10 limit 12p
 Sent 115847593 bytes 76631 pkt (dropped 1, overlimits 0 requeues 0) 
 backlog 13626b 9p requeues 0
======================================================================
Timestamp: 2026-04-01 03:48:23
qdisc htb 1: root refcnt 13 r2q 10 default 0x10 direct_packets_stat 0 direct_qlen 1000
 Sent 116731658 bytes 77215 pkt (dropped 1, overlimits 77126 requeues 0) 
 backlog 6056b 4p requeues 0
qdisc pfifo 20: parent 1:10 limit 12p
 Sent 116731658 bytes 77215 pkt (dropped 1, overlimits 0 requeues 0) 
 backlog 6056b 4p requeues 0
======================================================================
Timestamp: 2026-04-01 03:48:24
qdisc htb 1: root refcnt 13 r2q 10 default 0x10 direct_packets_stat 0 direct_qlen 1000
 Sent 117617087 bytes 77800 pkt (dropped 1, overlimits 77711 requeues 0) 
 backlog 13626b 9p requeues 0
qdisc pfifo 20: parent 1:10 limit 12p
 Sent 117617087 bytes 77800 pkt (dropped 1, overlimits 0 requeues 0) 
 backlog 13626b 9p requeues 0
======================================================================
Timestamp: 2026-04-01 03:48:25
qdisc htb 1: root refcnt 13 r2q 10 default 0x10 direct_packets_stat 0 direct_qlen 1000
 Sent 118502634 bytes 78386 pkt (dropped 1, overlimits 78297 requeues 0) 
 backlog 12112b 8p requeues 0
qdisc pfifo 20: parent 1:10 limit 12p
 Sent 118502634 bytes 78386 pkt (dropped 1, overlimits 0 requeues 0) 
 backlog 12112b 8p requeues 0
======================================================================
Timestamp: 2026-04-01 03:48:26
qdisc htb 1: root refcnt 13 r2q 10 default 0x10 direct_packets_stat 0 direct_qlen 1000
 Sent 119385283 bytes 78969 pkt (dropped 1, overlimits 78880 requeues 0) 
 backlog 13626b 9p requeues 0
qdisc pfifo 20: parent 1:10 limit 12p
 Sent 119385283 bytes 78969 pkt (dropped 1, overlimits 0 requeues 0) 
 backlog 13626b 9p requeues 0
======================================================================
Timestamp: 2026-04-01 03:48:27
qdisc htb 1: root refcnt 13 r2q 10 default 0x10 direct_packets_stat 0 direct_qlen 1000
 Sent 120266721 bytes 79552 pkt (dropped 1, overlimits 79463 requeues 0) 
 backlog 13626b 9p requeues 0
qdisc pfifo 20: parent 1:10 limit 12p
 Sent 120266721 bytes 79552 pkt (dropped 1, overlimits 0 requeues 0) 
 backlog 13626b 9p requeues 0
======================================================================
Timestamp: 2026-04-01 03:48:28
qdisc htb 1: root refcnt 13 r2q 10 default 0x10 direct_packets_stat 0 direct_qlen 1000
 Sent 121149370 bytes 80135 pkt (dropped 1, overlimits 80046 requeues 0) 
 backlog 12112b 8p requeues 0
qdisc pfifo 20: parent 1:10 limit 12p
 Sent 121149370 bytes 80135 pkt (dropped 1, overlimits 0 requeues 0) 
 backlog 12112b 8p requeues 0
======================================================================
Timestamp: 2026-04-01 03:48:29
qdisc htb 1: root refcnt 13 r2q 10 default 0x10 direct_packets_stat 0 direct_qlen 1000
 Sent 122030364 bytes 80718 pkt (dropped 1, overlimits 80629 requeues 0) 
 backlog 12112b 8p requeues 0
qdisc pfifo 20: parent 1:10 limit 12p
 Sent 122030364 bytes 80718 pkt (dropped 1, overlimits 0 requeues 0) 
 backlog 12112b 8p requeues 0
======================================================================
Timestamp: 2026-04-01 03:48:30
qdisc htb 1: root refcnt 13 r2q 10 default 0x10 direct_packets_stat 0 direct_qlen 1000
 Sent 122914054 bytes 81302 pkt (dropped 1, overlimits 81213 requeues 0) 
 backlog 12112b 8p requeues 0
qdisc pfifo 20: parent 1:10 limit 12p
 Sent 122914054 bytes 81302 pkt (dropped 1, overlimits 0 requeues 0) 
 backlog 12112b 8p requeues 0
======================================================================
Timestamp: 2026-04-01 03:48:31
qdisc htb 1: root refcnt 13 r2q 10 default 0x10 direct_packets_stat 0 direct_qlen 1000
 Sent 123796716 bytes 81885 pkt (dropped 1, overlimits 81796 requeues 0) 
 backlog 13626b 9p requeues 0
qdisc pfifo 20: parent 1:10 limit 12p
 Sent 123796716 bytes 81885 pkt (dropped 1, overlimits 0 requeues 0) 
 backlog 13626b 9p requeues 0
======================================================================
Timestamp: 2026-04-01 03:48:32
qdisc htb 1: root refcnt 13 r2q 10 default 0x10 direct_packets_stat 0 direct_qlen 1000
 Sent 124675628 bytes 82466 pkt (dropped 1, overlimits 82377 requeues 0) 
 backlog 13626b 9p requeues 0
qdisc pfifo 20: parent 1:10 limit 12p
 Sent 124675628 bytes 82466 pkt (dropped 1, overlimits 0 requeues 0) 
 backlog 13626b 9p requeues 0
======================================================================
Timestamp: 2026-04-01 03:48:33
qdisc htb 1: root refcnt 13 r2q 10 default 0x10 direct_packets_stat 0 direct_qlen 1000
 Sent 125558290 bytes 83049 pkt (dropped 1, overlimits 82960 requeues 0) 
 backlog 12112b 8p requeues 0
qdisc pfifo 20: parent 1:10 limit 12p
 Sent 125558290 bytes 83049 pkt (dropped 1, overlimits 0 requeues 0) 
 backlog 12112b 8p requeues 0
======================================================================
Timestamp: 2026-04-01 03:48:34
qdisc htb 1: root refcnt 13 r2q 10 default 0x10 direct_packets_stat 0 direct_qlen 1000
 Sent 126440644 bytes 83632 pkt (dropped 1, overlimits 83543 requeues 0) 
 backlog 13626b 9p requeues 0
qdisc pfifo 20: parent 1:10 limit 12p
 Sent 126440644 bytes 83632 pkt (dropped 1, overlimits 0 requeues 0) 
 backlog 13626b 9p requeues 0
======================================================================
Timestamp: 2026-04-01 03:48:35
qdisc htb 1: root refcnt 13 r2q 10 default 0x10 direct_packets_stat 0 direct_qlen 1000
 Sent 127323306 bytes 84215 pkt (dropped 1, overlimits 84126 requeues 0) 
 backlog 12112b 8p requeues 0
qdisc pfifo 20: parent 1:10 limit 12p
 Sent 127323306 bytes 84215 pkt (dropped 1, overlimits 0 requeues 0) 
 backlog 12112b 8p requeues 0
======================================================================
Timestamp: 2026-04-01 03:48:36
qdisc htb 1: root refcnt 13 r2q 10 default 0x10 direct_packets_stat 0 direct_qlen 1000
 Sent 128206262 bytes 84799 pkt (dropped 1, overlimits 84710 requeues 0) 
 backlog 10598b 7p requeues 0
qdisc pfifo 20: parent 1:10 limit 12p
 Sent 128206262 bytes 84799 pkt (dropped 1, overlimits 0 requeues 0) 
 backlog 10598b 7p requeues 0
======================================================================
Timestamp: 2026-04-01 03:48:37
qdisc htb 1: root refcnt 13 r2q 10 default 0x10 direct_packets_stat 0 direct_qlen 1000
 Sent 129087410 bytes 85381 pkt (dropped 1, overlimits 85292 requeues 0) 
 backlog 13626b 9p requeues 0
qdisc pfifo 20: parent 1:10 limit 12p
 Sent 129087410 bytes 85381 pkt (dropped 1, overlimits 0 requeues 0) 
 backlog 13626b 9p requeues 0
======================================================================
Timestamp: 2026-04-01 03:48:38
qdisc htb 1: root refcnt 13 r2q 10 default 0x10 direct_packets_stat 0 direct_qlen 1000
 Sent 129971306 bytes 85965 pkt (dropped 1, overlimits 85876 requeues 0) 
 backlog 13626b 9p requeues 0
qdisc pfifo 20: parent 1:10 limit 12p
 Sent 129971306 bytes 85965 pkt (dropped 1, overlimits 0 requeues 0) 
 backlog 13626b 9p requeues 0
======================================================================
Timestamp: 2026-04-01 03:48:39
qdisc htb 1: root refcnt 13 r2q 10 default 0x10 direct_packets_stat 0 direct_qlen 1000
 Sent 130852454 bytes 86547 pkt (dropped 1, overlimits 86458 requeues 0) 
 backlog 13626b 9p requeues 0
qdisc pfifo 20: parent 1:10 limit 12p
 Sent 130852454 bytes 86547 pkt (dropped 1, overlimits 0 requeues 0) 
 backlog 13626b 9p requeues 0
======================================================================
Timestamp: 2026-04-01 03:48:40
qdisc htb 1: root refcnt 13 r2q 10 default 0x10 direct_packets_stat 0 direct_qlen 1000
 Sent 131733626 bytes 87130 pkt (dropped 1, overlimits 87041 requeues 0) 
 backlog 9084b 6p requeues 0
qdisc pfifo 20: parent 1:10 limit 12p
 Sent 131733626 bytes 87130 pkt (dropped 1, overlimits 0 requeues 0) 
 backlog 9084b 6p requeues 0
======================================================================
Timestamp: 2026-04-01 03:48:41
qdisc htb 1: root refcnt 13 r2q 10 default 0x10 direct_packets_stat 0 direct_qlen 1000
 Sent 132616288 bytes 87713 pkt (dropped 1, overlimits 87624 requeues 0) 
 backlog 13626b 9p requeues 0
qdisc pfifo 20: parent 1:10 limit 12p
 Sent 132616288 bytes 87713 pkt (dropped 1, overlimits 0 requeues 0) 
 backlog 13626b 9p requeues 0
======================================================================
Timestamp: 2026-04-01 03:48:42
qdisc htb 1: root refcnt 13 r2q 10 default 0x10 direct_packets_stat 0 direct_qlen 1000
 Sent 133499000 bytes 88297 pkt (dropped 1, overlimits 88208 requeues 0) 
 backlog 12112b 8p requeues 0
qdisc pfifo 20: parent 1:10 limit 12p
 Sent 133499000 bytes 88297 pkt (dropped 1, overlimits 0 requeues 0) 
 backlog 12112b 8p requeues 0
======================================================================
Timestamp: 2026-04-01 03:48:43
qdisc htb 1: root refcnt 13 r2q 10 default 0x10 direct_packets_stat 0 direct_qlen 1000
 Sent 134381662 bytes 88880 pkt (dropped 1, overlimits 88791 requeues 0) 
 backlog 9084b 6p requeues 0
qdisc pfifo 20: parent 1:10 limit 12p
 Sent 134381662 bytes 88880 pkt (dropped 1, overlimits 0 requeues 0) 
 backlog 9084b 6p requeues 0
======================================================================
Timestamp: 2026-04-01 03:48:44
qdisc htb 1: root refcnt 13 r2q 10 default 0x10 direct_packets_stat 0 direct_qlen 1000
 Sent 135266500 bytes 89465 pkt (dropped 1, overlimits 89376 requeues 0) 
 backlog 13626b 9p requeues 0
qdisc pfifo 20: parent 1:10 limit 12p
 Sent 135266500 bytes 89465 pkt (dropped 1, overlimits 0 requeues 0) 
 backlog 13626b 9p requeues 0
======================================================================
Timestamp: 2026-04-01 03:48:45
qdisc htb 1: root refcnt 13 r2q 10 default 0x10 direct_packets_stat 0 direct_qlen 1000
 Sent 136150676 bytes 90049 pkt (dropped 1, overlimits 89960 requeues 0) 
 backlog 12112b 8p requeues 0
qdisc pfifo 20: parent 1:10 limit 12p
 Sent 136150676 bytes 90049 pkt (dropped 1, overlimits 0 requeues 0) 
 backlog 12112b 8p requeues 0
======================================================================
Timestamp: 2026-04-01 03:48:46
qdisc htb 1: root refcnt 13 r2q 10 default 0x10 direct_packets_stat 0 direct_qlen 1000
 Sent 137035313 bytes 90635 pkt (dropped 1, overlimits 90546 requeues 0) 
 backlog 13626b 9p requeues 0
qdisc pfifo 20: parent 1:10 limit 12p
 Sent 137035313 bytes 90635 pkt (dropped 1, overlimits 0 requeues 0) 
 backlog 13626b 9p requeues 0
======================================================================
Timestamp: 2026-04-01 03:48:47
qdisc htb 1: root refcnt 13 r2q 10 default 0x10 direct_packets_stat 0 direct_qlen 1000
 Sent 137917975 bytes 91218 pkt (dropped 1, overlimits 91129 requeues 0) 
 backlog 13626b 9p requeues 0
qdisc pfifo 20: parent 1:10 limit 12p
 Sent 137917975 bytes 91218 pkt (dropped 1, overlimits 0 requeues 0) 
 backlog 13626b 9p requeues 0
======================================================================
Timestamp: 2026-04-01 03:48:48
qdisc htb 1: root refcnt 13 r2q 10 default 0x10 direct_packets_stat 0 direct_qlen 1000
 Sent 138800496 bytes 91802 pkt (dropped 1, overlimits 91713 requeues 0) 
 backlog 9084b 6p requeues 0
qdisc pfifo 20: parent 1:10 limit 12p
 Sent 138800496 bytes 91802 pkt (dropped 1, overlimits 0 requeues 0) 
 backlog 9084b 6p requeues 0
======================================================================
Timestamp: 2026-04-01 03:48:49
qdisc htb 1: root refcnt 13 r2q 10 default 0x10 direct_packets_stat 0 direct_qlen 1000
 Sent 139683158 bytes 92385 pkt (dropped 1, overlimits 92296 requeues 0) 
 backlog 13626b 9p requeues 0
qdisc pfifo 20: parent 1:10 limit 12p
 Sent 139683158 bytes 92385 pkt (dropped 1, overlimits 0 requeues 0) 
 backlog 13626b 9p requeues 0
======================================================================
Timestamp: 2026-04-01 03:48:50
qdisc htb 1: root refcnt 13 r2q 10 default 0x10 direct_packets_stat 0 direct_qlen 1000
 Sent 140565644 bytes 92969 pkt (dropped 1, overlimits 92880 requeues 0) 
 backlog 10598b 7p requeues 0
qdisc pfifo 20: parent 1:10 limit 12p
 Sent 140565644 bytes 92969 pkt (dropped 1, overlimits 0 requeues 0) 
 backlog 10598b 7p requeues 0
======================================================================
Timestamp: 2026-04-01 03:48:51
qdisc htb 1: root refcnt 13 r2q 10 default 0x10 direct_packets_stat 0 direct_qlen 1000
 Sent 141448306 bytes 93552 pkt (dropped 1, overlimits 93463 requeues 0) 
 backlog 13626b 9p requeues 0
qdisc pfifo 20: parent 1:10 limit 12p
 Sent 141448306 bytes 93552 pkt (dropped 1, overlimits 0 requeues 0) 
 backlog 13626b 9p requeues 0
======================================================================
Timestamp: 2026-04-01 03:48:52
qdisc htb 1: root refcnt 13 r2q 10 default 0x10 direct_packets_stat 0 direct_qlen 1000
 Sent 142329688 bytes 94135 pkt (dropped 1, overlimits 94046 requeues 0) 
 backlog 10598b 7p requeues 0
qdisc pfifo 20: parent 1:10 limit 12p
 Sent 142329688 bytes 94135 pkt (dropped 1, overlimits 0 requeues 0) 
 backlog 10598b 7p requeues 0
======================================================================
Timestamp: 2026-04-01 03:48:53
qdisc htb 1: root refcnt 13 r2q 10 default 0x10 direct_packets_stat 0 direct_qlen 1000
 Sent 143213864 bytes 94719 pkt (dropped 1, overlimits 94630 requeues 0) 
 backlog 13626b 9p requeues 0
qdisc pfifo 20: parent 1:10 limit 12p
 Sent 143213864 bytes 94719 pkt (dropped 1, overlimits 0 requeues 0) 
 backlog 13626b 9p requeues 0
======================================================================
Timestamp: 2026-04-01 03:48:54
qdisc htb 1: root refcnt 13 r2q 10 default 0x10 direct_packets_stat 0 direct_qlen 1000
 Sent 144097160 bytes 95303 pkt (dropped 1, overlimits 95214 requeues 0) 
 backlog 13626b 9p requeues 0
qdisc pfifo 20: parent 1:10 limit 12p
 Sent 144097160 bytes 95303 pkt (dropped 1, overlimits 0 requeues 0) 
 backlog 13626b 9p requeues 0
======================================================================
Timestamp: 2026-04-01 03:48:55
qdisc htb 1: root refcnt 13 r2q 10 default 0x10 direct_packets_stat 0 direct_qlen 1000
 Sent 144981336 bytes 95887 pkt (dropped 1, overlimits 95798 requeues 0) 
 backlog 12112b 8p requeues 0
qdisc pfifo 20: parent 1:10 limit 12p
 Sent 144981336 bytes 95887 pkt (dropped 1, overlimits 0 requeues 0) 
 backlog 12112b 8p requeues 0
======================================================================
Timestamp: 2026-04-01 03:48:56
qdisc htb 1: root refcnt 13 r2q 10 default 0x10 direct_packets_stat 0 direct_qlen 1000
 Sent 145861853 bytes 96469 pkt (dropped 1, overlimits 96380 requeues 0) 
 backlog 13626b 9p requeues 0
qdisc pfifo 20: parent 1:10 limit 12p
 Sent 145861853 bytes 96469 pkt (dropped 1, overlimits 0 requeues 0) 
 backlog 13626b 9p requeues 0
======================================================================
Timestamp: 2026-04-01 03:48:57
qdisc htb 1: root refcnt 13 r2q 10 default 0x10 direct_packets_stat 0 direct_qlen 1000
 Sent 146741554 bytes 97051 pkt (dropped 1, overlimits 96962 requeues 0) 
 backlog 12112b 8p requeues 0
qdisc pfifo 20: parent 1:10 limit 12p
 Sent 146741554 bytes 97051 pkt (dropped 1, overlimits 0 requeues 0) 
 backlog 12112b 8p requeues 0
======================================================================
Timestamp: 2026-04-01 03:48:58
qdisc htb 1: root refcnt 13 r2q 10 default 0x10 direct_packets_stat 0 direct_qlen 1000
 Sent 147585422 bytes 97617 pkt (dropped 1, overlimits 97526 requeues 0) 
 backlog 7570b 5p requeues 0
qdisc pfifo 20: parent 1:10 limit 12p
 Sent 147585422 bytes 97617 pkt (dropped 1, overlimits 0 requeues 0) 
 backlog 7570b 5p requeues 0
======================================================================
Timestamp: 2026-04-01 03:48:59
qdisc htb 1: root refcnt 13 r2q 10 default 0x10 direct_packets_stat 0 direct_qlen 1000
 Sent 148355869 bytes 98126 pkt (dropped 1, overlimits 98035 requeues 0) 
 backlog 0b 0p requeues 0
qdisc pfifo 20: parent 1:10 limit 12p
 Sent 148355869 bytes 98126 pkt (dropped 1, overlimits 0 requeues 0) 
 backlog 0b 0p requeues 0
======================================================================
Timestamp: 2026-04-01 03:49:00
qdisc htb 1: root refcnt 13 r2q 10 default 0x10 direct_packets_stat 0 direct_qlen 1000
 Sent 148834032 bytes 98442 pkt (dropped 1, overlimits 98348 requeues 0) 
 backlog 7570b 5p requeues 0
qdisc pfifo 20: parent 1:10 limit 12p
 Sent 148834032 bytes 98442 pkt (dropped 1, overlimits 0 requeues 0) 
 backlog 7570b 5p requeues 0
======================================================================
Timestamp: 2026-04-01 03:49:01
qdisc htb 1: root refcnt 13 r2q 10 default 0x10 direct_packets_stat 0 direct_qlen 1000
 Sent 149618667 bytes 98961 pkt (dropped 1, overlimits 98867 requeues 0) 
 backlog 0b 0p requeues 0
qdisc pfifo 20: parent 1:10 limit 12p
 Sent 149618667 bytes 98961 pkt (dropped 1, overlimits 0 requeues 0) 
 backlog 0b 0p requeues 0
======================================================================
Timestamp: 2026-04-01 03:49:02
qdisc htb 1: root refcnt 13 r2q 10 default 0x10 direct_packets_stat 0 direct_qlen 1000
 Sent 150086232 bytes 99270 pkt (dropped 1, overlimits 99173 requeues 0) 
 backlog 6056b 4p requeues 0
qdisc pfifo 20: parent 1:10 limit 12p
 Sent 150086232 bytes 99270 pkt (dropped 1, overlimits 0 requeues 0) 
 backlog 6056b 4p requeues 0
======================================================================
Timestamp: 2026-04-01 03:49:03
qdisc htb 1: root refcnt 13 r2q 10 default 0x10 direct_packets_stat 0 direct_qlen 1000
 Sent 150287812 bytes 99404 pkt (dropped 1, overlimits 99307 requeues 0) 
 backlog 0b 0p requeues 0
qdisc pfifo 20: parent 1:10 limit 12p
 Sent 150287812 bytes 99404 pkt (dropped 1, overlimits 0 requeues 0) 
 backlog 0b 0p requeues 0
======================================================================
Timestamp: 2026-04-01 03:49:04
qdisc htb 1: root refcnt 13 r2q 10 default 0x10 direct_packets_stat 0 direct_qlen 1000
 Sent 150743265 bytes 99705 pkt (dropped 1, overlimits 99605 requeues 0) 
 backlog 6056b 4p requeues 0
qdisc pfifo 20: parent 1:10 limit 12p
 Sent 150743265 bytes 99705 pkt (dropped 1, overlimits 0 requeues 0) 
 backlog 6056b 4p requeues 0
======================================================================
Timestamp: 2026-04-01 03:49:05
qdisc htb 1: root refcnt 13 r2q 10 default 0x10 direct_packets_stat 0 direct_qlen 1000
 Sent 151273272 bytes 100056 pkt (dropped 1, overlimits 99956 requeues 0) 
 backlog 0b 0p requeues 0
qdisc pfifo 20: parent 1:10 limit 12p
 Sent 151273272 bytes 100056 pkt (dropped 1, overlimits 0 requeues 0) 
 backlog 0b 0p requeues 0
======================================================================
Timestamp: 2026-04-01 03:49:06
qdisc htb 1: root refcnt 13 r2q 10 default 0x10 direct_packets_stat 0 direct_qlen 1000
 Sent 151716613 bytes 100349 pkt (dropped 1, overlimits 100246 requeues 0) 
 backlog 6056b 4p requeues 0
qdisc pfifo 20: parent 1:10 limit 12p
 Sent 151716613 bytes 100349 pkt (dropped 1, overlimits 0 requeues 0) 
 backlog 6056b 4p requeues 0
======================================================================
Timestamp: 2026-04-01 03:49:07
qdisc htb 1: root refcnt 13 r2q 10 default 0x10 direct_packets_stat 0 direct_qlen 1000
 Sent 152417345 bytes 100812 pkt (dropped 1, overlimits 100709 requeues 0) 
 backlog 0b 0p requeues 0
qdisc pfifo 20: parent 1:10 limit 12p
 Sent 152417345 bytes 100812 pkt (dropped 1, overlimits 0 requeues 0) 
 backlog 0b 0p requeues 0
======================================================================
Timestamp: 2026-04-01 03:49:08
qdisc htb 1: root refcnt 13 r2q 10 default 0x10 direct_packets_stat 0 direct_qlen 1000
 Sent 152844032 bytes 101094 pkt (dropped 1, overlimits 100988 requeues 0) 
 backlog 6056b 4p requeues 0
qdisc pfifo 20: parent 1:10 limit 12p
 Sent 152844032 bytes 101094 pkt (dropped 1, overlimits 0 requeues 0) 
 backlog 6056b 4p requeues 0
======================================================================
Timestamp: 2026-04-01 03:49:09
qdisc htb 1: root refcnt 13 r2q 10 default 0x10 direct_packets_stat 0 direct_qlen 1000
 Sent 153664758 bytes 101637 pkt (dropped 1, overlimits 101531 requeues 0) 
 backlog 0b 0p requeues 0
qdisc pfifo 20: parent 1:10 limit 12p
 Sent 153664758 bytes 101637 pkt (dropped 1, overlimits 0 requeues 0) 
 backlog 0b 0p requeues 0
======================================================================
Timestamp: 2026-04-01 03:49:10
qdisc htb 1: root refcnt 13 r2q 10 default 0x10 direct_packets_stat 0 direct_qlen 1000
 Sent 154082361 bytes 101913 pkt (dropped 1, overlimits 101804 requeues 0) 
 backlog 6056b 4p requeues 0
qdisc pfifo 20: parent 1:10 limit 12p
 Sent 154082361 bytes 101913 pkt (dropped 1, overlimits 0 requeues 0) 
 backlog 6056b 4p requeues 0
======================================================================
Timestamp: 2026-04-01 03:49:11
qdisc htb 1: root refcnt 13 r2q 10 default 0x10 direct_packets_stat 0 direct_qlen 1000
 Sent 154849009 bytes 102420 pkt (dropped 1, overlimits 102311 requeues 0) 
 backlog 0b 0p requeues 0
qdisc pfifo 20: parent 1:10 limit 12p
 Sent 154849009 bytes 102420 pkt (dropped 1, overlimits 0 requeues 0) 
 backlog 0b 0p requeues 0
======================================================================
Timestamp: 2026-04-01 03:49:12
qdisc htb 1: root refcnt 13 r2q 10 default 0x10 direct_packets_stat 0 direct_qlen 1000
 Sent 155251472 bytes 102686 pkt (dropped 1, overlimits 102574 requeues 0) 
 backlog 6056b 4p requeues 0
qdisc pfifo 20: parent 1:10 limit 12p
 Sent 155251472 bytes 102686 pkt (dropped 1, overlimits 0 requeues 0) 
 backlog 6056b 4p requeues 0
======================================================================
Timestamp: 2026-04-01 03:49:13
qdisc htb 1: root refcnt 13 r2q 10 default 0x10 direct_packets_stat 0 direct_qlen 1000
 Sent 156131172 bytes 103268 pkt (dropped 1, overlimits 103155 requeues 0) 
 backlog 4542b 3p requeues 0
qdisc pfifo 20: parent 1:10 limit 12p
 Sent 156131172 bytes 103268 pkt (dropped 1, overlimits 0 requeues 0) 
 backlog 4542b 3p requeues 0
======================================================================
Timestamp: 2026-04-01 03:49:14
qdisc htb 1: root refcnt 13 r2q 10 default 0x10 direct_packets_stat 0 direct_qlen 1000
 Sent 156544887 bytes 103542 pkt (dropped 1, overlimits 103426 requeues 0) 
 backlog 6056b 4p requeues 0
qdisc pfifo 20: parent 1:10 limit 12p
 Sent 156544887 bytes 103542 pkt (dropped 1, overlimits 0 requeues 0) 
 backlog 6056b 4p requeues 0
======================================================================
Timestamp: 2026-04-01 03:49:15
qdisc htb 1: root refcnt 13 r2q 10 default 0x10 direct_packets_stat 0 direct_qlen 1000
 Sent 157432091 bytes 104128 pkt (dropped 1, overlimits 104012 requeues 0) 
 backlog 4542b 3p requeues 0
qdisc pfifo 20: parent 1:10 limit 12p
 Sent 157432091 bytes 104128 pkt (dropped 1, overlimits 0 requeues 0) 
 backlog 4542b 3p requeues 0
======================================================================
Timestamp: 2026-04-01 03:49:16
qdisc htb 1: root refcnt 13 r2q 10 default 0x10 direct_packets_stat 0 direct_qlen 1000
 Sent 157820594 bytes 104385 pkt (dropped 1, overlimits 104266 requeues 0) 
 backlog 4542b 3p requeues 0
qdisc pfifo 20: parent 1:10 limit 12p
 Sent 157820594 bytes 104385 pkt (dropped 1, overlimits 0 requeues 0) 
 backlog 4542b 3p requeues 0
