      Time     KB/s_in    KB/s_out
  17:21:55         1.0         3.3
  17:21:56        11.5       366.8
  17:21:57        22.1       855.6
  17:21:58        14.6       551.0
  17:21:59        21.7       832.7
  17:22:00        22.8       854.6
  17:22:01        22.0       834.8
  17:22:02        22.7       838.0
  17:22:03         2.3        83.5
  17:22:04         8.3       282.8
  17:22:05         2.6        98.5
  17:22:06         7.4       251.3
  17:22:07        20.8       802.8
  17:22:08         7.0       229.1
  17:22:09        22.0       854.2
  17:22:10        10.6       370.1
  17:22:11        22.0       855.6
  17:22:12        11.9       424.4
  17:22:13        21.9       854.2
  17:22:14         9.6       328.8
  17:22:15        22.0       854.3
  17:22:16        10.2       357.6
  17:22:17        22.1       854.4
  17:22:18         9.3       321.0
  17:22:19        22.1       855.8
  17:22:20         9.7       333.3
  17:22:21        22.0       854.3
  17:22:22         9.8       340.9
  17:22:23        21.9       848.9
  17:22:24         1.9        29.6
  17:22:25        20.3       651.7
  17:22:26         6.1       157.5
  17:22:27        11.7       328.1
  17:22:28        11.2       310.4
  17:22:29        12.4       373.9
  17:22:30        12.6       351.7
  17:22:31        13.6       360.0
  17:22:32         6.9       201.1
  17:22:33        10.5       286.6
  17:22:34         7.4       206.1
  17:22:35         8.9       251.3
  17:22:36         7.5       224.1
  17:22:37        10.3       277.8
  17:22:38         4.9       144.8
  17:22:39        10.6       306.0
  17:22:40         3.9       114.0
  17:22:41         9.8       275.0
  17:22:42         4.6       139.9
  17:22:43         9.7       274.9
  17:22:44         5.0       146.5
  17:22:45         9.5       249.8
  17:22:46         5.9       175.7
  17:22:47         9.9       251.4
  17:22:48         6.6       196.8
  17:22:49         8.2       215.8
  17:22:50        10.9       316.1
  17:22:51         7.9       218.7
  17:22:52         7.4       236.7
  17:22:53         7.9       203.9
  17:22:54         8.1       249.4
  17:22:55         7.1       175.9
  17:22:56         8.4       252.1
  17:22:57         7.7       201.1
  17:22:58         9.1       282.4
  17:22:59         6.3       156.7
  17:23:00        10.1       307.4
  17:23:01         7.0       167.8
  17:23:02        12.8       370.7
  17:23:03        13.3       371.9
  17:23:04         9.0       267.6
  17:23:05         6.2       149.3
  17:23:06         7.8       245.0
  17:23:07         5.1       118.3
  17:23:08        10.6       314.1
  17:23:09         5.2       134.5
  17:23:10        10.8       319.4
  17:23:11         3.8        96.1
  17:23:12        10.8       320.6
  17:23:13         4.5       115.1
  17:23:14        11.8       356.1
  17:23:15         4.4       100.4
  17:23:16         8.3       230.1
  17:23:17         3.4        75.4
  17:23:18         8.1       245.9
  17:23:19         3.1        56.2
  17:23:20        10.8       310.3
  17:23:21         4.9       118.1
  17:23:22        12.1       365.7
  17:23:23         2.0        38.5
  17:23:24        13.2       391.6
  17:23:25         3.3        63.8
  17:23:26        10.7       314.8
  17:23:27         5.5       143.3
  17:23:28        12.1       366.5
  17:23:29         5.3       130.6
  17:23:30        10.3       304.8
  17:23:31         0.5         0.0
  17:23:32        10.9       300.1
  17:23:33         4.3       123.2
  17:23:34        11.0       300.0
  17:23:35         3.3        97.4
  17:23:36        10.7       297.1
  17:23:37         4.9       143.0
  17:23:38        11.2       290.3
  17:23:39         0.0         0.0
  17:23:40        12.2       337.0
  17:23:41         1.1        35.1
  17:23:42         9.1       238.0
  17:23:43         7.0       215.0
  17:23:44         9.6       255.7
  17:23:45         5.2       154.6
  17:23:46         9.9       273.4
  17:23:47         4.3       126.2
  17:23:48         9.7       242.6
  17:23:49         6.2       178.3
  17:23:50         8.6       238.0
  17:23:51         6.2       190.7
  17:23:52         8.6       230.7
  17:23:53         6.9       216.9
  17:23:54         8.3       233.5
  17:23:55         7.0       214.9
  17:23:56         8.6       235.5
  17:23:57         7.1       216.5
  17:23:58         6.9       177.4
  17:23:59         9.7       283.9
  17:24:00         7.0       178.8
  17:24:01         9.7       285.1
  17:24:02         6.2       153.0
  17:24:03         0.0         0.0
  17:24:04         5.6       136.0
  17:24:05         1.7        44.3
  17:24:06         4.5       112.4
  17:24:07        10.7       332.1
  17:24:08         6.0       139.0
  17:24:09        11.4       334.3
  17:24:10         5.1       116.8
  17:24:11        10.2       309.2
  17:24:12         5.8       136.0
  17:24:13         9.7       291.6
  17:24:14         3.2        72.5
  17:24:15         9.4       286.6
  17:24:16         4.7       113.1
  17:24:17         9.7       292.5
  17:24:18         6.1       147.0
  17:24:19        12.9       407.8
  17:24:20         3.7        84.9
  17:24:21        12.6       384.2
  17:24:22         4.8       116.5
  17:24:23         8.0       236.0
  17:24:24         2.2        38.5
  17:24:25        10.8       326.0
  17:24:26         1.6        19.3
  17:24:27        14.1       413.6
  17:24:28         1.5        10.8
  17:24:29        10.4       311.2
  17:24:30         1.2         3.0
  17:24:31        10.1       308.7
  17:24:32         5.8       158.1
  17:24:33        12.7       356.2
  17:24:34         5.0       136.7
  17:24:35        11.7       325.3
  17:24:36         4.9       150.3
  17:24:37        12.4       341.5
  17:24:38         2.4        81.3
  17:24:39        11.4       304.6
  17:24:40         4.0       115.5
  17:24:41         9.7       273.5
  17:24:42         4.9       141.5
  17:24:43         9.9       267.6
  17:24:44         5.8       154.0
  17:24:45         9.6       270.6
  17:24:46         5.0       155.0
  17:24:47         9.3       245.4
  17:24:48         6.8       202.7
  17:24:49         9.1       229.3
  17:24:50        10.3       302.9
  17:24:51         9.2       229.2
  17:24:52         7.4       226.1
  17:24:53         9.9       246.8
  17:24:54         7.0       206.7
  17:24:55         9.1       285.2
  17:24:56         3.7       142.7
  17:24:57        13.6       483.2
  17:24:58         0.0         0.0
  17:24:59        12.9       464.2
  17:25:00         0.2         6.7
  17:25:01        12.5       443.2
  17:25:02         9.4       345.3
  17:25:03         9.2       315.8
  17:25:04         2.5        68.5
  17:25:05        11.2       391.6
  17:25:06        10.0       384.7
  17:25:07        10.6       368.1
  17:25:08        11.6       446.7
  17:25:09         9.5       332.6
  17:25:10        14.5       557.9
  17:25:11         9.2       313.4
  17:25:12        13.2       511.2
  17:25:13         8.3       283.8
  17:25:14        16.2       610.1
