Starting TC Qdisc Monitoring for s1-eth2
Timestamp, Qdisc Stats
======================================================================
Timestamp: 2026-04-01 19:58:14
qdisc htb 1: root refcnt 13 r2q 10 default 0x10 direct_packets_stat 0 direct_qlen 1000
 Sent 7594 bytes 37 pkt (dropped 0, overlimits 2 requeues 0) 
 backlog 0b 0p requeues 0
qdisc pfifo 20: parent 1:10 limit 12p
 Sent 7594 bytes 37 pkt (dropped 0, overlimits 0 requeues 0) 
 backlog 0b 0p requeues 0
======================================================================
Timestamp: 2026-04-01 19:58:15
qdisc htb 1: root refcnt 13 r2q 10 default 0x10 direct_packets_stat 0 direct_qlen 1000
 Sent 239483 bytes 196 pkt (dropped 0, overlimits 68 requeues 0) 
 backlog 0b 0p requeues 0
qdisc pfifo 20: parent 1:10 limit 12p
 Sent 239483 bytes 196 pkt (dropped 0, overlimits 0 requeues 0) 
 backlog 0b 0p requeues 0
======================================================================
Timestamp: 2026-04-01 19:58:16
qdisc htb 1: root refcnt 13 r2q 10 default 0x10 direct_packets_stat 0 direct_qlen 1000
 Sent 1079777 bytes 763 pkt (dropped 0, overlimits 223 requeues 0) 
 backlog 32604b 3p requeues 0
qdisc pfifo 20: parent 1:10 limit 12p
 Sent 1079777 bytes 763 pkt (dropped 0, overlimits 0 requeues 0) 
 backlog 32604b 3p requeues 0
======================================================================
Timestamp: 2026-04-01 19:58:17
qdisc htb 1: root refcnt 13 r2q 10 default 0x10 direct_packets_stat 0 direct_qlen 1000
 Sent 1936249 bytes 1344 pkt (dropped 26, overlimits 392 requeues 0) 
 backlog 20748b 2p requeues 0
qdisc pfifo 20: parent 1:10 limit 12p
 Sent 1936249 bytes 1344 pkt (dropped 26, overlimits 0 requeues 0) 
 backlog 20748b 2p requeues 0
======================================================================
Timestamp: 2026-04-01 19:58:18
qdisc htb 1: root refcnt 13 r2q 10 default 0x10 direct_packets_stat 0 direct_qlen 1000
 Sent 2784077 bytes 1918 pkt (dropped 35, overlimits 497 requeues 0) 
 backlog 16302b 11p requeues 0
qdisc pfifo 20: parent 1:10 limit 12p
 Sent 2784077 bytes 1918 pkt (dropped 35, overlimits 0 requeues 0) 
 backlog 16302b 11p requeues 0
======================================================================
Timestamp: 2026-04-01 19:58:19
qdisc htb 1: root refcnt 13 r2q 10 default 0x10 direct_packets_stat 0 direct_qlen 1000
 Sent 3668901 bytes 2516 pkt (dropped 51, overlimits 652 requeues 0) 
 backlog 38532b 4p requeues 0
qdisc pfifo 20: parent 1:10 limit 12p
 Sent 3668901 bytes 2516 pkt (dropped 51, overlimits 0 requeues 0) 
 backlog 38532b 4p requeues 0
======================================================================
Timestamp: 2026-04-01 19:58:20
qdisc htb 1: root refcnt 13 r2q 10 default 0x10 direct_packets_stat 0 direct_qlen 1000
 Sent 3980293 bytes 2727 pkt (dropped 51, overlimits 688 requeues 0) 
 backlog 20748b 9p requeues 0
qdisc pfifo 20: parent 1:10 limit 12p
 Sent 3980293 bytes 2727 pkt (dropped 51, overlimits 0 requeues 0) 
 backlog 20748b 9p requeues 0
======================================================================
Timestamp: 2026-04-01 19:58:21
qdisc htb 1: root refcnt 13 r2q 10 default 0x10 direct_packets_stat 0 direct_qlen 1000
 Sent 4862286 bytes 3323 pkt (dropped 80, overlimits 858 requeues 0) 
 backlog 32604b 4p requeues 0
qdisc pfifo 20: parent 1:10 limit 12p
 Sent 4862286 bytes 3323 pkt (dropped 80, overlimits 0 requeues 0) 
 backlog 32604b 4p requeues 0
======================================================================
Timestamp: 2026-04-01 19:58:22
qdisc htb 1: root refcnt 13 r2q 10 default 0x10 direct_packets_stat 0 direct_qlen 1000
 Sent 5211599 bytes 3559 pkt (dropped 80, overlimits 894 requeues 0) 
 backlog 0b 0p requeues 0
qdisc pfifo 20: parent 1:10 limit 12p
 Sent 5211599 bytes 3559 pkt (dropped 80, overlimits 0 requeues 0) 
 backlog 0b 0p requeues 0
======================================================================
Timestamp: 2026-04-01 19:58:23
qdisc htb 1: root refcnt 13 r2q 10 default 0x10 direct_packets_stat 0 direct_qlen 1000
 Sent 6063749 bytes 4134 pkt (dropped 111, overlimits 1063 requeues 0) 
 backlog 29640b 3p requeues 0
qdisc pfifo 20: parent 1:10 limit 12p
 Sent 6063749 bytes 4134 pkt (dropped 111, overlimits 0 requeues 0) 
 backlog 29640b 3p requeues 0
======================================================================
Timestamp: 2026-04-01 19:58:24
qdisc htb 1: root refcnt 13 r2q 10 default 0x10 direct_packets_stat 0 direct_qlen 1000
 Sent 6141299 bytes 4188 pkt (dropped 111, overlimits 1073 requeues 0) 
 backlog 0b 0p requeues 0
qdisc pfifo 20: parent 1:10 limit 12p
 Sent 6141299 bytes 4188 pkt (dropped 111, overlimits 0 requeues 0) 
 backlog 0b 0p requeues 0
======================================================================
Timestamp: 2026-04-01 19:58:25
qdisc htb 1: root refcnt 13 r2q 10 default 0x10 direct_packets_stat 0 direct_qlen 1000
 Sent 6948716 bytes 4733 pkt (dropped 125, overlimits 1206 requeues 0) 
 backlog 41496b 4p requeues 0
qdisc pfifo 20: parent 1:10 limit 12p
 Sent 6948716 bytes 4733 pkt (dropped 125, overlimits 0 requeues 0) 
 backlog 41496b 4p requeues 0
======================================================================
Timestamp: 2026-04-01 19:58:26
qdisc htb 1: root refcnt 13 r2q 10 default 0x10 direct_packets_stat 0 direct_qlen 1000
 Sent 6995165 bytes 4766 pkt (dropped 125, overlimits 1213 requeues 0) 
 backlog 0b 0p requeues 0
qdisc pfifo 20: parent 1:10 limit 12p
 Sent 6995165 bytes 4766 pkt (dropped 125, overlimits 0 requeues 0) 
 backlog 0b 0p requeues 0
======================================================================
Timestamp: 2026-04-01 19:58:27
qdisc htb 1: root refcnt 13 r2q 10 default 0x10 direct_packets_stat 0 direct_qlen 1000
 Sent 7753676 bytes 5278 pkt (dropped 138, overlimits 1332 requeues 0) 
 backlog 28158b 4p requeues 0
qdisc pfifo 20: parent 1:10 limit 12p
 Sent 7753676 bytes 5278 pkt (dropped 138, overlimits 0 requeues 0) 
 backlog 28158b 4p requeues 0
======================================================================
Timestamp: 2026-04-01 19:58:28
qdisc htb 1: root refcnt 13 r2q 10 default 0x10 direct_packets_stat 0 direct_qlen 1000
 Sent 8159862 bytes 5553 pkt (dropped 138, overlimits 1380 requeues 0) 
 backlog 0b 0p requeues 0
qdisc pfifo 20: parent 1:10 limit 12p
 Sent 8159862 bytes 5553 pkt (dropped 138, overlimits 0 requeues 0) 
 backlog 0b 0p requeues 0
======================================================================
Timestamp: 2026-04-01 19:58:29
qdisc htb 1: root refcnt 13 r2q 10 default 0x10 direct_packets_stat 0 direct_qlen 1000
 Sent 8878361 bytes 6038 pkt (dropped 166, overlimits 1540 requeues 0) 
 backlog 20748b 2p requeues 0
qdisc pfifo 20: parent 1:10 limit 12p
 Sent 8878361 bytes 6038 pkt (dropped 166, overlimits 0 requeues 0) 
 backlog 20748b 2p requeues 0
======================================================================
Timestamp: 2026-04-01 19:58:30
qdisc htb 1: root refcnt 13 r2q 10 default 0x10 direct_packets_stat 0 direct_qlen 1000
 Sent 8975979 bytes 6105 pkt (dropped 166, overlimits 1552 requeues 0) 
 backlog 0b 0p requeues 0
qdisc pfifo 20: parent 1:10 limit 12p
 Sent 8975979 bytes 6105 pkt (dropped 166, overlimits 0 requeues 0) 
 backlog 0b 0p requeues 0
======================================================================
Timestamp: 2026-04-01 19:58:31
qdisc htb 1: root refcnt 13 r2q 10 default 0x10 direct_packets_stat 0 direct_qlen 1000
 Sent 9639644 bytes 6553 pkt (dropped 175, overlimits 1651 requeues 0) 
 backlog 20748b 3p requeues 0
qdisc pfifo 20: parent 1:10 limit 12p
 Sent 9639644 bytes 6553 pkt (dropped 175, overlimits 0 requeues 0) 
 backlog 20748b 3p requeues 0
======================================================================
Timestamp: 2026-04-01 19:58:32
qdisc htb 1: root refcnt 13 r2q 10 default 0x10 direct_packets_stat 0 direct_qlen 1000
 Sent 10496499 bytes 7132 pkt (dropped 202, overlimits 1824 requeues 0) 
 backlog 17784b 3p requeues 0
qdisc pfifo 20: parent 1:10 limit 12p
 Sent 10496499 bytes 7132 pkt (dropped 202, overlimits 0 requeues 0) 
 backlog 17784b 3p requeues 0
======================================================================
Timestamp: 2026-04-01 19:58:33
qdisc htb 1: root refcnt 13 r2q 10 default 0x10 direct_packets_stat 0 direct_qlen 1000
 Sent 11370976 bytes 7723 pkt (dropped 202, overlimits 1921 requeues 0) 
 backlog 37050b 4p requeues 0
qdisc pfifo 20: parent 1:10 limit 12p
 Sent 11370976 bytes 7723 pkt (dropped 202, overlimits 0 requeues 0) 
 backlog 37050b 4p requeues 0
======================================================================
Timestamp: 2026-04-01 19:58:34
qdisc htb 1: root refcnt 13 r2q 10 default 0x10 direct_packets_stat 0 direct_qlen 1000
 Sent 12235774 bytes 8308 pkt (dropped 230, overlimits 2097 requeues 0) 
 backlog 22230b 2p requeues 0
qdisc pfifo 20: parent 1:10 limit 12p
 Sent 12235774 bytes 8308 pkt (dropped 230, overlimits 0 requeues 0) 
 backlog 22230b 2p requeues 0
======================================================================
Timestamp: 2026-04-01 19:58:35
qdisc htb 1: root refcnt 13 r2q 10 default 0x10 direct_packets_stat 0 direct_qlen 1000
 Sent 12771482 bytes 8671 pkt (dropped 230, overlimits 2150 requeues 0) 
 backlog 0b 0p requeues 0
qdisc pfifo 20: parent 1:10 limit 12p
 Sent 12771482 bytes 8671 pkt (dropped 230, overlimits 0 requeues 0) 
 backlog 0b 0p requeues 0
======================================================================
Timestamp: 2026-04-01 19:58:36
qdisc htb 1: root refcnt 13 r2q 10 default 0x10 direct_packets_stat 0 direct_qlen 1000
 Sent 13380524 bytes 9085 pkt (dropped 261, overlimits 2304 requeues 0) 
 backlog 22230b 3p requeues 0
qdisc pfifo 20: parent 1:10 limit 12p
 Sent 13380524 bytes 9085 pkt (dropped 261, overlimits 0 requeues 0) 
 backlog 22230b 3p requeues 0
======================================================================
Timestamp: 2026-04-01 19:58:37
qdisc htb 1: root refcnt 13 r2q 10 default 0x10 direct_packets_stat 0 direct_qlen 1000
 Sent 14117014 bytes 9583 pkt (dropped 261, overlimits 2399 requeues 0) 
 backlog 0b 0p requeues 0
qdisc pfifo 20: parent 1:10 limit 12p
 Sent 14117014 bytes 9583 pkt (dropped 261, overlimits 0 requeues 0) 
 backlog 0b 0p requeues 0
======================================================================
Timestamp: 2026-04-01 19:58:38
qdisc htb 1: root refcnt 13 r2q 10 default 0x10 direct_packets_stat 0 direct_qlen 1000
 Sent 14688795 bytes 9969 pkt (dropped 290, overlimits 2538 requeues 0) 
 backlog 22230b 2p requeues 0
qdisc pfifo 20: parent 1:10 limit 12p
 Sent 14688795 bytes 9969 pkt (dropped 290, overlimits 0 requeues 0) 
 backlog 22230b 2p requeues 0
======================================================================
Timestamp: 2026-04-01 19:58:39
qdisc htb 1: root refcnt 13 r2q 10 default 0x10 direct_packets_stat 0 direct_qlen 1000
 Sent 15303557 bytes 10387 pkt (dropped 290, overlimits 2599 requeues 0) 
 backlog 0b 0p requeues 0
qdisc pfifo 20: parent 1:10 limit 12p
 Sent 15303557 bytes 10387 pkt (dropped 290, overlimits 0 requeues 0) 
 backlog 0b 0p requeues 0
======================================================================
Timestamp: 2026-04-01 19:58:40
qdisc htb 1: root refcnt 13 r2q 10 default 0x10 direct_packets_stat 0 direct_qlen 1000
 Sent 15832360 bytes 10744 pkt (dropped 295, overlimits 2728 requeues 0) 
 backlog 22230b 3p requeues 0
qdisc pfifo 20: parent 1:10 limit 12p
 Sent 15832360 bytes 10744 pkt (dropped 295, overlimits 0 requeues 0) 
 backlog 22230b 3p requeues 0
======================================================================
Timestamp: 2026-04-01 19:58:41
qdisc htb 1: root refcnt 13 r2q 10 default 0x10 direct_packets_stat 0 direct_qlen 1000
 Sent 16605737 bytes 11266 pkt (dropped 295, overlimits 2822 requeues 0) 
 backlog 0b 0p requeues 0
qdisc pfifo 20: parent 1:10 limit 12p
 Sent 16605737 bytes 11266 pkt (dropped 295, overlimits 0 requeues 0) 
 backlog 0b 0p requeues 0
======================================================================
Timestamp: 2026-04-01 19:58:42
qdisc htb 1: root refcnt 13 r2q 10 default 0x10 direct_packets_stat 0 direct_qlen 1000
 Sent 17088598 bytes 11592 pkt (dropped 327, overlimits 2957 requeues 0) 
 backlog 26676b 3p requeues 0
qdisc pfifo 20: parent 1:10 limit 12p
 Sent 17088598 bytes 11592 pkt (dropped 327, overlimits 0 requeues 0) 
 backlog 26676b 3p requeues 0
======================================================================
Timestamp: 2026-04-01 19:58:43
qdisc htb 1: root refcnt 13 r2q 10 default 0x10 direct_packets_stat 0 direct_qlen 1000
 Sent 17835804 bytes 12097 pkt (dropped 327, overlimits 3037 requeues 0) 
 backlog 0b 0p requeues 0
qdisc pfifo 20: parent 1:10 limit 12p
 Sent 17835804 bytes 12097 pkt (dropped 327, overlimits 0 requeues 0) 
 backlog 0b 0p requeues 0
======================================================================
Timestamp: 2026-04-01 19:58:44
qdisc htb 1: root refcnt 13 r2q 10 default 0x10 direct_packets_stat 0 direct_qlen 1000
 Sent 18268393 bytes 12391 pkt (dropped 359, overlimits 3159 requeues 0) 
 backlog 20917b 4p requeues 0
qdisc pfifo 20: parent 1:10 limit 12p
 Sent 18268393 bytes 12391 pkt (dropped 359, overlimits 0 requeues 0) 
 backlog 20917b 4p requeues 0
======================================================================
Timestamp: 2026-04-01 19:58:45
qdisc htb 1: root refcnt 13 r2q 10 default 0x10 direct_packets_stat 0 direct_qlen 1000
 Sent 19141734 bytes 12991 pkt (dropped 387, overlimits 3423 requeues 0) 
 backlog 13498b 7p requeues 0
qdisc pfifo 20: parent 1:10 limit 12p
 Sent 19141734 bytes 12991 pkt (dropped 387, overlimits 0 requeues 0) 
 backlog 13498b 7p requeues 0
======================================================================
Timestamp: 2026-04-01 19:58:46
qdisc htb 1: root refcnt 13 r2q 10 default 0x10 direct_packets_stat 0 direct_qlen 1000
 Sent 19990775 bytes 13561 pkt (dropped 414, overlimits 3832 requeues 0) 
 backlog 19394b 11p requeues 0
qdisc pfifo 20: parent 1:10 limit 12p
 Sent 19990775 bytes 13561 pkt (dropped 414, overlimits 0 requeues 0) 
 backlog 19394b 11p requeues 0
======================================================================
Timestamp: 2026-04-01 19:58:47
qdisc htb 1: root refcnt 13 r2q 10 default 0x10 direct_packets_stat 0 direct_qlen 1000
 Sent 20869315 bytes 14151 pkt (dropped 436, overlimits 4091 requeues 0) 
 backlog 20812b 8p requeues 0
qdisc pfifo 20: parent 1:10 limit 12p
 Sent 20869315 bytes 14151 pkt (dropped 436, overlimits 0 requeues 0) 
 backlog 20812b 8p requeues 0
======================================================================
Timestamp: 2026-04-01 19:58:48
qdisc htb 1: root refcnt 13 r2q 10 default 0x10 direct_packets_stat 0 direct_qlen 1000
 Sent 21601789 bytes 14640 pkt (dropped 459, overlimits 4484 requeues 0) 
 backlog 2964b 1p requeues 0
qdisc pfifo 20: parent 1:10 limit 12p
 Sent 21601789 bytes 14640 pkt (dropped 459, overlimits 0 requeues 0) 
 backlog 2964b 1p requeues 0
======================================================================
Timestamp: 2026-04-01 19:58:49
qdisc htb 1: root refcnt 13 r2q 10 default 0x10 direct_packets_stat 0 direct_qlen 1000
 Sent 22477027 bytes 15227 pkt (dropped 486, overlimits 4862 requeues 0) 
 backlog 17784b 6p requeues 0
qdisc pfifo 20: parent 1:10 limit 12p
 Sent 22477027 bytes 15227 pkt (dropped 486, overlimits 0 requeues 0) 
 backlog 17784b 6p requeues 0
======================================================================
Timestamp: 2026-04-01 19:58:50
qdisc htb 1: root refcnt 13 r2q 10 default 0x10 direct_packets_stat 0 direct_qlen 1000
 Sent 23355232 bytes 15820 pkt (dropped 517, overlimits 5162 requeues 0) 
 backlog 23840b 6p requeues 0
qdisc pfifo 20: parent 1:10 limit 12p
 Sent 23355232 bytes 15820 pkt (dropped 517, overlimits 0 requeues 0) 
 backlog 23840b 6p requeues 0
======================================================================
Timestamp: 2026-04-01 19:58:51
qdisc htb 1: root refcnt 13 r2q 10 default 0x10 direct_packets_stat 0 direct_qlen 1000
 Sent 24238740 bytes 16414 pkt (dropped 521, overlimits 5350 requeues 0) 
 backlog 44652b 10p requeues 0
qdisc pfifo 20: parent 1:10 limit 12p
 Sent 24238740 bytes 16414 pkt (dropped 521, overlimits 0 requeues 0) 
 backlog 44652b 10p requeues 0
======================================================================
Timestamp: 2026-04-01 19:58:52
qdisc htb 1: root refcnt 13 r2q 10 default 0x10 direct_packets_stat 0 direct_qlen 1000
 Sent 24964900 bytes 16901 pkt (dropped 545, overlimits 5633 requeues 0) 
 backlog 19394b 11p requeues 0
qdisc pfifo 20: parent 1:10 limit 12p
 Sent 24964900 bytes 16901 pkt (dropped 545, overlimits 0 requeues 0) 
 backlog 19394b 11p requeues 0
======================================================================
Timestamp: 2026-04-01 19:58:53
qdisc htb 1: root refcnt 13 r2q 10 default 0x10 direct_packets_stat 0 direct_qlen 1000
 Sent 25845070 bytes 17494 pkt (dropped 567, overlimits 5928 requeues 0) 
 backlog 44716b 11p requeues 0
qdisc pfifo 20: parent 1:10 limit 12p
 Sent 25845070 bytes 17494 pkt (dropped 567, overlimits 0 requeues 0) 
 backlog 44716b 11p requeues 0
======================================================================
Timestamp: 2026-04-01 19:58:54
qdisc htb 1: root refcnt 13 r2q 10 default 0x10 direct_packets_stat 0 direct_qlen 1000
 Sent 26584365 bytes 17990 pkt (dropped 608, overlimits 6210 requeues 0) 
 backlog 17912b 8p requeues 0
qdisc pfifo 20: parent 1:10 limit 12p
 Sent 26584365 bytes 17990 pkt (dropped 608, overlimits 0 requeues 0) 
 backlog 17912b 8p requeues 0
======================================================================
Timestamp: 2026-04-01 19:58:55
qdisc htb 1: root refcnt 13 r2q 10 default 0x10 direct_packets_stat 0 direct_qlen 1000
 Sent 27466775 bytes 18583 pkt (dropped 617, overlimits 6450 requeues 0) 
 backlog 41624b 9p requeues 0
qdisc pfifo 20: parent 1:10 limit 12p
 Sent 27466775 bytes 18583 pkt (dropped 617, overlimits 0 requeues 0) 
 backlog 41624b 9p requeues 0
======================================================================
Timestamp: 2026-04-01 19:58:56
qdisc htb 1: root refcnt 13 r2q 10 default 0x10 direct_packets_stat 0 direct_qlen 1000
 Sent 28249563 bytes 19109 pkt (dropped 651, overlimits 6735 requeues 0) 
 backlog 7410b 1p requeues 0
qdisc pfifo 20: parent 1:10 limit 12p
 Sent 28249563 bytes 19109 pkt (dropped 651, overlimits 0 requeues 0) 
 backlog 7410b 1p requeues 0
======================================================================
Timestamp: 2026-04-01 19:58:57
qdisc htb 1: root refcnt 13 r2q 10 default 0x10 direct_packets_stat 0 direct_qlen 1000
 Sent 29122345 bytes 19696 pkt (dropped 653, overlimits 6932 requeues 0) 
 backlog 56476b 11p requeues 0
qdisc pfifo 20: parent 1:10 limit 12p
 Sent 29122345 bytes 19696 pkt (dropped 653, overlimits 0 requeues 0) 
 backlog 56476b 11p requeues 0
======================================================================
Timestamp: 2026-04-01 19:58:58
qdisc htb 1: root refcnt 13 r2q 10 default 0x10 direct_packets_stat 0 direct_qlen 1000
 Sent 29871593 bytes 20197 pkt (dropped 703, overlimits 7246 requeues 0) 
 backlog 17596b 12p requeues 0
qdisc pfifo 20: parent 1:10 limit 12p
 Sent 29871593 bytes 20197 pkt (dropped 703, overlimits 0 requeues 0) 
 backlog 17596b 12p requeues 0
======================================================================
Timestamp: 2026-04-01 19:58:59
qdisc htb 1: root refcnt 13 r2q 10 default 0x10 direct_packets_stat 0 direct_qlen 1000
 Sent 30751470 bytes 20790 pkt (dropped 733, overlimits 7518 requeues 0) 
 backlog 23840b 8p requeues 0
qdisc pfifo 20: parent 1:10 limit 12p
 Sent 30751470 bytes 20790 pkt (dropped 733, overlimits 0 requeues 0) 
 backlog 23840b 8p requeues 0
======================================================================
Timestamp: 2026-04-01 19:59:00
qdisc htb 1: root refcnt 13 r2q 10 default 0x10 direct_packets_stat 0 direct_qlen 1000
 Sent 31546356 bytes 21321 pkt (dropped 754, overlimits 7863 requeues 0) 
 backlog 23840b 11p requeues 0
qdisc pfifo 20: parent 1:10 limit 12p
 Sent 31546356 bytes 21321 pkt (dropped 754, overlimits 0 requeues 0) 
 backlog 23840b 11p requeues 0
======================================================================
Timestamp: 2026-04-01 19:59:01
qdisc htb 1: root refcnt 13 r2q 10 default 0x10 direct_packets_stat 0 direct_qlen 1000
 Sent 32424118 bytes 21910 pkt (dropped 798, overlimits 8172 requeues 0) 
 backlog 37210b 12p requeues 0
qdisc pfifo 20: parent 1:10 limit 12p
 Sent 32424118 bytes 21910 pkt (dropped 798, overlimits 0 requeues 0) 
 backlog 37210b 12p requeues 0
======================================================================
Timestamp: 2026-04-01 19:59:02
qdisc htb 1: root refcnt 13 r2q 10 default 0x10 direct_packets_stat 0 direct_qlen 1000
 Sent 33261939 bytes 22473 pkt (dropped 803, overlimits 8379 requeues 0) 
 backlog 10374b 3p requeues 0
qdisc pfifo 20: parent 1:10 limit 12p
 Sent 33261939 bytes 22473 pkt (dropped 803, overlimits 0 requeues 0) 
 backlog 10374b 3p requeues 0
======================================================================
Timestamp: 2026-04-01 19:59:03
qdisc htb 1: root refcnt 13 r2q 10 default 0x10 direct_packets_stat 0 direct_qlen 1000
 Sent 34100678 bytes 23039 pkt (dropped 831, overlimits 8646 requeues 0) 
 backlog 10598b 7p requeues 0
qdisc pfifo 20: parent 1:10 limit 12p
 Sent 34100678 bytes 23039 pkt (dropped 831, overlimits 0 requeues 0) 
 backlog 10598b 7p requeues 0
======================================================================
Timestamp: 2026-04-01 19:59:04
qdisc htb 1: root refcnt 13 r2q 10 default 0x10 direct_packets_stat 0 direct_qlen 1000
 Sent 34966686 bytes 23611 pkt (dropped 831, overlimits 9206 requeues 0) 
 backlog 16319b 10p requeues 0
qdisc pfifo 20: parent 1:10 limit 12p
 Sent 34966686 bytes 23611 pkt (dropped 831, overlimits 0 requeues 0) 
 backlog 16319b 10p requeues 0
======================================================================
Timestamp: 2026-04-01 19:59:05
qdisc htb 1: root refcnt 13 r2q 10 default 0x10 direct_packets_stat 0 direct_qlen 1000
 Sent 35846809 bytes 24200 pkt (dropped 920, overlimits 9651 requeues 0) 
 backlog 22454b 11p requeues 0
qdisc pfifo 20: parent 1:10 limit 12p
 Sent 35846809 bytes 24200 pkt (dropped 920, overlimits 0 requeues 0) 
 backlog 22454b 11p requeues 0
======================================================================
Timestamp: 2026-04-01 19:59:06
qdisc htb 1: root refcnt 13 r2q 10 default 0x10 direct_packets_stat 0 direct_qlen 1000
 Sent 36710556 bytes 24778 pkt (dropped 945, overlimits 10074 requeues 0) 
 backlog 7570b 5p requeues 0
qdisc pfifo 20: parent 1:10 limit 12p
 Sent 36710556 bytes 24778 pkt (dropped 945, overlimits 0 requeues 0) 
 backlog 7570b 5p requeues 0
======================================================================
Timestamp: 2026-04-01 19:59:07
qdisc htb 1: root refcnt 13 r2q 10 default 0x10 direct_packets_stat 0 direct_qlen 1000
 Sent 37589349 bytes 25366 pkt (dropped 967, overlimits 10474 requeues 0) 
 backlog 31282b 9p requeues 0
qdisc pfifo 20: parent 1:10 limit 12p
 Sent 37589349 bytes 25366 pkt (dropped 967, overlimits 0 requeues 0) 
 backlog 31282b 9p requeues 0
======================================================================
Timestamp: 2026-04-01 19:59:08
qdisc htb 1: root refcnt 13 r2q 10 default 0x10 direct_packets_stat 0 direct_qlen 1000
 Sent 38463160 bytes 25955 pkt (dropped 995, overlimits 10736 requeues 0) 
 backlog 28350b 8p requeues 0
qdisc pfifo 20: parent 1:10 limit 12p
 Sent 38463160 bytes 25955 pkt (dropped 995, overlimits 0 requeues 0) 
 backlog 28350b 8p requeues 0
======================================================================
Timestamp: 2026-04-01 19:59:09
qdisc htb 1: root refcnt 13 r2q 10 default 0x10 direct_packets_stat 0 direct_qlen 1000
 Sent 39316042 bytes 26530 pkt (dropped 1032, overlimits 11024 requeues 0) 
 backlog 25290b 7p requeues 0
qdisc pfifo 20: parent 1:10 limit 12p
 Sent 39316042 bytes 26530 pkt (dropped 1032, overlimits 0 requeues 0) 
 backlog 25290b 7p requeues 0
======================================================================
Timestamp: 2026-04-01 19:59:10
qdisc htb 1: root refcnt 13 r2q 10 default 0x10 direct_packets_stat 0 direct_qlen 1000
 Sent 40190728 bytes 27119 pkt (dropped 1046, overlimits 11233 requeues 0) 
 backlog 40110b 7p requeues 0
qdisc pfifo 20: parent 1:10 limit 12p
 Sent 40190728 bytes 27119 pkt (dropped 1046, overlimits 0 requeues 0) 
 backlog 40110b 7p requeues 0
======================================================================
Timestamp: 2026-04-01 19:59:11
qdisc htb 1: root refcnt 13 r2q 10 default 0x10 direct_packets_stat 0 direct_qlen 1000
 Sent 40997744 bytes 27661 pkt (dropped 1075, overlimits 11537 requeues 0) 
 backlog 16430b 9p requeues 0
qdisc pfifo 20: parent 1:10 limit 12p
 Sent 40997744 bytes 27661 pkt (dropped 1075, overlimits 0 requeues 0) 
 backlog 16430b 9p requeues 0
======================================================================
Timestamp: 2026-04-01 19:59:12
qdisc htb 1: root refcnt 13 r2q 10 default 0x10 direct_packets_stat 0 direct_qlen 1000
 Sent 41872804 bytes 28249 pkt (dropped 1110, overlimits 11869 requeues 0) 
 backlog 26836b 9p requeues 0
qdisc pfifo 20: parent 1:10 limit 12p
 Sent 41872804 bytes 28249 pkt (dropped 1110, overlimits 0 requeues 0) 
 backlog 26836b 9p requeues 0
======================================================================
Timestamp: 2026-04-01 19:59:13
qdisc htb 1: root refcnt 13 r2q 10 default 0x10 direct_packets_stat 0 direct_qlen 1000
 Sent 42713902 bytes 28815 pkt (dropped 1150, overlimits 12197 requeues 0) 
 backlog 19362b 8p requeues 0
qdisc pfifo 20: parent 1:10 limit 12p
 Sent 42713902 bytes 28815 pkt (dropped 1150, overlimits 0 requeues 0) 
 backlog 19362b 8p requeues 0
======================================================================
Timestamp: 2026-04-01 19:59:14
qdisc htb 1: root refcnt 13 r2q 10 default 0x10 direct_packets_stat 0 direct_qlen 1000
 Sent 43593636 bytes 29406 pkt (dropped 1164, overlimits 12452 requeues 0) 
 backlog 37306b 11p requeues 0
qdisc pfifo 20: parent 1:10 limit 12p
 Sent 43593636 bytes 29406 pkt (dropped 1164, overlimits 0 requeues 0) 
 backlog 37306b 11p requeues 0
======================================================================
Timestamp: 2026-04-01 19:59:15
qdisc htb 1: root refcnt 13 r2q 10 default 0x10 direct_packets_stat 0 direct_qlen 1000
 Sent 44411988 bytes 29957 pkt (dropped 1182, overlimits 12757 requeues 0) 
 backlog 25290b 9p requeues 0
qdisc pfifo 20: parent 1:10 limit 12p
 Sent 44411988 bytes 29957 pkt (dropped 1182, overlimits 0 requeues 0) 
 backlog 25290b 9p requeues 0
======================================================================
Timestamp: 2026-04-01 19:59:17
qdisc htb 1: root refcnt 13 r2q 10 default 0x10 direct_packets_stat 0 direct_qlen 1000
 Sent 45178408 bytes 30473 pkt (dropped 1192, overlimits 13004 requeues 0) 
 backlog 6056b 4p requeues 0
qdisc pfifo 20: parent 1:10 limit 12p
 Sent 45178408 bytes 30473 pkt (dropped 1192, overlimits 0 requeues 0) 
 backlog 6056b 4p requeues 0
======================================================================
Timestamp: 2026-04-01 19:59:18
qdisc htb 1: root refcnt 13 r2q 10 default 0x10 direct_packets_stat 0 direct_qlen 1000
 Sent 46038165 bytes 31043 pkt (dropped 1243, overlimits 13522 requeues 0) 
 backlog 20844b 10p requeues 0
qdisc pfifo 20: parent 1:10 limit 12p
 Sent 46038165 bytes 31043 pkt (dropped 1243, overlimits 0 requeues 0) 
 backlog 20844b 10p requeues 0
======================================================================
Timestamp: 2026-04-01 19:59:19
qdisc htb 1: root refcnt 13 r2q 10 default 0x10 direct_packets_stat 0 direct_qlen 1000
 Sent 46919669 bytes 31635 pkt (dropped 1274, overlimits 13822 requeues 0) 
 backlog 40238b 11p requeues 0
qdisc pfifo 20: parent 1:10 limit 12p
 Sent 46919669 bytes 31635 pkt (dropped 1274, overlimits 0 requeues 0) 
 backlog 40238b 11p requeues 0
======================================================================
Timestamp: 2026-04-01 19:59:20
qdisc htb 1: root refcnt 13 r2q 10 default 0x10 direct_packets_stat 0 direct_qlen 1000
 Sent 47708206 bytes 32161 pkt (dropped 1321, overlimits 14192 requeues 0) 
 backlog 28286b 9p requeues 0
qdisc pfifo 20: parent 1:10 limit 12p
 Sent 47708206 bytes 32161 pkt (dropped 1321, overlimits 0 requeues 0) 
 backlog 28286b 9p requeues 0
======================================================================
Timestamp: 2026-04-01 19:59:21
qdisc htb 1: root refcnt 13 r2q 10 default 0x10 direct_packets_stat 0 direct_qlen 1000
 Sent 48588772 bytes 32752 pkt (dropped 1345, overlimits 14500 requeues 0) 
 backlog 23808b 7p requeues 0
qdisc pfifo 20: parent 1:10 limit 12p
 Sent 48588772 bytes 32752 pkt (dropped 1345, overlimits 0 requeues 0) 
 backlog 23808b 7p requeues 0
======================================================================
Timestamp: 2026-04-01 19:59:22
qdisc htb 1: root refcnt 13 r2q 10 default 0x10 direct_packets_stat 0 direct_qlen 1000
 Sent 49402453 bytes 33301 pkt (dropped 1368, overlimits 14747 requeues 0) 
 backlog 19266b 10p requeues 0
qdisc pfifo 20: parent 1:10 limit 12p
 Sent 49402453 bytes 33301 pkt (dropped 1368, overlimits 0 requeues 0) 
 backlog 19266b 10p requeues 0
======================================================================
Timestamp: 2026-04-01 19:59:23
qdisc htb 1: root refcnt 13 r2q 10 default 0x10 direct_packets_stat 0 direct_qlen 1000
 Sent 50283861 bytes 33893 pkt (dropped 1376, overlimits 14995 requeues 0) 
 backlog 22390b 7p requeues 0
qdisc pfifo 20: parent 1:10 limit 12p
 Sent 50283861 bytes 33893 pkt (dropped 1376, overlimits 0 requeues 0) 
 backlog 22390b 7p requeues 0
======================================================================
Timestamp: 2026-04-01 19:59:24
qdisc htb 1: root refcnt 13 r2q 10 default 0x10 direct_packets_stat 0 direct_qlen 1000
 Sent 51104370 bytes 34445 pkt (dropped 1389, overlimits 15283 requeues 0) 
 backlog 25322b 11p requeues 0
qdisc pfifo 20: parent 1:10 limit 12p
 Sent 51104370 bytes 34445 pkt (dropped 1389, overlimits 0 requeues 0) 
 backlog 25322b 11p requeues 0
======================================================================
Timestamp: 2026-04-01 19:59:25
qdisc htb 1: root refcnt 13 r2q 10 default 0x10 direct_packets_stat 0 direct_qlen 1000
 Sent 51989222 bytes 35039 pkt (dropped 1412, overlimits 15613 requeues 0) 
 backlog 14948b 6p requeues 0
qdisc pfifo 20: parent 1:10 limit 12p
 Sent 51989222 bytes 35039 pkt (dropped 1412, overlimits 0 requeues 0) 
 backlog 14948b 6p requeues 0
======================================================================
Timestamp: 2026-04-01 19:59:26
qdisc htb 1: root refcnt 13 r2q 10 default 0x10 direct_packets_stat 0 direct_qlen 1000
 Sent 52817359 bytes 35595 pkt (dropped 1440, overlimits 15876 requeues 0) 
 backlog 17816b 12p requeues 0
qdisc pfifo 20: parent 1:10 limit 12p
 Sent 52817359 bytes 35595 pkt (dropped 1440, overlimits 0 requeues 0) 
 backlog 17816b 12p requeues 0
======================================================================
Timestamp: 2026-04-01 19:59:27
qdisc htb 1: root refcnt 13 r2q 10 default 0x10 direct_packets_stat 0 direct_qlen 1000
 Sent 53701837 bytes 36190 pkt (dropped 1450, overlimits 16088 requeues 0) 
 backlog 34246b 8p requeues 0
qdisc pfifo 20: parent 1:10 limit 12p
 Sent 53701837 bytes 36190 pkt (dropped 1450, overlimits 0 requeues 0) 
 backlog 34246b 8p requeues 0
======================================================================
Timestamp: 2026-04-01 19:59:28
qdisc htb 1: root refcnt 13 r2q 10 default 0x10 direct_packets_stat 0 direct_qlen 1000
 Sent 54485861 bytes 36714 pkt (dropped 1479, overlimits 16387 requeues 0) 
 backlog 17912b 12p requeues 0
qdisc pfifo 20: parent 1:10 limit 12p
 Sent 54485861 bytes 36714 pkt (dropped 1479, overlimits 0 requeues 0) 
 backlog 17912b 12p requeues 0
======================================================================
Timestamp: 2026-04-01 19:59:29
qdisc htb 1: root refcnt 13 r2q 10 default 0x10 direct_packets_stat 0 direct_qlen 1000
 Sent 55364373 bytes 37304 pkt (dropped 1536, overlimits 16761 requeues 0) 
 backlog 22294b 9p requeues 0
qdisc pfifo 20: parent 1:10 limit 12p
 Sent 55364373 bytes 37304 pkt (dropped 1536, overlimits 0 requeues 0) 
 backlog 22294b 9p requeues 0
======================================================================
Timestamp: 2026-04-01 19:59:30
qdisc htb 1: root refcnt 13 r2q 10 default 0x10 direct_packets_stat 0 direct_qlen 1000
 Sent 56157936 bytes 37836 pkt (dropped 1538, overlimits 17073 requeues 0) 
 backlog 12112b 8p requeues 0
qdisc pfifo 20: parent 1:10 limit 12p
 Sent 56157936 bytes 37836 pkt (dropped 1538, overlimits 0 requeues 0) 
 backlog 12112b 8p requeues 0
======================================================================
Timestamp: 2026-04-01 19:59:31
qdisc htb 1: root refcnt 13 r2q 10 default 0x10 direct_packets_stat 0 direct_qlen 1000
 Sent 57004714 bytes 38406 pkt (dropped 1598, overlimits 17435 requeues 0) 
 backlog 0b 0p requeues 0
qdisc pfifo 20: parent 1:10 limit 12p
 Sent 57004714 bytes 38406 pkt (dropped 1598, overlimits 0 requeues 0) 
 backlog 0b 0p requeues 0
======================================================================
Timestamp: 2026-04-01 19:59:32
qdisc htb 1: root refcnt 13 r2q 10 default 0x10 direct_packets_stat 0 direct_qlen 1000
 Sent 57835900 bytes 38955 pkt (dropped 1598, overlimits 17961 requeues 0) 
 backlog 13626b 9p requeues 0
qdisc pfifo 20: parent 1:10 limit 12p
 Sent 57835900 bytes 38955 pkt (dropped 1598, overlimits 0 requeues 0) 
 backlog 13626b 9p requeues 0
======================================================================
Timestamp: 2026-04-01 19:59:33
qdisc htb 1: root refcnt 13 r2q 10 default 0x10 direct_packets_stat 0 direct_qlen 1000
 Sent 58728682 bytes 39553 pkt (dropped 1646, overlimits 18341 requeues 0) 
 backlog 20844b 7p requeues 0
qdisc pfifo 20: parent 1:10 limit 12p
 Sent 58728682 bytes 39553 pkt (dropped 1646, overlimits 0 requeues 0) 
 backlog 20844b 7p requeues 0
======================================================================
Timestamp: 2026-04-01 19:59:34
qdisc htb 1: root refcnt 13 r2q 10 default 0x10 direct_packets_stat 0 direct_qlen 1000
 Sent 59543690 bytes 40102 pkt (dropped 1651, overlimits 18537 requeues 0) 
 backlog 1514b 1p requeues 0
qdisc pfifo 20: parent 1:10 limit 12p
 Sent 59543690 bytes 40102 pkt (dropped 1651, overlimits 0 requeues 0) 
 backlog 1514b 1p requeues 0
======================================================================
Timestamp: 2026-04-01 19:59:35
qdisc htb 1: root refcnt 13 r2q 10 default 0x10 direct_packets_stat 0 direct_qlen 1000
 Sent 60398130 bytes 40677 pkt (dropped 1682, overlimits 18829 requeues 0) 
 backlog 25314b 9p requeues 0
qdisc pfifo 20: parent 1:10 limit 12p
 Sent 60398130 bytes 40677 pkt (dropped 1682, overlimits 0 requeues 0) 
 backlog 25314b 9p requeues 0
======================================================================
Timestamp: 2026-04-01 19:59:36
qdisc htb 1: root refcnt 13 r2q 10 default 0x10 direct_packets_stat 0 direct_qlen 1000
 Sent 61144157 bytes 41174 pkt (dropped 1695, overlimits 19172 requeues 0) 
 backlog 6056b 4p requeues 0
qdisc pfifo 20: parent 1:10 limit 12p
 Sent 61144157 bytes 41174 pkt (dropped 1695, overlimits 0 requeues 0) 
 backlog 6056b 4p requeues 0
======================================================================
Timestamp: 2026-04-01 19:59:37
qdisc htb 1: root refcnt 13 r2q 10 default 0x10 direct_packets_stat 0 direct_qlen 1000
 Sent 62028623 bytes 41766 pkt (dropped 1736, overlimits 19551 requeues 0) 
 backlog 26740b 6p requeues 0
qdisc pfifo 20: parent 1:10 limit 12p
 Sent 62028623 bytes 41766 pkt (dropped 1736, overlimits 0 requeues 0) 
 backlog 26740b 6p requeues 0
======================================================================
Timestamp: 2026-04-01 19:59:38
qdisc htb 1: root refcnt 13 r2q 10 default 0x10 direct_packets_stat 0 direct_qlen 1000
 Sent 62895819 bytes 42349 pkt (dropped 1749, overlimits 19825 requeues 0) 
 backlog 0b 0p requeues 0
qdisc pfifo 20: parent 1:10 limit 12p
 Sent 62895819 bytes 42349 pkt (dropped 1749, overlimits 0 requeues 0) 
 backlog 0b 0p requeues 0
======================================================================
Timestamp: 2026-04-01 19:59:39
qdisc htb 1: root refcnt 13 r2q 10 default 0x10 direct_packets_stat 0 direct_qlen 1000
 Sent 63709873 bytes 42895 pkt (dropped 1770, overlimits 20164 requeues 0) 
 backlog 25322b 9p requeues 0
qdisc pfifo 20: parent 1:10 limit 12p
 Sent 63709873 bytes 42895 pkt (dropped 1770, overlimits 0 requeues 0) 
 backlog 25322b 9p requeues 0
======================================================================
Timestamp: 2026-04-01 19:59:40
qdisc htb 1: root refcnt 13 r2q 10 default 0x10 direct_packets_stat 0 direct_qlen 1000
 Sent 64392523 bytes 43351 pkt (dropped 1781, overlimits 20476 requeues 0) 
 backlog 7570b 5p requeues 0
qdisc pfifo 20: parent 1:10 limit 12p
 Sent 64392523 bytes 43351 pkt (dropped 1781, overlimits 0 requeues 0) 
 backlog 7570b 5p requeues 0
======================================================================
Timestamp: 2026-04-01 19:59:41
qdisc htb 1: root refcnt 13 r2q 10 default 0x10 direct_packets_stat 0 direct_qlen 1000
 Sent 65275176 bytes 43941 pkt (dropped 1822, overlimits 20908 requeues 0) 
 backlog 26804b 9p requeues 0
qdisc pfifo 20: parent 1:10 limit 12p
 Sent 65275176 bytes 43941 pkt (dropped 1822, overlimits 0 requeues 0) 
 backlog 26804b 9p requeues 0
======================================================================
Timestamp: 2026-04-01 19:59:42
qdisc htb 1: root refcnt 13 r2q 10 default 0x10 direct_packets_stat 0 direct_qlen 1000
 Sent 66085106 bytes 44484 pkt (dropped 1828, overlimits 21144 requeues 0) 
 backlog 0b 0p requeues 0
qdisc pfifo 20: parent 1:10 limit 12p
 Sent 66085106 bytes 44484 pkt (dropped 1828, overlimits 0 requeues 0) 
 backlog 0b 0p requeues 0
======================================================================
Timestamp: 2026-04-01 19:59:43
qdisc htb 1: root refcnt 13 r2q 10 default 0x10 direct_packets_stat 0 direct_qlen 1000
 Sent 66944707 bytes 45060 pkt (dropped 1886, overlimits 21490 requeues 0) 
 backlog 17912b 8p requeues 0
qdisc pfifo 20: parent 1:10 limit 12p
 Sent 66944707 bytes 45060 pkt (dropped 1886, overlimits 0 requeues 0) 
 backlog 17912b 8p requeues 0
======================================================================
Timestamp: 2026-04-01 19:59:44
qdisc htb 1: root refcnt 13 r2q 10 default 0x10 direct_packets_stat 0 direct_qlen 1000
 Sent 67817703 bytes 45646 pkt (dropped 1907, overlimits 21817 requeues 0) 
 backlog 29896b 12p requeues 0
qdisc pfifo 20: parent 1:10 limit 12p
 Sent 67817703 bytes 45646 pkt (dropped 1907, overlimits 0 requeues 0) 
 backlog 29896b 12p requeues 0
======================================================================
Timestamp: 2026-04-01 19:59:45
qdisc htb 1: root refcnt 13 r2q 10 default 0x10 direct_packets_stat 0 direct_qlen 1000
 Sent 68622022 bytes 46187 pkt (dropped 1919, overlimits 22099 requeues 0) 
 backlog 34214b 8p requeues 0
qdisc pfifo 20: parent 1:10 limit 12p
 Sent 68622022 bytes 46187 pkt (dropped 1919, overlimits 0 requeues 0) 
 backlog 34214b 8p requeues 0
======================================================================
Timestamp: 2026-04-01 19:59:46
qdisc htb 1: root refcnt 13 r2q 10 default 0x10 direct_packets_stat 0 direct_qlen 1000
 Sent 69337976 bytes 46666 pkt (dropped 1923, overlimits 22357 requeues 0) 
 backlog 0b 0p requeues 0
qdisc pfifo 20: parent 1:10 limit 12p
 Sent 69337976 bytes 46666 pkt (dropped 1923, overlimits 0 requeues 0) 
 backlog 0b 0p requeues 0
======================================================================
Timestamp: 2026-04-01 19:59:47
qdisc htb 1: root refcnt 13 r2q 10 default 0x10 direct_packets_stat 0 direct_qlen 1000
 Sent 70219404 bytes 47255 pkt (dropped 1984, overlimits 22821 requeues 0) 
 backlog 19426b 11p requeues 0
qdisc pfifo 20: parent 1:10 limit 12p
 Sent 70219404 bytes 47255 pkt (dropped 1984, overlimits 0 requeues 0) 
 backlog 19426b 11p requeues 0
======================================================================
Timestamp: 2026-04-01 19:59:48
qdisc htb 1: root refcnt 13 r2q 10 default 0x10 direct_packets_stat 0 direct_qlen 1000
 Sent 71099586 bytes 47846 pkt (dropped 2003, overlimits 23147 requeues 0) 
 backlog 29768b 8p requeues 0
qdisc pfifo 20: parent 1:10 limit 12p
 Sent 71099586 bytes 47846 pkt (dropped 2003, overlimits 0 requeues 0) 
 backlog 29768b 8p requeues 0
======================================================================
Timestamp: 2026-04-01 19:59:49
qdisc htb 1: root refcnt 13 r2q 10 default 0x10 direct_packets_stat 0 direct_qlen 1000
 Sent 71879875 bytes 48369 pkt (dropped 2049, overlimits 23516 requeues 0) 
 backlog 17912b 8p requeues 0
qdisc pfifo 20: parent 1:10 limit 12p
 Sent 71879875 bytes 48369 pkt (dropped 2049, overlimits 0 requeues 0) 
 backlog 17912b 8p requeues 0
======================================================================
Timestamp: 2026-04-01 19:59:50
qdisc htb 1: root refcnt 13 r2q 10 default 0x10 direct_packets_stat 0 direct_qlen 1000
 Sent 72612017 bytes 48860 pkt (dropped 2061, overlimits 23776 requeues 0) 
 backlog 0b 0p requeues 0
qdisc pfifo 20: parent 1:10 limit 12p
 Sent 72612017 bytes 48860 pkt (dropped 2061, overlimits 0 requeues 0) 
 backlog 0b 0p requeues 0
======================================================================
Timestamp: 2026-04-01 19:59:51
qdisc htb 1: root refcnt 13 r2q 10 default 0x10 direct_packets_stat 0 direct_qlen 1000
 Sent 73475128 bytes 49435 pkt (dropped 2118, overlimits 24248 requeues 0) 
 backlog 17848b 5p requeues 0
qdisc pfifo 20: parent 1:10 limit 12p
 Sent 73475128 bytes 49435 pkt (dropped 2118, overlimits 0 requeues 0) 
 backlog 17848b 5p requeues 0
======================================================================
Timestamp: 2026-04-01 19:59:52
qdisc htb 1: root refcnt 13 r2q 10 default 0x10 direct_packets_stat 0 direct_qlen 1000
 Sent 74245899 bytes 49953 pkt (dropped 2123, overlimits 24496 requeues 0) 
 backlog 10598b 7p requeues 0
qdisc pfifo 20: parent 1:10 limit 12p
 Sent 74245899 bytes 49953 pkt (dropped 2123, overlimits 0 requeues 0) 
 backlog 10598b 7p requeues 0
======================================================================
Timestamp: 2026-04-01 19:59:53
qdisc htb 1: root refcnt 13 r2q 10 default 0x10 direct_packets_stat 0 direct_qlen 1000
 Sent 75105565 bytes 50527 pkt (dropped 2174, overlimits 24898 requeues 0) 
 backlog 25194b 3p requeues 0
qdisc pfifo 20: parent 1:10 limit 12p
 Sent 75105565 bytes 50527 pkt (dropped 2174, overlimits 0 requeues 0) 
 backlog 25194b 3p requeues 0
======================================================================
Timestamp: 2026-04-01 19:59:54
qdisc htb 1: root refcnt 13 r2q 10 default 0x10 direct_packets_stat 0 direct_qlen 1000
 Sent 75988286 bytes 51120 pkt (dropped 2207, overlimits 25261 requeues 0) 
 backlog 34214b 10p requeues 0
qdisc pfifo 20: parent 1:10 limit 12p
 Sent 75988286 bytes 51120 pkt (dropped 2207, overlimits 0 requeues 0) 
 backlog 34214b 10p requeues 0
======================================================================
Timestamp: 2026-04-01 19:59:55
qdisc htb 1: root refcnt 13 r2q 10 default 0x10 direct_packets_stat 0 direct_qlen 1000
 Sent 76750120 bytes 51631 pkt (dropped 2237, overlimits 25509 requeues 0) 
 backlog 29736b 9p requeues 0
qdisc pfifo 20: parent 1:10 limit 12p
 Sent 76750120 bytes 51631 pkt (dropped 2237, overlimits 0 requeues 0) 
 backlog 29736b 9p requeues 0
======================================================================
Timestamp: 2026-04-01 19:59:56
qdisc htb 1: root refcnt 13 r2q 10 default 0x10 direct_packets_stat 0 direct_qlen 1000
 Sent 77624118 bytes 52218 pkt (dropped 2263, overlimits 25835 requeues 0) 
 backlog 37178b 8p requeues 0
qdisc pfifo 20: parent 1:10 limit 12p
 Sent 77624118 bytes 52218 pkt (dropped 2263, overlimits 0 requeues 0) 
 backlog 37178b 8p requeues 0
======================================================================
Timestamp: 2026-04-01 19:59:57
qdisc htb 1: root refcnt 13 r2q 10 default 0x10 direct_packets_stat 0 direct_qlen 1000
 Sent 78414517 bytes 52748 pkt (dropped 2298, overlimits 26127 requeues 0) 
 backlog 32828b 11p requeues 0
qdisc pfifo 20: parent 1:10 limit 12p
 Sent 78414517 bytes 52748 pkt (dropped 2298, overlimits 0 requeues 0) 
 backlog 32828b 11p requeues 0
======================================================================
Timestamp: 2026-04-01 19:59:58
qdisc htb 1: root refcnt 13 r2q 10 default 0x10 direct_packets_stat 0 direct_qlen 1000
 Sent 79296203 bytes 53339 pkt (dropped 2326, overlimits 26473 requeues 0) 
 backlog 25290b 9p requeues 0
qdisc pfifo 20: parent 1:10 limit 12p
 Sent 79296203 bytes 53339 pkt (dropped 2326, overlimits 0 requeues 0) 
 backlog 25290b 9p requeues 0
======================================================================
Timestamp: 2026-04-01 19:59:59
qdisc htb 1: root refcnt 13 r2q 10 default 0x10 direct_packets_stat 0 direct_qlen 1000
 Sent 80132935 bytes 53901 pkt (dropped 2356, overlimits 26789 requeues 0) 
 backlog 20812b 10p requeues 0
qdisc pfifo 20: parent 1:10 limit 12p
 Sent 80132935 bytes 53901 pkt (dropped 2356, overlimits 0 requeues 0) 
 backlog 20812b 10p requeues 0
======================================================================
Timestamp: 2026-04-01 20:00:00
qdisc htb 1: root refcnt 13 r2q 10 default 0x10 direct_packets_stat 0 direct_qlen 1000
 Sent 81019759 bytes 54497 pkt (dropped 2363, overlimits 27014 requeues 0) 
 backlog 40174b 10p requeues 0
qdisc pfifo 20: parent 1:10 limit 12p
 Sent 81019759 bytes 54497 pkt (dropped 2363, overlimits 0 requeues 0) 
 backlog 40174b 10p requeues 0
======================================================================
Timestamp: 2026-04-01 20:00:01
qdisc htb 1: root refcnt 13 r2q 10 default 0x10 direct_packets_stat 0 direct_qlen 1000
 Sent 81786984 bytes 55012 pkt (dropped 2408, overlimits 27293 requeues 0) 
 backlog 19394b 10p requeues 0
qdisc pfifo 20: parent 1:10 limit 12p
 Sent 81786984 bytes 55012 pkt (dropped 2408, overlimits 0 requeues 0) 
 backlog 19394b 10p requeues 0
======================================================================
Timestamp: 2026-04-01 20:00:02
qdisc htb 1: root refcnt 13 r2q 10 default 0x10 direct_packets_stat 0 direct_qlen 1000
 Sent 82668264 bytes 55604 pkt (dropped 2420, overlimits 27553 requeues 0) 
 backlog 29672b 5p requeues 0
qdisc pfifo 20: parent 1:10 limit 12p
 Sent 82668264 bytes 55604 pkt (dropped 2420, overlimits 0 requeues 0) 
 backlog 29672b 5p requeues 0
======================================================================
Timestamp: 2026-04-01 20:00:03
qdisc htb 1: root refcnt 13 r2q 10 default 0x10 direct_packets_stat 0 direct_qlen 1000
 Sent 83445580 bytes 56124 pkt (dropped 2452, overlimits 27870 requeues 0) 
 backlog 14852b 5p requeues 0
qdisc pfifo 20: parent 1:10 limit 12p
 Sent 83445580 bytes 56124 pkt (dropped 2452, overlimits 0 requeues 0) 
 backlog 14852b 5p requeues 0
======================================================================
Timestamp: 2026-04-01 20:00:04
qdisc htb 1: root refcnt 13 r2q 10 default 0x10 direct_packets_stat 0 direct_qlen 1000
 Sent 84238520 bytes 56651 pkt (dropped 2457, overlimits 28316 requeues 0) 
 backlog 9084b 6p requeues 0
qdisc pfifo 20: parent 1:10 limit 12p
 Sent 84238520 bytes 56651 pkt (dropped 2457, overlimits 0 requeues 0) 
 backlog 9084b 6p requeues 0
======================================================================
Timestamp: 2026-04-01 20:00:05
qdisc htb 1: root refcnt 13 r2q 10 default 0x10 direct_packets_stat 0 direct_qlen 1000
 Sent 85124783 bytes 57238 pkt (dropped 2489, overlimits 28869 requeues 0) 
 backlog 15044b 9p requeues 0
qdisc pfifo 20: parent 1:10 limit 12p
 Sent 85124783 bytes 57238 pkt (dropped 2489, overlimits 0 requeues 0) 
 backlog 15044b 9p requeues 0
======================================================================
Timestamp: 2026-04-01 20:00:06
qdisc htb 1: root refcnt 13 r2q 10 default 0x10 direct_packets_stat 0 direct_qlen 1000
 Sent 85859753 bytes 57729 pkt (dropped 2499, overlimits 29243 requeues 0) 
 backlog 0b 0p requeues 0
qdisc pfifo 20: parent 1:10 limit 12p
 Sent 85859753 bytes 57729 pkt (dropped 2499, overlimits 0 requeues 0) 
 backlog 0b 0p requeues 0
======================================================================
Timestamp: 2026-04-01 20:00:07
qdisc htb 1: root refcnt 13 r2q 10 default 0x10 direct_packets_stat 0 direct_qlen 1000
 Sent 86734116 bytes 58310 pkt (dropped 2527, overlimits 29781 requeues 0) 
 backlog 10438b 5p requeues 0
qdisc pfifo 20: parent 1:10 limit 12p
 Sent 86734116 bytes 58310 pkt (dropped 2527, overlimits 0 requeues 0) 
 backlog 10438b 5p requeues 0
======================================================================
Timestamp: 2026-04-01 20:00:08
qdisc htb 1: root refcnt 13 r2q 10 default 0x10 direct_packets_stat 0 direct_qlen 1000
 Sent 87613672 bytes 58900 pkt (dropped 2571, overlimits 30156 requeues 0) 
 backlog 23872b 8p requeues 0
qdisc pfifo 20: parent 1:10 limit 12p
 Sent 87613672 bytes 58900 pkt (dropped 2571, overlimits 0 requeues 0) 
 backlog 23872b 8p requeues 0
======================================================================
Timestamp: 2026-04-01 20:00:09
qdisc htb 1: root refcnt 13 r2q 10 default 0x10 direct_packets_stat 0 direct_qlen 1000
 Sent 88485959 bytes 59488 pkt (dropped 2588, overlimits 30420 requeues 0) 
 backlog 35760b 10p requeues 0
qdisc pfifo 20: parent 1:10 limit 12p
 Sent 88485959 bytes 59488 pkt (dropped 2588, overlimits 0 requeues 0) 
 backlog 35760b 10p requeues 0
======================================================================
Timestamp: 2026-04-01 20:00:10
qdisc htb 1: root refcnt 13 r2q 10 default 0x10 direct_packets_stat 0 direct_qlen 1000
 Sent 89279896 bytes 60023 pkt (dropped 2615, overlimits 30742 requeues 0) 
 backlog 14916b 5p requeues 0
qdisc pfifo 20: parent 1:10 limit 12p
 Sent 89279896 bytes 60023 pkt (dropped 2615, overlimits 0 requeues 0) 
 backlog 14916b 5p requeues 0
======================================================================
Timestamp: 2026-04-01 20:00:11
qdisc htb 1: root refcnt 13 r2q 10 default 0x10 direct_packets_stat 0 direct_qlen 1000
 Sent 90154758 bytes 60610 pkt (dropped 2638, overlimits 31107 requeues 0) 
 backlog 10374b 2p requeues 0
qdisc pfifo 20: parent 1:10 limit 12p
 Sent 90154758 bytes 60610 pkt (dropped 2638, overlimits 0 requeues 0) 
 backlog 10374b 2p requeues 0
======================================================================
Timestamp: 2026-04-01 20:00:12
qdisc htb 1: root refcnt 13 r2q 10 default 0x10 direct_packets_stat 0 direct_qlen 1000
 Sent 91033095 bytes 61202 pkt (dropped 2662, overlimits 31396 requeues 0) 
 backlog 23776b 6p requeues 0
qdisc pfifo 20: parent 1:10 limit 12p
 Sent 91033095 bytes 61202 pkt (dropped 2662, overlimits 0 requeues 0) 
 backlog 23776b 6p requeues 0
======================================================================
Timestamp: 2026-04-01 20:00:13
qdisc htb 1: root refcnt 13 r2q 10 default 0x10 direct_packets_stat 0 direct_qlen 1000
 Sent 91911667 bytes 61792 pkt (dropped 2677, overlimits 31696 requeues 0) 
 backlog 23840b 10p requeues 0
qdisc pfifo 20: parent 1:10 limit 12p
 Sent 91911667 bytes 61792 pkt (dropped 2677, overlimits 0 requeues 0) 
 backlog 23840b 10p requeues 0
======================================================================
Timestamp: 2026-04-01 20:00:14
qdisc htb 1: root refcnt 13 r2q 10 default 0x10 direct_packets_stat 0 direct_qlen 1000
 Sent 92705629 bytes 62326 pkt (dropped 2702, overlimits 32096 requeues 0) 
 backlog 22422b 10p requeues 0
qdisc pfifo 20: parent 1:10 limit 12p
 Sent 92705629 bytes 62326 pkt (dropped 2702, overlimits 0 requeues 0) 
 backlog 22422b 10p requeues 0
======================================================================
Timestamp: 2026-04-01 20:00:15
qdisc htb 1: root refcnt 13 r2q 10 default 0x10 direct_packets_stat 0 direct_qlen 1000
 Sent 93586739 bytes 62917 pkt (dropped 2727, overlimits 32463 requeues 0) 
 backlog 28222b 6p requeues 0
qdisc pfifo 20: parent 1:10 limit 12p
 Sent 93586739 bytes 62917 pkt (dropped 2727, overlimits 0 requeues 0) 
 backlog 28222b 6p requeues 0
======================================================================
Timestamp: 2026-04-01 20:00:16
qdisc htb 1: root refcnt 13 r2q 10 default 0x10 direct_packets_stat 0 direct_qlen 1000
 Sent 94438619 bytes 63491 pkt (dropped 2774, overlimits 32753 requeues 0) 
 backlog 20748b 3p requeues 0
qdisc pfifo 20: parent 1:10 limit 12p
 Sent 94438619 bytes 63491 pkt (dropped 2774, overlimits 0 requeues 0) 
 backlog 20748b 3p requeues 0
======================================================================
Timestamp: 2026-04-01 20:00:17
qdisc htb 1: root refcnt 13 r2q 10 default 0x10 direct_packets_stat 0 direct_qlen 1000
 Sent 95317807 bytes 64083 pkt (dropped 2786, overlimits 33043 requeues 0) 
 backlog 11856b 2p requeues 0
qdisc pfifo 20: parent 1:10 limit 12p
 Sent 95317807 bytes 64083 pkt (dropped 2786, overlimits 0 requeues 0) 
 backlog 11856b 2p requeues 0
======================================================================
Timestamp: 2026-04-01 20:00:18
qdisc htb 1: root refcnt 13 r2q 10 default 0x10 direct_packets_stat 0 direct_qlen 1000
 Sent 96135835 bytes 64632 pkt (dropped 2821, overlimits 33398 requeues 0) 
 backlog 22390b 9p requeues 0
qdisc pfifo 20: parent 1:10 limit 12p
 Sent 96135835 bytes 64632 pkt (dropped 2821, overlimits 0 requeues 0) 
 backlog 22390b 9p requeues 0
======================================================================
Timestamp: 2026-04-01 20:00:19
qdisc htb 1: root refcnt 13 r2q 10 default 0x10 direct_packets_stat 0 direct_qlen 1000
 Sent 97010255 bytes 65220 pkt (dropped 2840, overlimits 33683 requeues 0) 
 backlog 31218b 9p requeues 0
qdisc pfifo 20: parent 1:10 limit 12p
 Sent 97010255 bytes 65220 pkt (dropped 2840, overlimits 0 requeues 0) 
 backlog 31218b 9p requeues 0
======================================================================
Timestamp: 2026-04-01 20:00:20
qdisc htb 1: root refcnt 13 r2q 10 default 0x10 direct_packets_stat 0 direct_qlen 1000
 Sent 97832954 bytes 65773 pkt (dropped 2871, overlimits 33980 requeues 0) 
 backlog 22326b 6p requeues 0
qdisc pfifo 20: parent 1:10 limit 12p
 Sent 97832954 bytes 65773 pkt (dropped 2871, overlimits 0 requeues 0) 
 backlog 22326b 6p requeues 0
======================================================================
Timestamp: 2026-04-01 20:00:21
qdisc htb 1: root refcnt 13 r2q 10 default 0x10 direct_packets_stat 0 direct_qlen 1000
 Sent 98714298 bytes 66365 pkt (dropped 2892, overlimits 34252 requeues 0) 
 backlog 23808b 8p requeues 0
qdisc pfifo 20: parent 1:10 limit 12p
 Sent 98714298 bytes 66365 pkt (dropped 2892, overlimits 0 requeues 0) 
 backlog 23808b 8p requeues 0
======================================================================
Timestamp: 2026-04-01 20:00:22
qdisc htb 1: root refcnt 13 r2q 10 default 0x10 direct_packets_stat 0 direct_qlen 1000
 Sent 99502132 bytes 66894 pkt (dropped 2910, overlimits 34559 requeues 0) 
 backlog 11952b 8p requeues 0
qdisc pfifo 20: parent 1:10 limit 12p
 Sent 99502132 bytes 66894 pkt (dropped 2910, overlimits 0 requeues 0) 
 backlog 11952b 8p requeues 0
======================================================================
Timestamp: 2026-04-01 20:00:23
qdisc htb 1: root refcnt 13 r2q 10 default 0x10 direct_packets_stat 0 direct_qlen 1000
 Sent 100384020 bytes 67486 pkt (dropped 2922, overlimits 34862 requeues 0) 
 backlog 22422b 10p requeues 0
qdisc pfifo 20: parent 1:10 limit 12p
 Sent 100384020 bytes 67486 pkt (dropped 2922, overlimits 0 requeues 0) 
 backlog 22422b 10p requeues 0
======================================================================
Timestamp: 2026-04-01 20:00:24
qdisc htb 1: root refcnt 13 r2q 10 default 0x10 direct_packets_stat 0 direct_qlen 1000
 Sent 101139779 bytes 67989 pkt (dropped 2956, overlimits 35241 requeues 0) 
 backlog 15012b 10p requeues 0
qdisc pfifo 20: parent 1:10 limit 12p
 Sent 101139779 bytes 67989 pkt (dropped 2956, overlimits 0 requeues 0) 
 backlog 15012b 10p requeues 0
======================================================================
Timestamp: 2026-04-01 20:00:25
qdisc htb 1: root refcnt 13 r2q 10 default 0x10 direct_packets_stat 0 direct_qlen 1000
 Sent 102017419 bytes 68579 pkt (dropped 2984, overlimits 35574 requeues 0) 
 backlog 20844b 11p requeues 0
qdisc pfifo 20: parent 1:10 limit 12p
 Sent 102017419 bytes 68579 pkt (dropped 2984, overlimits 0 requeues 0) 
 backlog 20844b 11p requeues 0
======================================================================
Timestamp: 2026-04-01 20:00:26
qdisc htb 1: root refcnt 13 r2q 10 default 0x10 direct_packets_stat 0 direct_qlen 1000
 Sent 102709590 bytes 69040 pkt (dropped 3000, overlimits 35947 requeues 0) 
 backlog 12048b 8p requeues 0
qdisc pfifo 20: parent 1:10 limit 12p
 Sent 102709590 bytes 69040 pkt (dropped 3000, overlimits 0 requeues 0) 
 backlog 12048b 8p requeues 0
======================================================================
Timestamp: 2026-04-01 20:00:27
qdisc htb 1: root refcnt 13 r2q 10 default 0x10 direct_packets_stat 0 direct_qlen 1000
 Sent 103591340 bytes 69631 pkt (dropped 3026, overlimits 36313 requeues 0) 
 backlog 34278b 10p requeues 0
qdisc pfifo 20: parent 1:10 limit 12p
 Sent 103591340 bytes 69631 pkt (dropped 3026, overlimits 0 requeues 0) 
 backlog 34278b 10p requeues 0
======================================================================
Timestamp: 2026-04-01 20:00:28
qdisc htb 1: root refcnt 13 r2q 10 default 0x10 direct_packets_stat 0 direct_qlen 1000
 Sent 104406116 bytes 70178 pkt (dropped 3035, overlimits 36557 requeues 0) 
 backlog 17912b 12p requeues 0
qdisc pfifo 20: parent 1:10 limit 12p
 Sent 104406116 bytes 70178 pkt (dropped 3035, overlimits 0 requeues 0) 
 backlog 17912b 12p requeues 0
======================================================================
Timestamp: 2026-04-01 20:00:29
qdisc htb 1: root refcnt 13 r2q 10 default 0x10 direct_packets_stat 0 direct_qlen 1000
 Sent 105280220 bytes 70766 pkt (dropped 3070, overlimits 36815 requeues 0) 
 backlog 38660b 9p requeues 0
qdisc pfifo 20: parent 1:10 limit 12p
 Sent 105280220 bytes 70766 pkt (dropped 3070, overlimits 0 requeues 0) 
 backlog 38660b 9p requeues 0
======================================================================
Timestamp: 2026-04-01 20:00:30
qdisc htb 1: root refcnt 13 r2q 10 default 0x10 direct_packets_stat 0 direct_qlen 1000
 Sent 106062991 bytes 71285 pkt (dropped 3070, overlimits 37276 requeues 0) 
 backlog 13626b 9p requeues 0
qdisc pfifo 20: parent 1:10 limit 12p
 Sent 106062991 bytes 71285 pkt (dropped 3070, overlimits 0 requeues 0) 
 backlog 13626b 9p requeues 0
======================================================================
Timestamp: 2026-04-01 20:00:31
qdisc htb 1: root refcnt 13 r2q 10 default 0x10 direct_packets_stat 0 direct_qlen 1000
 Sent 106953409 bytes 71882 pkt (dropped 3140, overlimits 37624 requeues 0) 
 backlog 34246b 9p requeues 0
qdisc pfifo 20: parent 1:10 limit 12p
 Sent 106953409 bytes 71882 pkt (dropped 3140, overlimits 0 requeues 0) 
 backlog 34246b 9p requeues 0
======================================================================
Timestamp: 2026-04-01 20:00:32
qdisc htb 1: root refcnt 13 r2q 10 default 0x10 direct_packets_stat 0 direct_qlen 1000
 Sent 107750205 bytes 72419 pkt (dropped 3163, overlimits 37849 requeues 0) 
 backlog 0b 0p requeues 0
qdisc pfifo 20: parent 1:10 limit 12p
 Sent 107750205 bytes 72419 pkt (dropped 3163, overlimits 0 requeues 0) 
 backlog 0b 0p requeues 0
======================================================================
Timestamp: 2026-04-01 20:00:33
qdisc htb 1: root refcnt 13 r2q 10 default 0x10 direct_packets_stat 0 direct_qlen 1000
 Sent 108605498 bytes 72993 pkt (dropped 3178, overlimits 38175 requeues 0) 
 backlog 25322b 9p requeues 0
qdisc pfifo 20: parent 1:10 limit 12p
 Sent 108605498 bytes 72993 pkt (dropped 3178, overlimits 0 requeues 0) 
 backlog 25322b 9p requeues 0
======================================================================
Timestamp: 2026-04-01 20:00:34
qdisc htb 1: root refcnt 13 r2q 10 default 0x10 direct_packets_stat 0 direct_qlen 1000
 Sent 109475914 bytes 73579 pkt (dropped 3196, overlimits 38419 requeues 0) 
 backlog 0b 0p requeues 0
qdisc pfifo 20: parent 1:10 limit 12p
 Sent 109475914 bytes 73579 pkt (dropped 3196, overlimits 0 requeues 0) 
 backlog 0b 0p requeues 0
======================================================================
Timestamp: 2026-04-01 20:00:35
qdisc htb 1: root refcnt 13 r2q 10 default 0x10 direct_packets_stat 0 direct_qlen 1000
 Sent 110294256 bytes 74129 pkt (dropped 3217, overlimits 38654 requeues 0) 
 backlog 13370b 7p requeues 0
qdisc pfifo 20: parent 1:10 limit 12p
 Sent 110294256 bytes 74129 pkt (dropped 3217, overlimits 0 requeues 0) 
 backlog 13370b 7p requeues 0
======================================================================
Timestamp: 2026-04-01 20:00:36
qdisc htb 1: root refcnt 13 r2q 10 default 0x10 direct_packets_stat 0 direct_qlen 1000
 Sent 111130602 bytes 74691 pkt (dropped 3222, overlimits 38975 requeues 0) 
 backlog 0b 0p requeues 0
qdisc pfifo 20: parent 1:10 limit 12p
 Sent 111130602 bytes 74691 pkt (dropped 3222, overlimits 0 requeues 0) 
 backlog 0b 0p requeues 0
======================================================================
Timestamp: 2026-04-01 20:00:37
qdisc htb 1: root refcnt 13 r2q 10 default 0x10 direct_packets_stat 0 direct_qlen 1000
 Sent 111961024 bytes 75249 pkt (dropped 3255, overlimits 39235 requeues 0) 
 backlog 41688b 10p requeues 0
qdisc pfifo 20: parent 1:10 limit 12p
 Sent 111961024 bytes 75249 pkt (dropped 3255, overlimits 0 requeues 0) 
 backlog 41688b 10p requeues 0
======================================================================
Timestamp: 2026-04-01 20:00:38
qdisc htb 1: root refcnt 13 r2q 10 default 0x10 direct_packets_stat 0 direct_qlen 1000
 Sent 112813476 bytes 75823 pkt (dropped 3261, overlimits 39417 requeues 0) 
 backlog 0b 0p requeues 0
qdisc pfifo 20: parent 1:10 limit 12p
 Sent 112813476 bytes 75823 pkt (dropped 3261, overlimits 0 requeues 0) 
 backlog 0b 0p requeues 0
======================================================================
Timestamp: 2026-04-01 20:00:39
qdisc htb 1: root refcnt 13 r2q 10 default 0x10 direct_packets_stat 0 direct_qlen 1000
 Sent 113618680 bytes 76364 pkt (dropped 3296, overlimits 39689 requeues 0) 
 backlog 38628b 9p requeues 0
qdisc pfifo 20: parent 1:10 limit 12p
 Sent 113618680 bytes 76364 pkt (dropped 3296, overlimits 0 requeues 0) 
 backlog 38628b 9p requeues 0
======================================================================
Timestamp: 2026-04-01 20:00:40
qdisc htb 1: root refcnt 13 r2q 10 default 0x10 direct_packets_stat 0 direct_qlen 1000
 Sent 114388596 bytes 76882 pkt (dropped 3311, overlimits 39982 requeues 0) 
 backlog 0b 0p requeues 0
qdisc pfifo 20: parent 1:10 limit 12p
 Sent 114388596 bytes 76882 pkt (dropped 3311, overlimits 0 requeues 0) 
 backlog 0b 0p requeues 0
======================================================================
Timestamp: 2026-04-01 20:00:41
qdisc htb 1: root refcnt 13 r2q 10 default 0x10 direct_packets_stat 0 direct_qlen 1000
 Sent 115237860 bytes 77449 pkt (dropped 3344, overlimits 40435 requeues 0) 
 backlog 19Kb 9p requeues 0
qdisc pfifo 20: parent 1:10 limit 12p
 Sent 115237860 bytes 77449 pkt (dropped 3344, overlimits 0 requeues 0) 
 backlog 19Kb 9p requeues 0
======================================================================
Timestamp: 2026-04-01 20:00:42
qdisc htb 1: root refcnt 13 r2q 10 default 0x10 direct_packets_stat 0 direct_qlen 1000
 Sent 116116680 bytes 78039 pkt (dropped 3364, overlimits 40743 requeues 0) 
 backlog 14916b 9p requeues 0
qdisc pfifo 20: parent 1:10 limit 12p
 Sent 116116680 bytes 78039 pkt (dropped 3364, overlimits 0 requeues 0) 
 backlog 14916b 9p requeues 0
======================================================================
Timestamp: 2026-04-01 20:00:43
qdisc htb 1: root refcnt 13 r2q 10 default 0x10 direct_packets_stat 0 direct_qlen 1000
 Sent 116984457 bytes 78622 pkt (dropped 3379, overlimits 41110 requeues 0) 
 backlog 32796b 11p requeues 0
qdisc pfifo 20: parent 1:10 limit 12p
 Sent 116984457 bytes 78622 pkt (dropped 3379, overlimits 0 requeues 0) 
 backlog 32796b 11p requeues 0
======================================================================
Timestamp: 2026-04-01 20:00:44
qdisc htb 1: root refcnt 13 r2q 10 default 0x10 direct_packets_stat 0 direct_qlen 1000
 Sent 117869873 bytes 79218 pkt (dropped 3384, overlimits 41334 requeues 0) 
 backlog 31314b 9p requeues 0
qdisc pfifo 20: parent 1:10 limit 12p
 Sent 117869873 bytes 79218 pkt (dropped 3384, overlimits 0 requeues 0) 
 backlog 31314b 9p requeues 0
======================================================================
Timestamp: 2026-04-01 20:00:45
qdisc htb 1: root refcnt 13 r2q 10 default 0x10 direct_packets_stat 0 direct_qlen 1000
 Sent 118671085 bytes 79759 pkt (dropped 3422, overlimits 41638 requeues 0) 
 backlog 26900b 10p requeues 0
qdisc pfifo 20: parent 1:10 limit 12p
 Sent 118671085 bytes 79759 pkt (dropped 3422, overlimits 0 requeues 0) 
 backlog 26900b 10p requeues 0
======================================================================
Timestamp: 2026-04-01 20:00:46
qdisc htb 1: root refcnt 13 r2q 10 default 0x10 direct_packets_stat 0 direct_qlen 1000
 Sent 119549437 bytes 80359 pkt (dropped 3423, overlimits 41792 requeues 0) 
 backlog 97b 1p requeues 0
qdisc pfifo 20: parent 1:10 limit 12p
 Sent 119549437 bytes 80359 pkt (dropped 3423, overlimits 0 requeues 0) 
 backlog 97b 1p requeues 0
======================================================================
Timestamp: 2026-04-01 20:00:47
qdisc htb 1: root refcnt 13 r2q 10 default 0x10 direct_packets_stat 0 direct_qlen 1000
 Sent 120004230 bytes 80667 pkt (dropped 3436, overlimits 41929 requeues 0) 
 backlog 20748b 3p requeues 0
qdisc pfifo 20: parent 1:10 limit 12p
 Sent 120004230 bytes 80667 pkt (dropped 3436, overlimits 0 requeues 0) 
 backlog 20748b 3p requeues 0
======================================================================
Timestamp: 2026-04-01 20:00:48
qdisc htb 1: root refcnt 13 r2q 10 default 0x10 direct_packets_stat 0 direct_qlen 1000
 Sent 120549265 bytes 81036 pkt (dropped 3436, overlimits 42011 requeues 0) 
 backlog 0b 0p requeues 0
qdisc pfifo 20: parent 1:10 limit 12p
 Sent 120549265 bytes 81036 pkt (dropped 3436, overlimits 0 requeues 0) 
 backlog 0b 0p requeues 0
======================================================================
Timestamp: 2026-04-01 20:00:49
qdisc htb 1: root refcnt 13 r2q 10 default 0x10 direct_packets_stat 0 direct_qlen 1000
 Sent 120960991 bytes 81314 pkt (dropped 3458, overlimits 42123 requeues 0) 
 backlog 14820b 2p requeues 0
qdisc pfifo 20: parent 1:10 limit 12p
 Sent 120960991 bytes 81314 pkt (dropped 3458, overlimits 0 requeues 0) 
 backlog 14820b 2p requeues 0
======================================================================
Timestamp: 2026-04-01 20:00:50
qdisc htb 1: root refcnt 13 r2q 10 default 0x10 direct_packets_stat 0 direct_qlen 1000
 Sent 121847227 bytes 81912 pkt (dropped 3458, overlimits 42237 requeues 0) 
 backlog 8051b 2p requeues 0
qdisc pfifo 20: parent 1:10 limit 12p
 Sent 121847227 bytes 81912 pkt (dropped 3458, overlimits 0 requeues 0) 
 backlog 8051b 2p requeues 0
======================================================================
Timestamp: 2026-04-01 20:00:51
qdisc htb 1: root refcnt 13 r2q 10 default 0x10 direct_packets_stat 0 direct_qlen 1000
 Sent 122219580 bytes 82164 pkt (dropped 3487, overlimits 42363 requeues 0) 
 backlog 26676b 4p requeues 0
qdisc pfifo 20: parent 1:10 limit 12p
 Sent 122219580 bytes 82164 pkt (dropped 3487, overlimits 0 requeues 0) 
 backlog 26676b 4p requeues 0
======================================================================
Timestamp: 2026-04-01 20:00:52
qdisc htb 1: root refcnt 13 r2q 10 default 0x10 direct_packets_stat 0 direct_qlen 1000
 Sent 123101370 bytes 82759 pkt (dropped 3487, overlimits 42484 requeues 0) 
 backlog 14433b 3p requeues 0
qdisc pfifo 20: parent 1:10 limit 12p
 Sent 123101370 bytes 82759 pkt (dropped 3487, overlimits 0 requeues 0) 
 backlog 14433b 3p requeues 0
======================================================================
Timestamp: 2026-04-01 20:00:53
qdisc htb 1: root refcnt 13 r2q 10 default 0x10 direct_packets_stat 0 direct_qlen 1000
 Sent 123443055 bytes 82991 pkt (dropped 3500, overlimits 42601 requeues 0) 
 backlog 14820b 2p requeues 0
qdisc pfifo 20: parent 1:10 limit 12p
 Sent 123443055 bytes 82991 pkt (dropped 3500, overlimits 0 requeues 0) 
 backlog 14820b 2p requeues 0
======================================================================
Timestamp: 2026-04-01 20:00:54
qdisc htb 1: root refcnt 13 r2q 10 default 0x10 direct_packets_stat 0 direct_qlen 1000
 Sent 124293250 bytes 83565 pkt (dropped 3500, overlimits 42703 requeues 0) 
 backlog 0b 0p requeues 0
qdisc pfifo 20: parent 1:10 limit 12p
 Sent 124293250 bytes 83565 pkt (dropped 3500, overlimits 0 requeues 0) 
 backlog 0b 0p requeues 0
======================================================================
Timestamp: 2026-04-01 20:00:55
qdisc htb 1: root refcnt 13 r2q 10 default 0x10 direct_packets_stat 0 direct_qlen 1000
 Sent 125182539 bytes 84166 pkt (dropped 3529, overlimits 42894 requeues 0) 
 backlog 29640b 4p requeues 0
qdisc pfifo 20: parent 1:10 limit 12p
 Sent 125182539 bytes 84166 pkt (dropped 3529, overlimits 0 requeues 0) 
 backlog 29640b 4p requeues 0
======================================================================
Timestamp: 2026-04-01 20:00:56
qdisc htb 1: root refcnt 13 r2q 10 default 0x10 direct_packets_stat 0 direct_qlen 1000
 Sent 126041472 bytes 84748 pkt (dropped 3558, overlimits 43073 requeues 0) 
 backlog 32604b 5p requeues 0
qdisc pfifo 20: parent 1:10 limit 12p
 Sent 126041472 bytes 84748 pkt (dropped 3558, overlimits 0 requeues 0) 
 backlog 32604b 5p requeues 0
======================================================================
Timestamp: 2026-04-01 20:00:57
qdisc htb 1: root refcnt 13 r2q 10 default 0x10 direct_packets_stat 0 direct_qlen 1000
 Sent 126737223 bytes 85219 pkt (dropped 3558, overlimits 43169 requeues 0) 
 backlog 0b 0p requeues 0
qdisc pfifo 20: parent 1:10 limit 12p
 Sent 126737223 bytes 85219 pkt (dropped 3558, overlimits 0 requeues 0) 
 backlog 0b 0p requeues 0
======================================================================
Timestamp: 2026-04-01 20:00:58
qdisc htb 1: root refcnt 13 r2q 10 default 0x10 direct_packets_stat 0 direct_qlen 1000
 Sent 127103007 bytes 85466 pkt (dropped 3587, overlimits 43269 requeues 0) 
 backlog 19266b 3p requeues 0
qdisc pfifo 20: parent 1:10 limit 12p
 Sent 127103007 bytes 85466 pkt (dropped 3587, overlimits 0 requeues 0) 
 backlog 19266b 3p requeues 0
======================================================================
Timestamp: 2026-04-01 20:00:59
qdisc htb 1: root refcnt 13 r2q 10 default 0x10 direct_packets_stat 0 direct_qlen 1000
 Sent 127828338 bytes 85957 pkt (dropped 3587, overlimits 43375 requeues 0) 
 backlog 0b 0p requeues 0
qdisc pfifo 20: parent 1:10 limit 12p
 Sent 127828338 bytes 85957 pkt (dropped 3587, overlimits 0 requeues 0) 
 backlog 0b 0p requeues 0
======================================================================
Timestamp: 2026-04-01 20:01:00
qdisc htb 1: root refcnt 13 r2q 10 default 0x10 direct_packets_stat 0 direct_qlen 1000
 Sent 128167446 bytes 86186 pkt (dropped 3596, overlimits 43479 requeues 0) 
 backlog 17784b 3p requeues 0
qdisc pfifo 20: parent 1:10 limit 12p
 Sent 128167446 bytes 86186 pkt (dropped 3596, overlimits 0 requeues 0) 
 backlog 17784b 3p requeues 0
======================================================================
Timestamp: 2026-04-01 20:01:01
qdisc htb 1: root refcnt 13 r2q 10 default 0x10 direct_packets_stat 0 direct_qlen 1000
 Sent 129041826 bytes 86776 pkt (dropped 3596, overlimits 43603 requeues 0) 
 backlog 51870b 7p requeues 0
qdisc pfifo 20: parent 1:10 limit 12p
 Sent 129041826 bytes 86776 pkt (dropped 3596, overlimits 0 requeues 0) 
 backlog 51870b 7p requeues 0
======================================================================
Timestamp: 2026-04-01 20:01:02
qdisc htb 1: root refcnt 13 r2q 10 default 0x10 direct_packets_stat 0 direct_qlen 1000
 Sent 129399357 bytes 87019 pkt (dropped 3609, overlimits 43738 requeues 0) 
 backlog 11856b 2p requeues 0
qdisc pfifo 20: parent 1:10 limit 12p
 Sent 129399357 bytes 87019 pkt (dropped 3609, overlimits 0 requeues 0) 
 backlog 11856b 2p requeues 0
======================================================================
Timestamp: 2026-04-01 20:01:03
qdisc htb 1: root refcnt 13 r2q 10 default 0x10 direct_packets_stat 0 direct_qlen 1000
 Sent 129776163 bytes 87275 pkt (dropped 3609, overlimits 43800 requeues 0) 
 backlog 0b 0p requeues 0
qdisc pfifo 20: parent 1:10 limit 12p
 Sent 129776163 bytes 87275 pkt (dropped 3609, overlimits 0 requeues 0) 
 backlog 0b 0p requeues 0
======================================================================
Timestamp: 2026-04-01 20:01:04
qdisc htb 1: root refcnt 13 r2q 10 default 0x10 direct_packets_stat 0 direct_qlen 1000
 Sent 130030797 bytes 87447 pkt (dropped 3610, overlimits 43865 requeues 0) 
 backlog 22230b 3p requeues 0
qdisc pfifo 20: parent 1:10 limit 12p
 Sent 130030797 bytes 87447 pkt (dropped 3610, overlimits 0 requeues 0) 
 backlog 22230b 3p requeues 0
======================================================================
Timestamp: 2026-04-01 20:01:05
qdisc htb 1: root refcnt 13 r2q 10 default 0x10 direct_packets_stat 0 direct_qlen 1000
 Sent 130769587 bytes 87946 pkt (dropped 3610, overlimits 43965 requeues 0) 
 backlog 0b 0p requeues 0
qdisc pfifo 20: parent 1:10 limit 12p
 Sent 130769587 bytes 87946 pkt (dropped 3610, overlimits 0 requeues 0) 
 backlog 0b 0p requeues 0
======================================================================
Timestamp: 2026-04-01 20:01:06
qdisc htb 1: root refcnt 13 r2q 10 default 0x10 direct_packets_stat 0 direct_qlen 1000
 Sent 130970966 bytes 88083 pkt (dropped 3632, overlimits 44060 requeues 0) 
 backlog 19266b 3p requeues 0
qdisc pfifo 20: parent 1:10 limit 12p
 Sent 130970966 bytes 88083 pkt (dropped 3632, overlimits 0 requeues 0) 
 backlog 19266b 3p requeues 0
======================================================================
Timestamp: 2026-04-01 20:01:07
qdisc htb 1: root refcnt 13 r2q 10 default 0x10 direct_packets_stat 0 direct_qlen 1000
 Sent 131860166 bytes 88683 pkt (dropped 3632, overlimits 44179 requeues 0) 
 backlog 26676b 5p requeues 0
qdisc pfifo 20: parent 1:10 limit 12p
 Sent 131860166 bytes 88683 pkt (dropped 3632, overlimits 0 requeues 0) 
 backlog 26676b 5p requeues 0
======================================================================
Timestamp: 2026-04-01 20:01:08
qdisc htb 1: root refcnt 13 r2q 10 default 0x10 direct_packets_stat 0 direct_qlen 1000
 Sent 132086038 bytes 88837 pkt (dropped 3658, overlimits 44270 requeues 0) 
 backlog 19266b 12p requeues 0
qdisc pfifo 20: parent 1:10 limit 12p
 Sent 132086038 bytes 88837 pkt (dropped 3658, overlimits 0 requeues 0) 
 backlog 19266b 12p requeues 0
======================================================================
Timestamp: 2026-04-01 20:01:09
qdisc htb 1: root refcnt 13 r2q 10 default 0x10 direct_packets_stat 0 direct_qlen 1000
 Sent 132970792 bytes 89434 pkt (dropped 3660, overlimits 44420 requeues 0) 
 backlog 32604b 4p requeues 0
qdisc pfifo 20: parent 1:10 limit 12p
 Sent 132970792 bytes 89434 pkt (dropped 3660, overlimits 0 requeues 0) 
 backlog 32604b 4p requeues 0
======================================================================
Timestamp: 2026-04-01 20:01:10
qdisc htb 1: root refcnt 13 r2q 10 default 0x10 direct_packets_stat 0 direct_qlen 1000
 Sent 133300869 bytes 89658 pkt (dropped 3693, overlimits 44512 requeues 0) 
 backlog 14820b 10p requeues 0
qdisc pfifo 20: parent 1:10 limit 12p
 Sent 133300869 bytes 89658 pkt (dropped 3693, overlimits 0 requeues 0) 
 backlog 14820b 10p requeues 0
======================================================================
Timestamp: 2026-04-01 20:01:11
qdisc htb 1: root refcnt 13 r2q 10 default 0x10 direct_packets_stat 0 direct_qlen 1000
 Sent 134179695 bytes 90251 pkt (dropped 3695, overlimits 44642 requeues 0) 
 backlog 41496b 4p requeues 0
qdisc pfifo 20: parent 1:10 limit 12p
 Sent 134179695 bytes 90251 pkt (dropped 3695, overlimits 0 requeues 0) 
 backlog 41496b 4p requeues 0
======================================================================
Timestamp: 2026-04-01 20:01:12
qdisc htb 1: root refcnt 13 r2q 10 default 0x10 direct_packets_stat 0 direct_qlen 1000
 Sent 134453468 bytes 90437 pkt (dropped 3704, overlimits 44702 requeues 0) 
 backlog 16302b 8p requeues 0
qdisc pfifo 20: parent 1:10 limit 12p
 Sent 134453468 bytes 90437 pkt (dropped 3704, overlimits 0 requeues 0) 
 backlog 16302b 8p requeues 0
======================================================================
Timestamp: 2026-04-01 20:01:13
qdisc htb 1: root refcnt 13 r2q 10 default 0x10 direct_packets_stat 0 direct_qlen 1000
 Sent 135339704 bytes 91035 pkt (dropped 3708, overlimits 44857 requeues 0) 
 backlog 34086b 4p requeues 0
qdisc pfifo 20: parent 1:10 limit 12p
 Sent 135339704 bytes 91035 pkt (dropped 3708, overlimits 0 requeues 0) 
 backlog 34086b 4p requeues 0
======================================================================
Timestamp: 2026-04-01 20:01:14
qdisc htb 1: root refcnt 13 r2q 10 default 0x10 direct_packets_stat 0 direct_qlen 1000
 Sent 135734628 bytes 91303 pkt (dropped 3716, overlimits 44901 requeues 0) 
 backlog 17784b 12p requeues 0
qdisc pfifo 20: parent 1:10 limit 12p
 Sent 135734628 bytes 91303 pkt (dropped 3716, overlimits 0 requeues 0) 
 backlog 17784b 12p requeues 0
======================================================================
Timestamp: 2026-04-01 20:01:15
qdisc htb 1: root refcnt 13 r2q 10 default 0x10 direct_packets_stat 0 direct_qlen 1000
 Sent 136614936 bytes 91897 pkt (dropped 3727, overlimits 45120 requeues 0) 
 backlog 38532b 6p requeues 0
qdisc pfifo 20: parent 1:10 limit 12p
 Sent 136614936 bytes 91897 pkt (dropped 3727, overlimits 0 requeues 0) 
 backlog 38532b 6p requeues 0
======================================================================
Timestamp: 2026-04-01 20:01:16
qdisc htb 1: root refcnt 13 r2q 10 default 0x10 direct_packets_stat 0 direct_qlen 1000
 Sent 136989841 bytes 92151 pkt (dropped 3727, overlimits 45169 requeues 0) 
 backlog 0b 0p requeues 0
qdisc pfifo 20: parent 1:10 limit 12p
 Sent 136989841 bytes 92151 pkt (dropped 3727, overlimits 0 requeues 0) 
 backlog 0b 0p requeues 0
======================================================================
Timestamp: 2026-04-01 20:01:17
qdisc htb 1: root refcnt 13 r2q 10 default 0x10 direct_packets_stat 0 direct_qlen 1000
 Sent 137716567 bytes 92643 pkt (dropped 3747, overlimits 45332 requeues 0) 
 backlog 0b 0p requeues 0
qdisc pfifo 20: parent 1:10 limit 12p
 Sent 137716567 bytes 92643 pkt (dropped 3747, overlimits 0 requeues 0) 
 backlog 0b 0p requeues 0
======================================================================
Timestamp: 2026-04-01 20:01:18
qdisc htb 1: root refcnt 13 r2q 10 default 0x10 direct_packets_stat 0 direct_qlen 1000
 Sent 137716567 bytes 92643 pkt (dropped 3747, overlimits 45332 requeues 0) 
 backlog 0b 0p requeues 0
qdisc pfifo 20: parent 1:10 limit 12p
 Sent 137716567 bytes 92643 pkt (dropped 3747, overlimits 0 requeues 0) 
 backlog 0b 0p requeues 0
======================================================================
Timestamp: 2026-04-01 20:01:19
qdisc htb 1: root refcnt 13 r2q 10 default 0x10 direct_packets_stat 0 direct_qlen 1000
 Sent 138547699 bytes 93204 pkt (dropped 3751, overlimits 45528 requeues 0) 
 backlog 29640b 4p requeues 0
qdisc pfifo 20: parent 1:10 limit 12p
 Sent 138547699 bytes 93204 pkt (dropped 3751, overlimits 0 requeues 0) 
 backlog 29640b 4p requeues 0
======================================================================
Timestamp: 2026-04-01 20:01:20
qdisc htb 1: root refcnt 13 r2q 10 default 0x10 direct_packets_stat 0 direct_qlen 1000
 Sent 138661404 bytes 93282 pkt (dropped 3751, overlimits 45543 requeues 0) 
 backlog 0b 0p requeues 0
qdisc pfifo 20: parent 1:10 limit 12p
 Sent 138661404 bytes 93282 pkt (dropped 3751, overlimits 0 requeues 0) 
 backlog 0b 0p requeues 0
======================================================================
Timestamp: 2026-04-01 20:01:21
qdisc htb 1: root refcnt 13 r2q 10 default 0x10 direct_packets_stat 0 direct_qlen 1000
 Sent 139454046 bytes 93818 pkt (dropped 3758, overlimits 45708 requeues 0) 
 backlog 25194b 3p requeues 0
qdisc pfifo 20: parent 1:10 limit 12p
 Sent 139454046 bytes 93818 pkt (dropped 3758, overlimits 0 requeues 0) 
 backlog 25194b 3p requeues 0
======================================================================
Timestamp: 2026-04-01 20:01:22
qdisc htb 1: root refcnt 13 r2q 10 default 0x10 direct_packets_stat 0 direct_qlen 1000
 Sent 139987975 bytes 94180 pkt (dropped 3758, overlimits 45771 requeues 0) 
 backlog 0b 0p requeues 0
qdisc pfifo 20: parent 1:10 limit 12p
 Sent 139987975 bytes 94180 pkt (dropped 3758, overlimits 0 requeues 0) 
 backlog 0b 0p requeues 0
======================================================================
Timestamp: 2026-04-01 20:01:23
qdisc htb 1: root refcnt 13 r2q 10 default 0x10 direct_packets_stat 0 direct_qlen 1000
 Sent 140740561 bytes 94688 pkt (dropped 3773, overlimits 45952 requeues 0) 
 backlog 29640b 4p requeues 0
qdisc pfifo 20: parent 1:10 limit 12p
 Sent 140740561 bytes 94688 pkt (dropped 3773, overlimits 0 requeues 0) 
 backlog 29640b 4p requeues 0
======================================================================
Timestamp: 2026-04-01 20:01:24
qdisc htb 1: root refcnt 13 r2q 10 default 0x10 direct_packets_stat 0 direct_qlen 1000
 Sent 141249095 bytes 95032 pkt (dropped 3773, overlimits 46012 requeues 0) 
 backlog 0b 0p requeues 0
qdisc pfifo 20: parent 1:10 limit 12p
 Sent 141249095 bytes 95032 pkt (dropped 3773, overlimits 0 requeues 0) 
 backlog 0b 0p requeues 0
======================================================================
Timestamp: 2026-04-01 20:01:25
qdisc htb 1: root refcnt 13 r2q 10 default 0x10 direct_packets_stat 0 direct_qlen 1000
 Sent 141957221 bytes 95510 pkt (dropped 3807, overlimits 46203 requeues 0) 
 backlog 23712b 4p requeues 0
qdisc pfifo 20: parent 1:10 limit 12p
 Sent 141957221 bytes 95510 pkt (dropped 3807, overlimits 0 requeues 0) 
 backlog 23712b 4p requeues 0
======================================================================
Timestamp: 2026-04-01 20:01:26
qdisc htb 1: root refcnt 13 r2q 10 default 0x10 direct_packets_stat 0 direct_qlen 1000
 Sent 142536407 bytes 95901 pkt (dropped 3807, overlimits 46279 requeues 0) 
 backlog 0b 0p requeues 0
qdisc pfifo 20: parent 1:10 limit 12p
 Sent 142536407 bytes 95901 pkt (dropped 3807, overlimits 0 requeues 0) 
 backlog 0b 0p requeues 0
======================================================================
Timestamp: 2026-04-01 20:01:27
qdisc htb 1: root refcnt 13 r2q 10 default 0x10 direct_packets_stat 0 direct_qlen 1000
 Sent 143210544 bytes 96357 pkt (dropped 3834, overlimits 46446 requeues 0) 
 backlog 20748b 3p requeues 0
qdisc pfifo 20: parent 1:10 limit 12p
 Sent 143210544 bytes 96357 pkt (dropped 3834, overlimits 0 requeues 0) 
 backlog 20748b 3p requeues 0
======================================================================
Timestamp: 2026-04-01 20:01:28
qdisc htb 1: root refcnt 13 r2q 10 default 0x10 direct_packets_stat 0 direct_qlen 1000
 Sent 143683212 bytes 96677 pkt (dropped 3834, overlimits 46502 requeues 0) 
 backlog 0b 0p requeues 0
qdisc pfifo 20: parent 1:10 limit 12p
 Sent 143683212 bytes 96677 pkt (dropped 3834, overlimits 0 requeues 0) 
 backlog 0b 0p requeues 0
======================================================================
Timestamp: 2026-04-01 20:01:29
qdisc htb 1: root refcnt 13 r2q 10 default 0x10 direct_packets_stat 0 direct_qlen 1000
 Sent 144277224 bytes 97078 pkt (dropped 3845, overlimits 46641 requeues 0) 
 backlog 25194b 3p requeues 0
qdisc pfifo 20: parent 1:10 limit 12p
 Sent 144277224 bytes 97078 pkt (dropped 3845, overlimits 0 requeues 0) 
 backlog 25194b 3p requeues 0
======================================================================
Timestamp: 2026-04-01 20:01:30
qdisc htb 1: root refcnt 13 r2q 10 default 0x10 direct_packets_stat 0 direct_qlen 1000
 Sent 144806520 bytes 97436 pkt (dropped 3845, overlimits 46704 requeues 0) 
 backlog 0b 0p requeues 0
qdisc pfifo 20: parent 1:10 limit 12p
 Sent 144806520 bytes 97436 pkt (dropped 3845, overlimits 0 requeues 0) 
 backlog 0b 0p requeues 0
======================================================================
Timestamp: 2026-04-01 20:01:31
qdisc htb 1: root refcnt 13 r2q 10 default 0x10 direct_packets_stat 0 direct_qlen 1000
 Sent 145360607 bytes 97811 pkt (dropped 3872, overlimits 46850 requeues 0) 
 backlog 19266b 2p requeues 0
qdisc pfifo 20: parent 1:10 limit 12p
 Sent 145360607 bytes 97811 pkt (dropped 3872, overlimits 0 requeues 0) 
 backlog 19266b 2p requeues 0
======================================================================
Timestamp: 2026-04-01 20:01:32
qdisc htb 1: root refcnt 13 r2q 10 default 0x10 direct_packets_stat 0 direct_qlen 1000
 Sent 145419743 bytes 97851 pkt (dropped 3872, overlimits 46859 requeues 0) 
 backlog 0b 0p requeues 0
qdisc pfifo 20: parent 1:10 limit 12p
 Sent 145419743 bytes 97851 pkt (dropped 3872, overlimits 0 requeues 0) 
 backlog 0b 0p requeues 0
======================================================================
Timestamp: 2026-04-01 20:01:33
qdisc htb 1: root refcnt 13 r2q 10 default 0x10 direct_packets_stat 0 direct_qlen 1000
 Sent 145932245 bytes 98197 pkt (dropped 3879, overlimits 46958 requeues 0) 
 backlog 20748b 3p requeues 0
qdisc pfifo 20: parent 1:10 limit 12p
 Sent 145932245 bytes 98197 pkt (dropped 3879, overlimits 0 requeues 0) 
 backlog 20748b 3p requeues 0
======================================================================
Timestamp: 2026-04-01 20:01:34
qdisc htb 1: root refcnt 13 r2q 10 default 0x10 direct_packets_stat 0 direct_qlen 1000
 Sent 146780141 bytes 98771 pkt (dropped 3908, overlimits 47125 requeues 0) 
 backlog 17784b 11p requeues 0
qdisc pfifo 20: parent 1:10 limit 12p
 Sent 146780141 bytes 98771 pkt (dropped 3908, overlimits 0 requeues 0) 
 backlog 17784b 11p requeues 0
