Starting TC Qdisc Monitoring for s1-eth2
Timestamp, Qdisc Stats
======================================================================
Timestamp: 2026-04-10 18:30:22
qdisc htb 1: root refcnt 13 r2q 10 default 0x10 direct_packets_stat 0 direct_qlen 1000
 Sent 6851 bytes 33 pkt (dropped 0, overlimits 2 requeues 0) 
 backlog 0b 0p requeues 0
qdisc pfifo 20: parent 1:10 limit 12p
 Sent 6851 bytes 33 pkt (dropped 0, overlimits 0 requeues 0) 
 backlog 0b 0p requeues 0
======================================================================
Timestamp: 2026-04-10 18:30:23
qdisc htb 1: root refcnt 13 r2q 10 default 0x10 direct_packets_stat 0 direct_qlen 1000
 Sent 250425 bytes 203 pkt (dropped 15, overlimits 102 requeues 0) 
 backlog 0b 0p requeues 0
qdisc pfifo 20: parent 1:10 limit 12p
 Sent 250425 bytes 203 pkt (dropped 15, overlimits 0 requeues 0) 
 backlog 0b 0p requeues 0
======================================================================
Timestamp: 2026-04-10 18:30:24
qdisc htb 1: root refcnt 13 r2q 10 default 0x10 direct_packets_stat 0 direct_qlen 1000
 Sent 1067807 bytes 755 pkt (dropped 64, overlimits 521 requeues 0) 
 backlog 22230b 11p requeues 0
qdisc pfifo 20: parent 1:10 limit 12p
 Sent 1067807 bytes 755 pkt (dropped 64, overlimits 0 requeues 0) 
 backlog 22230b 11p requeues 0
======================================================================
Timestamp: 2026-04-10 18:30:25
qdisc htb 1: root refcnt 13 r2q 10 default 0x10 direct_packets_stat 0 direct_qlen 1000
 Sent 1322588 bytes 931 pkt (dropped 74, overlimits 652 requeues 0) 
 backlog 19266b 10p requeues 0
qdisc pfifo 20: parent 1:10 limit 12p
 Sent 1322588 bytes 931 pkt (dropped 74, overlimits 0 requeues 0) 
 backlog 19266b 10p requeues 0
======================================================================
Timestamp: 2026-04-10 18:30:26
qdisc htb 1: root refcnt 13 r2q 10 default 0x10 direct_packets_stat 0 direct_qlen 1000
 Sent 2037522 bytes 1417 pkt (dropped 106, overlimits 1010 requeues 0) 
 backlog 0b 0p requeues 0
qdisc pfifo 20: parent 1:10 limit 12p
 Sent 2037522 bytes 1417 pkt (dropped 106, overlimits 0 requeues 0) 
 backlog 0b 0p requeues 0
======================================================================
Timestamp: 2026-04-10 18:30:27
qdisc htb 1: root refcnt 13 r2q 10 default 0x10 direct_packets_stat 0 direct_qlen 1000
 Sent 2125053 bytes 1479 pkt (dropped 112, overlimits 1060 requeues 0) 
 backlog 16Kb 9p requeues 0
qdisc pfifo 20: parent 1:10 limit 12p
 Sent 2125053 bytes 1479 pkt (dropped 112, overlimits 0 requeues 0) 
 backlog 16Kb 9p requeues 0
======================================================================
Timestamp: 2026-04-10 18:30:28
qdisc htb 1: root refcnt 13 r2q 10 default 0x10 direct_packets_stat 0 direct_qlen 1000
 Sent 2487537 bytes 1727 pkt (dropped 137, overlimits 1244 requeues 0) 
 backlog 0b 0p requeues 0
qdisc pfifo 20: parent 1:10 limit 12p
 Sent 2487537 bytes 1727 pkt (dropped 137, overlimits 0 requeues 0) 
 backlog 0b 0p requeues 0
======================================================================
Timestamp: 2026-04-10 18:30:29
qdisc htb 1: root refcnt 13 r2q 10 default 0x10 direct_packets_stat 0 direct_qlen 1000
 Sent 2637055 bytes 1829 pkt (dropped 148, overlimits 1325 requeues 0) 
 backlog 22230b 11p requeues 0
qdisc pfifo 20: parent 1:10 limit 12p
 Sent 2637055 bytes 1829 pkt (dropped 148, overlimits 0 requeues 0) 
 backlog 22230b 11p requeues 0
======================================================================
Timestamp: 2026-04-10 18:30:30
qdisc htb 1: root refcnt 13 r2q 10 default 0x10 direct_packets_stat 0 direct_qlen 1000
 Sent 3115938 bytes 2154 pkt (dropped 174, overlimits 1560 requeues 0) 
 backlog 0b 0p requeues 0
qdisc pfifo 20: parent 1:10 limit 12p
 Sent 3115938 bytes 2154 pkt (dropped 174, overlimits 0 requeues 0) 
 backlog 0b 0p requeues 0
======================================================================
Timestamp: 2026-04-10 18:30:31
qdisc htb 1: root refcnt 13 r2q 10 default 0x10 direct_packets_stat 0 direct_qlen 1000
 Sent 3174269 bytes 2194 pkt (dropped 179, overlimits 1593 requeues 0) 
 backlog 14820b 8p requeues 0
qdisc pfifo 20: parent 1:10 limit 12p
 Sent 3174269 bytes 2194 pkt (dropped 179, overlimits 0 requeues 0) 
 backlog 14820b 8p requeues 0
======================================================================
Timestamp: 2026-04-10 18:30:32
qdisc htb 1: root refcnt 13 r2q 10 default 0x10 direct_packets_stat 0 direct_qlen 1000
 Sent 3939505 bytes 2712 pkt (dropped 226, overlimits 1984 requeues 0) 
 backlog 19266b 10p requeues 0
qdisc pfifo 20: parent 1:10 limit 12p
 Sent 3939505 bytes 2712 pkt (dropped 226, overlimits 0 requeues 0) 
 backlog 19266b 10p requeues 0
======================================================================
Timestamp: 2026-04-10 18:30:33
qdisc htb 1: root refcnt 13 r2q 10 default 0x10 direct_packets_stat 0 direct_qlen 1000
 Sent 4489506 bytes 3085 pkt (dropped 253, overlimits 2263 requeues 0) 
 backlog 17784b 9p requeues 0
qdisc pfifo 20: parent 1:10 limit 12p
 Sent 4489506 bytes 3085 pkt (dropped 253, overlimits 0 requeues 0) 
 backlog 17784b 9p requeues 0
======================================================================
Timestamp: 2026-04-10 18:30:34
qdisc htb 1: root refcnt 13 r2q 10 default 0x10 direct_packets_stat 0 direct_qlen 1000
 Sent 5236904 bytes 3592 pkt (dropped 295, overlimits 2645 requeues 0) 
 backlog 0b 0p requeues 0
qdisc pfifo 20: parent 1:10 limit 12p
 Sent 5236904 bytes 3592 pkt (dropped 295, overlimits 0 requeues 0) 
 backlog 0b 0p requeues 0
======================================================================
Timestamp: 2026-04-10 18:30:35
qdisc htb 1: root refcnt 13 r2q 10 default 0x10 direct_packets_stat 0 direct_qlen 1000
 Sent 5245526 bytes 3598 pkt (dropped 295, overlimits 2648 requeues 0) 
 backlog 5928b 4p requeues 0
qdisc pfifo 20: parent 1:10 limit 12p
 Sent 5245526 bytes 3598 pkt (dropped 295, overlimits 0 requeues 0) 
 backlog 5928b 4p requeues 0
======================================================================
Timestamp: 2026-04-10 18:30:36
qdisc htb 1: root refcnt 13 r2q 10 default 0x10 direct_packets_stat 0 direct_qlen 1000
 Sent 6054764 bytes 4145 pkt (dropped 340, overlimits 3057 requeues 0) 
 backlog 0b 0p requeues 0
qdisc pfifo 20: parent 1:10 limit 12p
 Sent 6054764 bytes 4145 pkt (dropped 340, overlimits 0 requeues 0) 
 backlog 0b 0p requeues 0
======================================================================
Timestamp: 2026-04-10 18:30:37
qdisc htb 1: root refcnt 13 r2q 10 default 0x10 direct_packets_stat 0 direct_qlen 1000
 Sent 6057458 bytes 4147 pkt (dropped 340, overlimits 3058 requeues 0) 
 backlog 0b 0p requeues 0
qdisc pfifo 20: parent 1:10 limit 12p
 Sent 6057458 bytes 4147 pkt (dropped 340, overlimits 0 requeues 0) 
 backlog 0b 0p requeues 0
======================================================================
Timestamp: 2026-04-10 18:30:38
qdisc htb 1: root refcnt 13 r2q 10 default 0x10 direct_packets_stat 0 direct_qlen 1000
 Sent 6874439 bytes 4700 pkt (dropped 391, overlimits 3469 requeues 0) 
 backlog 0b 0p requeues 0
qdisc pfifo 20: parent 1:10 limit 12p
 Sent 6874439 bytes 4700 pkt (dropped 391, overlimits 0 requeues 0) 
 backlog 0b 0p requeues 0
======================================================================
Timestamp: 2026-04-10 18:30:39
qdisc htb 1: root refcnt 13 r2q 10 default 0x10 direct_packets_stat 0 direct_qlen 1000
 Sent 6874439 bytes 4700 pkt (dropped 391, overlimits 3469 requeues 0) 
 backlog 0b 0p requeues 0
qdisc pfifo 20: parent 1:10 limit 12p
 Sent 6874439 bytes 4700 pkt (dropped 391, overlimits 0 requeues 0) 
 backlog 0b 0p requeues 0
======================================================================
Timestamp: 2026-04-10 18:30:40
qdisc htb 1: root refcnt 13 r2q 10 default 0x10 direct_packets_stat 0 direct_qlen 1000
 Sent 7684823 bytes 5247 pkt (dropped 426, overlimits 3875 requeues 0) 
 backlog 18407b 10p requeues 0
qdisc pfifo 20: parent 1:10 limit 12p
 Sent 7684823 bytes 5247 pkt (dropped 426, overlimits 0 requeues 0) 
 backlog 18407b 10p requeues 0
======================================================================
Timestamp: 2026-04-10 18:30:41
qdisc htb 1: root refcnt 13 r2q 10 default 0x10 direct_packets_stat 0 direct_qlen 1000
 Sent 7704906 bytes 5263 pkt (dropped 426, overlimits 3887 requeues 0) 
 backlog 0b 0p requeues 0
qdisc pfifo 20: parent 1:10 limit 12p
 Sent 7704906 bytes 5263 pkt (dropped 426, overlimits 0 requeues 0) 
 backlog 0b 0p requeues 0
======================================================================
Timestamp: 2026-04-10 18:30:42
qdisc htb 1: root refcnt 13 r2q 10 default 0x10 direct_packets_stat 0 direct_qlen 1000
 Sent 8457492 bytes 5771 pkt (dropped 459, overlimits 4269 requeues 0) 
 backlog 20748b 10p requeues 0
qdisc pfifo 20: parent 1:10 limit 12p
 Sent 8457492 bytes 5771 pkt (dropped 459, overlimits 0 requeues 0) 
 backlog 20748b 10p requeues 0
======================================================================
Timestamp: 2026-04-10 18:30:43
qdisc htb 1: root refcnt 13 r2q 10 default 0x10 direct_packets_stat 0 direct_qlen 1000
 Sent 8532837 bytes 5823 pkt (dropped 461, overlimits 4305 requeues 0) 
 backlog 0b 0p requeues 0
qdisc pfifo 20: parent 1:10 limit 12p
 Sent 8532837 bytes 5823 pkt (dropped 461, overlimits 0 requeues 0) 
 backlog 0b 0p requeues 0
======================================================================
Timestamp: 2026-04-10 18:30:44
qdisc htb 1: root refcnt 13 r2q 10 default 0x10 direct_packets_stat 0 direct_qlen 1000
 Sent 9251407 bytes 6309 pkt (dropped 505, overlimits 4665 requeues 0) 
 backlog 19266b 10p requeues 0
qdisc pfifo 20: parent 1:10 limit 12p
 Sent 9251407 bytes 6309 pkt (dropped 505, overlimits 0 requeues 0) 
 backlog 19266b 10p requeues 0
======================================================================
Timestamp: 2026-04-10 18:30:45
qdisc htb 1: root refcnt 13 r2q 10 default 0x10 direct_packets_stat 0 direct_qlen 1000
 Sent 9366818 bytes 6389 pkt (dropped 510, overlimits 4721 requeues 0) 
 backlog 0b 0p requeues 0
qdisc pfifo 20: parent 1:10 limit 12p
 Sent 9366818 bytes 6389 pkt (dropped 510, overlimits 0 requeues 0) 
 backlog 0b 0p requeues 0
======================================================================
Timestamp: 2026-04-10 18:30:46
qdisc htb 1: root refcnt 13 r2q 10 default 0x10 direct_packets_stat 0 direct_qlen 1000
 Sent 10046847 bytes 6849 pkt (dropped 552, overlimits 5067 requeues 0) 
 backlog 19266b 10p requeues 0
qdisc pfifo 20: parent 1:10 limit 12p
 Sent 10046847 bytes 6849 pkt (dropped 552, overlimits 0 requeues 0) 
 backlog 19266b 10p requeues 0
======================================================================
Timestamp: 2026-04-10 18:30:47
qdisc htb 1: root refcnt 13 r2q 10 default 0x10 direct_packets_stat 0 direct_qlen 1000
 Sent 10197065 bytes 6952 pkt (dropped 558, overlimits 5142 requeues 0) 
 backlog 0b 0p requeues 0
qdisc pfifo 20: parent 1:10 limit 12p
 Sent 10197065 bytes 6952 pkt (dropped 558, overlimits 0 requeues 0) 
 backlog 0b 0p requeues 0
======================================================================
Timestamp: 2026-04-10 18:30:48
qdisc htb 1: root refcnt 13 r2q 10 default 0x10 direct_packets_stat 0 direct_qlen 1000
 Sent 10844428 bytes 7389 pkt (dropped 594, overlimits 5469 requeues 0) 
 backlog 20748b 11p requeues 0
qdisc pfifo 20: parent 1:10 limit 12p
 Sent 10844428 bytes 7389 pkt (dropped 594, overlimits 0 requeues 0) 
 backlog 20748b 11p requeues 0
======================================================================
Timestamp: 2026-04-10 18:30:49
qdisc htb 1: root refcnt 13 r2q 10 default 0x10 direct_packets_stat 0 direct_qlen 1000
 Sent 11173872 bytes 7613 pkt (dropped 604, overlimits 5635 requeues 0) 
 backlog 0b 0p requeues 0
qdisc pfifo 20: parent 1:10 limit 12p
 Sent 11173872 bytes 7613 pkt (dropped 604, overlimits 0 requeues 0) 
 backlog 0b 0p requeues 0
======================================================================
Timestamp: 2026-04-10 18:30:50
qdisc htb 1: root refcnt 13 r2q 10 default 0x10 direct_packets_stat 0 direct_qlen 1000
 Sent 11779740 bytes 8022 pkt (dropped 627, overlimits 5942 requeues 0) 
 backlog 22230b 11p requeues 0
qdisc pfifo 20: parent 1:10 limit 12p
 Sent 11779740 bytes 8022 pkt (dropped 627, overlimits 0 requeues 0) 
 backlog 22230b 11p requeues 0
======================================================================
Timestamp: 2026-04-10 18:30:51
qdisc htb 1: root refcnt 13 r2q 10 default 0x10 direct_packets_stat 0 direct_qlen 1000
 Sent 12070048 bytes 8219 pkt (dropped 637, overlimits 6089 requeues 0) 
 backlog 0b 0p requeues 0
qdisc pfifo 20: parent 1:10 limit 12p
 Sent 12070048 bytes 8219 pkt (dropped 637, overlimits 0 requeues 0) 
 backlog 0b 0p requeues 0
======================================================================
Timestamp: 2026-04-10 18:30:52
qdisc htb 1: root refcnt 13 r2q 10 default 0x10 direct_packets_stat 0 direct_qlen 1000
 Sent 12625813 bytes 8598 pkt (dropped 665, overlimits 6377 requeues 0) 
 backlog 19332b 11p requeues 0
qdisc pfifo 20: parent 1:10 limit 12p
 Sent 12625813 bytes 8598 pkt (dropped 665, overlimits 0 requeues 0) 
 backlog 19332b 11p requeues 0
======================================================================
Timestamp: 2026-04-10 18:30:53
qdisc htb 1: root refcnt 13 r2q 10 default 0x10 direct_packets_stat 0 direct_qlen 1000
 Sent 13445362 bytes 9159 pkt (dropped 678, overlimits 6861 requeues 0) 
 backlog 12112b 8p requeues 0
qdisc pfifo 20: parent 1:10 limit 12p
 Sent 13445362 bytes 9159 pkt (dropped 678, overlimits 0 requeues 0) 
 backlog 12112b 8p requeues 0
======================================================================
Timestamp: 2026-04-10 18:30:54
qdisc htb 1: root refcnt 13 r2q 10 default 0x10 direct_packets_stat 0 direct_qlen 1000
 Sent 14323615 bytes 9745 pkt (dropped 862, overlimits 7392 requeues 0) 
 backlog 16366b 11p requeues 0
qdisc pfifo 20: parent 1:10 limit 12p
 Sent 14323615 bytes 9745 pkt (dropped 862, overlimits 0 requeues 0) 
 backlog 16366b 11p requeues 0
======================================================================
Timestamp: 2026-04-10 18:30:55
qdisc htb 1: root refcnt 13 r2q 10 default 0x10 direct_packets_stat 0 direct_qlen 1000
 Sent 15063508 bytes 10242 pkt (dropped 908, overlimits 7869 requeues 0) 
 backlog 9084b 6p requeues 0
qdisc pfifo 20: parent 1:10 limit 12p
 Sent 15063508 bytes 10242 pkt (dropped 908, overlimits 0 requeues 0) 
 backlog 9084b 6p requeues 0
======================================================================
Timestamp: 2026-04-10 18:30:56
qdisc htb 1: root refcnt 13 r2q 10 default 0x10 direct_packets_stat 0 direct_qlen 1000
 Sent 15946184 bytes 10832 pkt (dropped 981, overlimits 8448 requeues 0) 
 backlog 8924b 6p requeues 0
qdisc pfifo 20: parent 1:10 limit 12p
 Sent 15946184 bytes 10832 pkt (dropped 981, overlimits 0 requeues 0) 
 backlog 8924b 6p requeues 0
======================================================================
Timestamp: 2026-04-10 18:30:57
qdisc htb 1: root refcnt 13 r2q 10 default 0x10 direct_packets_stat 0 direct_qlen 1000
 Sent 16767497 bytes 11385 pkt (dropped 1029, overlimits 8996 requeues 0) 
 backlog 0b 0p requeues 0
qdisc pfifo 20: parent 1:10 limit 12p
 Sent 16767497 bytes 11385 pkt (dropped 1029, overlimits 0 requeues 0) 
 backlog 0b 0p requeues 0
======================================================================
Timestamp: 2026-04-10 18:30:58
qdisc htb 1: root refcnt 13 r2q 10 default 0x10 direct_packets_stat 0 direct_qlen 1000
 Sent 17559130 bytes 11913 pkt (dropped 1086, overlimits 9480 requeues 0) 
 backlog 14884b 10p requeues 0
qdisc pfifo 20: parent 1:10 limit 12p
 Sent 17559130 bytes 11913 pkt (dropped 1086, overlimits 0 requeues 0) 
 backlog 14884b 10p requeues 0
======================================================================
Timestamp: 2026-04-10 18:30:59
qdisc htb 1: root refcnt 13 r2q 10 default 0x10 direct_packets_stat 0 direct_qlen 1000
 Sent 18421928 bytes 12495 pkt (dropped 1120, overlimits 10056 requeues 0) 
 backlog 0b 0p requeues 0
qdisc pfifo 20: parent 1:10 limit 12p
 Sent 18421928 bytes 12495 pkt (dropped 1120, overlimits 0 requeues 0) 
 backlog 0b 0p requeues 0
======================================================================
Timestamp: 2026-04-10 18:31:00
qdisc htb 1: root refcnt 13 r2q 10 default 0x10 direct_packets_stat 0 direct_qlen 1000
 Sent 19081452 bytes 12936 pkt (dropped 1158, overlimits 10451 requeues 0) 
 backlog 10438b 7p requeues 0
qdisc pfifo 20: parent 1:10 limit 12p
 Sent 19081452 bytes 12936 pkt (dropped 1158, overlimits 0 requeues 0) 
 backlog 10438b 7p requeues 0
======================================================================
Timestamp: 2026-04-10 18:31:01
qdisc htb 1: root refcnt 13 r2q 10 default 0x10 direct_packets_stat 0 direct_qlen 1000
 Sent 19959714 bytes 13527 pkt (dropped 1204, overlimits 11041 requeues 0) 
 backlog 16Kb 11p requeues 0
qdisc pfifo 20: parent 1:10 limit 12p
 Sent 19959714 bytes 13527 pkt (dropped 1204, overlimits 0 requeues 0) 
 backlog 16Kb 11p requeues 0
======================================================================
Timestamp: 2026-04-10 18:31:02
qdisc htb 1: root refcnt 13 r2q 10 default 0x10 direct_packets_stat 0 direct_qlen 1000
 Sent 20662603 bytes 13999 pkt (dropped 1248, overlimits 11475 requeues 0) 
 backlog 16334b 11p requeues 0
qdisc pfifo 20: parent 1:10 limit 12p
 Sent 20662603 bytes 13999 pkt (dropped 1248, overlimits 0 requeues 0) 
 backlog 16334b 11p requeues 0
======================================================================
Timestamp: 2026-04-10 18:31:03
qdisc htb 1: root refcnt 13 r2q 10 default 0x10 direct_packets_stat 0 direct_qlen 1000
 Sent 21332091 bytes 14449 pkt (dropped 1263, overlimits 11888 requeues 0) 
 backlog 9084b 6p requeues 0
qdisc pfifo 20: parent 1:10 limit 12p
 Sent 21332091 bytes 14449 pkt (dropped 1263, overlimits 0 requeues 0) 
 backlog 9084b 6p requeues 0
======================================================================
Timestamp: 2026-04-10 18:31:04
qdisc htb 1: root refcnt 13 r2q 10 default 0x10 direct_packets_stat 0 direct_qlen 1000
 Sent 22193596 bytes 15021 pkt (dropped 1355, overlimits 12439 requeues 0) 
 backlog 16302b 11p requeues 0
qdisc pfifo 20: parent 1:10 limit 12p
 Sent 22193596 bytes 15021 pkt (dropped 1355, overlimits 0 requeues 0) 
 backlog 16302b 11p requeues 0
======================================================================
Timestamp: 2026-04-10 18:31:05
qdisc htb 1: root refcnt 13 r2q 10 default 0x10 direct_packets_stat 0 direct_qlen 1000
 Sent 22971707 bytes 15546 pkt (dropped 1392, overlimits 12948 requeues 0) 
 backlog 0b 0p requeues 0
qdisc pfifo 20: parent 1:10 limit 12p
 Sent 22971707 bytes 15546 pkt (dropped 1392, overlimits 0 requeues 0) 
 backlog 0b 0p requeues 0
======================================================================
Timestamp: 2026-04-10 18:31:06
qdisc htb 1: root refcnt 13 r2q 10 default 0x10 direct_packets_stat 0 direct_qlen 1000
 Sent 23747765 bytes 16062 pkt (dropped 1440, overlimits 13431 requeues 0) 
 backlog 5928b 4p requeues 0
qdisc pfifo 20: parent 1:10 limit 12p
 Sent 23747765 bytes 16062 pkt (dropped 1440, overlimits 0 requeues 0) 
 backlog 5928b 4p requeues 0
======================================================================
Timestamp: 2026-04-10 18:31:07
qdisc htb 1: root refcnt 13 r2q 10 default 0x10 direct_packets_stat 0 direct_qlen 1000
 Sent 24625059 bytes 16653 pkt (dropped 1472, overlimits 14022 requeues 0) 
 backlog 13370b 9p requeues 0
qdisc pfifo 20: parent 1:10 limit 12p
 Sent 24625059 bytes 16653 pkt (dropped 1472, overlimits 0 requeues 0) 
 backlog 13370b 9p requeues 0
======================================================================
Timestamp: 2026-04-10 18:31:08
qdisc htb 1: root refcnt 13 r2q 10 default 0x10 direct_packets_stat 0 direct_qlen 1000
 Sent 25226322 bytes 17058 pkt (dropped 1521, overlimits 14380 requeues 0) 
 backlog 10406b 7p requeues 0
qdisc pfifo 20: parent 1:10 limit 12p
 Sent 25226322 bytes 17058 pkt (dropped 1521, overlimits 0 requeues 0) 
 backlog 10406b 7p requeues 0
======================================================================
Timestamp: 2026-04-10 18:31:09
qdisc htb 1: root refcnt 13 r2q 10 default 0x10 direct_packets_stat 0 direct_qlen 1000
 Sent 26108070 bytes 17652 pkt (dropped 1566, overlimits 14974 requeues 0) 
 backlog 8924b 6p requeues 0
qdisc pfifo 20: parent 1:10 limit 12p
 Sent 26108070 bytes 17652 pkt (dropped 1566, overlimits 0 requeues 0) 
 backlog 8924b 6p requeues 0
======================================================================
Timestamp: 2026-04-10 18:31:10
qdisc htb 1: root refcnt 13 r2q 10 default 0x10 direct_packets_stat 0 direct_qlen 1000
 Sent 26767457 bytes 18095 pkt (dropped 1600, overlimits 15366 requeues 0) 
 backlog 13402b 9p requeues 0
qdisc pfifo 20: parent 1:10 limit 12p
 Sent 26767457 bytes 18095 pkt (dropped 1600, overlimits 0 requeues 0) 
 backlog 13402b 9p requeues 0
======================================================================
Timestamp: 2026-04-10 18:31:11
qdisc htb 1: root refcnt 13 r2q 10 default 0x10 direct_packets_stat 0 direct_qlen 1000
 Sent 27645719 bytes 18686 pkt (dropped 1636, overlimits 15956 requeues 0) 
 backlog 17848b 12p requeues 0
qdisc pfifo 20: parent 1:10 limit 12p
 Sent 27645719 bytes 18686 pkt (dropped 1636, overlimits 0 requeues 0) 
 backlog 17848b 12p requeues 0
======================================================================
Timestamp: 2026-04-10 18:31:12
qdisc htb 1: root refcnt 13 r2q 10 default 0x10 direct_packets_stat 0 direct_qlen 1000
 Sent 28285546 bytes 19113 pkt (dropped 1681, overlimits 16334 requeues 0) 
 backlog 17880b 12p requeues 0
qdisc pfifo 20: parent 1:10 limit 12p
 Sent 28285546 bytes 19113 pkt (dropped 1681, overlimits 0 requeues 0) 
 backlog 17880b 12p requeues 0
======================================================================
Timestamp: 2026-04-10 18:31:13
qdisc htb 1: root refcnt 13 r2q 10 default 0x10 direct_packets_stat 0 direct_qlen 1000
 Sent 29109957 bytes 19670 pkt (dropped 1727, overlimits 16885 requeues 0) 
 backlog 0b 0p requeues 0
qdisc pfifo 20: parent 1:10 limit 12p
 Sent 29109957 bytes 19670 pkt (dropped 1727, overlimits 0 requeues 0) 
 backlog 0b 0p requeues 0
======================================================================
Timestamp: 2026-04-10 18:31:14
qdisc htb 1: root refcnt 13 r2q 10 default 0x10 direct_packets_stat 0 direct_qlen 1000
 Sent 29789610 bytes 20120 pkt (dropped 1781, overlimits 17290 requeues 0) 
 backlog 16334b 11p requeues 0
qdisc pfifo 20: parent 1:10 limit 12p
 Sent 29789610 bytes 20120 pkt (dropped 1781, overlimits 0 requeues 0) 
 backlog 16334b 11p requeues 0
======================================================================
Timestamp: 2026-04-10 18:31:15
qdisc htb 1: root refcnt 13 r2q 10 default 0x10 direct_packets_stat 0 direct_qlen 1000
 Sent 30667520 bytes 20711 pkt (dropped 1821, overlimits 17880 requeues 0) 
 backlog 14820b 10p requeues 0
qdisc pfifo 20: parent 1:10 limit 12p
 Sent 30667520 bytes 20711 pkt (dropped 1821, overlimits 0 requeues 0) 
 backlog 14820b 10p requeues 0
======================================================================
Timestamp: 2026-04-10 18:31:16
qdisc htb 1: root refcnt 13 r2q 10 default 0x10 direct_packets_stat 0 direct_qlen 1000
 Sent 31349486 bytes 21171 pkt (dropped 1836, overlimits 18311 requeues 0) 
 backlog 4542b 3p requeues 0
qdisc pfifo 20: parent 1:10 limit 12p
 Sent 31349486 bytes 21171 pkt (dropped 1836, overlimits 0 requeues 0) 
 backlog 4542b 3p requeues 0
======================================================================
Timestamp: 2026-04-10 18:31:17
qdisc htb 1: root refcnt 13 r2q 10 default 0x10 direct_packets_stat 0 direct_qlen 1000
 Sent 32203159 bytes 21747 pkt (dropped 1897, overlimits 18878 requeues 0) 
 backlog 0b 0p requeues 0
qdisc pfifo 20: parent 1:10 limit 12p
 Sent 32203159 bytes 21747 pkt (dropped 1897, overlimits 0 requeues 0) 
 backlog 0b 0p requeues 0
======================================================================
Timestamp: 2026-04-10 18:31:18
qdisc htb 1: root refcnt 13 r2q 10 default 0x10 direct_packets_stat 0 direct_qlen 1000
 Sent 32966776 bytes 22253 pkt (dropped 1897, overlimits 19351 requeues 0) 
 backlog 6056b 4p requeues 0
qdisc pfifo 20: parent 1:10 limit 12p
 Sent 32966776 bytes 22253 pkt (dropped 1897, overlimits 0 requeues 0) 
 backlog 6056b 4p requeues 0
======================================================================
Timestamp: 2026-04-10 18:31:19
qdisc htb 1: root refcnt 13 r2q 10 default 0x10 direct_packets_stat 0 direct_qlen 1000
 Sent 33846746 bytes 22846 pkt (dropped 2007, overlimits 19937 requeues 0) 
 backlog 13338b 9p requeues 0
qdisc pfifo 20: parent 1:10 limit 12p
 Sent 33846746 bytes 22846 pkt (dropped 2007, overlimits 0 requeues 0) 
 backlog 13338b 9p requeues 0
======================================================================
Timestamp: 2026-04-10 18:31:20
qdisc htb 1: root refcnt 13 r2q 10 default 0x10 direct_packets_stat 0 direct_qlen 1000
 Sent 34455948 bytes 23255 pkt (dropped 2018, overlimits 20297 requeues 0) 
 backlog 13626b 9p requeues 0
qdisc pfifo 20: parent 1:10 limit 12p
 Sent 34455948 bytes 23255 pkt (dropped 2018, overlimits 0 requeues 0) 
 backlog 13626b 9p requeues 0
======================================================================
Timestamp: 2026-04-10 18:31:21
qdisc htb 1: root refcnt 13 r2q 10 default 0x10 direct_packets_stat 0 direct_qlen 1000
 Sent 35332952 bytes 23844 pkt (dropped 2099, overlimits 20877 requeues 0) 
 backlog 10374b 7p requeues 0
qdisc pfifo 20: parent 1:10 limit 12p
 Sent 35332952 bytes 23844 pkt (dropped 2099, overlimits 0 requeues 0) 
 backlog 10374b 7p requeues 0
======================================================================
Timestamp: 2026-04-10 18:31:22
qdisc htb 1: root refcnt 13 r2q 10 default 0x10 direct_packets_stat 0 direct_qlen 1000
 Sent 35968686 bytes 24270 pkt (dropped 2113, overlimits 21244 requeues 0) 
 backlog 12915b 9p requeues 0
qdisc pfifo 20: parent 1:10 limit 12p
 Sent 35968686 bytes 24270 pkt (dropped 2113, overlimits 0 requeues 0) 
 backlog 12915b 9p requeues 0
======================================================================
Timestamp: 2026-04-10 18:31:23
qdisc htb 1: root refcnt 13 r2q 10 default 0x10 direct_packets_stat 0 direct_qlen 1000
 Sent 36846451 bytes 24860 pkt (dropped 2204, overlimits 21824 requeues 0) 
 backlog 10406b 7p requeues 0
qdisc pfifo 20: parent 1:10 limit 12p
 Sent 36846451 bytes 24860 pkt (dropped 2204, overlimits 0 requeues 0) 
 backlog 10406b 7p requeues 0
======================================================================
Timestamp: 2026-04-10 18:31:24
qdisc htb 1: root refcnt 13 r2q 10 default 0x10 direct_packets_stat 0 direct_qlen 1000
 Sent 37655753 bytes 25407 pkt (dropped 2226, overlimits 22358 requeues 0) 
 backlog 1514b 1p requeues 0
qdisc pfifo 20: parent 1:10 limit 12p
 Sent 37655753 bytes 25407 pkt (dropped 2226, overlimits 0 requeues 0) 
 backlog 1514b 1p requeues 0
======================================================================
Timestamp: 2026-04-10 18:31:25
qdisc htb 1: root refcnt 13 r2q 10 default 0x10 direct_packets_stat 0 direct_qlen 1000
 Sent 38481146 bytes 25962 pkt (dropped 2290, overlimits 22888 requeues 0) 
 backlog 16334b 11p requeues 0
qdisc pfifo 20: parent 1:10 limit 12p
 Sent 38481146 bytes 25962 pkt (dropped 2290, overlimits 0 requeues 0) 
 backlog 16334b 11p requeues 0
======================================================================
Timestamp: 2026-04-10 18:31:26
qdisc htb 1: root refcnt 13 r2q 10 default 0x10 direct_packets_stat 0 direct_qlen 1000
 Sent 39268951 bytes 26494 pkt (dropped 2321, overlimits 23406 requeues 0) 
 backlog 0b 0p requeues 0
qdisc pfifo 20: parent 1:10 limit 12p
 Sent 39268951 bytes 26494 pkt (dropped 2321, overlimits 0 requeues 0) 
 backlog 0b 0p requeues 0
======================================================================
Timestamp: 2026-04-10 18:31:27
qdisc htb 1: root refcnt 13 r2q 10 default 0x10 direct_packets_stat 0 direct_qlen 1000
 Sent 40056125 bytes 27023 pkt (dropped 2371, overlimits 23905 requeues 0) 
 backlog 10374b 7p requeues 0
qdisc pfifo 20: parent 1:10 limit 12p
 Sent 40056125 bytes 27023 pkt (dropped 2371, overlimits 0 requeues 0) 
 backlog 10374b 7p requeues 0
======================================================================
Timestamp: 2026-04-10 18:31:28
qdisc htb 1: root refcnt 13 r2q 10 default 0x10 direct_packets_stat 0 direct_qlen 1000
 Sent 40803646 bytes 27528 pkt (dropped 2391, overlimits 24394 requeues 0) 
 backlog 1514b 1p requeues 0
qdisc pfifo 20: parent 1:10 limit 12p
 Sent 40803646 bytes 27528 pkt (dropped 2391, overlimits 0 requeues 0) 
 backlog 1514b 1p requeues 0
======================================================================
Timestamp: 2026-04-10 18:31:29
qdisc htb 1: root refcnt 13 r2q 10 default 0x10 direct_packets_stat 0 direct_qlen 1000
 Sent 41617772 bytes 28074 pkt (dropped 2461, overlimits 24909 requeues 0) 
 backlog 14884b 10p requeues 0
qdisc pfifo 20: parent 1:10 limit 12p
 Sent 41617772 bytes 28074 pkt (dropped 2461, overlimits 0 requeues 0) 
 backlog 14884b 10p requeues 0
======================================================================
Timestamp: 2026-04-10 18:31:30
qdisc htb 1: root refcnt 13 r2q 10 default 0x10 direct_packets_stat 0 direct_qlen 1000
 Sent 42395289 bytes 28600 pkt (dropped 2493, overlimits 25429 requeues 0) 
 backlog 0b 0p requeues 0
qdisc pfifo 20: parent 1:10 limit 12p
 Sent 42395289 bytes 28600 pkt (dropped 2493, overlimits 0 requeues 0) 
 backlog 0b 0p requeues 0
======================================================================
Timestamp: 2026-04-10 18:31:31
qdisc htb 1: root refcnt 13 r2q 10 default 0x10 direct_packets_stat 0 direct_qlen 1000
 Sent 43115931 bytes 29084 pkt (dropped 2538, overlimits 25876 requeues 0) 
 backlog 11888b 8p requeues 0
qdisc pfifo 20: parent 1:10 limit 12p
 Sent 43115931 bytes 29084 pkt (dropped 2538, overlimits 0 requeues 0) 
 backlog 11888b 8p requeues 0
======================================================================
Timestamp: 2026-04-10 18:31:32
qdisc htb 1: root refcnt 13 r2q 10 default 0x10 direct_packets_stat 0 direct_qlen 1000
 Sent 43794360 bytes 29539 pkt (dropped 2544, overlimits 26290 requeues 0) 
 backlog 9084b 6p requeues 0
qdisc pfifo 20: parent 1:10 limit 12p
 Sent 43794360 bytes 29539 pkt (dropped 2544, overlimits 0 requeues 0) 
 backlog 9084b 6p requeues 0
======================================================================
Timestamp: 2026-04-10 18:31:33
qdisc htb 1: root refcnt 13 r2q 10 default 0x10 direct_packets_stat 0 direct_qlen 1000
 Sent 44672946 bytes 30126 pkt (dropped 2636, overlimits 26870 requeues 0) 
 backlog 17784b 12p requeues 0
qdisc pfifo 20: parent 1:10 limit 12p
 Sent 44672946 bytes 30126 pkt (dropped 2636, overlimits 0 requeues 0) 
 backlog 17784b 12p requeues 0
======================================================================
Timestamp: 2026-04-10 18:31:34
qdisc htb 1: root refcnt 13 r2q 10 default 0x10 direct_packets_stat 0 direct_qlen 1000
 Sent 45550250 bytes 30718 pkt (dropped 2670, overlimits 27462 requeues 0) 
 backlog 11920b 8p requeues 0
qdisc pfifo 20: parent 1:10 limit 12p
 Sent 45550250 bytes 30718 pkt (dropped 2670, overlimits 0 requeues 0) 
 backlog 11920b 8p requeues 0
======================================================================
Timestamp: 2026-04-10 18:31:35
qdisc htb 1: root refcnt 13 r2q 10 default 0x10 direct_packets_stat 0 direct_qlen 1000
 Sent 46138387 bytes 31116 pkt (dropped 2721, overlimits 27821 requeues 0) 
 backlog 11856b 8p requeues 0
qdisc pfifo 20: parent 1:10 limit 12p
 Sent 46138387 bytes 31116 pkt (dropped 2721, overlimits 0 requeues 0) 
 backlog 11856b 8p requeues 0
======================================================================
Timestamp: 2026-04-10 18:31:36
qdisc htb 1: root refcnt 13 r2q 10 default 0x10 direct_packets_stat 0 direct_qlen 1000
 Sent 46897628 bytes 31622 pkt (dropped 2726, overlimits 28293 requeues 0) 
 backlog 13626b 9p requeues 0
qdisc pfifo 20: parent 1:10 limit 12p
 Sent 46897628 bytes 31622 pkt (dropped 2726, overlimits 0 requeues 0) 
 backlog 13626b 9p requeues 0
======================================================================
Timestamp: 2026-04-10 18:31:37
qdisc htb 1: root refcnt 13 r2q 10 default 0x10 direct_packets_stat 0 direct_qlen 1000
 Sent 47775748 bytes 32208 pkt (dropped 2789, overlimits 28872 requeues 0) 
 backlog 16302b 11p requeues 0
qdisc pfifo 20: parent 1:10 limit 12p
 Sent 47775748 bytes 32208 pkt (dropped 2789, overlimits 0 requeues 0) 
 backlog 16302b 11p requeues 0
======================================================================
Timestamp: 2026-04-10 18:31:38
qdisc htb 1: root refcnt 13 r2q 10 default 0x10 direct_packets_stat 0 direct_qlen 1000
 Sent 48658075 bytes 32802 pkt (dropped 2833, overlimits 29466 requeues 0) 
 backlog 3028b 2p requeues 0
qdisc pfifo 20: parent 1:10 limit 12p
 Sent 48658075 bytes 32802 pkt (dropped 2833, overlimits 0 requeues 0) 
 backlog 3028b 2p requeues 0
======================================================================
Timestamp: 2026-04-10 18:31:39
qdisc htb 1: root refcnt 13 r2q 10 default 0x10 direct_packets_stat 0 direct_qlen 1000
 Sent 49379461 bytes 33290 pkt (dropped 2875, overlimits 29923 requeues 0) 
 backlog 17784b 12p requeues 0
qdisc pfifo 20: parent 1:10 limit 12p
 Sent 49379461 bytes 33290 pkt (dropped 2875, overlimits 0 requeues 0) 
 backlog 17784b 12p requeues 0
======================================================================
Timestamp: 2026-04-10 18:31:40
qdisc htb 1: root refcnt 13 r2q 10 default 0x10 direct_packets_stat 0 direct_qlen 1000
 Sent 50213790 bytes 33853 pkt (dropped 2895, overlimits 30474 requeues 0) 
 backlog 1514b 1p requeues 0
qdisc pfifo 20: parent 1:10 limit 12p
 Sent 50213790 bytes 33853 pkt (dropped 2895, overlimits 0 requeues 0) 
 backlog 1514b 1p requeues 0
======================================================================
Timestamp: 2026-04-10 18:31:41
qdisc htb 1: root refcnt 13 r2q 10 default 0x10 direct_packets_stat 0 direct_qlen 1000
 Sent 51000478 bytes 34376 pkt (dropped 2945, overlimits 30966 requeues 0) 
 backlog 16302b 11p requeues 0
qdisc pfifo 20: parent 1:10 limit 12p
 Sent 51000478 bytes 34376 pkt (dropped 2945, overlimits 0 requeues 0) 
 backlog 16302b 11p requeues 0
======================================================================
Timestamp: 2026-04-10 18:31:42
qdisc htb 1: root refcnt 13 r2q 10 default 0x10 direct_packets_stat 0 direct_qlen 1000
 Sent 51879678 bytes 34968 pkt (dropped 2997, overlimits 31558 requeues 0) 
 backlog 8892b 6p requeues 0
qdisc pfifo 20: parent 1:10 limit 12p
 Sent 51879678 bytes 34968 pkt (dropped 2997, overlimits 0 requeues 0) 
 backlog 8892b 6p requeues 0
======================================================================
Timestamp: 2026-04-10 18:31:43
qdisc htb 1: root refcnt 13 r2q 10 default 0x10 direct_packets_stat 0 direct_qlen 1000
 Sent 52588851 bytes 35445 pkt (dropped 3048, overlimits 31990 requeues 0) 
 backlog 17784b 12p requeues 0
qdisc pfifo 20: parent 1:10 limit 12p
 Sent 52588851 bytes 35445 pkt (dropped 3048, overlimits 0 requeues 0) 
 backlog 17784b 12p requeues 0
======================================================================
Timestamp: 2026-04-10 18:31:44
qdisc htb 1: root refcnt 13 r2q 10 default 0x10 direct_packets_stat 0 direct_qlen 1000
 Sent 53417078 bytes 36004 pkt (dropped 3085, overlimits 32543 requeues 0) 
 backlog 0b 0p requeues 0
qdisc pfifo 20: parent 1:10 limit 12p
 Sent 53417078 bytes 36004 pkt (dropped 3085, overlimits 0 requeues 0) 
 backlog 0b 0p requeues 0
======================================================================
Timestamp: 2026-04-10 18:31:45
qdisc htb 1: root refcnt 13 r2q 10 default 0x10 direct_packets_stat 0 direct_qlen 1000
 Sent 54135946 bytes 36481 pkt (dropped 3128, overlimits 32972 requeues 0) 
 backlog 8892b 6p requeues 0
qdisc pfifo 20: parent 1:10 limit 12p
 Sent 54135946 bytes 36481 pkt (dropped 3128, overlimits 0 requeues 0) 
 backlog 8892b 6p requeues 0
======================================================================
Timestamp: 2026-04-10 18:31:46
qdisc htb 1: root refcnt 13 r2q 10 default 0x10 direct_packets_stat 0 direct_qlen 1000
 Sent 55013920 bytes 37072 pkt (dropped 3177, overlimits 33563 requeues 0) 
 backlog 13370b 9p requeues 0
qdisc pfifo 20: parent 1:10 limit 12p
 Sent 55013920 bytes 37072 pkt (dropped 3177, overlimits 0 requeues 0) 
 backlog 13370b 9p requeues 0
======================================================================
Timestamp: 2026-04-10 18:31:47
qdisc htb 1: root refcnt 13 r2q 10 default 0x10 direct_packets_stat 0 direct_qlen 1000
 Sent 55714381 bytes 37540 pkt (dropped 3202, overlimits 33981 requeues 0) 
 backlog 11920b 7p requeues 0
qdisc pfifo 20: parent 1:10 limit 12p
 Sent 55714381 bytes 37540 pkt (dropped 3202, overlimits 0 requeues 0) 
 backlog 11920b 7p requeues 0
======================================================================
Timestamp: 2026-04-10 18:31:48
qdisc htb 1: root refcnt 13 r2q 10 default 0x10 direct_packets_stat 0 direct_qlen 1000
 Sent 56592805 bytes 38132 pkt (dropped 3243, overlimits 34571 requeues 0) 
 backlog 11888b 8p requeues 0
qdisc pfifo 20: parent 1:10 limit 12p
 Sent 56592805 bytes 38132 pkt (dropped 3243, overlimits 0 requeues 0) 
 backlog 11888b 8p requeues 0
======================================================================
Timestamp: 2026-04-10 18:31:49
qdisc htb 1: root refcnt 13 r2q 10 default 0x10 direct_packets_stat 0 direct_qlen 1000
 Sent 57196457 bytes 38534 pkt (dropped 3261, overlimits 34921 requeues 0) 
 backlog 12048b 8p requeues 0
qdisc pfifo 20: parent 1:10 limit 12p
 Sent 57196457 bytes 38534 pkt (dropped 3261, overlimits 0 requeues 0) 
 backlog 12048b 8p requeues 0
======================================================================
Timestamp: 2026-04-10 18:31:50
qdisc htb 1: root refcnt 13 r2q 10 default 0x10 direct_packets_stat 0 direct_qlen 1000
 Sent 58074943 bytes 39125 pkt (dropped 3322, overlimits 35506 requeues 0) 
 backlog 13402b 9p requeues 0
qdisc pfifo 20: parent 1:10 limit 12p
 Sent 58074943 bytes 39125 pkt (dropped 3322, overlimits 0 requeues 0) 
 backlog 13402b 9p requeues 0
======================================================================
Timestamp: 2026-04-10 18:31:51
qdisc htb 1: root refcnt 13 r2q 10 default 0x10 direct_packets_stat 0 direct_qlen 1000
 Sent 58792116 bytes 39607 pkt (dropped 3336, overlimits 35942 requeues 0) 
 backlog 12112b 8p requeues 0
qdisc pfifo 20: parent 1:10 limit 12p
 Sent 58792116 bytes 39607 pkt (dropped 3336, overlimits 0 requeues 0) 
 backlog 12112b 8p requeues 0
======================================================================
Timestamp: 2026-04-10 18:31:52
qdisc htb 1: root refcnt 13 r2q 10 default 0x10 direct_packets_stat 0 direct_qlen 1000
 Sent 59669785 bytes 40198 pkt (dropped 3406, overlimits 36527 requeues 0) 
 backlog 14916b 10p requeues 0
qdisc pfifo 20: parent 1:10 limit 12p
 Sent 59669785 bytes 40198 pkt (dropped 3406, overlimits 0 requeues 0) 
 backlog 14916b 10p requeues 0
======================================================================
Timestamp: 2026-04-10 18:31:53
qdisc htb 1: root refcnt 13 r2q 10 default 0x10 direct_packets_stat 0 direct_qlen 1000
 Sent 60403622 bytes 40691 pkt (dropped 3420, overlimits 36987 requeues 0) 
 backlog 4542b 3p requeues 0
qdisc pfifo 20: parent 1:10 limit 12p
 Sent 60403622 bytes 40691 pkt (dropped 3420, overlimits 0 requeues 0) 
 backlog 4542b 3p requeues 0
======================================================================
Timestamp: 2026-04-10 18:31:54
qdisc htb 1: root refcnt 13 r2q 10 default 0x10 direct_packets_stat 0 direct_qlen 1000
 Sent 61281916 bytes 41282 pkt (dropped 3473, overlimits 37573 requeues 0) 
 backlog 16334b 11p requeues 0
qdisc pfifo 20: parent 1:10 limit 12p
 Sent 61281916 bytes 41282 pkt (dropped 3473, overlimits 0 requeues 0) 
 backlog 16334b 11p requeues 0
======================================================================
Timestamp: 2026-04-10 18:31:55
qdisc htb 1: root refcnt 13 r2q 10 default 0x10 direct_packets_stat 0 direct_qlen 1000
 Sent 61822366 bytes 41646 pkt (dropped 3487, overlimits 37926 requeues 0) 
 backlog 0b 0p requeues 0
qdisc pfifo 20: parent 1:10 limit 12p
 Sent 61822366 bytes 41646 pkt (dropped 3487, overlimits 0 requeues 0) 
 backlog 0b 0p requeues 0
======================================================================
Timestamp: 2026-04-10 18:31:56
qdisc htb 1: root refcnt 13 r2q 10 default 0x10 direct_packets_stat 0 direct_qlen 1000
 Sent 62681724 bytes 42225 pkt (dropped 3545, overlimits 38499 requeues 0) 
 backlog 13370b 9p requeues 0
qdisc pfifo 20: parent 1:10 limit 12p
 Sent 62681724 bytes 42225 pkt (dropped 3545, overlimits 0 requeues 0) 
 backlog 13370b 9p requeues 0
======================================================================
Timestamp: 2026-04-10 18:31:57
qdisc htb 1: root refcnt 13 r2q 10 default 0x10 direct_packets_stat 0 direct_qlen 1000
 Sent 63304089 bytes 42644 pkt (dropped 3564, overlimits 38898 requeues 0) 
 backlog 0b 0p requeues 0
qdisc pfifo 20: parent 1:10 limit 12p
 Sent 63304089 bytes 42644 pkt (dropped 3564, overlimits 0 requeues 0) 
 backlog 0b 0p requeues 0
======================================================================
Timestamp: 2026-04-10 18:31:58
qdisc htb 1: root refcnt 13 r2q 10 default 0x10 direct_packets_stat 0 direct_qlen 1000
 Sent 64159585 bytes 43219 pkt (dropped 3612, overlimits 39463 requeues 0) 
 backlog 11856b 8p requeues 0
qdisc pfifo 20: parent 1:10 limit 12p
 Sent 64159585 bytes 43219 pkt (dropped 3612, overlimits 0 requeues 0) 
 backlog 11856b 8p requeues 0
======================================================================
Timestamp: 2026-04-10 18:31:59
qdisc htb 1: root refcnt 13 r2q 10 default 0x10 direct_packets_stat 0 direct_qlen 1000
 Sent 64865735 bytes 43695 pkt (dropped 3644, overlimits 39915 requeues 0) 
 backlog 0b 0p requeues 0
qdisc pfifo 20: parent 1:10 limit 12p
 Sent 64865735 bytes 43695 pkt (dropped 3644, overlimits 0 requeues 0) 
 backlog 0b 0p requeues 0
======================================================================
Timestamp: 2026-04-10 18:32:00
qdisc htb 1: root refcnt 13 r2q 10 default 0x10 direct_packets_stat 0 direct_qlen 1000
 Sent 65701027 bytes 44256 pkt (dropped 3697, overlimits 40459 requeues 0) 
 backlog 16302b 11p requeues 0
qdisc pfifo 20: parent 1:10 limit 12p
 Sent 65701027 bytes 44256 pkt (dropped 3697, overlimits 0 requeues 0) 
 backlog 16302b 11p requeues 0
======================================================================
Timestamp: 2026-04-10 18:32:01
qdisc htb 1: root refcnt 13 r2q 10 default 0x10 direct_packets_stat 0 direct_qlen 1000
 Sent 66306912 bytes 44662 pkt (dropped 3710, overlimits 40820 requeues 0) 
 backlog 1514b 1p requeues 0
qdisc pfifo 20: parent 1:10 limit 12p
 Sent 66306912 bytes 44662 pkt (dropped 3710, overlimits 0 requeues 0) 
 backlog 1514b 1p requeues 0
======================================================================
Timestamp: 2026-04-10 18:32:02
qdisc htb 1: root refcnt 13 r2q 10 default 0x10 direct_packets_stat 0 direct_qlen 1000
 Sent 67098957 bytes 45191 pkt (dropped 3764, overlimits 41306 requeues 0) 
 backlog 6056b 4p requeues 0
qdisc pfifo 20: parent 1:10 limit 12p
 Sent 67098957 bytes 45191 pkt (dropped 3764, overlimits 0 requeues 0) 
 backlog 6056b 4p requeues 0
======================================================================
Timestamp: 2026-04-10 18:32:03
qdisc htb 1: root refcnt 13 r2q 10 default 0x10 direct_packets_stat 0 direct_qlen 1000
 Sent 67977077 bytes 45771 pkt (dropped 3764, overlimits 41886 requeues 0) 
 backlog 13626b 9p requeues 0
qdisc pfifo 20: parent 1:10 limit 12p
 Sent 67977077 bytes 45771 pkt (dropped 3764, overlimits 0 requeues 0) 
 backlog 13626b 9p requeues 0
======================================================================
Timestamp: 2026-04-10 18:32:04
qdisc htb 1: root refcnt 13 r2q 10 default 0x10 direct_packets_stat 0 direct_qlen 1000
 Sent 68781255 bytes 46309 pkt (dropped 3818, overlimits 42403 requeues 0) 
 backlog 3028b 2p requeues 0
qdisc pfifo 20: parent 1:10 limit 12p
 Sent 68781255 bytes 46309 pkt (dropped 3818, overlimits 0 requeues 0) 
 backlog 3028b 2p requeues 0
======================================================================
Timestamp: 2026-04-10 18:32:05
qdisc htb 1: root refcnt 13 r2q 10 default 0x10 direct_packets_stat 0 direct_qlen 1000
 Sent 69610927 bytes 46857 pkt (dropped 3818, overlimits 42943 requeues 0) 
 backlog 13626b 9p requeues 0
qdisc pfifo 20: parent 1:10 limit 12p
 Sent 69610927 bytes 46857 pkt (dropped 3818, overlimits 0 requeues 0) 
 backlog 13626b 9p requeues 0
======================================================================
Timestamp: 2026-04-10 18:32:06
qdisc htb 1: root refcnt 13 r2q 10 default 0x10 direct_packets_stat 0 direct_qlen 1000
 Sent 70490898 bytes 47446 pkt (dropped 3924, overlimits 43525 requeues 0) 
 backlog 16302b 11p requeues 0
qdisc pfifo 20: parent 1:10 limit 12p
 Sent 70490898 bytes 47446 pkt (dropped 3924, overlimits 0 requeues 0) 
 backlog 16302b 11p requeues 0
======================================================================
Timestamp: 2026-04-10 18:32:07
qdisc htb 1: root refcnt 13 r2q 10 default 0x10 direct_packets_stat 0 direct_qlen 1000
 Sent 71175949 bytes 47905 pkt (dropped 3942, overlimits 43939 requeues 0) 
 backlog 7570b 5p requeues 0
qdisc pfifo 20: parent 1:10 limit 12p
 Sent 71175949 bytes 47905 pkt (dropped 3942, overlimits 0 requeues 0) 
 backlog 7570b 5p requeues 0
======================================================================
Timestamp: 2026-04-10 18:32:08
qdisc htb 1: root refcnt 13 r2q 10 default 0x10 direct_packets_stat 0 direct_qlen 1000
 Sent 72060525 bytes 48496 pkt (dropped 4008, overlimits 44521 requeues 0) 
 backlog 17784b 12p requeues 0
qdisc pfifo 20: parent 1:10 limit 12p
 Sent 72060525 bytes 48496 pkt (dropped 4008, overlimits 0 requeues 0) 
 backlog 17784b 12p requeues 0
======================================================================
Timestamp: 2026-04-10 18:32:09
qdisc htb 1: root refcnt 13 r2q 10 default 0x10 direct_packets_stat 0 direct_qlen 1000
 Sent 72721528 bytes 48940 pkt (dropped 4030, overlimits 44935 requeues 0) 
 backlog 6056b 4p requeues 0
qdisc pfifo 20: parent 1:10 limit 12p
 Sent 72721528 bytes 48940 pkt (dropped 4030, overlimits 0 requeues 0) 
 backlog 6056b 4p requeues 0
======================================================================
Timestamp: 2026-04-10 18:32:10
qdisc htb 1: root refcnt 13 r2q 10 default 0x10 direct_packets_stat 0 direct_qlen 1000
 Sent 73589459 bytes 49521 pkt (dropped 4107, overlimits 45502 requeues 0) 
 backlog 8956b 6p requeues 0
qdisc pfifo 20: parent 1:10 limit 12p
 Sent 73589459 bytes 49521 pkt (dropped 4107, overlimits 0 requeues 0) 
 backlog 8956b 6p requeues 0
======================================================================
Timestamp: 2026-04-10 18:32:11
qdisc htb 1: root refcnt 13 r2q 10 default 0x10 direct_packets_stat 0 direct_qlen 1000
 Sent 74313211 bytes 50006 pkt (dropped 4127, overlimits 45941 requeues 0) 
 backlog 0b 0p requeues 0
qdisc pfifo 20: parent 1:10 limit 12p
 Sent 74313211 bytes 50006 pkt (dropped 4127, overlimits 0 requeues 0) 
 backlog 0b 0p requeues 0
======================================================================
Timestamp: 2026-04-10 18:32:12
qdisc htb 1: root refcnt 13 r2q 10 default 0x10 direct_packets_stat 0 direct_qlen 1000
 Sent 75163795 bytes 50573 pkt (dropped 4177, overlimits 46473 requeues 0) 
 backlog 13370b 9p requeues 0
qdisc pfifo 20: parent 1:10 limit 12p
 Sent 75163795 bytes 50573 pkt (dropped 4177, overlimits 0 requeues 0) 
 backlog 13370b 9p requeues 0
======================================================================
Timestamp: 2026-04-10 18:32:13
qdisc htb 1: root refcnt 13 r2q 10 default 0x10 direct_packets_stat 0 direct_qlen 1000
 Sent 75800222 bytes 51002 pkt (dropped 4191, overlimits 46889 requeues 0) 
 backlog 3028b 2p requeues 0
qdisc pfifo 20: parent 1:10 limit 12p
 Sent 75800222 bytes 51002 pkt (dropped 4191, overlimits 0 requeues 0) 
 backlog 3028b 2p requeues 0
======================================================================
Timestamp: 2026-04-10 18:32:14
qdisc htb 1: root refcnt 13 r2q 10 default 0x10 direct_packets_stat 0 direct_qlen 1000
 Sent 76604416 bytes 51538 pkt (dropped 4251, overlimits 47395 requeues 0) 
 backlog 16366b 11p requeues 0
qdisc pfifo 20: parent 1:10 limit 12p
 Sent 76604416 bytes 51538 pkt (dropped 4251, overlimits 0 requeues 0) 
 backlog 16366b 11p requeues 0
======================================================================
Timestamp: 2026-04-10 18:32:15
qdisc htb 1: root refcnt 13 r2q 10 default 0x10 direct_packets_stat 0 direct_qlen 1000
 Sent 77237107 bytes 51966 pkt (dropped 4273, overlimits 47800 requeues 0) 
 backlog 0b 0p requeues 0
qdisc pfifo 20: parent 1:10 limit 12p
 Sent 77237107 bytes 51966 pkt (dropped 4273, overlimits 0 requeues 0) 
 backlog 0b 0p requeues 0
======================================================================
Timestamp: 2026-04-10 18:32:16
qdisc htb 1: root refcnt 13 r2q 10 default 0x10 direct_packets_stat 0 direct_qlen 1000
 Sent 78017423 bytes 52486 pkt (dropped 4332, overlimits 48282 requeues 0) 
 backlog 14852b 10p requeues 0
qdisc pfifo 20: parent 1:10 limit 12p
 Sent 78017423 bytes 52486 pkt (dropped 4332, overlimits 0 requeues 0) 
 backlog 14852b 10p requeues 0
======================================================================
Timestamp: 2026-04-10 18:32:17
qdisc htb 1: root refcnt 13 r2q 10 default 0x10 direct_packets_stat 0 direct_qlen 1000
 Sent 78753198 bytes 52982 pkt (dropped 4370, overlimits 48756 requeues 0) 
 backlog 1514b 1p requeues 0
qdisc pfifo 20: parent 1:10 limit 12p
 Sent 78753198 bytes 52982 pkt (dropped 4370, overlimits 0 requeues 0) 
 backlog 1514b 1p requeues 0
======================================================================
Timestamp: 2026-04-10 18:32:18
qdisc htb 1: root refcnt 13 r2q 10 default 0x10 direct_packets_stat 0 direct_qlen 1000
 Sent 79544631 bytes 53511 pkt (dropped 4421, overlimits 49259 requeues 0) 
 backlog 4446b 3p requeues 0
qdisc pfifo 20: parent 1:10 limit 12p
 Sent 79544631 bytes 53511 pkt (dropped 4421, overlimits 0 requeues 0) 
 backlog 4446b 3p requeues 0
======================================================================
Timestamp: 2026-04-10 18:32:19
qdisc htb 1: root refcnt 13 r2q 10 default 0x10 direct_packets_stat 0 direct_qlen 1000
 Sent 80333960 bytes 54044 pkt (dropped 4458, overlimits 49789 requeues 0) 
 backlog 0b 0p requeues 0
qdisc pfifo 20: parent 1:10 limit 12p
 Sent 80333960 bytes 54044 pkt (dropped 4458, overlimits 0 requeues 0) 
 backlog 0b 0p requeues 0
======================================================================
Timestamp: 2026-04-10 18:32:20
qdisc htb 1: root refcnt 13 r2q 10 default 0x10 direct_packets_stat 0 direct_qlen 1000
 Sent 81021108 bytes 54503 pkt (dropped 4507, overlimits 50208 requeues 0) 
 backlog 5928b 4p requeues 0
qdisc pfifo 20: parent 1:10 limit 12p
 Sent 81021108 bytes 54503 pkt (dropped 4507, overlimits 0 requeues 0) 
 backlog 5928b 4p requeues 0
======================================================================
Timestamp: 2026-04-10 18:32:21
qdisc htb 1: root refcnt 13 r2q 10 default 0x10 direct_packets_stat 0 direct_qlen 1000
 Sent 81900367 bytes 55096 pkt (dropped 4539, overlimits 50801 requeues 0) 
 backlog 14884b 10p requeues 0
qdisc pfifo 20: parent 1:10 limit 12p
 Sent 81900367 bytes 55096 pkt (dropped 4539, overlimits 0 requeues 0) 
 backlog 14884b 10p requeues 0
======================================================================
Timestamp: 2026-04-10 18:32:22
qdisc htb 1: root refcnt 13 r2q 10 default 0x10 direct_packets_stat 0 direct_qlen 1000
 Sent 82553621 bytes 55536 pkt (dropped 4580, overlimits 51192 requeues 0) 
 backlog 13370b 9p requeues 0
qdisc pfifo 20: parent 1:10 limit 12p
 Sent 82553621 bytes 55536 pkt (dropped 4580, overlimits 0 requeues 0) 
 backlog 13370b 9p requeues 0
======================================================================
Timestamp: 2026-04-10 18:32:23
qdisc htb 1: root refcnt 13 r2q 10 default 0x10 direct_packets_stat 0 direct_qlen 1000
 Sent 83229907 bytes 55990 pkt (dropped 4607, overlimits 51613 requeues 0) 
 backlog 0b 0p requeues 0
qdisc pfifo 20: parent 1:10 limit 12p
 Sent 83229907 bytes 55990 pkt (dropped 4607, overlimits 0 requeues 0) 
 backlog 0b 0p requeues 0
======================================================================
Timestamp: 2026-04-10 18:32:24
qdisc htb 1: root refcnt 13 r2q 10 default 0x10 direct_packets_stat 0 direct_qlen 1000
 Sent 84090795 bytes 56563 pkt (dropped 4669, overlimits 52168 requeues 0) 
 backlog 10406b 7p requeues 0
qdisc pfifo 20: parent 1:10 limit 12p
 Sent 84090795 bytes 56563 pkt (dropped 4669, overlimits 0 requeues 0) 
 backlog 10406b 7p requeues 0
======================================================================
Timestamp: 2026-04-10 18:32:25
qdisc htb 1: root refcnt 13 r2q 10 default 0x10 direct_packets_stat 0 direct_qlen 1000
 Sent 84967745 bytes 57154 pkt (dropped 4714, overlimits 52759 requeues 0) 
 backlog 1140b 1p requeues 0
qdisc pfifo 20: parent 1:10 limit 12p
 Sent 84967745 bytes 57154 pkt (dropped 4714, overlimits 0 requeues 0) 
 backlog 1140b 1p requeues 0
======================================================================
Timestamp: 2026-04-10 18:32:26
qdisc htb 1: root refcnt 13 r2q 10 default 0x10 direct_packets_stat 0 direct_qlen 1000
 Sent 85650498 bytes 57609 pkt (dropped 4747, overlimits 53162 requeues 0) 
 backlog 11920b 8p requeues 0
qdisc pfifo 20: parent 1:10 limit 12p
 Sent 85650498 bytes 57609 pkt (dropped 4747, overlimits 0 requeues 0) 
 backlog 11920b 8p requeues 0
======================================================================
Timestamp: 2026-04-10 18:32:27
qdisc htb 1: root refcnt 13 r2q 10 default 0x10 direct_packets_stat 0 direct_qlen 1000
 Sent 86262865 bytes 58021 pkt (dropped 4779, overlimits 53546 requeues 0) 
 backlog 1514b 1p requeues 0
qdisc pfifo 20: parent 1:10 limit 12p
 Sent 86262865 bytes 58021 pkt (dropped 4779, overlimits 0 requeues 0) 
 backlog 1514b 1p requeues 0
======================================================================
Timestamp: 2026-04-10 18:32:28
qdisc htb 1: root refcnt 13 r2q 10 default 0x10 direct_packets_stat 0 direct_qlen 1000
 Sent 87113425 bytes 58586 pkt (dropped 4807, overlimits 54093 requeues 0) 
 backlog 17944b 12p requeues 0
qdisc pfifo 20: parent 1:10 limit 12p
 Sent 87113425 bytes 58586 pkt (dropped 4807, overlimits 0 requeues 0) 
 backlog 17944b 12p requeues 0
======================================================================
Timestamp: 2026-04-10 18:32:29
qdisc htb 1: root refcnt 13 r2q 10 default 0x10 direct_packets_stat 0 direct_qlen 1000
 Sent 87872323 bytes 59094 pkt (dropped 4863, overlimits 54555 requeues 0) 
 backlog 0b 0p requeues 0
qdisc pfifo 20: parent 1:10 limit 12p
 Sent 87872323 bytes 59094 pkt (dropped 4863, overlimits 0 requeues 0) 
 backlog 0b 0p requeues 0
======================================================================
Timestamp: 2026-04-10 18:32:30
qdisc htb 1: root refcnt 13 r2q 10 default 0x10 direct_packets_stat 0 direct_qlen 1000
 Sent 88748143 bytes 59676 pkt (dropped 4863, overlimits 55128 requeues 0) 
 backlog 12112b 8p requeues 0
qdisc pfifo 20: parent 1:10 limit 12p
 Sent 88748143 bytes 59676 pkt (dropped 4863, overlimits 0 requeues 0) 
 backlog 12112b 8p requeues 0
======================================================================
Timestamp: 2026-04-10 18:32:31
qdisc htb 1: root refcnt 13 r2q 10 default 0x10 direct_packets_stat 0 direct_qlen 1000
 Sent 89625979 bytes 60266 pkt (dropped 4965, overlimits 55713 requeues 0) 
 backlog 11888b 8p requeues 0
qdisc pfifo 20: parent 1:10 limit 12p
 Sent 89625979 bytes 60266 pkt (dropped 4965, overlimits 0 requeues 0) 
 backlog 11888b 8p requeues 0
======================================================================
Timestamp: 2026-04-10 18:32:32
qdisc htb 1: root refcnt 13 r2q 10 default 0x10 direct_packets_stat 0 direct_qlen 1000
 Sent 90269930 bytes 60699 pkt (dropped 4968, overlimits 56100 requeues 0) 
 backlog 10598b 7p requeues 0
qdisc pfifo 20: parent 1:10 limit 12p
 Sent 90269930 bytes 60699 pkt (dropped 4968, overlimits 0 requeues 0) 
 backlog 10598b 7p requeues 0
======================================================================
Timestamp: 2026-04-10 18:32:33
qdisc htb 1: root refcnt 13 r2q 10 default 0x10 direct_packets_stat 0 direct_qlen 1000
 Sent 91147766 bytes 61289 pkt (dropped 5053, overlimits 56685 requeues 0) 
 backlog 8892b 6p requeues 0
qdisc pfifo 20: parent 1:10 limit 12p
 Sent 91147766 bytes 61289 pkt (dropped 5053, overlimits 0 requeues 0) 
 backlog 8892b 6p requeues 0
======================================================================
Timestamp: 2026-04-10 18:32:34
qdisc htb 1: root refcnt 13 r2q 10 default 0x10 direct_packets_stat 0 direct_qlen 1000
 Sent 91834662 bytes 61754 pkt (dropped 5073, overlimits 57140 requeues 0) 
 backlog 0b 0p requeues 0
qdisc pfifo 20: parent 1:10 limit 12p
 Sent 91834662 bytes 61754 pkt (dropped 5073, overlimits 0 requeues 0) 
 backlog 0b 0p requeues 0
======================================================================
Timestamp: 2026-04-10 18:32:35
qdisc htb 1: root refcnt 13 r2q 10 default 0x10 direct_packets_stat 0 direct_qlen 1000
 Sent 92648040 bytes 62302 pkt (dropped 5113, overlimits 57677 requeues 0) 
 backlog 10374b 7p requeues 0
qdisc pfifo 20: parent 1:10 limit 12p
 Sent 92648040 bytes 62302 pkt (dropped 5113, overlimits 0 requeues 0) 
 backlog 10374b 7p requeues 0
======================================================================
Timestamp: 2026-04-10 18:32:36
qdisc htb 1: root refcnt 13 r2q 10 default 0x10 direct_packets_stat 0 direct_qlen 1000
 Sent 93337321 bytes 62764 pkt (dropped 5116, overlimits 58090 requeues 0) 
 backlog 6056b 4p requeues 0
qdisc pfifo 20: parent 1:10 limit 12p
 Sent 93337321 bytes 62764 pkt (dropped 5116, overlimits 0 requeues 0) 
 backlog 6056b 4p requeues 0
======================================================================
Timestamp: 2026-04-10 18:32:37
qdisc htb 1: root refcnt 13 r2q 10 default 0x10 direct_packets_stat 0 direct_qlen 1000
 Sent 94034357 bytes 63235 pkt (dropped 5185, overlimits 58547 requeues 0) 
 backlog 1514b 1p requeues 0
qdisc pfifo 20: parent 1:10 limit 12p
 Sent 94034357 bytes 63235 pkt (dropped 5185, overlimits 0 requeues 0) 
 backlog 1514b 1p requeues 0
======================================================================
Timestamp: 2026-04-10 18:32:38
qdisc htb 1: root refcnt 13 r2q 10 default 0x10 direct_packets_stat 0 direct_qlen 1000
 Sent 94738649 bytes 63703 pkt (dropped 5185, overlimits 58994 requeues 0) 
 backlog 12112b 8p requeues 0
qdisc pfifo 20: parent 1:10 limit 12p
 Sent 94738649 bytes 63703 pkt (dropped 5185, overlimits 0 requeues 0) 
 backlog 12112b 8p requeues 0
======================================================================
Timestamp: 2026-04-10 18:32:39
qdisc htb 1: root refcnt 13 r2q 10 default 0x10 direct_packets_stat 0 direct_qlen 1000
 Sent 95618165 bytes 64294 pkt (dropped 5284, overlimits 59577 requeues 0) 
 backlog 11984b 8p requeues 0
qdisc pfifo 20: parent 1:10 limit 12p
 Sent 95618165 bytes 64294 pkt (dropped 5284, overlimits 0 requeues 0) 
 backlog 11984b 8p requeues 0
======================================================================
Timestamp: 2026-04-10 18:32:40
qdisc htb 1: root refcnt 13 r2q 10 default 0x10 direct_packets_stat 0 direct_qlen 1000
 Sent 96252955 bytes 64722 pkt (dropped 5303, overlimits 59960 requeues 0) 
 backlog 6056b 4p requeues 0
qdisc pfifo 20: parent 1:10 limit 12p
 Sent 96252955 bytes 64722 pkt (dropped 5303, overlimits 0 requeues 0) 
 backlog 6056b 4p requeues 0
======================================================================
Timestamp: 2026-04-10 18:32:41
qdisc htb 1: root refcnt 13 r2q 10 default 0x10 direct_packets_stat 0 direct_qlen 1000
 Sent 97101614 bytes 65292 pkt (dropped 5380, overlimits 60512 requeues 0) 
 backlog 0b 0p requeues 0
qdisc pfifo 20: parent 1:10 limit 12p
 Sent 97101614 bytes 65292 pkt (dropped 5380, overlimits 0 requeues 0) 
 backlog 0b 0p requeues 0
======================================================================
Timestamp: 2026-04-10 18:32:42
qdisc htb 1: root refcnt 13 r2q 10 default 0x10 direct_packets_stat 0 direct_qlen 1000
 Sent 97859700 bytes 65796 pkt (dropped 5380, overlimits 60984 requeues 0) 
 backlog 12112b 8p requeues 0
qdisc pfifo 20: parent 1:10 limit 12p
 Sent 97859700 bytes 65796 pkt (dropped 5380, overlimits 0 requeues 0) 
 backlog 12112b 8p requeues 0
======================================================================
Timestamp: 2026-04-10 18:32:43
qdisc htb 1: root refcnt 13 r2q 10 default 0x10 direct_packets_stat 0 direct_qlen 1000
 Sent 98736866 bytes 66383 pkt (dropped 5453, overlimits 61565 requeues 0) 
 backlog 10438b 7p requeues 0
qdisc pfifo 20: parent 1:10 limit 12p
 Sent 98736866 bytes 66383 pkt (dropped 5453, overlimits 0 requeues 0) 
 backlog 10438b 7p requeues 0
======================================================================
Timestamp: 2026-04-10 18:32:44
qdisc htb 1: root refcnt 13 r2q 10 default 0x10 direct_packets_stat 0 direct_qlen 1000
 Sent 99615160 bytes 66974 pkt (dropped 5494, overlimits 62155 requeues 0) 
 backlog 14884b 10p requeues 0
qdisc pfifo 20: parent 1:10 limit 12p
 Sent 99615160 bytes 66974 pkt (dropped 5494, overlimits 0 requeues 0) 
 backlog 14884b 10p requeues 0
======================================================================
Timestamp: 2026-04-10 18:32:45
qdisc htb 1: root refcnt 13 r2q 10 default 0x10 direct_packets_stat 0 direct_qlen 1000
 Sent 100315574 bytes 67447 pkt (dropped 5543, overlimits 62591 requeues 0) 
 backlog 14820b 10p requeues 0
qdisc pfifo 20: parent 1:10 limit 12p
 Sent 100315574 bytes 67447 pkt (dropped 5543, overlimits 0 requeues 0) 
 backlog 14820b 10p requeues 0
======================================================================
Timestamp: 2026-04-10 18:32:46
qdisc htb 1: root refcnt 13 r2q 10 default 0x10 direct_packets_stat 0 direct_qlen 1000
 Sent 101109136 bytes 67983 pkt (dropped 5581, overlimits 63120 requeues 0) 
 backlog 13338b 9p requeues 0
qdisc pfifo 20: parent 1:10 limit 12p
 Sent 101109136 bytes 67983 pkt (dropped 5581, overlimits 0 requeues 0) 
 backlog 13338b 9p requeues 0
======================================================================
Timestamp: 2026-04-10 18:32:47
qdisc htb 1: root refcnt 13 r2q 10 default 0x10 direct_packets_stat 0 direct_qlen 1000
 Sent 101965416 bytes 68561 pkt (dropped 5621, overlimits 63688 requeues 0) 
 backlog 8956b 6p requeues 0
qdisc pfifo 20: parent 1:10 limit 12p
 Sent 101965416 bytes 68561 pkt (dropped 5621, overlimits 0 requeues 0) 
 backlog 8956b 6p requeues 0
======================================================================
Timestamp: 2026-04-10 18:32:48
qdisc htb 1: root refcnt 13 r2q 10 default 0x10 direct_packets_stat 0 direct_qlen 1000
 Sent 102843510 bytes 69152 pkt (dropped 5666, overlimits 64278 requeues 0) 
 backlog 16302b 11p requeues 0
qdisc pfifo 20: parent 1:10 limit 12p
 Sent 102843510 bytes 69152 pkt (dropped 5666, overlimits 0 requeues 0) 
 backlog 16302b 11p requeues 0
======================================================================
Timestamp: 2026-04-10 18:32:49
qdisc htb 1: root refcnt 13 r2q 10 default 0x10 direct_packets_stat 0 direct_qlen 1000
 Sent 103504288 bytes 69597 pkt (dropped 5691, overlimits 64694 requeues 0) 
 backlog 18008b 12p requeues 0
qdisc pfifo 20: parent 1:10 limit 12p
 Sent 103504288 bytes 69597 pkt (dropped 5691, overlimits 0 requeues 0) 
 backlog 18008b 12p requeues 0
======================================================================
Timestamp: 2026-04-10 18:32:50
qdisc htb 1: root refcnt 13 r2q 10 default 0x10 direct_packets_stat 0 direct_qlen 1000
 Sent 104381446 bytes 70188 pkt (dropped 5753, overlimits 65283 requeues 0) 
 backlog 16302b 11p requeues 0
qdisc pfifo 20: parent 1:10 limit 12p
 Sent 104381446 bytes 70188 pkt (dropped 5753, overlimits 0 requeues 0) 
 backlog 16302b 11p requeues 0
======================================================================
Timestamp: 2026-04-10 18:32:51
qdisc htb 1: root refcnt 13 r2q 10 default 0x10 direct_packets_stat 0 direct_qlen 1000
 Sent 105045527 bytes 70634 pkt (dropped 5770, overlimits 65694 requeues 0) 
 backlog 17912b 12p requeues 0
qdisc pfifo 20: parent 1:10 limit 12p
 Sent 105045527 bytes 70634 pkt (dropped 5770, overlimits 0 requeues 0) 
 backlog 17912b 12p requeues 0
======================================================================
Timestamp: 2026-04-10 18:32:52
qdisc htb 1: root refcnt 13 r2q 10 default 0x10 direct_packets_stat 0 direct_qlen 1000
 Sent 105923824 bytes 71226 pkt (dropped 5830, overlimits 66285 requeues 0) 
 backlog 16302b 11p requeues 0
qdisc pfifo 20: parent 1:10 limit 12p
 Sent 105923824 bytes 71226 pkt (dropped 5830, overlimits 0 requeues 0) 
 backlog 16302b 11p requeues 0
======================================================================
Timestamp: 2026-04-10 18:32:53
qdisc htb 1: root refcnt 13 r2q 10 default 0x10 direct_packets_stat 0 direct_qlen 1000
 Sent 106487888 bytes 71613 pkt (dropped 5846, overlimits 66640 requeues 0) 
 backlog 0b 0p requeues 0
qdisc pfifo 20: parent 1:10 limit 12p
 Sent 106487888 bytes 71613 pkt (dropped 5846, overlimits 0 requeues 0) 
 backlog 0b 0p requeues 0
======================================================================
Timestamp: 2026-04-10 18:32:54
qdisc htb 1: root refcnt 13 r2q 10 default 0x10 direct_packets_stat 0 direct_qlen 1000
 Sent 107317808 bytes 72173 pkt (dropped 5847, overlimits 67195 requeues 0) 
 backlog 11856b 8p requeues 0
qdisc pfifo 20: parent 1:10 limit 12p
 Sent 107317808 bytes 72173 pkt (dropped 5847, overlimits 0 requeues 0) 
 backlog 11856b 8p requeues 0
======================================================================
Timestamp: 2026-04-10 18:32:55
qdisc htb 1: root refcnt 13 r2q 10 default 0x10 direct_packets_stat 0 direct_qlen 1000
 Sent 107819908 bytes 72513 pkt (dropped 5848, overlimits 67534 requeues 0) 
 backlog 0b 0p requeues 0
qdisc pfifo 20: parent 1:10 limit 12p
 Sent 107819908 bytes 72513 pkt (dropped 5848, overlimits 0 requeues 0) 
 backlog 0b 0p requeues 0
======================================================================
Timestamp: 2026-04-10 18:32:56
qdisc htb 1: root refcnt 13 r2q 10 default 0x10 direct_packets_stat 0 direct_qlen 1000
 Sent 108630283 bytes 73060 pkt (dropped 5849, overlimits 68077 requeues 0) 
 backlog 10374b 7p requeues 0
qdisc pfifo 20: parent 1:10 limit 12p
 Sent 108630283 bytes 73060 pkt (dropped 5849, overlimits 0 requeues 0) 
 backlog 10374b 7p requeues 0
======================================================================
Timestamp: 2026-04-10 18:32:57
qdisc htb 1: root refcnt 13 r2q 10 default 0x10 direct_packets_stat 0 direct_qlen 1000
 Sent 108934831 bytes 73267 pkt (dropped 5849, overlimits 68284 requeues 0) 
 backlog 0b 0p requeues 0
qdisc pfifo 20: parent 1:10 limit 12p
 Sent 108934831 bytes 73267 pkt (dropped 5849, overlimits 0 requeues 0) 
 backlog 0b 0p requeues 0
======================================================================
Timestamp: 2026-04-10 18:32:58
qdisc htb 1: root refcnt 13 r2q 10 default 0x10 direct_packets_stat 0 direct_qlen 1000
 Sent 109699273 bytes 73783 pkt (dropped 5851, overlimits 68797 requeues 0) 
 backlog 10374b 7p requeues 0
qdisc pfifo 20: parent 1:10 limit 12p
 Sent 109699273 bytes 73783 pkt (dropped 5851, overlimits 0 requeues 0) 
 backlog 10374b 7p requeues 0
======================================================================
Timestamp: 2026-04-10 18:32:59
qdisc htb 1: root refcnt 13 r2q 10 default 0x10 direct_packets_stat 0 direct_qlen 1000
 Sent 110025874 bytes 74004 pkt (dropped 5851, overlimits 69018 requeues 0) 
 backlog 0b 0p requeues 0
qdisc pfifo 20: parent 1:10 limit 12p
 Sent 110025874 bytes 74004 pkt (dropped 5851, overlimits 0 requeues 0) 
 backlog 0b 0p requeues 0
======================================================================
Timestamp: 2026-04-10 18:33:00
qdisc htb 1: root refcnt 13 r2q 10 default 0x10 direct_packets_stat 0 direct_qlen 1000
 Sent 110753308 bytes 74496 pkt (dropped 5854, overlimits 69507 requeues 0) 
 backlog 8892b 6p requeues 0
qdisc pfifo 20: parent 1:10 limit 12p
 Sent 110753308 bytes 74496 pkt (dropped 5854, overlimits 0 requeues 0) 
 backlog 8892b 6p requeues 0
======================================================================
Timestamp: 2026-04-10 18:33:01
qdisc htb 1: root refcnt 13 r2q 10 default 0x10 direct_packets_stat 0 direct_qlen 1000
 Sent 111299280 bytes 74865 pkt (dropped 5854, overlimits 69876 requeues 0) 
 backlog 0b 0p requeues 0
qdisc pfifo 20: parent 1:10 limit 12p
 Sent 111299280 bytes 74865 pkt (dropped 5854, overlimits 0 requeues 0) 
 backlog 0b 0p requeues 0
======================================================================
Timestamp: 2026-04-10 18:33:02
qdisc htb 1: root refcnt 13 r2q 10 default 0x10 direct_packets_stat 0 direct_qlen 1000
 Sent 111970356 bytes 75318 pkt (dropped 5855, overlimits 70326 requeues 0) 
 backlog 3265b 3p requeues 0
qdisc pfifo 20: parent 1:10 limit 12p
 Sent 111970356 bytes 75318 pkt (dropped 5855, overlimits 0 requeues 0) 
 backlog 3265b 3p requeues 0
======================================================================
Timestamp: 2026-04-10 18:33:03
qdisc htb 1: root refcnt 13 r2q 10 default 0x10 direct_packets_stat 0 direct_qlen 1000
 Sent 111973621 bytes 75321 pkt (dropped 5855, overlimits 70329 requeues 0) 
 backlog 0b 0p requeues 0
qdisc pfifo 20: parent 1:10 limit 12p
 Sent 111973621 bytes 75321 pkt (dropped 5855, overlimits 0 requeues 0) 
 backlog 0b 0p requeues 0
======================================================================
Timestamp: 2026-04-10 18:33:04
qdisc htb 1: root refcnt 13 r2q 10 default 0x10 direct_packets_stat 0 direct_qlen 1000
 Sent 112586899 bytes 75735 pkt (dropped 5855, overlimits 70740 requeues 0) 
 backlog 7410b 5p requeues 0
qdisc pfifo 20: parent 1:10 limit 12p
 Sent 112586899 bytes 75735 pkt (dropped 5855, overlimits 0 requeues 0) 
 backlog 7410b 5p requeues 0
======================================================================
Timestamp: 2026-04-10 18:33:05
qdisc htb 1: root refcnt 13 r2q 10 default 0x10 direct_packets_stat 0 direct_qlen 1000
 Sent 112967999 bytes 75994 pkt (dropped 5855, overlimits 70998 requeues 0) 
 backlog 0b 0p requeues 0
qdisc pfifo 20: parent 1:10 limit 12p
 Sent 112967999 bytes 75994 pkt (dropped 5855, overlimits 0 requeues 0) 
 backlog 0b 0p requeues 0
======================================================================
Timestamp: 2026-04-10 18:33:06
qdisc htb 1: root refcnt 13 r2q 10 default 0x10 direct_packets_stat 0 direct_qlen 1000
 Sent 113412329 bytes 76294 pkt (dropped 5859, overlimits 71286 requeues 0) 
 backlog 13338b 9p requeues 0
qdisc pfifo 20: parent 1:10 limit 12p
 Sent 113412329 bytes 76294 pkt (dropped 5859, overlimits 0 requeues 0) 
 backlog 13338b 9p requeues 0
======================================================================
Timestamp: 2026-04-10 18:33:07
qdisc htb 1: root refcnt 13 r2q 10 default 0x10 direct_packets_stat 0 direct_qlen 1000
 Sent 113763179 bytes 76532 pkt (dropped 5859, overlimits 71524 requeues 0) 
 backlog 0b 0p requeues 0
qdisc pfifo 20: parent 1:10 limit 12p
 Sent 113763179 bytes 76532 pkt (dropped 5859, overlimits 0 requeues 0) 
 backlog 0b 0p requeues 0
======================================================================
Timestamp: 2026-04-10 18:33:08
qdisc htb 1: root refcnt 13 r2q 10 default 0x10 direct_packets_stat 0 direct_qlen 1000
 Sent 114291983 bytes 76889 pkt (dropped 5861, overlimits 71878 requeues 0) 
 backlog 10374b 7p requeues 0
qdisc pfifo 20: parent 1:10 limit 12p
 Sent 114291983 bytes 76889 pkt (dropped 5861, overlimits 0 requeues 0) 
 backlog 10374b 7p requeues 0
======================================================================
Timestamp: 2026-04-10 18:33:09
qdisc htb 1: root refcnt 13 r2q 10 default 0x10 direct_packets_stat 0 direct_qlen 1000
 Sent 114597635 bytes 77097 pkt (dropped 5861, overlimits 72085 requeues 0) 
 backlog 0b 0p requeues 0
qdisc pfifo 20: parent 1:10 limit 12p
 Sent 114597635 bytes 77097 pkt (dropped 5861, overlimits 0 requeues 0) 
 backlog 0b 0p requeues 0
======================================================================
Timestamp: 2026-04-10 18:33:10
qdisc htb 1: root refcnt 13 r2q 10 default 0x10 direct_packets_stat 0 direct_qlen 1000
 Sent 115061231 bytes 77410 pkt (dropped 5861, overlimits 72392 requeues 0) 
 backlog 8892b 6p requeues 0
qdisc pfifo 20: parent 1:10 limit 12p
 Sent 115061231 bytes 77410 pkt (dropped 5861, overlimits 0 requeues 0) 
 backlog 8892b 6p requeues 0
======================================================================
Timestamp: 2026-04-10 18:33:11
qdisc htb 1: root refcnt 13 r2q 10 default 0x10 direct_packets_stat 0 direct_qlen 1000
 Sent 115509727 bytes 77714 pkt (dropped 5861, overlimits 72695 requeues 0) 
 backlog 0b 0p requeues 0
qdisc pfifo 20: parent 1:10 limit 12p
 Sent 115509727 bytes 77714 pkt (dropped 5861, overlimits 0 requeues 0) 
 backlog 0b 0p requeues 0
======================================================================
Timestamp: 2026-04-10 18:33:12
qdisc htb 1: root refcnt 13 r2q 10 default 0x10 direct_packets_stat 0 direct_qlen 1000
 Sent 115924417 bytes 77994 pkt (dropped 5861, overlimits 72969 requeues 0) 
 backlog 8892b 6p requeues 0
qdisc pfifo 20: parent 1:10 limit 12p
 Sent 115924417 bytes 77994 pkt (dropped 5861, overlimits 0 requeues 0) 
 backlog 8892b 6p requeues 0
======================================================================
Timestamp: 2026-04-10 18:33:13
qdisc htb 1: root refcnt 13 r2q 10 default 0x10 direct_packets_stat 0 direct_qlen 1000
 Sent 116354118 bytes 78285 pkt (dropped 5863, overlimits 73260 requeues 0) 
 backlog 0b 0p requeues 0
qdisc pfifo 20: parent 1:10 limit 12p
 Sent 116354118 bytes 78285 pkt (dropped 5863, overlimits 0 requeues 0) 
 backlog 0b 0p requeues 0
======================================================================
Timestamp: 2026-04-10 18:33:14
qdisc htb 1: root refcnt 13 r2q 10 default 0x10 direct_packets_stat 0 direct_qlen 1000
 Sent 116751024 bytes 78553 pkt (dropped 5864, overlimits 73525 requeues 0) 
 backlog 5928b 4p requeues 0
qdisc pfifo 20: parent 1:10 limit 12p
 Sent 116751024 bytes 78553 pkt (dropped 5864, overlimits 0 requeues 0) 
 backlog 5928b 4p requeues 0
======================================================================
Timestamp: 2026-04-10 18:33:15
qdisc htb 1: root refcnt 13 r2q 10 default 0x10 direct_packets_stat 0 direct_qlen 1000
 Sent 117268611 bytes 78905 pkt (dropped 5864, overlimits 73876 requeues 0) 
 backlog 0b 0p requeues 0
qdisc pfifo 20: parent 1:10 limit 12p
 Sent 117268611 bytes 78905 pkt (dropped 5864, overlimits 0 requeues 0) 
 backlog 0b 0p requeues 0
======================================================================
Timestamp: 2026-04-10 18:33:16
qdisc htb 1: root refcnt 13 r2q 10 default 0x10 direct_packets_stat 0 direct_qlen 1000
 Sent 117582525 bytes 79117 pkt (dropped 5866, overlimits 74082 requeues 0) 
 backlog 7410b 5p requeues 0
qdisc pfifo 20: parent 1:10 limit 12p
 Sent 117582525 bytes 79117 pkt (dropped 5866, overlimits 0 requeues 0) 
 backlog 7410b 5p requeues 0
======================================================================
Timestamp: 2026-04-10 18:33:17
qdisc htb 1: root refcnt 13 r2q 10 default 0x10 direct_packets_stat 0 direct_qlen 1000
 Sent 117959795 bytes 79373 pkt (dropped 5866, overlimits 74336 requeues 0) 
 backlog 0b 0p requeues 0
qdisc pfifo 20: parent 1:10 limit 12p
 Sent 117959795 bytes 79373 pkt (dropped 5866, overlimits 0 requeues 0) 
 backlog 0b 0p requeues 0
======================================================================
Timestamp: 2026-04-10 18:33:18
qdisc htb 1: root refcnt 13 r2q 10 default 0x10 direct_packets_stat 0 direct_qlen 1000
 Sent 118239623 bytes 79562 pkt (dropped 5867, overlimits 74519 requeues 0) 
 backlog 16302b 11p requeues 0
qdisc pfifo 20: parent 1:10 limit 12p
 Sent 118239623 bytes 79562 pkt (dropped 5867, overlimits 0 requeues 0) 
 backlog 16302b 11p requeues 0
======================================================================
Timestamp: 2026-04-10 18:33:19
qdisc htb 1: root refcnt 13 r2q 10 default 0x10 direct_packets_stat 0 direct_qlen 1000
 Sent 118741173 bytes 79901 pkt (dropped 5868, overlimits 74858 requeues 0) 
 backlog 0b 0p requeues 0
qdisc pfifo 20: parent 1:10 limit 12p
 Sent 118741173 bytes 79901 pkt (dropped 5868, overlimits 0 requeues 0) 
 backlog 0b 0p requeues 0
======================================================================
Timestamp: 2026-04-10 18:33:20
qdisc htb 1: root refcnt 13 r2q 10 default 0x10 direct_packets_stat 0 direct_qlen 1000
 Sent 119019519 bytes 80089 pkt (dropped 5868, overlimits 75042 requeues 0) 
 backlog 14820b 10p requeues 0
qdisc pfifo 20: parent 1:10 limit 12p
 Sent 119019519 bytes 80089 pkt (dropped 5868, overlimits 0 requeues 0) 
 backlog 14820b 10p requeues 0
======================================================================
Timestamp: 2026-04-10 18:33:21
qdisc htb 1: root refcnt 13 r2q 10 default 0x10 direct_packets_stat 0 direct_qlen 1000
 Sent 119602559 bytes 80483 pkt (dropped 5868, overlimits 75436 requeues 0) 
 backlog 0b 0p requeues 0
qdisc pfifo 20: parent 1:10 limit 12p
 Sent 119602559 bytes 80483 pkt (dropped 5868, overlimits 0 requeues 0) 
 backlog 0b 0p requeues 0
======================================================================
Timestamp: 2026-04-10 18:33:22
qdisc htb 1: root refcnt 13 r2q 10 default 0x10 direct_packets_stat 0 direct_qlen 1000
 Sent 119737277 bytes 80575 pkt (dropped 5868, overlimits 75523 requeues 0) 
 backlog 8892b 6p requeues 0
qdisc pfifo 20: parent 1:10 limit 12p
 Sent 119737277 bytes 80575 pkt (dropped 5868, overlimits 0 requeues 0) 
 backlog 8892b 6p requeues 0
======================================================================
Timestamp: 2026-04-10 18:33:23
qdisc htb 1: root refcnt 13 r2q 10 default 0x10 direct_packets_stat 0 direct_qlen 1000
 Sent 120425285 bytes 81041 pkt (dropped 5869, overlimits 75987 requeues 0) 
 backlog 0b 0p requeues 0
qdisc pfifo 20: parent 1:10 limit 12p
 Sent 120425285 bytes 81041 pkt (dropped 5869, overlimits 0 requeues 0) 
 backlog 0b 0p requeues 0
======================================================================
Timestamp: 2026-04-10 18:33:24
qdisc htb 1: root refcnt 13 r2q 10 default 0x10 direct_packets_stat 0 direct_qlen 1000
 Sent 120534005 bytes 81115 pkt (dropped 5869, overlimits 76055 requeues 0) 
 backlog 11856b 8p requeues 0
qdisc pfifo 20: parent 1:10 limit 12p
 Sent 120534005 bytes 81115 pkt (dropped 5869, overlimits 0 requeues 0) 
 backlog 11856b 8p requeues 0
======================================================================
Timestamp: 2026-04-10 18:33:25
qdisc htb 1: root refcnt 13 r2q 10 default 0x10 direct_packets_stat 0 direct_qlen 1000
 Sent 120911048 bytes 81371 pkt (dropped 5869, overlimits 76309 requeues 0) 
 backlog 0b 0p requeues 0
qdisc pfifo 20: parent 1:10 limit 12p
 Sent 120911048 bytes 81371 pkt (dropped 5869, overlimits 0 requeues 0) 
 backlog 0b 0p requeues 0
======================================================================
Timestamp: 2026-04-10 18:33:26
qdisc htb 1: root refcnt 13 r2q 10 default 0x10 direct_packets_stat 0 direct_qlen 1000
 Sent 120937706 bytes 81391 pkt (dropped 5869, overlimits 76322 requeues 0) 
 backlog 7410b 5p requeues 0
qdisc pfifo 20: parent 1:10 limit 12p
 Sent 120937706 bytes 81391 pkt (dropped 5869, overlimits 0 requeues 0) 
 backlog 7410b 5p requeues 0
======================================================================
Timestamp: 2026-04-10 18:33:27
qdisc htb 1: root refcnt 13 r2q 10 default 0x10 direct_packets_stat 0 direct_qlen 1000
 Sent 121816532 bytes 81984 pkt (dropped 5871, overlimits 76915 requeues 0) 
 backlog 3101b 3p requeues 0
qdisc pfifo 20: parent 1:10 limit 12p
 Sent 121816532 bytes 81984 pkt (dropped 5871, overlimits 0 requeues 0) 
 backlog 3101b 3p requeues 0
======================================================================
Timestamp: 2026-04-10 18:33:28
qdisc htb 1: root refcnt 13 r2q 10 default 0x10 direct_packets_stat 0 direct_qlen 1000
 Sent 121824755 bytes 81992 pkt (dropped 5871, overlimits 76919 requeues 0) 
 backlog 0b 0p requeues 0
qdisc pfifo 20: parent 1:10 limit 12p
 Sent 121824755 bytes 81992 pkt (dropped 5871, overlimits 0 requeues 0) 
 backlog 0b 0p requeues 0
======================================================================
Timestamp: 2026-04-10 18:33:29
qdisc htb 1: root refcnt 13 r2q 10 default 0x10 direct_packets_stat 0 direct_qlen 1000
 Sent 122339295 bytes 82341 pkt (dropped 5873, overlimits 77265 requeues 0) 
 backlog 0b 0p requeues 0
qdisc pfifo 20: parent 1:10 limit 12p
 Sent 122339295 bytes 82341 pkt (dropped 5873, overlimits 0 requeues 0) 
 backlog 0b 0p requeues 0
======================================================================
Timestamp: 2026-04-10 18:33:30
qdisc htb 1: root refcnt 13 r2q 10 default 0x10 direct_packets_stat 0 direct_qlen 1000
 Sent 122343609 bytes 82345 pkt (dropped 5873, overlimits 77266 requeues 0) 
 backlog 0b 0p requeues 0
qdisc pfifo 20: parent 1:10 limit 12p
 Sent 122343609 bytes 82345 pkt (dropped 5873, overlimits 0 requeues 0) 
 backlog 0b 0p requeues 0
======================================================================
Timestamp: 2026-04-10 18:33:31
qdisc htb 1: root refcnt 13 r2q 10 default 0x10 direct_packets_stat 0 direct_qlen 1000
 Sent 122657219 bytes 82559 pkt (dropped 5876, overlimits 77475 requeues 0) 
 backlog 0b 0p requeues 0
qdisc pfifo 20: parent 1:10 limit 12p
 Sent 122657219 bytes 82559 pkt (dropped 5876, overlimits 0 requeues 0) 
 backlog 0b 0p requeues 0
======================================================================
Timestamp: 2026-04-10 18:33:32
qdisc htb 1: root refcnt 13 r2q 10 default 0x10 direct_packets_stat 0 direct_qlen 1000
 Sent 122660451 bytes 82563 pkt (dropped 5876, overlimits 77475 requeues 0) 
 backlog 0b 0p requeues 0
qdisc pfifo 20: parent 1:10 limit 12p
 Sent 122660451 bytes 82563 pkt (dropped 5876, overlimits 0 requeues 0) 
 backlog 0b 0p requeues 0
======================================================================
Timestamp: 2026-04-10 18:33:33
qdisc htb 1: root refcnt 13 r2q 10 default 0x10 direct_packets_stat 0 direct_qlen 1000
 Sent 123095886 bytes 82860 pkt (dropped 5878, overlimits 77765 requeues 0) 
 backlog 0b 0p requeues 0
qdisc pfifo 20: parent 1:10 limit 12p
 Sent 123095886 bytes 82860 pkt (dropped 5878, overlimits 0 requeues 0) 
 backlog 0b 0p requeues 0
======================================================================
Timestamp: 2026-04-10 18:33:34
qdisc htb 1: root refcnt 13 r2q 10 default 0x10 direct_packets_stat 0 direct_qlen 1000
 Sent 123104063 bytes 82871 pkt (dropped 5878, overlimits 77765 requeues 0) 
 backlog 0b 0p requeues 0
qdisc pfifo 20: parent 1:10 limit 12p
 Sent 123104063 bytes 82871 pkt (dropped 5878, overlimits 0 requeues 0) 
 backlog 0b 0p requeues 0
======================================================================
Timestamp: 2026-04-10 18:33:35
qdisc htb 1: root refcnt 13 r2q 10 default 0x10 direct_packets_stat 0 direct_qlen 1000
 Sent 123788615 bytes 83334 pkt (dropped 5878, overlimits 78223 requeues 0) 
 backlog 10374b 7p requeues 0
qdisc pfifo 20: parent 1:10 limit 12p
 Sent 123788615 bytes 83334 pkt (dropped 5878, overlimits 0 requeues 0) 
 backlog 10374b 7p requeues 0
======================================================================
Timestamp: 2026-04-10 18:33:36
qdisc htb 1: root refcnt 13 r2q 10 default 0x10 direct_packets_stat 0 direct_qlen 1000
 Sent 124594324 bytes 83880 pkt (dropped 5879, overlimits 78764 requeues 0) 
 backlog 13338b 9p requeues 0
qdisc pfifo 20: parent 1:10 limit 12p
 Sent 124594324 bytes 83880 pkt (dropped 5879, overlimits 0 requeues 0) 
 backlog 13338b 9p requeues 0
======================================================================
Timestamp: 2026-04-10 18:33:38
qdisc htb 1: root refcnt 13 r2q 10 default 0x10 direct_packets_stat 0 direct_qlen 1000
 Sent 125353521 bytes 84394 pkt (dropped 5881, overlimits 79274 requeues 0) 
 backlog 17784b 12p requeues 0
qdisc pfifo 20: parent 1:10 limit 12p
 Sent 125353521 bytes 84394 pkt (dropped 5881, overlimits 0 requeues 0) 
 backlog 17784b 12p requeues 0
======================================================================
Timestamp: 2026-04-10 18:33:39
qdisc htb 1: root refcnt 13 r2q 10 default 0x10 direct_packets_stat 0 direct_qlen 1000
 Sent 125828346 bytes 84715 pkt (dropped 5883, overlimits 79595 requeues 0) 
 backlog 0b 0p requeues 0
qdisc pfifo 20: parent 1:10 limit 12p
 Sent 125828346 bytes 84715 pkt (dropped 5883, overlimits 0 requeues 0) 
 backlog 0b 0p requeues 0
======================================================================
Timestamp: 2026-04-10 18:33:40
qdisc htb 1: root refcnt 13 r2q 10 default 0x10 direct_packets_stat 0 direct_qlen 1000
 Sent 126210436 bytes 84973 pkt (dropped 5883, overlimits 79850 requeues 0) 
 backlog 13338b 9p requeues 0
qdisc pfifo 20: parent 1:10 limit 12p
 Sent 126210436 bytes 84973 pkt (dropped 5883, overlimits 0 requeues 0) 
 backlog 13338b 9p requeues 0
======================================================================
Timestamp: 2026-04-10 18:33:41
qdisc htb 1: root refcnt 13 r2q 10 default 0x10 direct_packets_stat 0 direct_qlen 1000
 Sent 126839870 bytes 85399 pkt (dropped 5884, overlimits 80275 requeues 0) 
 backlog 0b 0p requeues 0
qdisc pfifo 20: parent 1:10 limit 12p
 Sent 126839870 bytes 85399 pkt (dropped 5884, overlimits 0 requeues 0) 
 backlog 0b 0p requeues 0
======================================================================
Timestamp: 2026-04-10 18:33:42
qdisc htb 1: root refcnt 13 r2q 10 default 0x10 direct_packets_stat 0 direct_qlen 1000
 Sent 127055976 bytes 85545 pkt (dropped 5884, overlimits 80410 requeues 0) 
 backlog 8892b 6p requeues 0
qdisc pfifo 20: parent 1:10 limit 12p
 Sent 127055976 bytes 85545 pkt (dropped 5884, overlimits 0 requeues 0) 
 backlog 8892b 6p requeues 0
