Starting TC Qdisc Monitoring for s1-eth2
Timestamp, Qdisc Stats
======================================================================
Timestamp: 2026-04-27 19:05:37
qdisc htb 1: root refcnt 13 r2q 10 default 0x10 direct_packets_stat 0 direct_qlen 1000
 Sent 3587 bytes 29 pkt (dropped 0, overlimits 0 requeues 0) 
 backlog 0b 0p requeues 0
qdisc pfifo 20: parent 1:10 limit 12p
 Sent 3587 bytes 29 pkt (dropped 0, overlimits 0 requeues 0) 
 backlog 0b 0p requeues 0
======================================================================
Timestamp: 2026-04-27 19:05:38
qdisc htb 1: root refcnt 13 r2q 10 default 0x10 direct_packets_stat 0 direct_qlen 1000
 Sent 6850 bytes 35 pkt (dropped 0, overlimits 1 requeues 0) 
 backlog 0b 0p requeues 0
qdisc pfifo 20: parent 1:10 limit 12p
 Sent 6850 bytes 35 pkt (dropped 0, overlimits 0 requeues 0) 
 backlog 0b 0p requeues 0
======================================================================
Timestamp: 2026-04-27 19:05:39
qdisc htb 1: root refcnt 13 r2q 10 default 0x10 direct_packets_stat 0 direct_qlen 1000
 Sent 435572 bytes 322 pkt (dropped 0, overlimits 281 requeues 0) 
 backlog 6056b 4p requeues 0
qdisc pfifo 20: parent 1:10 limit 12p
 Sent 435572 bytes 322 pkt (dropped 0, overlimits 0 requeues 0) 
 backlog 6056b 4p requeues 0
======================================================================
Timestamp: 2026-04-27 19:05:40
qdisc htb 1: root refcnt 13 r2q 10 default 0x10 direct_packets_stat 0 direct_qlen 1000
 Sent 985608 bytes 686 pkt (dropped 0, overlimits 645 requeues 0) 
 backlog 0b 0p requeues 0
qdisc pfifo 20: parent 1:10 limit 12p
 Sent 985608 bytes 686 pkt (dropped 0, overlimits 0 requeues 0) 
 backlog 0b 0p requeues 0
======================================================================
Timestamp: 2026-04-27 19:05:41
qdisc htb 1: root refcnt 13 r2q 10 default 0x10 direct_packets_stat 0 direct_qlen 1000
 Sent 1445851 bytes 990 pkt (dropped 0, overlimits 947 requeues 0) 
 backlog 6056b 4p requeues 0
qdisc pfifo 20: parent 1:10 limit 12p
 Sent 1445851 bytes 990 pkt (dropped 0, overlimits 0 requeues 0) 
 backlog 6056b 4p requeues 0
======================================================================
Timestamp: 2026-04-27 19:05:42
qdisc htb 1: root refcnt 13 r2q 10 default 0x10 direct_packets_stat 0 direct_qlen 1000
 Sent 1988715 bytes 1349 pkt (dropped 0, overlimits 1306 requeues 0) 
 backlog 0b 0p requeues 0
qdisc pfifo 20: parent 1:10 limit 12p
 Sent 1988715 bytes 1349 pkt (dropped 0, overlimits 0 requeues 0) 
 backlog 0b 0p requeues 0
======================================================================
Timestamp: 2026-04-27 19:05:43
qdisc htb 1: root refcnt 13 r2q 10 default 0x10 direct_packets_stat 0 direct_qlen 1000
 Sent 2438430 bytes 1647 pkt (dropped 0, overlimits 1601 requeues 0) 
 backlog 7570b 5p requeues 0
qdisc pfifo 20: parent 1:10 limit 12p
 Sent 2438430 bytes 1647 pkt (dropped 0, overlimits 0 requeues 0) 
 backlog 7570b 5p requeues 0
======================================================================
Timestamp: 2026-04-27 19:05:44
qdisc htb 1: root refcnt 13 r2q 10 default 0x10 direct_packets_stat 0 direct_qlen 1000
 Sent 3264590 bytes 2194 pkt (dropped 0, overlimits 2148 requeues 0) 
 backlog 0b 0p requeues 0
qdisc pfifo 20: parent 1:10 limit 12p
 Sent 3264590 bytes 2194 pkt (dropped 0, overlimits 0 requeues 0) 
 backlog 0b 0p requeues 0
======================================================================
Timestamp: 2026-04-27 19:05:45
qdisc htb 1: root refcnt 13 r2q 10 default 0x10 direct_packets_stat 0 direct_qlen 1000
 Sent 3697581 bytes 2480 pkt (dropped 0, overlimits 2432 requeues 0) 
 backlog 6056b 4p requeues 0
qdisc pfifo 20: parent 1:10 limit 12p
 Sent 3697581 bytes 2480 pkt (dropped 0, overlimits 0 requeues 0) 
 backlog 6056b 4p requeues 0
======================================================================
Timestamp: 2026-04-27 19:05:46
qdisc htb 1: root refcnt 13 r2q 10 default 0x10 direct_packets_stat 0 direct_qlen 1000
 Sent 4106901 bytes 2752 pkt (dropped 0, overlimits 2704 requeues 0) 
 backlog 0b 0p requeues 0
qdisc pfifo 20: parent 1:10 limit 12p
 Sent 4106901 bytes 2752 pkt (dropped 0, overlimits 0 requeues 0) 
 backlog 0b 0p requeues 0
======================================================================
Timestamp: 2026-04-27 19:05:47
qdisc htb 1: root refcnt 13 r2q 10 default 0x10 direct_packets_stat 0 direct_qlen 1000
 Sent 4518899 bytes 3025 pkt (dropped 0, overlimits 2975 requeues 0) 
 backlog 6056b 4p requeues 0
qdisc pfifo 20: parent 1:10 limit 12p
 Sent 4518899 bytes 3025 pkt (dropped 0, overlimits 0 requeues 0) 
 backlog 6056b 4p requeues 0
======================================================================
Timestamp: 2026-04-27 19:05:48
qdisc htb 1: root refcnt 13 r2q 10 default 0x10 direct_packets_stat 0 direct_qlen 1000
 Sent 5203751 bytes 3478 pkt (dropped 0, overlimits 3428 requeues 0) 
 backlog 0b 0p requeues 0
qdisc pfifo 20: parent 1:10 limit 12p
 Sent 5203751 bytes 3478 pkt (dropped 0, overlimits 0 requeues 0) 
 backlog 0b 0p requeues 0
======================================================================
Timestamp: 2026-04-27 19:05:49
qdisc htb 1: root refcnt 13 r2q 10 default 0x10 direct_packets_stat 0 direct_qlen 1000
 Sent 5615546 bytes 3750 pkt (dropped 0, overlimits 3698 requeues 0) 
 backlog 6056b 4p requeues 0
qdisc pfifo 20: parent 1:10 limit 12p
 Sent 5615546 bytes 3750 pkt (dropped 0, overlimits 0 requeues 0) 
 backlog 6056b 4p requeues 0
======================================================================
Timestamp: 2026-04-27 19:05:50
qdisc htb 1: root refcnt 13 r2q 10 default 0x10 direct_packets_stat 0 direct_qlen 1000
 Sent 6171387 bytes 4118 pkt (dropped 0, overlimits 4066 requeues 0) 
 backlog 0b 0p requeues 0
qdisc pfifo 20: parent 1:10 limit 12p
 Sent 6171387 bytes 4118 pkt (dropped 0, overlimits 0 requeues 0) 
 backlog 0b 0p requeues 0
======================================================================
Timestamp: 2026-04-27 19:05:51
qdisc htb 1: root refcnt 13 r2q 10 default 0x10 direct_packets_stat 0 direct_qlen 1000
 Sent 6571070 bytes 4382 pkt (dropped 0, overlimits 4328 requeues 0) 
 backlog 6056b 4p requeues 0
qdisc pfifo 20: parent 1:10 limit 12p
 Sent 6571070 bytes 4382 pkt (dropped 0, overlimits 0 requeues 0) 
 backlog 6056b 4p requeues 0
======================================================================
Timestamp: 2026-04-27 19:05:52
qdisc htb 1: root refcnt 13 r2q 10 default 0x10 direct_packets_stat 0 direct_qlen 1000
 Sent 7321184 bytes 4878 pkt (dropped 0, overlimits 4824 requeues 0) 
 backlog 0b 0p requeues 0
qdisc pfifo 20: parent 1:10 limit 12p
 Sent 7321184 bytes 4878 pkt (dropped 0, overlimits 0 requeues 0) 
 backlog 0b 0p requeues 0
======================================================================
Timestamp: 2026-04-27 19:05:53
qdisc htb 1: root refcnt 13 r2q 10 default 0x10 direct_packets_stat 0 direct_qlen 1000
 Sent 7707241 bytes 5133 pkt (dropped 0, overlimits 5077 requeues 0) 
 backlog 7570b 5p requeues 0
qdisc pfifo 20: parent 1:10 limit 12p
 Sent 7707241 bytes 5133 pkt (dropped 0, overlimits 0 requeues 0) 
 backlog 7570b 5p requeues 0
======================================================================
Timestamp: 2026-04-27 19:05:54
qdisc htb 1: root refcnt 13 r2q 10 default 0x10 direct_packets_stat 0 direct_qlen 1000
 Sent 8513395 bytes 5666 pkt (dropped 0, overlimits 5610 requeues 0) 
 backlog 0b 0p requeues 0
qdisc pfifo 20: parent 1:10 limit 12p
 Sent 8513395 bytes 5666 pkt (dropped 0, overlimits 0 requeues 0) 
 backlog 0b 0p requeues 0
======================================================================
Timestamp: 2026-04-27 19:05:55
qdisc htb 1: root refcnt 13 r2q 10 default 0x10 direct_packets_stat 0 direct_qlen 1000
 Sent 8897938 bytes 5920 pkt (dropped 0, overlimits 5862 requeues 0) 
 backlog 6056b 4p requeues 0
qdisc pfifo 20: parent 1:10 limit 12p
 Sent 8897938 bytes 5920 pkt (dropped 0, overlimits 0 requeues 0) 
 backlog 6056b 4p requeues 0
======================================================================
Timestamp: 2026-04-27 19:05:56
qdisc htb 1: root refcnt 13 r2q 10 default 0x10 direct_packets_stat 0 direct_qlen 1000
 Sent 9717471 bytes 6462 pkt (dropped 0, overlimits 6404 requeues 0) 
 backlog 0b 0p requeues 0
qdisc pfifo 20: parent 1:10 limit 12p
 Sent 9717471 bytes 6462 pkt (dropped 0, overlimits 0 requeues 0) 
 backlog 0b 0p requeues 0
======================================================================
Timestamp: 2026-04-27 19:05:57
qdisc htb 1: root refcnt 13 r2q 10 default 0x10 direct_packets_stat 0 direct_qlen 1000
 Sent 10088458 bytes 6708 pkt (dropped 0, overlimits 6647 requeues 0) 
 backlog 7570b 5p requeues 0
qdisc pfifo 20: parent 1:10 limit 12p
 Sent 10088458 bytes 6708 pkt (dropped 0, overlimits 0 requeues 0) 
 backlog 7570b 5p requeues 0
======================================================================
Timestamp: 2026-04-27 19:05:58
qdisc htb 1: root refcnt 13 r2q 10 default 0x10 direct_packets_stat 0 direct_qlen 1000
 Sent 10910203 bytes 7251 pkt (dropped 0, overlimits 7190 requeues 0) 
 backlog 0b 0p requeues 0
qdisc pfifo 20: parent 1:10 limit 12p
 Sent 10910203 bytes 7251 pkt (dropped 0, overlimits 0 requeues 0) 
 backlog 0b 0p requeues 0
======================================================================
Timestamp: 2026-04-27 19:05:59
qdisc htb 1: root refcnt 13 r2q 10 default 0x10 direct_packets_stat 0 direct_qlen 1000
 Sent 11270522 bytes 7489 pkt (dropped 0, overlimits 7426 requeues 0) 
 backlog 6056b 4p requeues 0
qdisc pfifo 20: parent 1:10 limit 12p
 Sent 11270522 bytes 7489 pkt (dropped 0, overlimits 0 requeues 0) 
 backlog 6056b 4p requeues 0
======================================================================
Timestamp: 2026-04-27 19:06:00
qdisc htb 1: root refcnt 13 r2q 10 default 0x10 direct_packets_stat 0 direct_qlen 1000
 Sent 12142697 bytes 8066 pkt (dropped 0, overlimits 8003 requeues 0) 
 backlog 0b 0p requeues 0
qdisc pfifo 20: parent 1:10 limit 12p
 Sent 12142697 bytes 8066 pkt (dropped 0, overlimits 0 requeues 0) 
 backlog 0b 0p requeues 0
======================================================================
Timestamp: 2026-04-27 19:06:01
qdisc htb 1: root refcnt 13 r2q 10 default 0x10 direct_packets_stat 0 direct_qlen 1000
 Sent 12493932 bytes 8298 pkt (dropped 0, overlimits 8233 requeues 0) 
 backlog 6056b 4p requeues 0
qdisc pfifo 20: parent 1:10 limit 12p
 Sent 12493932 bytes 8298 pkt (dropped 0, overlimits 0 requeues 0) 
 backlog 6056b 4p requeues 0
======================================================================
Timestamp: 2026-04-27 19:06:02
qdisc htb 1: root refcnt 13 r2q 10 default 0x10 direct_packets_stat 0 direct_qlen 1000
 Sent 13285278 bytes 8821 pkt (dropped 0, overlimits 8756 requeues 0) 
 backlog 0b 0p requeues 0
qdisc pfifo 20: parent 1:10 limit 12p
 Sent 13285278 bytes 8821 pkt (dropped 0, overlimits 0 requeues 0) 
 backlog 0b 0p requeues 0
======================================================================
Timestamp: 2026-04-27 19:06:03
qdisc htb 1: root refcnt 13 r2q 10 default 0x10 direct_packets_stat 0 direct_qlen 1000
 Sent 13610590 bytes 9038 pkt (dropped 0, overlimits 8969 requeues 0) 
 backlog 0b 0p requeues 0
qdisc pfifo 20: parent 1:10 limit 12p
 Sent 13610590 bytes 9038 pkt (dropped 0, overlimits 0 requeues 0) 
 backlog 0b 0p requeues 0
======================================================================
Timestamp: 2026-04-27 19:06:04
qdisc htb 1: root refcnt 13 r2q 10 default 0x10 direct_packets_stat 0 direct_qlen 1000
 Sent 13610590 bytes 9038 pkt (dropped 0, overlimits 8969 requeues 0) 
 backlog 0b 0p requeues 0
qdisc pfifo 20: parent 1:10 limit 12p
 Sent 13610590 bytes 9038 pkt (dropped 0, overlimits 0 requeues 0) 
 backlog 0b 0p requeues 0
======================================================================
Timestamp: 2026-04-27 19:06:05
qdisc htb 1: root refcnt 13 r2q 10 default 0x10 direct_packets_stat 0 direct_qlen 1000
 Sent 13928587 bytes 9249 pkt (dropped 0, overlimits 9177 requeues 0) 
 backlog 6056b 4p requeues 0
qdisc pfifo 20: parent 1:10 limit 12p
 Sent 13928587 bytes 9249 pkt (dropped 0, overlimits 0 requeues 0) 
 backlog 6056b 4p requeues 0
======================================================================
Timestamp: 2026-04-27 19:06:06
qdisc htb 1: root refcnt 13 r2q 10 default 0x10 direct_packets_stat 0 direct_qlen 1000
 Sent 13997522 bytes 9295 pkt (dropped 0, overlimits 9223 requeues 0) 
 backlog 0b 0p requeues 0
qdisc pfifo 20: parent 1:10 limit 12p
 Sent 13997522 bytes 9295 pkt (dropped 0, overlimits 0 requeues 0) 
 backlog 0b 0p requeues 0
======================================================================
Timestamp: 2026-04-27 19:06:07
qdisc htb 1: root refcnt 13 r2q 10 default 0x10 direct_packets_stat 0 direct_qlen 1000
 Sent 14309981 bytes 9508 pkt (dropped 0, overlimits 9434 requeues 0) 
 backlog 6Kb 5p requeues 0
qdisc pfifo 20: parent 1:10 limit 12p
 Sent 14309981 bytes 9508 pkt (dropped 0, overlimits 0 requeues 0) 
 backlog 6Kb 5p requeues 0
======================================================================
Timestamp: 2026-04-27 19:06:08
qdisc htb 1: root refcnt 13 r2q 10 default 0x10 direct_packets_stat 0 direct_qlen 1000
 Sent 15190299 bytes 10098 pkt (dropped 33, overlimits 10024 requeues 0) 
 backlog 16654b 11p requeues 0
qdisc pfifo 20: parent 1:10 limit 12p
 Sent 15190299 bytes 10098 pkt (dropped 33, overlimits 0 requeues 0) 
 backlog 16654b 11p requeues 0
======================================================================
Timestamp: 2026-04-27 19:06:09
qdisc htb 1: root refcnt 13 r2q 10 default 0x10 direct_packets_stat 0 direct_qlen 1000
 Sent 16071989 bytes 10683 pkt (dropped 43, overlimits 10609 requeues 0) 
 backlog 15140b 10p requeues 0
qdisc pfifo 20: parent 1:10 limit 12p
 Sent 16071989 bytes 10683 pkt (dropped 43, overlimits 0 requeues 0) 
 backlog 15140b 10p requeues 0
======================================================================
Timestamp: 2026-04-27 19:06:10
qdisc htb 1: root refcnt 13 r2q 10 default 0x10 direct_packets_stat 0 direct_qlen 1000
 Sent 16956165 bytes 11267 pkt (dropped 52, overlimits 11193 requeues 0) 
 backlog 13626b 9p requeues 0
qdisc pfifo 20: parent 1:10 limit 12p
 Sent 16956165 bytes 11267 pkt (dropped 52, overlimits 0 requeues 0) 
 backlog 13626b 9p requeues 0
======================================================================
Timestamp: 2026-04-27 19:06:11
qdisc htb 1: root refcnt 13 r2q 10 default 0x10 direct_packets_stat 0 direct_qlen 1000
 Sent 17837300 bytes 11849 pkt (dropped 73, overlimits 11775 requeues 0) 
 backlog 12112b 8p requeues 0
qdisc pfifo 20: parent 1:10 limit 12p
 Sent 17837300 bytes 11849 pkt (dropped 73, overlimits 0 requeues 0) 
 backlog 12112b 8p requeues 0
======================================================================
Timestamp: 2026-04-27 19:06:12
qdisc htb 1: root refcnt 13 r2q 10 default 0x10 direct_packets_stat 0 direct_qlen 1000
 Sent 18718448 bytes 12431 pkt (dropped 81, overlimits 12357 requeues 0) 
 backlog 15140b 10p requeues 0
qdisc pfifo 20: parent 1:10 limit 12p
 Sent 18718448 bytes 12431 pkt (dropped 81, overlimits 0 requeues 0) 
 backlog 15140b 10p requeues 0
======================================================================
Timestamp: 2026-04-27 19:06:13
qdisc htb 1: root refcnt 13 r2q 10 default 0x10 direct_packets_stat 0 direct_qlen 1000
 Sent 19599812 bytes 13014 pkt (dropped 98, overlimits 12940 requeues 0) 
 backlog 15140b 10p requeues 0
qdisc pfifo 20: parent 1:10 limit 12p
 Sent 19599812 bytes 13014 pkt (dropped 98, overlimits 0 requeues 0) 
 backlog 15140b 10p requeues 0
======================================================================
Timestamp: 2026-04-27 19:06:14
qdisc htb 1: root refcnt 13 r2q 10 default 0x10 direct_packets_stat 0 direct_qlen 1000
 Sent 20482350 bytes 13598 pkt (dropped 121, overlimits 13523 requeues 0) 
 backlog 10598b 7p requeues 0
qdisc pfifo 20: parent 1:10 limit 12p
 Sent 20482350 bytes 13598 pkt (dropped 121, overlimits 0 requeues 0) 
 backlog 10598b 7p requeues 0
======================================================================
Timestamp: 2026-04-27 19:06:15
qdisc htb 1: root refcnt 13 r2q 10 default 0x10 direct_packets_stat 0 direct_qlen 1000
 Sent 21346662 bytes 14169 pkt (dropped 137, overlimits 14081 requeues 0) 
 backlog 15140b 10p requeues 0
qdisc pfifo 20: parent 1:10 limit 12p
 Sent 21346662 bytes 14169 pkt (dropped 137, overlimits 0 requeues 0) 
 backlog 15140b 10p requeues 0
======================================================================
Timestamp: 2026-04-27 19:06:16
qdisc htb 1: root refcnt 13 r2q 10 default 0x10 direct_packets_stat 0 direct_qlen 1000
 Sent 22229585 bytes 14754 pkt (dropped 151, overlimits 14664 requeues 0) 
 backlog 15140b 10p requeues 0
qdisc pfifo 20: parent 1:10 limit 12p
 Sent 22229585 bytes 14754 pkt (dropped 151, overlimits 0 requeues 0) 
 backlog 15140b 10p requeues 0
======================================================================
Timestamp: 2026-04-27 19:06:17
qdisc htb 1: root refcnt 13 r2q 10 default 0x10 direct_packets_stat 0 direct_qlen 1000
 Sent 23116663 bytes 15340 pkt (dropped 168, overlimits 15250 requeues 0) 
 backlog 3028b 2p requeues 0
qdisc pfifo 20: parent 1:10 limit 12p
 Sent 23116663 bytes 15340 pkt (dropped 168, overlimits 0 requeues 0) 
 backlog 3028b 2p requeues 0
======================================================================
Timestamp: 2026-04-27 19:06:18
qdisc htb 1: root refcnt 13 r2q 10 default 0x10 direct_packets_stat 0 direct_qlen 1000
 Sent 23969032 bytes 15903 pkt (dropped 189, overlimits 15795 requeues 0) 
 backlog 12112b 8p requeues 0
qdisc pfifo 20: parent 1:10 limit 12p
 Sent 23969032 bytes 15903 pkt (dropped 189, overlimits 0 requeues 0) 
 backlog 12112b 8p requeues 0
======================================================================
Timestamp: 2026-04-27 19:06:19
qdisc htb 1: root refcnt 13 r2q 10 default 0x10 direct_packets_stat 0 direct_qlen 1000
 Sent 24805873 bytes 16456 pkt (dropped 197, overlimits 16323 requeues 0) 
 backlog 12112b 8p requeues 0
qdisc pfifo 20: parent 1:10 limit 12p
 Sent 24805873 bytes 16456 pkt (dropped 197, overlimits 0 requeues 0) 
 backlog 12112b 8p requeues 0
======================================================================
Timestamp: 2026-04-27 19:06:20
qdisc htb 1: root refcnt 13 r2q 10 default 0x10 direct_packets_stat 0 direct_qlen 1000
 Sent 25690036 bytes 17040 pkt (dropped 236, overlimits 16907 requeues 0) 
 backlog 7570b 5p requeues 0
qdisc pfifo 20: parent 1:10 limit 12p
 Sent 25690036 bytes 17040 pkt (dropped 236, overlimits 0 requeues 0) 
 backlog 7570b 5p requeues 0
======================================================================
Timestamp: 2026-04-27 19:06:21
qdisc htb 1: root refcnt 13 r2q 10 default 0x10 direct_packets_stat 0 direct_qlen 1000
 Sent 26492422 bytes 17570 pkt (dropped 245, overlimits 17420 requeues 0) 
 backlog 0b 0p requeues 0
qdisc pfifo 20: parent 1:10 limit 12p
 Sent 26492422 bytes 17570 pkt (dropped 245, overlimits 0 requeues 0) 
 backlog 0b 0p requeues 0
======================================================================
Timestamp: 2026-04-27 19:06:22
qdisc htb 1: root refcnt 13 r2q 10 default 0x10 direct_packets_stat 0 direct_qlen 1000
 Sent 27372043 bytes 18151 pkt (dropped 264, overlimits 17992 requeues 0) 
 backlog 12112b 8p requeues 0
qdisc pfifo 20: parent 1:10 limit 12p
 Sent 27372043 bytes 18151 pkt (dropped 264, overlimits 0 requeues 0) 
 backlog 12112b 8p requeues 0
======================================================================
Timestamp: 2026-04-27 19:06:23
qdisc htb 1: root refcnt 13 r2q 10 default 0x10 direct_packets_stat 0 direct_qlen 1000
 Sent 28207945 bytes 18704 pkt (dropped 265, overlimits 18522 requeues 0) 
 backlog 13626b 9p requeues 0
qdisc pfifo 20: parent 1:10 limit 12p
 Sent 28207945 bytes 18704 pkt (dropped 265, overlimits 0 requeues 0) 
 backlog 13626b 9p requeues 0
======================================================================
Timestamp: 2026-04-27 19:06:24
qdisc htb 1: root refcnt 13 r2q 10 default 0x10 direct_packets_stat 0 direct_qlen 1000
 Sent 29092108 bytes 19288 pkt (dropped 310, overlimits 19106 requeues 0) 
 backlog 16654b 11p requeues 0
qdisc pfifo 20: parent 1:10 limit 12p
 Sent 29092108 bytes 19288 pkt (dropped 310, overlimits 0 requeues 0) 
 backlog 16654b 11p requeues 0
======================================================================
Timestamp: 2026-04-27 19:06:25
qdisc htb 1: root refcnt 13 r2q 10 default 0x10 direct_packets_stat 0 direct_qlen 1000
 Sent 29958967 bytes 19861 pkt (dropped 323, overlimits 19659 requeues 0) 
 backlog 9084b 6p requeues 0
qdisc pfifo 20: parent 1:10 limit 12p
 Sent 29958967 bytes 19861 pkt (dropped 323, overlimits 0 requeues 0) 
 backlog 9084b 6p requeues 0
======================================================================
Timestamp: 2026-04-27 19:06:26
qdisc htb 1: root refcnt 13 r2q 10 default 0x10 direct_packets_stat 0 direct_qlen 1000
 Sent 30843130 bytes 20445 pkt (dropped 353, overlimits 20243 requeues 0) 
 backlog 15140b 10p requeues 0
qdisc pfifo 20: parent 1:10 limit 12p
 Sent 30843130 bytes 20445 pkt (dropped 353, overlimits 0 requeues 0) 
 backlog 15140b 10p requeues 0
======================================================================
Timestamp: 2026-04-27 19:06:27
qdisc htb 1: root refcnt 13 r2q 10 default 0x10 direct_packets_stat 0 direct_qlen 1000
 Sent 31727076 bytes 21030 pkt (dropped 360, overlimits 20828 requeues 0) 
 backlog 9084b 6p requeues 0
qdisc pfifo 20: parent 1:10 limit 12p
 Sent 31727076 bytes 21030 pkt (dropped 360, overlimits 0 requeues 0) 
 backlog 9084b 6p requeues 0
======================================================================
Timestamp: 2026-04-27 19:06:28
qdisc htb 1: root refcnt 13 r2q 10 default 0x10 direct_packets_stat 0 direct_qlen 1000
 Sent 32609725 bytes 21613 pkt (dropped 387, overlimits 21411 requeues 0) 
 backlog 18168b 12p requeues 0
qdisc pfifo 20: parent 1:10 limit 12p
 Sent 32609725 bytes 21613 pkt (dropped 387, overlimits 0 requeues 0) 
 backlog 18168b 12p requeues 0
======================================================================
Timestamp: 2026-04-27 19:06:29
qdisc htb 1: root refcnt 13 r2q 10 default 0x10 direct_packets_stat 0 direct_qlen 1000
 Sent 33428569 bytes 22154 pkt (dropped 392, overlimits 21928 requeues 0) 
 backlog 9084b 6p requeues 0
qdisc pfifo 20: parent 1:10 limit 12p
 Sent 33428569 bytes 22154 pkt (dropped 392, overlimits 0 requeues 0) 
 backlog 9084b 6p requeues 0
======================================================================
Timestamp: 2026-04-27 19:06:30
qdisc htb 1: root refcnt 13 r2q 10 default 0x10 direct_packets_stat 0 direct_qlen 1000
 Sent 34312732 bytes 22738 pkt (dropped 423, overlimits 22512 requeues 0) 
 backlog 13626b 9p requeues 0
qdisc pfifo 20: parent 1:10 limit 12p
 Sent 34312732 bytes 22738 pkt (dropped 423, overlimits 0 requeues 0) 
 backlog 13626b 9p requeues 0
======================================================================
Timestamp: 2026-04-27 19:06:31
qdisc htb 1: root refcnt 13 r2q 10 default 0x10 direct_packets_stat 0 direct_qlen 1000
 Sent 35168847 bytes 23305 pkt (dropped 440, overlimits 23067 requeues 0) 
 backlog 6056b 4p requeues 0
qdisc pfifo 20: parent 1:10 limit 12p
 Sent 35168847 bytes 23305 pkt (dropped 440, overlimits 0 requeues 0) 
 backlog 6056b 4p requeues 0
======================================================================
Timestamp: 2026-04-27 19:06:32
qdisc htb 1: root refcnt 13 r2q 10 default 0x10 direct_packets_stat 0 direct_qlen 1000
 Sent 36046954 bytes 23885 pkt (dropped 470, overlimits 23643 requeues 0) 
 backlog 9084b 6p requeues 0
qdisc pfifo 20: parent 1:10 limit 12p
 Sent 36046954 bytes 23885 pkt (dropped 470, overlimits 0 requeues 0) 
 backlog 9084b 6p requeues 0
======================================================================
Timestamp: 2026-04-27 19:06:33
qdisc htb 1: root refcnt 13 r2q 10 default 0x10 direct_packets_stat 0 direct_qlen 1000
 Sent 36914043 bytes 24458 pkt (dropped 482, overlimits 24210 requeues 0) 
 backlog 0b 0p requeues 0
qdisc pfifo 20: parent 1:10 limit 12p
 Sent 36914043 bytes 24458 pkt (dropped 482, overlimits 0 requeues 0) 
 backlog 0b 0p requeues 0
======================================================================
Timestamp: 2026-04-27 19:06:34
qdisc htb 1: root refcnt 13 r2q 10 default 0x10 direct_packets_stat 0 direct_qlen 1000
 Sent 37798206 bytes 25042 pkt (dropped 504, overlimits 24793 requeues 0) 
 backlog 13626b 9p requeues 0
qdisc pfifo 20: parent 1:10 limit 12p
 Sent 37798206 bytes 25042 pkt (dropped 504, overlimits 0 requeues 0) 
 backlog 13626b 9p requeues 0
======================================================================
Timestamp: 2026-04-27 19:06:35
qdisc htb 1: root refcnt 13 r2q 10 default 0x10 direct_packets_stat 0 direct_qlen 1000
 Sent 38640260 bytes 25600 pkt (dropped 511, overlimits 25344 requeues 0) 
 backlog 12112b 8p requeues 0
qdisc pfifo 20: parent 1:10 limit 12p
 Sent 38640260 bytes 25600 pkt (dropped 511, overlimits 0 requeues 0) 
 backlog 12112b 8p requeues 0
======================================================================
Timestamp: 2026-04-27 19:06:36
qdisc htb 1: root refcnt 13 r2q 10 default 0x10 direct_packets_stat 0 direct_qlen 1000
 Sent 39521395 bytes 26182 pkt (dropped 541, overlimits 25924 requeues 0) 
 backlog 7570b 5p requeues 0
qdisc pfifo 20: parent 1:10 limit 12p
 Sent 39521395 bytes 26182 pkt (dropped 541, overlimits 0 requeues 0) 
 backlog 7570b 5p requeues 0
======================================================================
Timestamp: 2026-04-27 19:06:37
qdisc htb 1: root refcnt 13 r2q 10 default 0x10 direct_packets_stat 0 direct_qlen 1000
 Sent 40389978 bytes 26757 pkt (dropped 550, overlimits 26494 requeues 0) 
 backlog 6056b 4p requeues 0
qdisc pfifo 20: parent 1:10 limit 12p
 Sent 40389978 bytes 26757 pkt (dropped 550, overlimits 0 requeues 0) 
 backlog 6056b 4p requeues 0
======================================================================
Timestamp: 2026-04-27 19:06:38
qdisc htb 1: root refcnt 13 r2q 10 default 0x10 direct_packets_stat 0 direct_qlen 1000
 Sent 41275655 bytes 27342 pkt (dropped 579, overlimits 27079 requeues 0) 
 backlog 13626b 9p requeues 0
qdisc pfifo 20: parent 1:10 limit 12p
 Sent 41275655 bytes 27342 pkt (dropped 579, overlimits 0 requeues 0) 
 backlog 13626b 9p requeues 0
======================================================================
Timestamp: 2026-04-27 19:06:39
qdisc htb 1: root refcnt 13 r2q 10 default 0x10 direct_packets_stat 0 direct_qlen 1000
 Sent 42133727 bytes 27909 pkt (dropped 592, overlimits 27633 requeues 0) 
 backlog 0b 0p requeues 0
qdisc pfifo 20: parent 1:10 limit 12p
 Sent 42133727 bytes 27909 pkt (dropped 592, overlimits 0 requeues 0) 
 backlog 0b 0p requeues 0
======================================================================
Timestamp: 2026-04-27 19:06:40
qdisc htb 1: root refcnt 13 r2q 10 default 0x10 direct_packets_stat 0 direct_qlen 1000
 Sent 43019404 bytes 28494 pkt (dropped 624, overlimits 28218 requeues 0) 
 backlog 10598b 7p requeues 0
qdisc pfifo 20: parent 1:10 limit 12p
 Sent 43019404 bytes 28494 pkt (dropped 624, overlimits 0 requeues 0) 
 backlog 10598b 7p requeues 0
======================================================================
Timestamp: 2026-04-27 19:06:41
qdisc htb 1: root refcnt 13 r2q 10 default 0x10 direct_packets_stat 0 direct_qlen 1000
 Sent 43845215 bytes 29041 pkt (dropped 637, overlimits 28750 requeues 0) 
 backlog 0b 0p requeues 0
qdisc pfifo 20: parent 1:10 limit 12p
 Sent 43845215 bytes 29041 pkt (dropped 637, overlimits 0 requeues 0) 
 backlog 0b 0p requeues 0
======================================================================
Timestamp: 2026-04-27 19:06:42
qdisc htb 1: root refcnt 13 r2q 10 default 0x10 direct_packets_stat 0 direct_qlen 1000
 Sent 44714238 bytes 29615 pkt (dropped 662, overlimits 29311 requeues 0) 
 backlog 16654b 11p requeues 0
qdisc pfifo 20: parent 1:10 limit 12p
 Sent 44714238 bytes 29615 pkt (dropped 662, overlimits 0 requeues 0) 
 backlog 16654b 11p requeues 0
======================================================================
Timestamp: 2026-04-27 19:06:43
qdisc htb 1: root refcnt 13 r2q 10 default 0x10 direct_packets_stat 0 direct_qlen 1000
 Sent 45584493 bytes 30190 pkt (dropped 673, overlimits 29883 requeues 0) 
 backlog 0b 0p requeues 0
qdisc pfifo 20: parent 1:10 limit 12p
 Sent 45584493 bytes 30190 pkt (dropped 673, overlimits 0 requeues 0) 
 backlog 0b 0p requeues 0
======================================================================
Timestamp: 2026-04-27 19:06:44
qdisc htb 1: root refcnt 13 r2q 10 default 0x10 direct_packets_stat 0 direct_qlen 1000
 Sent 46427778 bytes 30747 pkt (dropped 703, overlimits 30417 requeues 0) 
 backlog 16654b 11p requeues 0
qdisc pfifo 20: parent 1:10 limit 12p
 Sent 46427778 bytes 30747 pkt (dropped 703, overlimits 0 requeues 0) 
 backlog 16654b 11p requeues 0
======================================================================
Timestamp: 2026-04-27 19:06:45
qdisc htb 1: root refcnt 13 r2q 10 default 0x10 direct_packets_stat 0 direct_qlen 1000
 Sent 47259759 bytes 31297 pkt (dropped 713, overlimits 30955 requeues 0) 
 backlog 0b 0p requeues 0
qdisc pfifo 20: parent 1:10 limit 12p
 Sent 47259759 bytes 31297 pkt (dropped 713, overlimits 0 requeues 0) 
 backlog 0b 0p requeues 0
======================================================================
Timestamp: 2026-04-27 19:06:46
qdisc htb 1: root refcnt 13 r2q 10 default 0x10 direct_packets_stat 0 direct_qlen 1000
 Sent 48133390 bytes 31875 pkt (dropped 739, overlimits 31526 requeues 0) 
 backlog 15140b 10p requeues 0
qdisc pfifo 20: parent 1:10 limit 12p
 Sent 48133390 bytes 31875 pkt (dropped 739, overlimits 0 requeues 0) 
 backlog 15140b 10p requeues 0
======================================================================
Timestamp: 2026-04-27 19:06:47
qdisc htb 1: root refcnt 13 r2q 10 default 0x10 direct_packets_stat 0 direct_qlen 1000
 Sent 49009410 bytes 32454 pkt (dropped 760, overlimits 32104 requeues 0) 
 backlog 9084b 6p requeues 0
qdisc pfifo 20: parent 1:10 limit 12p
 Sent 49009410 bytes 32454 pkt (dropped 760, overlimits 0 requeues 0) 
 backlog 9084b 6p requeues 0
======================================================================
Timestamp: 2026-04-27 19:06:48
qdisc htb 1: root refcnt 13 r2q 10 default 0x10 direct_packets_stat 0 direct_qlen 1000
 Sent 49875405 bytes 33026 pkt (dropped 775, overlimits 32673 requeues 0) 
 backlog 15140b 10p requeues 0
qdisc pfifo 20: parent 1:10 limit 12p
 Sent 49875405 bytes 33026 pkt (dropped 775, overlimits 0 requeues 0) 
 backlog 15140b 10p requeues 0
======================================================================
Timestamp: 2026-04-27 19:06:49
qdisc htb 1: root refcnt 13 r2q 10 default 0x10 direct_packets_stat 0 direct_qlen 1000
 Sent 50756553 bytes 33608 pkt (dropped 792, overlimits 33255 requeues 0) 
 backlog 12112b 8p requeues 0
qdisc pfifo 20: parent 1:10 limit 12p
 Sent 50756553 bytes 33608 pkt (dropped 792, overlimits 0 requeues 0) 
 backlog 12112b 8p requeues 0
======================================================================
Timestamp: 2026-04-27 19:06:50
qdisc htb 1: root refcnt 13 r2q 10 default 0x10 direct_packets_stat 0 direct_qlen 1000
 Sent 51601268 bytes 34167 pkt (dropped 811, overlimits 33791 requeues 0) 
 backlog 10598b 7p requeues 0
qdisc pfifo 20: parent 1:10 limit 12p
 Sent 51601268 bytes 34167 pkt (dropped 811, overlimits 0 requeues 0) 
 backlog 10598b 7p requeues 0
======================================================================
Timestamp: 2026-04-27 19:06:51
qdisc htb 1: root refcnt 13 r2q 10 default 0x10 direct_packets_stat 0 direct_qlen 1000
 Sent 52480036 bytes 34748 pkt (dropped 822, overlimits 34371 requeues 0) 
 backlog 6056b 4p requeues 0
qdisc pfifo 20: parent 1:10 limit 12p
 Sent 52480036 bytes 34748 pkt (dropped 822, overlimits 0 requeues 0) 
 backlog 6056b 4p requeues 0
======================================================================
Timestamp: 2026-04-27 19:06:52
qdisc htb 1: root refcnt 13 r2q 10 default 0x10 direct_packets_stat 0 direct_qlen 1000
 Sent 53321807 bytes 35304 pkt (dropped 851, overlimits 34902 requeues 0) 
 backlog 16654b 11p requeues 0
qdisc pfifo 20: parent 1:10 limit 12p
 Sent 53321807 bytes 35304 pkt (dropped 851, overlimits 0 requeues 0) 
 backlog 16654b 11p requeues 0
======================================================================
Timestamp: 2026-04-27 19:06:53
qdisc htb 1: root refcnt 13 r2q 10 default 0x10 direct_packets_stat 0 direct_qlen 1000
 Sent 54204469 bytes 35887 pkt (dropped 867, overlimits 35485 requeues 0) 
 backlog 6056b 4p requeues 0
qdisc pfifo 20: parent 1:10 limit 12p
 Sent 54204469 bytes 35887 pkt (dropped 867, overlimits 0 requeues 0) 
 backlog 6056b 4p requeues 0
======================================================================
Timestamp: 2026-04-27 19:06:54
qdisc htb 1: root refcnt 13 r2q 10 default 0x10 direct_packets_stat 0 direct_qlen 1000
 Sent 55069489 bytes 36459 pkt (dropped 890, overlimits 36050 requeues 0) 
 backlog 12112b 8p requeues 0
qdisc pfifo 20: parent 1:10 limit 12p
 Sent 55069489 bytes 36459 pkt (dropped 890, overlimits 0 requeues 0) 
 backlog 12112b 8p requeues 0
======================================================================
Timestamp: 2026-04-27 19:06:55
qdisc htb 1: root refcnt 13 r2q 10 default 0x10 direct_packets_stat 0 direct_qlen 1000
 Sent 55950977 bytes 37042 pkt (dropped 904, overlimits 36633 requeues 0) 
 backlog 4542b 3p requeues 0
qdisc pfifo 20: parent 1:10 limit 12p
 Sent 55950977 bytes 37042 pkt (dropped 904, overlimits 0 requeues 0) 
 backlog 4542b 3p requeues 0
======================================================================
Timestamp: 2026-04-27 19:06:56
qdisc htb 1: root refcnt 13 r2q 10 default 0x10 direct_packets_stat 0 direct_qlen 1000
 Sent 56797290 bytes 37601 pkt (dropped 920, overlimits 37179 requeues 0) 
 backlog 13626b 9p requeues 0
qdisc pfifo 20: parent 1:10 limit 12p
 Sent 56797290 bytes 37601 pkt (dropped 920, overlimits 0 requeues 0) 
 backlog 13626b 9p requeues 0
======================================================================
Timestamp: 2026-04-27 19:06:57
qdisc htb 1: root refcnt 13 r2q 10 default 0x10 direct_packets_stat 0 direct_qlen 1000
 Sent 57682980 bytes 38186 pkt (dropped 936, overlimits 37764 requeues 0) 
 backlog 9084b 6p requeues 0
qdisc pfifo 20: parent 1:10 limit 12p
 Sent 57682980 bytes 38186 pkt (dropped 936, overlimits 0 requeues 0) 
 backlog 9084b 6p requeues 0
======================================================================
Timestamp: 2026-04-27 19:06:58
qdisc htb 1: root refcnt 13 r2q 10 default 0x10 direct_packets_stat 0 direct_qlen 1000
 Sent 58522282 bytes 38741 pkt (dropped 952, overlimits 38292 requeues 0) 
 backlog 13626b 9p requeues 0
qdisc pfifo 20: parent 1:10 limit 12p
 Sent 58522282 bytes 38741 pkt (dropped 952, overlimits 0 requeues 0) 
 backlog 13626b 9p requeues 0
======================================================================
Timestamp: 2026-04-27 19:06:59
qdisc htb 1: root refcnt 13 r2q 10 default 0x10 direct_packets_stat 0 direct_qlen 1000
 Sent 59404783 bytes 39324 pkt (dropped 970, overlimits 38875 requeues 0) 
 backlog 0b 0p requeues 0
qdisc pfifo 20: parent 1:10 limit 12p
 Sent 59404783 bytes 39324 pkt (dropped 970, overlimits 0 requeues 0) 
 backlog 0b 0p requeues 0
======================================================================
Timestamp: 2026-04-27 19:07:00
qdisc htb 1: root refcnt 13 r2q 10 default 0x10 direct_packets_stat 0 direct_qlen 1000
 Sent 60243526 bytes 39878 pkt (dropped 979, overlimits 39403 requeues 0) 
 backlog 18168b 12p requeues 0
qdisc pfifo 20: parent 1:10 limit 12p
 Sent 60243526 bytes 39878 pkt (dropped 979, overlimits 0 requeues 0) 
 backlog 18168b 12p requeues 0
======================================================================
Timestamp: 2026-04-27 19:07:01
qdisc htb 1: root refcnt 13 r2q 10 default 0x10 direct_packets_stat 0 direct_qlen 1000
 Sent 61130796 bytes 40465 pkt (dropped 1011, overlimits 39990 requeues 0) 
 backlog 10598b 7p requeues 0
qdisc pfifo 20: parent 1:10 limit 12p
 Sent 61130796 bytes 40465 pkt (dropped 1011, overlimits 0 requeues 0) 
 backlog 10598b 7p requeues 0
======================================================================
Timestamp: 2026-04-27 19:07:02
qdisc htb 1: root refcnt 13 r2q 10 default 0x10 direct_packets_stat 0 direct_qlen 1000
 Sent 61924489 bytes 40990 pkt (dropped 1027, overlimits 40498 requeues 0) 
 backlog 15140b 10p requeues 0
qdisc pfifo 20: parent 1:10 limit 12p
 Sent 61924489 bytes 40990 pkt (dropped 1027, overlimits 0 requeues 0) 
 backlog 15140b 10p requeues 0
======================================================================
Timestamp: 2026-04-27 19:07:03
qdisc htb 1: root refcnt 13 r2q 10 default 0x10 direct_packets_stat 0 direct_qlen 1000
 Sent 62796675 bytes 41567 pkt (dropped 1036, overlimits 41071 requeues 0) 
 backlog 7570b 5p requeues 0
qdisc pfifo 20: parent 1:10 limit 12p
 Sent 62796675 bytes 41567 pkt (dropped 1036, overlimits 0 requeues 0) 
 backlog 7570b 5p requeues 0
======================================================================
Timestamp: 2026-04-27 19:07:04
qdisc htb 1: root refcnt 13 r2q 10 default 0x10 direct_packets_stat 0 direct_qlen 1000
 Sent 63677810 bytes 42149 pkt (dropped 1045, overlimits 41653 requeues 0) 
 backlog 18168b 12p requeues 0
qdisc pfifo 20: parent 1:10 limit 12p
 Sent 63677810 bytes 42149 pkt (dropped 1045, overlimits 0 requeues 0) 
 backlog 18168b 12p requeues 0
======================================================================
Timestamp: 2026-04-27 19:07:05
qdisc htb 1: root refcnt 13 r2q 10 default 0x10 direct_packets_stat 0 direct_qlen 1000
 Sent 64558847 bytes 42731 pkt (dropped 1083, overlimits 42235 requeues 0) 
 backlog 0b 0p requeues 0
qdisc pfifo 20: parent 1:10 limit 12p
 Sent 64558847 bytes 42731 pkt (dropped 1083, overlimits 0 requeues 0) 
 backlog 0b 0p requeues 0
======================================================================
Timestamp: 2026-04-27 19:07:06
qdisc htb 1: root refcnt 13 r2q 10 default 0x10 direct_packets_stat 0 direct_qlen 1000
 Sent 65396076 bytes 43284 pkt (dropped 1083, overlimits 42770 requeues 0) 
 backlog 15140b 10p requeues 0
qdisc pfifo 20: parent 1:10 limit 12p
 Sent 65396076 bytes 43284 pkt (dropped 1083, overlimits 0 requeues 0) 
 backlog 15140b 10p requeues 0
======================================================================
Timestamp: 2026-04-27 19:07:07
qdisc htb 1: root refcnt 13 r2q 10 default 0x10 direct_packets_stat 0 direct_qlen 1000
 Sent 66280252 bytes 43868 pkt (dropped 1122, overlimits 43354 requeues 0) 
 backlog 15140b 10p requeues 0
qdisc pfifo 20: parent 1:10 limit 12p
 Sent 66280252 bytes 43868 pkt (dropped 1122, overlimits 0 requeues 0) 
 backlog 15140b 10p requeues 0
======================================================================
Timestamp: 2026-04-27 19:07:08
qdisc htb 1: root refcnt 13 r2q 10 default 0x10 direct_packets_stat 0 direct_qlen 1000
 Sent 67138108 bytes 44435 pkt (dropped 1124, overlimits 43912 requeues 0) 
 backlog 12112b 8p requeues 0
qdisc pfifo 20: parent 1:10 limit 12p
 Sent 67138108 bytes 44435 pkt (dropped 1124, overlimits 0 requeues 0) 
 backlog 12112b 8p requeues 0
======================================================================
Timestamp: 2026-04-27 19:07:09
qdisc htb 1: root refcnt 13 r2q 10 default 0x10 direct_packets_stat 0 direct_qlen 1000
 Sent 68020770 bytes 45018 pkt (dropped 1174, overlimits 44495 requeues 0) 
 backlog 16654b 11p requeues 0
qdisc pfifo 20: parent 1:10 limit 12p
 Sent 68020770 bytes 45018 pkt (dropped 1174, overlimits 0 requeues 0) 
 backlog 16654b 11p requeues 0
======================================================================
Timestamp: 2026-04-27 19:07:10
qdisc htb 1: root refcnt 13 r2q 10 default 0x10 direct_packets_stat 0 direct_qlen 1000
 Sent 68837150 bytes 45558 pkt (dropped 1180, overlimits 44998 requeues 0) 
 backlog 13626b 9p requeues 0
qdisc pfifo 20: parent 1:10 limit 12p
 Sent 68837150 bytes 45558 pkt (dropped 1180, overlimits 0 requeues 0) 
 backlog 13626b 9p requeues 0
======================================================================
Timestamp: 2026-04-27 19:07:11
qdisc htb 1: root refcnt 13 r2q 10 default 0x10 direct_packets_stat 0 direct_qlen 1000
 Sent 69719799 bytes 46141 pkt (dropped 1218, overlimits 45581 requeues 0) 
 backlog 12112b 8p requeues 0
qdisc pfifo 20: parent 1:10 limit 12p
 Sent 69719799 bytes 46141 pkt (dropped 1218, overlimits 0 requeues 0) 
 backlog 12112b 8p requeues 0
======================================================================
Timestamp: 2026-04-27 19:07:12
qdisc htb 1: root refcnt 13 r2q 10 default 0x10 direct_packets_stat 0 direct_qlen 1000
 Sent 70573123 bytes 46705 pkt (dropped 1228, overlimits 46130 requeues 0) 
 backlog 12112b 8p requeues 0
qdisc pfifo 20: parent 1:10 limit 12p
 Sent 70573123 bytes 46705 pkt (dropped 1228, overlimits 0 requeues 0) 
 backlog 12112b 8p requeues 0
======================================================================
Timestamp: 2026-04-27 19:07:13
qdisc htb 1: root refcnt 13 r2q 10 default 0x10 direct_packets_stat 0 direct_qlen 1000
 Sent 71457286 bytes 47289 pkt (dropped 1263, overlimits 46714 requeues 0) 
 backlog 12112b 8p requeues 0
qdisc pfifo 20: parent 1:10 limit 12p
 Sent 71457286 bytes 47289 pkt (dropped 1263, overlimits 0 requeues 0) 
 backlog 12112b 8p requeues 0
======================================================================
Timestamp: 2026-04-27 19:07:14
qdisc htb 1: root refcnt 13 r2q 10 default 0x10 direct_packets_stat 0 direct_qlen 1000
 Sent 72342033 bytes 47874 pkt (dropped 1270, overlimits 47299 requeues 0) 
 backlog 16654b 11p requeues 0
qdisc pfifo 20: parent 1:10 limit 12p
 Sent 72342033 bytes 47874 pkt (dropped 1270, overlimits 0 requeues 0) 
 backlog 16654b 11p requeues 0
======================================================================
Timestamp: 2026-04-27 19:07:15
qdisc htb 1: root refcnt 13 r2q 10 default 0x10 direct_packets_stat 0 direct_qlen 1000
 Sent 73225166 bytes 48458 pkt (dropped 1287, overlimits 47882 requeues 0) 
 backlog 10598b 7p requeues 0
qdisc pfifo 20: parent 1:10 limit 12p
 Sent 73225166 bytes 48458 pkt (dropped 1287, overlimits 0 requeues 0) 
 backlog 10598b 7p requeues 0
======================================================================
Timestamp: 2026-04-27 19:07:17
qdisc htb 1: root refcnt 13 r2q 10 default 0x10 direct_packets_stat 0 direct_qlen 1000
 Sent 74039658 bytes 48996 pkt (dropped 1291, overlimits 48398 requeues 0) 
 backlog 12112b 8p requeues 0
qdisc pfifo 20: parent 1:10 limit 12p
 Sent 74039658 bytes 48996 pkt (dropped 1291, overlimits 0 requeues 0) 
 backlog 12112b 8p requeues 0
======================================================================
Timestamp: 2026-04-27 19:07:18
qdisc htb 1: root refcnt 13 r2q 10 default 0x10 direct_packets_stat 0 direct_qlen 1000
 Sent 74920681 bytes 49578 pkt (dropped 1324, overlimits 48979 requeues 0) 
 backlog 9084b 6p requeues 0
qdisc pfifo 20: parent 1:10 limit 12p
 Sent 74920681 bytes 49578 pkt (dropped 1324, overlimits 0 requeues 0) 
 backlog 9084b 6p requeues 0
======================================================================
Timestamp: 2026-04-27 19:07:19
qdisc htb 1: root refcnt 13 r2q 10 default 0x10 direct_packets_stat 0 direct_qlen 1000
 Sent 75799763 bytes 50159 pkt (dropped 1327, overlimits 49554 requeues 0) 
 backlog 12112b 8p requeues 0
qdisc pfifo 20: parent 1:10 limit 12p
 Sent 75799763 bytes 50159 pkt (dropped 1327, overlimits 0 requeues 0) 
 backlog 12112b 8p requeues 0
======================================================================
Timestamp: 2026-04-27 19:07:20
qdisc htb 1: root refcnt 13 r2q 10 default 0x10 direct_packets_stat 0 direct_qlen 1000
 Sent 76682412 bytes 50742 pkt (dropped 1360, overlimits 50137 requeues 0) 
 backlog 12112b 8p requeues 0
qdisc pfifo 20: parent 1:10 limit 12p
 Sent 76682412 bytes 50742 pkt (dropped 1360, overlimits 0 requeues 0) 
 backlog 12112b 8p requeues 0
======================================================================
Timestamp: 2026-04-27 19:07:21
qdisc htb 1: root refcnt 13 r2q 10 default 0x10 direct_packets_stat 0 direct_qlen 1000
 Sent 77552190 bytes 51317 pkt (dropped 1367, overlimits 50701 requeues 0) 
 backlog 13626b 9p requeues 0
qdisc pfifo 20: parent 1:10 limit 12p
 Sent 77552190 bytes 51317 pkt (dropped 1367, overlimits 0 requeues 0) 
 backlog 13626b 9p requeues 0
======================================================================
Timestamp: 2026-04-27 19:07:22
qdisc htb 1: root refcnt 13 r2q 10 default 0x10 direct_packets_stat 0 direct_qlen 1000
 Sent 78437867 bytes 51902 pkt (dropped 1411, overlimits 51286 requeues 0) 
 backlog 16654b 11p requeues 0
qdisc pfifo 20: parent 1:10 limit 12p
 Sent 78437867 bytes 51902 pkt (dropped 1411, overlimits 0 requeues 0) 
 backlog 16654b 11p requeues 0
======================================================================
Timestamp: 2026-04-27 19:07:23
qdisc htb 1: root refcnt 13 r2q 10 default 0x10 direct_packets_stat 0 direct_qlen 1000
 Sent 79257213 bytes 52444 pkt (dropped 1417, overlimits 51815 requeues 0) 
 backlog 7570b 5p requeues 0
qdisc pfifo 20: parent 1:10 limit 12p
 Sent 79257213 bytes 52444 pkt (dropped 1417, overlimits 0 requeues 0) 
 backlog 7570b 5p requeues 0
======================================================================
Timestamp: 2026-04-27 19:07:24
qdisc htb 1: root refcnt 13 r2q 10 default 0x10 direct_packets_stat 0 direct_qlen 1000
 Sent 80142890 bytes 53029 pkt (dropped 1454, overlimits 52400 requeues 0) 
 backlog 12112b 8p requeues 0
qdisc pfifo 20: parent 1:10 limit 12p
 Sent 80142890 bytes 53029 pkt (dropped 1454, overlimits 0 requeues 0) 
 backlog 12112b 8p requeues 0
======================================================================
Timestamp: 2026-04-27 19:07:25
qdisc htb 1: root refcnt 13 r2q 10 default 0x10 direct_packets_stat 0 direct_qlen 1000
 Sent 81008123 bytes 53602 pkt (dropped 1457, overlimits 52964 requeues 0) 
 backlog 13626b 9p requeues 0
qdisc pfifo 20: parent 1:10 limit 12p
 Sent 81008123 bytes 53602 pkt (dropped 1457, overlimits 0 requeues 0) 
 backlog 13626b 9p requeues 0
======================================================================
Timestamp: 2026-04-27 19:07:26
qdisc htb 1: root refcnt 13 r2q 10 default 0x10 direct_packets_stat 0 direct_qlen 1000
 Sent 81892286 bytes 54186 pkt (dropped 1492, overlimits 53548 requeues 0) 
 backlog 12112b 8p requeues 0
qdisc pfifo 20: parent 1:10 limit 12p
 Sent 81892286 bytes 54186 pkt (dropped 1492, overlimits 0 requeues 0) 
 backlog 12112b 8p requeues 0
======================================================================
Timestamp: 2026-04-27 19:07:27
qdisc htb 1: root refcnt 13 r2q 10 default 0x10 direct_packets_stat 0 direct_qlen 1000
 Sent 82749652 bytes 54753 pkt (dropped 1502, overlimits 54098 requeues 0) 
 backlog 13626b 9p requeues 0
qdisc pfifo 20: parent 1:10 limit 12p
 Sent 82749652 bytes 54753 pkt (dropped 1502, overlimits 0 requeues 0) 
 backlog 13626b 9p requeues 0
======================================================================
Timestamp: 2026-04-27 19:07:28
qdisc htb 1: root refcnt 13 r2q 10 default 0x10 direct_packets_stat 0 direct_qlen 1000
 Sent 83632301 bytes 55336 pkt (dropped 1523, overlimits 54681 requeues 0) 
 backlog 9084b 6p requeues 0
qdisc pfifo 20: parent 1:10 limit 12p
 Sent 83632301 bytes 55336 pkt (dropped 1523, overlimits 0 requeues 0) 
 backlog 9084b 6p requeues 0
======================================================================
Timestamp: 2026-04-27 19:07:29
qdisc htb 1: root refcnt 13 r2q 10 default 0x10 direct_packets_stat 0 direct_qlen 1000
 Sent 84477892 bytes 55895 pkt (dropped 1529, overlimits 55223 requeues 0) 
 backlog 9084b 6p requeues 0
qdisc pfifo 20: parent 1:10 limit 12p
 Sent 84477892 bytes 55895 pkt (dropped 1529, overlimits 0 requeues 0) 
 backlog 9084b 6p requeues 0
======================================================================
Timestamp: 2026-04-27 19:07:30
qdisc htb 1: root refcnt 13 r2q 10 default 0x10 direct_packets_stat 0 direct_qlen 1000
 Sent 85363635 bytes 56481 pkt (dropped 1554, overlimits 55809 requeues 0) 
 backlog 10598b 7p requeues 0
qdisc pfifo 20: parent 1:10 limit 12p
 Sent 85363635 bytes 56481 pkt (dropped 1554, overlimits 0 requeues 0) 
 backlog 10598b 7p requeues 0
======================================================================
Timestamp: 2026-04-27 19:07:31
qdisc htb 1: root refcnt 13 r2q 10 default 0x10 direct_packets_stat 0 direct_qlen 1000
 Sent 86204633 bytes 57037 pkt (dropped 1554, overlimits 56343 requeues 0) 
 backlog 13626b 9p requeues 0
qdisc pfifo 20: parent 1:10 limit 12p
 Sent 86204633 bytes 57037 pkt (dropped 1554, overlimits 0 requeues 0) 
 backlog 13626b 9p requeues 0
======================================================================
Timestamp: 2026-04-27 19:07:32
qdisc htb 1: root refcnt 13 r2q 10 default 0x10 direct_packets_stat 0 direct_qlen 1000
 Sent 87090310 bytes 57622 pkt (dropped 1589, overlimits 56928 requeues 0) 
 backlog 9084b 6p requeues 0
qdisc pfifo 20: parent 1:10 limit 12p
 Sent 87090310 bytes 57622 pkt (dropped 1589, overlimits 0 requeues 0) 
 backlog 9084b 6p requeues 0
======================================================================
Timestamp: 2026-04-27 19:07:33
qdisc htb 1: root refcnt 13 r2q 10 default 0x10 direct_packets_stat 0 direct_qlen 1000
 Sent 87959181 bytes 58196 pkt (dropped 1590, overlimits 57498 requeues 0) 
 backlog 13626b 9p requeues 0
qdisc pfifo 20: parent 1:10 limit 12p
 Sent 87959181 bytes 58196 pkt (dropped 1590, overlimits 0 requeues 0) 
 backlog 13626b 9p requeues 0
======================================================================
Timestamp: 2026-04-27 19:07:34
qdisc htb 1: root refcnt 13 r2q 10 default 0x10 direct_packets_stat 0 direct_qlen 1000
 Sent 88843386 bytes 58781 pkt (dropped 1640, overlimits 58083 requeues 0) 
 backlog 12112b 8p requeues 0
qdisc pfifo 20: parent 1:10 limit 12p
 Sent 88843386 bytes 58781 pkt (dropped 1640, overlimits 0 requeues 0) 
 backlog 12112b 8p requeues 0
======================================================================
Timestamp: 2026-04-27 19:07:35
qdisc htb 1: root refcnt 13 r2q 10 default 0x10 direct_packets_stat 0 direct_qlen 1000
 Sent 89651477 bytes 59315 pkt (dropped 1644, overlimits 58595 requeues 0) 
 backlog 10598b 7p requeues 0
qdisc pfifo 20: parent 1:10 limit 12p
 Sent 89651477 bytes 59315 pkt (dropped 1644, overlimits 0 requeues 0) 
 backlog 10598b 7p requeues 0
======================================================================
Timestamp: 2026-04-27 19:07:36
qdisc htb 1: root refcnt 13 r2q 10 default 0x10 direct_packets_stat 0 direct_qlen 1000
 Sent 90534126 bytes 59898 pkt (dropped 1673, overlimits 59178 requeues 0) 
 backlog 15140b 10p requeues 0
qdisc pfifo 20: parent 1:10 limit 12p
 Sent 90534126 bytes 59898 pkt (dropped 1673, overlimits 0 requeues 0) 
 backlog 15140b 10p requeues 0
======================================================================
Timestamp: 2026-04-27 19:07:37
qdisc htb 1: root refcnt 13 r2q 10 default 0x10 direct_packets_stat 0 direct_qlen 1000
 Sent 91414319 bytes 60480 pkt (dropped 1680, overlimits 59758 requeues 0) 
 backlog 9084b 6p requeues 0
qdisc pfifo 20: parent 1:10 limit 12p
 Sent 91414319 bytes 60480 pkt (dropped 1680, overlimits 0 requeues 0) 
 backlog 9084b 6p requeues 0
======================================================================
Timestamp: 2026-04-27 19:07:38
qdisc htb 1: root refcnt 13 r2q 10 default 0x10 direct_packets_stat 0 direct_qlen 1000
 Sent 92298482 bytes 61064 pkt (dropped 1709, overlimits 60342 requeues 0) 
 backlog 15140b 10p requeues 0
qdisc pfifo 20: parent 1:10 limit 12p
 Sent 92298482 bytes 61064 pkt (dropped 1709, overlimits 0 requeues 0) 
 backlog 15140b 10p requeues 0
======================================================================
Timestamp: 2026-04-27 19:07:39
qdisc htb 1: root refcnt 13 r2q 10 default 0x10 direct_packets_stat 0 direct_qlen 1000
 Sent 93131164 bytes 61615 pkt (dropped 1711, overlimits 60874 requeues 0) 
 backlog 15140b 10p requeues 0
qdisc pfifo 20: parent 1:10 limit 12p
 Sent 93131164 bytes 61615 pkt (dropped 1711, overlimits 0 requeues 0) 
 backlog 15140b 10p requeues 0
======================================================================
Timestamp: 2026-04-27 19:07:40
qdisc htb 1: root refcnt 13 r2q 10 default 0x10 direct_packets_stat 0 direct_qlen 1000
 Sent 94016841 bytes 62200 pkt (dropped 1745, overlimits 61459 requeues 0) 
 backlog 7570b 5p requeues 0
qdisc pfifo 20: parent 1:10 limit 12p
 Sent 94016841 bytes 62200 pkt (dropped 1745, overlimits 0 requeues 0) 
 backlog 7570b 5p requeues 0
======================================================================
Timestamp: 2026-04-27 19:07:41
qdisc htb 1: root refcnt 13 r2q 10 default 0x10 direct_packets_stat 0 direct_qlen 1000
 Sent 94827901 bytes 62736 pkt (dropped 1749, overlimits 61971 requeues 0) 
 backlog 13626b 9p requeues 0
qdisc pfifo 20: parent 1:10 limit 12p
 Sent 94827901 bytes 62736 pkt (dropped 1749, overlimits 0 requeues 0) 
 backlog 13626b 9p requeues 0
======================================================================
Timestamp: 2026-04-27 19:07:42
qdisc htb 1: root refcnt 13 r2q 10 default 0x10 direct_packets_stat 0 direct_qlen 1000
 Sent 95710550 bytes 63319 pkt (dropped 1784, overlimits 62554 requeues 0) 
 backlog 16654b 11p requeues 0
qdisc pfifo 20: parent 1:10 limit 12p
 Sent 95710550 bytes 63319 pkt (dropped 1784, overlimits 0 requeues 0) 
 backlog 16654b 11p requeues 0
======================================================================
Timestamp: 2026-04-27 19:07:43
qdisc htb 1: root refcnt 13 r2q 10 default 0x10 direct_packets_stat 0 direct_qlen 1000
 Sent 96535670 bytes 63864 pkt (dropped 1795, overlimits 63075 requeues 0) 
 backlog 9084b 6p requeues 0
qdisc pfifo 20: parent 1:10 limit 12p
 Sent 96535670 bytes 63864 pkt (dropped 1795, overlimits 0 requeues 0) 
 backlog 9084b 6p requeues 0
======================================================================
Timestamp: 2026-04-27 19:07:44
qdisc htb 1: root refcnt 13 r2q 10 default 0x10 direct_packets_stat 0 direct_qlen 1000
 Sent 97421347 bytes 64449 pkt (dropped 1817, overlimits 63660 requeues 0) 
 backlog 13626b 9p requeues 0
qdisc pfifo 20: parent 1:10 limit 12p
 Sent 97421347 bytes 64449 pkt (dropped 1817, overlimits 0 requeues 0) 
 backlog 13626b 9p requeues 0
======================================================================
Timestamp: 2026-04-27 19:07:45
qdisc htb 1: root refcnt 13 r2q 10 default 0x10 direct_packets_stat 0 direct_qlen 1000
 Sent 98291057 bytes 65025 pkt (dropped 1828, overlimits 64226 requeues 0) 
 backlog 9084b 6p requeues 0
qdisc pfifo 20: parent 1:10 limit 12p
 Sent 98291057 bytes 65025 pkt (dropped 1828, overlimits 0 requeues 0) 
 backlog 9084b 6p requeues 0
======================================================================
Timestamp: 2026-04-27 19:07:46
qdisc htb 1: root refcnt 13 r2q 10 default 0x10 direct_packets_stat 0 direct_qlen 1000
 Sent 99175220 bytes 65609 pkt (dropped 1851, overlimits 64810 requeues 0) 
 backlog 12112b 8p requeues 0
qdisc pfifo 20: parent 1:10 limit 12p
 Sent 99175220 bytes 65609 pkt (dropped 1851, overlimits 0 requeues 0) 
 backlog 12112b 8p requeues 0
======================================================================
Timestamp: 2026-04-27 19:07:47
qdisc htb 1: root refcnt 13 r2q 10 default 0x10 direct_packets_stat 0 direct_qlen 1000
 Sent 99996156 bytes 66152 pkt (dropped 1859, overlimits 65329 requeues 0) 
 backlog 9084b 6p requeues 0
qdisc pfifo 20: parent 1:10 limit 12p
 Sent 99996156 bytes 66152 pkt (dropped 1859, overlimits 0 requeues 0) 
 backlog 9084b 6p requeues 0
======================================================================
Timestamp: 2026-04-27 19:07:48
qdisc htb 1: root refcnt 13 r2q 10 default 0x10 direct_packets_stat 0 direct_qlen 1000
 Sent 100880319 bytes 66736 pkt (dropped 1892, overlimits 65913 requeues 0) 
 backlog 12112b 8p requeues 0
qdisc pfifo 20: parent 1:10 limit 12p
 Sent 100880319 bytes 66736 pkt (dropped 1892, overlimits 0 requeues 0) 
 backlog 12112b 8p requeues 0
======================================================================
Timestamp: 2026-04-27 19:07:49
qdisc htb 1: root refcnt 13 r2q 10 default 0x10 direct_packets_stat 0 direct_qlen 1000
 Sent 101712060 bytes 67287 pkt (dropped 1899, overlimits 66447 requeues 0) 
 backlog 0b 0p requeues 0
qdisc pfifo 20: parent 1:10 limit 12p
 Sent 101712060 bytes 67287 pkt (dropped 1899, overlimits 0 requeues 0) 
 backlog 0b 0p requeues 0
======================================================================
Timestamp: 2026-04-27 19:07:50
qdisc htb 1: root refcnt 13 r2q 10 default 0x10 direct_packets_stat 0 direct_qlen 1000
 Sent 102597737 bytes 67872 pkt (dropped 1936, overlimits 67032 requeues 0) 
 backlog 15140b 10p requeues 0
qdisc pfifo 20: parent 1:10 limit 12p
 Sent 102597737 bytes 67872 pkt (dropped 1936, overlimits 0 requeues 0) 
 backlog 15140b 10p requeues 0
======================================================================
Timestamp: 2026-04-27 19:07:51
qdisc htb 1: root refcnt 13 r2q 10 default 0x10 direct_packets_stat 0 direct_qlen 1000
 Sent 103416376 bytes 68414 pkt (dropped 1949, overlimits 67554 requeues 0) 
 backlog 9084b 6p requeues 0
qdisc pfifo 20: parent 1:10 limit 12p
 Sent 103416376 bytes 68414 pkt (dropped 1949, overlimits 0 requeues 0) 
 backlog 9084b 6p requeues 0
======================================================================
Timestamp: 2026-04-27 19:07:52
qdisc htb 1: root refcnt 13 r2q 10 default 0x10 direct_packets_stat 0 direct_qlen 1000
 Sent 104299025 bytes 68997 pkt (dropped 1983, overlimits 68137 requeues 0) 
 backlog 9084b 6p requeues 0
qdisc pfifo 20: parent 1:10 limit 12p
 Sent 104299025 bytes 68997 pkt (dropped 1983, overlimits 0 requeues 0) 
 backlog 9084b 6p requeues 0
======================================================================
Timestamp: 2026-04-27 19:07:53
qdisc htb 1: root refcnt 13 r2q 10 default 0x10 direct_packets_stat 0 direct_qlen 1000
 Sent 105133787 bytes 69549 pkt (dropped 1992, overlimits 68673 requeues 0) 
 backlog 0b 0p requeues 0
qdisc pfifo 20: parent 1:10 limit 12p
 Sent 105133787 bytes 69549 pkt (dropped 1992, overlimits 0 requeues 0) 
 backlog 0b 0p requeues 0
======================================================================
Timestamp: 2026-04-27 19:07:54
qdisc htb 1: root refcnt 13 r2q 10 default 0x10 direct_packets_stat 0 direct_qlen 1000
 Sent 106010380 bytes 70128 pkt (dropped 2024, overlimits 69245 requeues 0) 
 backlog 9084b 6p requeues 0
qdisc pfifo 20: parent 1:10 limit 12p
 Sent 106010380 bytes 70128 pkt (dropped 2024, overlimits 0 requeues 0) 
 backlog 9084b 6p requeues 0
======================================================================
Timestamp: 2026-04-27 19:07:55
qdisc htb 1: root refcnt 13 r2q 10 default 0x10 direct_packets_stat 0 direct_qlen 1000
 Sent 106791451 bytes 70644 pkt (dropped 2033, overlimits 69739 requeues 0) 
 backlog 0b 0p requeues 0
qdisc pfifo 20: parent 1:10 limit 12p
 Sent 106791451 bytes 70644 pkt (dropped 2033, overlimits 0 requeues 0) 
 backlog 0b 0p requeues 0
======================================================================
Timestamp: 2026-04-27 19:07:56
qdisc htb 1: root refcnt 13 r2q 10 default 0x10 direct_packets_stat 0 direct_qlen 1000
 Sent 107665016 bytes 71221 pkt (dropped 2065, overlimits 70306 requeues 0) 
 backlog 13626b 9p requeues 0
qdisc pfifo 20: parent 1:10 limit 12p
 Sent 107665016 bytes 71221 pkt (dropped 2065, overlimits 0 requeues 0) 
 backlog 13626b 9p requeues 0
======================================================================
Timestamp: 2026-04-27 19:07:57
qdisc htb 1: root refcnt 13 r2q 10 default 0x10 direct_packets_stat 0 direct_qlen 1000
 Sent 108537066 bytes 71797 pkt (dropped 2076, overlimits 70879 requeues 0) 
 backlog 1514b 1p requeues 0
qdisc pfifo 20: parent 1:10 limit 12p
 Sent 108537066 bytes 71797 pkt (dropped 2076, overlimits 0 requeues 0) 
 backlog 1514b 1p requeues 0
======================================================================
Timestamp: 2026-04-27 19:07:58
qdisc htb 1: root refcnt 13 r2q 10 default 0x10 direct_packets_stat 0 direct_qlen 1000
 Sent 109401547 bytes 72368 pkt (dropped 2101, overlimits 71439 requeues 0) 
 backlog 10598b 7p requeues 0
qdisc pfifo 20: parent 1:10 limit 12p
 Sent 109401547 bytes 72368 pkt (dropped 2101, overlimits 0 requeues 0) 
 backlog 10598b 7p requeues 0
======================================================================
Timestamp: 2026-04-27 19:07:59
qdisc htb 1: root refcnt 13 r2q 10 default 0x10 direct_packets_stat 0 direct_qlen 1000
 Sent 110241031 bytes 72923 pkt (dropped 2111, overlimits 71980 requeues 0) 
 backlog 10598b 7p requeues 0
qdisc pfifo 20: parent 1:10 limit 12p
 Sent 110241031 bytes 72923 pkt (dropped 2111, overlimits 0 requeues 0) 
 backlog 10598b 7p requeues 0
======================================================================
Timestamp: 2026-04-27 19:08:00
qdisc htb 1: root refcnt 13 r2q 10 default 0x10 direct_packets_stat 0 direct_qlen 1000
 Sent 111102616 bytes 73494 pkt (dropped 2138, overlimits 72542 requeues 0) 
 backlog 18168b 12p requeues 0
qdisc pfifo 20: parent 1:10 limit 12p
 Sent 111102616 bytes 73494 pkt (dropped 2138, overlimits 0 requeues 0) 
 backlog 18168b 12p requeues 0
======================================================================
Timestamp: 2026-04-27 19:08:01
qdisc htb 1: root refcnt 13 r2q 10 default 0x10 direct_packets_stat 0 direct_qlen 1000
 Sent 111969156 bytes 74067 pkt (dropped 2158, overlimits 73104 requeues 0) 
 backlog 3028b 2p requeues 0
qdisc pfifo 20: parent 1:10 limit 12p
 Sent 111969156 bytes 74067 pkt (dropped 2158, overlimits 0 requeues 0) 
 backlog 3028b 2p requeues 0
======================================================================
Timestamp: 2026-04-27 19:08:02
qdisc htb 1: root refcnt 13 r2q 10 default 0x10 direct_packets_stat 0 direct_qlen 1000
 Sent 112853319 bytes 74651 pkt (dropped 2187, overlimits 73684 requeues 0) 
 backlog 16654b 11p requeues 0
qdisc pfifo 20: parent 1:10 limit 12p
 Sent 112853319 bytes 74651 pkt (dropped 2187, overlimits 0 requeues 0) 
 backlog 16654b 11p requeues 0
======================================================================
Timestamp: 2026-04-27 19:08:03
qdisc htb 1: root refcnt 13 r2q 10 default 0x10 direct_packets_stat 0 direct_qlen 1000
 Sent 113712683 bytes 75219 pkt (dropped 2188, overlimits 74242 requeues 0) 
 backlog 10598b 7p requeues 0
qdisc pfifo 20: parent 1:10 limit 12p
 Sent 113712683 bytes 75219 pkt (dropped 2188, overlimits 0 requeues 0) 
 backlog 10598b 7p requeues 0
======================================================================
Timestamp: 2026-04-27 19:08:04
qdisc htb 1: root refcnt 13 r2q 10 default 0x10 direct_packets_stat 0 direct_qlen 1000
 Sent 114598360 bytes 75804 pkt (dropped 2218, overlimits 74827 requeues 0) 
 backlog 10598b 7p requeues 0
qdisc pfifo 20: parent 1:10 limit 12p
 Sent 114598360 bytes 75804 pkt (dropped 2218, overlimits 0 requeues 0) 
 backlog 10598b 7p requeues 0
======================================================================
Timestamp: 2026-04-27 19:08:05
qdisc htb 1: root refcnt 13 r2q 10 default 0x10 direct_packets_stat 0 direct_qlen 1000
 Sent 115456744 bytes 76371 pkt (dropped 2227, overlimits 75377 requeues 0) 
 backlog 9084b 6p requeues 0
qdisc pfifo 20: parent 1:10 limit 12p
 Sent 115456744 bytes 76371 pkt (dropped 2227, overlimits 0 requeues 0) 
 backlog 9084b 6p requeues 0
======================================================================
Timestamp: 2026-04-27 19:08:06
qdisc htb 1: root refcnt 13 r2q 10 default 0x10 direct_packets_stat 0 direct_qlen 1000
 Sent 116340907 bytes 76955 pkt (dropped 2256, overlimits 75961 requeues 0) 
 backlog 13626b 9p requeues 0
qdisc pfifo 20: parent 1:10 limit 12p
 Sent 116340907 bytes 76955 pkt (dropped 2256, overlimits 0 requeues 0) 
 backlog 13626b 9p requeues 0
======================================================================
Timestamp: 2026-04-27 19:08:07
qdisc htb 1: root refcnt 13 r2q 10 default 0x10 direct_packets_stat 0 direct_qlen 1000
 Sent 117228111 bytes 77541 pkt (dropped 2273, overlimits 76547 requeues 0) 
 backlog 9084b 6p requeues 0
qdisc pfifo 20: parent 1:10 limit 12p
 Sent 117228111 bytes 77541 pkt (dropped 2273, overlimits 0 requeues 0) 
 backlog 9084b 6p requeues 0
======================================================================
Timestamp: 2026-04-27 19:08:08
qdisc htb 1: root refcnt 13 r2q 10 default 0x10 direct_packets_stat 0 direct_qlen 1000
 Sent 118067252 bytes 78096 pkt (dropped 2295, overlimits 77083 requeues 0) 
 backlog 16654b 11p requeues 0
qdisc pfifo 20: parent 1:10 limit 12p
 Sent 118067252 bytes 78096 pkt (dropped 2295, overlimits 0 requeues 0) 
 backlog 16654b 11p requeues 0
======================================================================
Timestamp: 2026-04-27 19:08:09
qdisc htb 1: root refcnt 13 r2q 10 default 0x10 direct_packets_stat 0 direct_qlen 1000
 Sent 118935637 bytes 78670 pkt (dropped 2304, overlimits 77653 requeues 0) 
 backlog 1514b 1p requeues 0
qdisc pfifo 20: parent 1:10 limit 12p
 Sent 118935637 bytes 78670 pkt (dropped 2304, overlimits 0 requeues 0) 
 backlog 1514b 1p requeues 0
======================================================================
Timestamp: 2026-04-27 19:08:10
qdisc htb 1: root refcnt 13 r2q 10 default 0x10 direct_packets_stat 0 direct_qlen 1000
 Sent 119783464 bytes 79230 pkt (dropped 2324, overlimits 78200 requeues 0) 
 backlog 18168b 12p requeues 0
qdisc pfifo 20: parent 1:10 limit 12p
 Sent 119783464 bytes 79230 pkt (dropped 2324, overlimits 0 requeues 0) 
 backlog 18168b 12p requeues 0
======================================================================
Timestamp: 2026-04-27 19:08:11
qdisc htb 1: root refcnt 13 r2q 10 default 0x10 direct_packets_stat 0 direct_qlen 1000
 Sent 120622031 bytes 79784 pkt (dropped 2334, overlimits 78745 requeues 0) 
 backlog 6056b 4p requeues 0
qdisc pfifo 20: parent 1:10 limit 12p
 Sent 120622031 bytes 79784 pkt (dropped 2334, overlimits 0 requeues 0) 
 backlog 6056b 4p requeues 0
======================================================================
Timestamp: 2026-04-27 19:08:12
qdisc htb 1: root refcnt 13 r2q 10 default 0x10 direct_packets_stat 0 direct_qlen 1000
 Sent 121491054 bytes 80358 pkt (dropped 2363, overlimits 79310 requeues 0) 
 backlog 12112b 8p requeues 0
qdisc pfifo 20: parent 1:10 limit 12p
 Sent 121491054 bytes 80358 pkt (dropped 2363, overlimits 0 requeues 0) 
 backlog 12112b 8p requeues 0
======================================================================
Timestamp: 2026-04-27 19:08:13
qdisc htb 1: root refcnt 13 r2q 10 default 0x10 direct_packets_stat 0 direct_qlen 1000
 Sent 122349310 bytes 80925 pkt (dropped 2376, overlimits 79872 requeues 0) 
 backlog 0b 0p requeues 0
qdisc pfifo 20: parent 1:10 limit 12p
 Sent 122349310 bytes 80925 pkt (dropped 2376, overlimits 0 requeues 0) 
 backlog 0b 0p requeues 0
======================================================================
Timestamp: 2026-04-27 19:08:14
qdisc htb 1: root refcnt 13 r2q 10 default 0x10 direct_packets_stat 0 direct_qlen 1000
 Sent 123224389 bytes 81503 pkt (dropped 2395, overlimits 80440 requeues 0) 
 backlog 13626b 9p requeues 0
qdisc pfifo 20: parent 1:10 limit 12p
 Sent 123224389 bytes 81503 pkt (dropped 2395, overlimits 0 requeues 0) 
 backlog 13626b 9p requeues 0
======================================================================
Timestamp: 2026-04-27 19:08:15
qdisc htb 1: root refcnt 13 r2q 10 default 0x10 direct_packets_stat 0 direct_qlen 1000
 Sent 124057363 bytes 82055 pkt (dropped 2409, overlimits 80977 requeues 0) 
 backlog 0b 0p requeues 0
qdisc pfifo 20: parent 1:10 limit 12p
 Sent 124057363 bytes 82055 pkt (dropped 2409, overlimits 0 requeues 0) 
 backlog 0b 0p requeues 0
======================================================================
Timestamp: 2026-04-27 19:08:16
qdisc htb 1: root refcnt 13 r2q 10 default 0x10 direct_packets_stat 0 direct_qlen 1000
 Sent 124932442 bytes 82633 pkt (dropped 2429, overlimits 81548 requeues 0) 
 backlog 16654b 11p requeues 0
qdisc pfifo 20: parent 1:10 limit 12p
 Sent 124932442 bytes 82633 pkt (dropped 2429, overlimits 0 requeues 0) 
 backlog 16654b 11p requeues 0
======================================================================
Timestamp: 2026-04-27 19:08:17
qdisc htb 1: root refcnt 13 r2q 10 default 0x10 direct_packets_stat 0 direct_qlen 1000
 Sent 125814978 bytes 83216 pkt (dropped 2453, overlimits 82131 requeues 0) 
 backlog 6056b 4p requeues 0
qdisc pfifo 20: parent 1:10 limit 12p
 Sent 125814978 bytes 83216 pkt (dropped 2453, overlimits 0 requeues 0) 
 backlog 6056b 4p requeues 0
======================================================================
Timestamp: 2026-04-27 19:08:18
qdisc htb 1: root refcnt 13 r2q 10 default 0x10 direct_packets_stat 0 direct_qlen 1000
 Sent 126679459 bytes 83787 pkt (dropped 2478, overlimits 82681 requeues 0) 
 backlog 10598b 7p requeues 0
qdisc pfifo 20: parent 1:10 limit 12p
 Sent 126679459 bytes 83787 pkt (dropped 2478, overlimits 0 requeues 0) 
 backlog 10598b 7p requeues 0
======================================================================
Timestamp: 2026-04-27 19:08:19
qdisc htb 1: root refcnt 13 r2q 10 default 0x10 direct_packets_stat 0 direct_qlen 1000
 Sent 127562121 bytes 84370 pkt (dropped 2496, overlimits 83264 requeues 0) 
 backlog 13626b 9p requeues 0
qdisc pfifo 20: parent 1:10 limit 12p
 Sent 127562121 bytes 84370 pkt (dropped 2496, overlimits 0 requeues 0) 
 backlog 13626b 9p requeues 0
======================================================================
Timestamp: 2026-04-27 19:08:20
qdisc htb 1: root refcnt 13 r2q 10 default 0x10 direct_packets_stat 0 direct_qlen 1000
 Sent 128406519 bytes 84928 pkt (dropped 2520, overlimits 83804 requeues 0) 
 backlog 15140b 10p requeues 0
qdisc pfifo 20: parent 1:10 limit 12p
 Sent 128406519 bytes 84928 pkt (dropped 2520, overlimits 0 requeues 0) 
 backlog 15140b 10p requeues 0
======================================================================
Timestamp: 2026-04-27 19:08:21
qdisc htb 1: root refcnt 13 r2q 10 default 0x10 direct_packets_stat 0 direct_qlen 1000
 Sent 129289223 bytes 85512 pkt (dropped 2549, overlimits 84388 requeues 0) 
 backlog 13626b 9p requeues 0
qdisc pfifo 20: parent 1:10 limit 12p
 Sent 129289223 bytes 85512 pkt (dropped 2549, overlimits 0 requeues 0) 
 backlog 13626b 9p requeues 0
======================================================================
Timestamp: 2026-04-27 19:08:22
qdisc htb 1: root refcnt 13 r2q 10 default 0x10 direct_packets_stat 0 direct_qlen 1000
 Sent 130132474 bytes 86069 pkt (dropped 2561, overlimits 84924 requeues 0) 
 backlog 18168b 12p requeues 0
qdisc pfifo 20: parent 1:10 limit 12p
 Sent 130132474 bytes 86069 pkt (dropped 2561, overlimits 0 requeues 0) 
 backlog 18168b 12p requeues 0
======================================================================
Timestamp: 2026-04-27 19:08:23
qdisc htb 1: root refcnt 13 r2q 10 default 0x10 direct_packets_stat 0 direct_qlen 1000
 Sent 130988058 bytes 86635 pkt (dropped 2584, overlimits 85482 requeues 0) 
 backlog 0b 0p requeues 0
qdisc pfifo 20: parent 1:10 limit 12p
 Sent 130988058 bytes 86635 pkt (dropped 2584, overlimits 0 requeues 0) 
 backlog 0b 0p requeues 0
======================================================================
Timestamp: 2026-04-27 19:08:24
qdisc htb 1: root refcnt 13 r2q 10 default 0x10 direct_packets_stat 0 direct_qlen 1000
 Sent 131863137 bytes 87213 pkt (dropped 2600, overlimits 86044 requeues 0) 
 backlog 16654b 11p requeues 0
qdisc pfifo 20: parent 1:10 limit 12p
 Sent 131863137 bytes 87213 pkt (dropped 2600, overlimits 0 requeues 0) 
 backlog 16654b 11p requeues 0
======================================================================
Timestamp: 2026-04-27 19:08:25
qdisc htb 1: root refcnt 13 r2q 10 default 0x10 direct_packets_stat 0 direct_qlen 1000
 Sent 132707286 bytes 87771 pkt (dropped 2616, overlimits 86597 requeues 0) 
 backlog 9084b 6p requeues 0
qdisc pfifo 20: parent 1:10 limit 12p
 Sent 132707286 bytes 87771 pkt (dropped 2616, overlimits 0 requeues 0) 
 backlog 9084b 6p requeues 0
======================================================================
Timestamp: 2026-04-27 19:08:26
qdisc htb 1: root refcnt 13 r2q 10 default 0x10 direct_packets_stat 0 direct_qlen 1000
 Sent 133544515 bytes 88324 pkt (dropped 2631, overlimits 87143 requeues 0) 
 backlog 18168b 12p requeues 0
qdisc pfifo 20: parent 1:10 limit 12p
 Sent 133544515 bytes 88324 pkt (dropped 2631, overlimits 0 requeues 0) 
 backlog 18168b 12p requeues 0
======================================================================
Timestamp: 2026-04-27 19:08:27
qdisc htb 1: root refcnt 13 r2q 10 default 0x10 direct_packets_stat 0 direct_qlen 1000
 Sent 134427177 bytes 88907 pkt (dropped 2653, overlimits 87726 requeues 0) 
 backlog 15140b 10p requeues 0
qdisc pfifo 20: parent 1:10 limit 12p
 Sent 134427177 bytes 88907 pkt (dropped 2653, overlimits 0 requeues 0) 
 backlog 15140b 10p requeues 0
======================================================================
Timestamp: 2026-04-27 19:08:28
qdisc htb 1: root refcnt 13 r2q 10 default 0x10 direct_packets_stat 0 direct_qlen 1000
 Sent 135295900 bytes 89481 pkt (dropped 2657, overlimits 88297 requeues 0) 
 backlog 18168b 12p requeues 0
qdisc pfifo 20: parent 1:10 limit 12p
 Sent 135295900 bytes 89481 pkt (dropped 2657, overlimits 0 requeues 0) 
 backlog 18168b 12p requeues 0
======================================================================
Timestamp: 2026-04-27 19:08:29
qdisc htb 1: root refcnt 13 r2q 10 default 0x10 direct_packets_stat 0 direct_qlen 1000
 Sent 136154108 bytes 90048 pkt (dropped 2693, overlimits 88856 requeues 0) 
 backlog 0b 0p requeues 0
qdisc pfifo 20: parent 1:10 limit 12p
 Sent 136154108 bytes 90048 pkt (dropped 2693, overlimits 0 requeues 0) 
 backlog 0b 0p requeues 0
======================================================================
Timestamp: 2026-04-27 19:08:30
qdisc htb 1: root refcnt 13 r2q 10 default 0x10 direct_packets_stat 0 direct_qlen 1000
 Sent 137026225 bytes 90625 pkt (dropped 2693, overlimits 89426 requeues 0) 
 backlog 13626b 9p requeues 0
qdisc pfifo 20: parent 1:10 limit 12p
 Sent 137026225 bytes 90625 pkt (dropped 2693, overlimits 0 requeues 0) 
 backlog 13626b 9p requeues 0
======================================================================
Timestamp: 2026-04-27 19:08:31
qdisc htb 1: root refcnt 13 r2q 10 default 0x10 direct_packets_stat 0 direct_qlen 1000
 Sent 137910401 bytes 91209 pkt (dropped 2739, overlimits 90010 requeues 0) 
 backlog 12112b 8p requeues 0
qdisc pfifo 20: parent 1:10 limit 12p
 Sent 137910401 bytes 91209 pkt (dropped 2739, overlimits 0 requeues 0) 
 backlog 12112b 8p requeues 0
======================================================================
Timestamp: 2026-04-27 19:08:32
qdisc htb 1: root refcnt 13 r2q 10 default 0x10 direct_packets_stat 0 direct_qlen 1000
 Sent 138769478 bytes 91777 pkt (dropped 2741, overlimits 90564 requeues 0) 
 backlog 9071b 6p requeues 0
qdisc pfifo 20: parent 1:10 limit 12p
 Sent 138769478 bytes 91777 pkt (dropped 2741, overlimits 0 requeues 0) 
 backlog 9071b 6p requeues 0
======================================================================
Timestamp: 2026-04-27 19:08:33
qdisc htb 1: root refcnt 13 r2q 10 default 0x10 direct_packets_stat 0 direct_qlen 1000
 Sent 139646071 bytes 92356 pkt (dropped 2764, overlimits 91134 requeues 0) 
 backlog 9084b 6p requeues 0
qdisc pfifo 20: parent 1:10 limit 12p
 Sent 139646071 bytes 92356 pkt (dropped 2764, overlimits 0 requeues 0) 
 backlog 9084b 6p requeues 0
======================================================================
Timestamp: 2026-04-27 19:08:34
qdisc htb 1: root refcnt 13 r2q 10 default 0x10 direct_packets_stat 0 direct_qlen 1000
 Sent 140457142 bytes 92892 pkt (dropped 2775, overlimits 91640 requeues 0) 
 backlog 7570b 5p requeues 0
qdisc pfifo 20: parent 1:10 limit 12p
 Sent 140457142 bytes 92892 pkt (dropped 2775, overlimits 0 requeues 0) 
 backlog 7570b 5p requeues 0
======================================================================
Timestamp: 2026-04-27 19:08:35
qdisc htb 1: root refcnt 13 r2q 10 default 0x10 direct_packets_stat 0 direct_qlen 1000
 Sent 141341305 bytes 93476 pkt (dropped 2808, overlimits 92224 requeues 0) 
 backlog 12112b 8p requeues 0
qdisc pfifo 20: parent 1:10 limit 12p
 Sent 141341305 bytes 93476 pkt (dropped 2808, overlimits 0 requeues 0) 
 backlog 12112b 8p requeues 0
======================================================================
Timestamp: 2026-04-27 19:08:36
qdisc htb 1: root refcnt 13 r2q 10 default 0x10 direct_packets_stat 0 direct_qlen 1000
 Sent 142180128 bytes 94031 pkt (dropped 2811, overlimits 92755 requeues 0) 
 backlog 12112b 8p requeues 0
qdisc pfifo 20: parent 1:10 limit 12p
 Sent 142180128 bytes 94031 pkt (dropped 2811, overlimits 0 requeues 0) 
 backlog 12112b 8p requeues 0
======================================================================
Timestamp: 2026-04-27 19:08:37
qdisc htb 1: root refcnt 13 r2q 10 default 0x10 direct_packets_stat 0 direct_qlen 1000
 Sent 143054634 bytes 94616 pkt (dropped 2843, overlimits 93325 requeues 0) 
 backlog 4542b 3p requeues 0
qdisc pfifo 20: parent 1:10 limit 12p
 Sent 143054634 bytes 94616 pkt (dropped 2843, overlimits 0 requeues 0) 
 backlog 4542b 3p requeues 0
======================================================================
Timestamp: 2026-04-27 19:08:38
qdisc htb 1: root refcnt 13 r2q 10 default 0x10 direct_packets_stat 0 direct_qlen 1000
 Sent 143067803 bytes 94626 pkt (dropped 2843, overlimits 93335 requeues 0) 
 backlog 0b 0p requeues 0
qdisc pfifo 20: parent 1:10 limit 12p
 Sent 143067803 bytes 94626 pkt (dropped 2843, overlimits 0 requeues 0) 
 backlog 0b 0p requeues 0
======================================================================
Timestamp: 2026-04-27 19:08:39
qdisc htb 1: root refcnt 13 r2q 10 default 0x10 direct_packets_stat 0 direct_qlen 1000
 Sent 143494372 bytes 94908 pkt (dropped 2843, overlimits 93615 requeues 0) 
 backlog 0b 0p requeues 0
qdisc pfifo 20: parent 1:10 limit 12p
 Sent 143494372 bytes 94908 pkt (dropped 2843, overlimits 0 requeues 0) 
 backlog 0b 0p requeues 0
======================================================================
Timestamp: 2026-04-27 19:08:40
qdisc htb 1: root refcnt 13 r2q 10 default 0x10 direct_packets_stat 0 direct_qlen 1000
 Sent 143494372 bytes 94908 pkt (dropped 2843, overlimits 93615 requeues 0) 
 backlog 0b 0p requeues 0
qdisc pfifo 20: parent 1:10 limit 12p
 Sent 143494372 bytes 94908 pkt (dropped 2843, overlimits 0 requeues 0) 
 backlog 0b 0p requeues 0
======================================================================
Timestamp: 2026-04-27 19:08:41
qdisc htb 1: root refcnt 13 r2q 10 default 0x10 direct_packets_stat 0 direct_qlen 1000
 Sent 143915862 bytes 95187 pkt (dropped 2843, overlimits 93892 requeues 0) 
 backlog 0b 0p requeues 0
qdisc pfifo 20: parent 1:10 limit 12p
 Sent 143915862 bytes 95187 pkt (dropped 2843, overlimits 0 requeues 0) 
 backlog 0b 0p requeues 0
======================================================================
Timestamp: 2026-04-27 19:08:42
qdisc htb 1: root refcnt 13 r2q 10 default 0x10 direct_packets_stat 0 direct_qlen 1000
 Sent 143915862 bytes 95187 pkt (dropped 2843, overlimits 93892 requeues 0) 
 backlog 0b 0p requeues 0
qdisc pfifo 20: parent 1:10 limit 12p
 Sent 143915862 bytes 95187 pkt (dropped 2843, overlimits 0 requeues 0) 
 backlog 0b 0p requeues 0
======================================================================
Timestamp: 2026-04-27 19:08:43
qdisc htb 1: root refcnt 13 r2q 10 default 0x10 direct_packets_stat 0 direct_qlen 1000
 Sent 144344016 bytes 95470 pkt (dropped 2843, overlimits 94173 requeues 0) 
 backlog 0b 0p requeues 0
qdisc pfifo 20: parent 1:10 limit 12p
 Sent 144344016 bytes 95470 pkt (dropped 2843, overlimits 0 requeues 0) 
 backlog 0b 0p requeues 0
======================================================================
Timestamp: 2026-04-27 19:08:44
qdisc htb 1: root refcnt 13 r2q 10 default 0x10 direct_packets_stat 0 direct_qlen 1000
 Sent 144344016 bytes 95470 pkt (dropped 2843, overlimits 94173 requeues 0) 
 backlog 0b 0p requeues 0
qdisc pfifo 20: parent 1:10 limit 12p
 Sent 144344016 bytes 95470 pkt (dropped 2843, overlimits 0 requeues 0) 
 backlog 0b 0p requeues 0
======================================================================
Timestamp: 2026-04-27 19:08:45
qdisc htb 1: root refcnt 13 r2q 10 default 0x10 direct_packets_stat 0 direct_qlen 1000
 Sent 144777476 bytes 95758 pkt (dropped 2843, overlimits 94457 requeues 0) 
 backlog 0b 0p requeues 0
qdisc pfifo 20: parent 1:10 limit 12p
 Sent 144777476 bytes 95758 pkt (dropped 2843, overlimits 0 requeues 0) 
 backlog 0b 0p requeues 0
======================================================================
Timestamp: 2026-04-27 19:08:46
qdisc htb 1: root refcnt 13 r2q 10 default 0x10 direct_packets_stat 0 direct_qlen 1000
 Sent 144777542 bytes 95759 pkt (dropped 2843, overlimits 94457 requeues 0) 
 backlog 0b 0p requeues 0
qdisc pfifo 20: parent 1:10 limit 12p
 Sent 144777542 bytes 95759 pkt (dropped 2843, overlimits 0 requeues 0) 
 backlog 0b 0p requeues 0
======================================================================
Timestamp: 2026-04-27 19:08:47
qdisc htb 1: root refcnt 13 r2q 10 default 0x10 direct_packets_stat 0 direct_qlen 1000
 Sent 145489109 bytes 96229 pkt (dropped 2843, overlimits 94916 requeues 0) 
 backlog 0b 0p requeues 0
qdisc pfifo 20: parent 1:10 limit 12p
 Sent 145489109 bytes 96229 pkt (dropped 2843, overlimits 0 requeues 0) 
 backlog 0b 0p requeues 0
======================================================================
Timestamp: 2026-04-27 19:08:48
qdisc htb 1: root refcnt 13 r2q 10 default 0x10 direct_packets_stat 0 direct_qlen 1000
 Sent 145600951 bytes 96303 pkt (dropped 2843, overlimits 94983 requeues 0) 
 backlog 0b 0p requeues 0
qdisc pfifo 20: parent 1:10 limit 12p
 Sent 145600951 bytes 96303 pkt (dropped 2843, overlimits 0 requeues 0) 
 backlog 0b 0p requeues 0
======================================================================
Timestamp: 2026-04-27 19:08:49
qdisc htb 1: root refcnt 13 r2q 10 default 0x10 direct_packets_stat 0 direct_qlen 1000
 Sent 146357938 bytes 96803 pkt (dropped 2843, overlimits 95481 requeues 0) 
 backlog 4542b 3p requeues 0
qdisc pfifo 20: parent 1:10 limit 12p
 Sent 146357938 bytes 96803 pkt (dropped 2843, overlimits 0 requeues 0) 
 backlog 4542b 3p requeues 0
======================================================================
Timestamp: 2026-04-27 19:08:50
qdisc htb 1: root refcnt 13 r2q 10 default 0x10 direct_packets_stat 0 direct_qlen 1000
 Sent 146569669 bytes 96943 pkt (dropped 2843, overlimits 95621 requeues 0) 
 backlog 0b 0p requeues 0
qdisc pfifo 20: parent 1:10 limit 12p
 Sent 146569669 bytes 96943 pkt (dropped 2843, overlimits 0 requeues 0) 
 backlog 0b 0p requeues 0
======================================================================
Timestamp: 2026-04-27 19:08:51
qdisc htb 1: root refcnt 13 r2q 10 default 0x10 direct_packets_stat 0 direct_qlen 1000
 Sent 147316058 bytes 97436 pkt (dropped 2843, overlimits 96112 requeues 0) 
 backlog 7570b 5p requeues 0
qdisc pfifo 20: parent 1:10 limit 12p
 Sent 147316058 bytes 97436 pkt (dropped 2843, overlimits 0 requeues 0) 
 backlog 7570b 5p requeues 0
======================================================================
Timestamp: 2026-04-27 19:08:52
qdisc htb 1: root refcnt 13 r2q 10 default 0x10 direct_packets_stat 0 direct_qlen 1000
 Sent 148176257 bytes 98005 pkt (dropped 2843, overlimits 96680 requeues 0) 
 backlog 6056b 4p requeues 0
qdisc pfifo 20: parent 1:10 limit 12p
 Sent 148176257 bytes 98005 pkt (dropped 2843, overlimits 0 requeues 0) 
 backlog 6056b 4p requeues 0
======================================================================
Timestamp: 2026-04-27 19:08:53
qdisc htb 1: root refcnt 13 r2q 10 default 0x10 direct_packets_stat 0 direct_qlen 1000
 Sent 149035329 bytes 98573 pkt (dropped 2843, overlimits 97247 requeues 0) 
 backlog 7570b 5p requeues 0
qdisc pfifo 20: parent 1:10 limit 12p
 Sent 149035329 bytes 98573 pkt (dropped 2843, overlimits 0 requeues 0) 
 backlog 7570b 5p requeues 0
======================================================================
Timestamp: 2026-04-27 19:08:54
qdisc htb 1: root refcnt 13 r2q 10 default 0x10 direct_packets_stat 0 direct_qlen 1000
 Sent 149243251 bytes 98711 pkt (dropped 2843, overlimits 97384 requeues 0) 
 backlog 0b 0p requeues 0
qdisc pfifo 20: parent 1:10 limit 12p
 Sent 149243251 bytes 98711 pkt (dropped 2843, overlimits 0 requeues 0) 
 backlog 0b 0p requeues 0
======================================================================
Timestamp: 2026-04-27 19:08:55
qdisc htb 1: root refcnt 13 r2q 10 default 0x10 direct_packets_stat 0 direct_qlen 1000
 Sent 149959360 bytes 99184 pkt (dropped 2843, overlimits 97855 requeues 0) 
 backlog 7570b 5p requeues 0
qdisc pfifo 20: parent 1:10 limit 12p
 Sent 149959360 bytes 99184 pkt (dropped 2843, overlimits 0 requeues 0) 
 backlog 7570b 5p requeues 0
======================================================================
Timestamp: 2026-04-27 19:08:56
qdisc htb 1: root refcnt 13 r2q 10 default 0x10 direct_packets_stat 0 direct_qlen 1000
 Sent 150345991 bytes 99440 pkt (dropped 2843, overlimits 98111 requeues 0) 
 backlog 0b 0p requeues 0
qdisc pfifo 20: parent 1:10 limit 12p
 Sent 150345991 bytes 99440 pkt (dropped 2843, overlimits 0 requeues 0) 
 backlog 0b 0p requeues 0
