Starting TC Qdisc Monitoring for s1-eth2
Timestamp, Qdisc Stats
======================================================================
Timestamp: 2026-04-01 10:34:44
qdisc htb 1: root refcnt 13 r2q 10 default 0x10 direct_packets_stat 0 direct_qlen 1000
 Sent 3641 bytes 29 pkt (dropped 0, overlimits 0 requeues 0) 
 backlog 0b 0p requeues 0
qdisc pfifo 20: parent 1:10 limit 12p
 Sent 3641 bytes 29 pkt (dropped 0, overlimits 0 requeues 0) 
 backlog 0b 0p requeues 0
======================================================================
Timestamp: 2026-04-01 10:34:45
qdisc htb 1: root refcnt 13 r2q 10 default 0x10 direct_packets_stat 0 direct_qlen 1000
 Sent 6904 bytes 35 pkt (dropped 0, overlimits 1 requeues 0) 
 backlog 0b 0p requeues 0
qdisc pfifo 20: parent 1:10 limit 12p
 Sent 6904 bytes 35 pkt (dropped 0, overlimits 0 requeues 0) 
 backlog 0b 0p requeues 0
======================================================================
Timestamp: 2026-04-01 10:34:46
qdisc htb 1: root refcnt 13 r2q 10 default 0x10 direct_packets_stat 0 direct_qlen 1000
 Sent 320611 bytes 247 pkt (dropped 0, overlimits 205 requeues 0) 
 backlog 0b 0p requeues 0
qdisc pfifo 20: parent 1:10 limit 12p
 Sent 320611 bytes 247 pkt (dropped 0, overlimits 0 requeues 0) 
 backlog 0b 0p requeues 0
======================================================================
Timestamp: 2026-04-01 10:34:47
qdisc htb 1: root refcnt 13 r2q 10 default 0x10 direct_packets_stat 0 direct_qlen 1000
 Sent 354271 bytes 277 pkt (dropped 0, overlimits 205 requeues 0) 
 backlog 0b 0p requeues 0
qdisc pfifo 20: parent 1:10 limit 12p
 Sent 354271 bytes 277 pkt (dropped 0, overlimits 0 requeues 0) 
 backlog 0b 0p requeues 0
======================================================================
Timestamp: 2026-04-01 10:34:48
qdisc htb 1: root refcnt 13 r2q 10 default 0x10 direct_packets_stat 0 direct_qlen 1000
 Sent 1024624 bytes 725 pkt (dropped 0, overlimits 639 requeues 0) 
 backlog 6056b 4p requeues 0
qdisc pfifo 20: parent 1:10 limit 12p
 Sent 1024624 bytes 725 pkt (dropped 0, overlimits 0 requeues 0) 
 backlog 6056b 4p requeues 0
======================================================================
Timestamp: 2026-04-01 10:34:49
qdisc htb 1: root refcnt 13 r2q 10 default 0x10 direct_packets_stat 0 direct_qlen 1000
 Sent 1904258 bytes 1306 pkt (dropped 0, overlimits 1220 requeues 0) 
 backlog 6056b 4p requeues 0
qdisc pfifo 20: parent 1:10 limit 12p
 Sent 1904258 bytes 1306 pkt (dropped 0, overlimits 0 requeues 0) 
 backlog 6056b 4p requeues 0
======================================================================
Timestamp: 2026-04-01 10:34:50
qdisc htb 1: root refcnt 13 r2q 10 default 0x10 direct_packets_stat 0 direct_qlen 1000
 Sent 2760410 bytes 1872 pkt (dropped 0, overlimits 1785 requeues 0) 
 backlog 6056b 4p requeues 0
qdisc pfifo 20: parent 1:10 limit 12p
 Sent 2760410 bytes 1872 pkt (dropped 0, overlimits 0 requeues 0) 
 backlog 6056b 4p requeues 0
======================================================================
Timestamp: 2026-04-01 10:34:51
qdisc htb 1: root refcnt 13 r2q 10 default 0x10 direct_packets_stat 0 direct_qlen 1000
 Sent 3359885 bytes 2271 pkt (dropped 0, overlimits 2183 requeues 0) 
 backlog 0b 0p requeues 0
qdisc pfifo 20: parent 1:10 limit 12p
 Sent 3359885 bytes 2271 pkt (dropped 0, overlimits 0 requeues 0) 
 backlog 0b 0p requeues 0
======================================================================
Timestamp: 2026-04-01 10:34:52
qdisc htb 1: root refcnt 13 r2q 10 default 0x10 direct_packets_stat 0 direct_qlen 1000
 Sent 4046980 bytes 2725 pkt (dropped 0, overlimits 2634 requeues 0) 
 backlog 6056b 4p requeues 0
qdisc pfifo 20: parent 1:10 limit 12p
 Sent 4046980 bytes 2725 pkt (dropped 0, overlimits 0 requeues 0) 
 backlog 6056b 4p requeues 0
======================================================================
Timestamp: 2026-04-01 10:34:53
qdisc htb 1: root refcnt 13 r2q 10 default 0x10 direct_packets_stat 0 direct_qlen 1000
 Sent 4527723 bytes 3043 pkt (dropped 0, overlimits 2952 requeues 0) 
 backlog 0b 0p requeues 0
qdisc pfifo 20: parent 1:10 limit 12p
 Sent 4527723 bytes 3043 pkt (dropped 0, overlimits 0 requeues 0) 
 backlog 0b 0p requeues 0
======================================================================
Timestamp: 2026-04-01 10:34:54
qdisc htb 1: root refcnt 13 r2q 10 default 0x10 direct_packets_stat 0 direct_qlen 1000
 Sent 5199507 bytes 3488 pkt (dropped 0, overlimits 3393 requeues 0) 
 backlog 7570b 5p requeues 0
qdisc pfifo 20: parent 1:10 limit 12p
 Sent 5199507 bytes 3488 pkt (dropped 0, overlimits 0 requeues 0) 
 backlog 7570b 5p requeues 0
======================================================================
Timestamp: 2026-04-01 10:34:55
qdisc htb 1: root refcnt 13 r2q 10 default 0x10 direct_packets_stat 0 direct_qlen 1000
 Sent 5386873 bytes 3612 pkt (dropped 0, overlimits 3517 requeues 0) 
 backlog 0b 0p requeues 0
qdisc pfifo 20: parent 1:10 limit 12p
 Sent 5386873 bytes 3612 pkt (dropped 0, overlimits 0 requeues 0) 
 backlog 0b 0p requeues 0
======================================================================
Timestamp: 2026-04-01 10:34:56
qdisc htb 1: root refcnt 13 r2q 10 default 0x10 direct_packets_stat 0 direct_qlen 1000
 Sent 6045202 bytes 4047 pkt (dropped 0, overlimits 3949 requeues 0) 
 backlog 7570b 5p requeues 0
qdisc pfifo 20: parent 1:10 limit 12p
 Sent 6045202 bytes 4047 pkt (dropped 0, overlimits 0 requeues 0) 
 backlog 7570b 5p requeues 0
======================================================================
Timestamp: 2026-04-01 10:34:57
qdisc htb 1: root refcnt 13 r2q 10 default 0x10 direct_packets_stat 0 direct_qlen 1000
 Sent 6352942 bytes 4251 pkt (dropped 0, overlimits 4153 requeues 0) 
 backlog 0b 0p requeues 0
qdisc pfifo 20: parent 1:10 limit 12p
 Sent 6352942 bytes 4251 pkt (dropped 0, overlimits 0 requeues 0) 
 backlog 0b 0p requeues 0
======================================================================
Timestamp: 2026-04-01 10:34:58
qdisc htb 1: root refcnt 13 r2q 10 default 0x10 direct_packets_stat 0 direct_qlen 1000
 Sent 7002187 bytes 4680 pkt (dropped 0, overlimits 4579 requeues 0) 
 backlog 7570b 5p requeues 0
qdisc pfifo 20: parent 1:10 limit 12p
 Sent 7002187 bytes 4680 pkt (dropped 0, overlimits 0 requeues 0) 
 backlog 7570b 5p requeues 0
======================================================================
Timestamp: 2026-04-01 10:34:59
qdisc htb 1: root refcnt 13 r2q 10 default 0x10 direct_packets_stat 0 direct_qlen 1000
 Sent 7303357 bytes 4879 pkt (dropped 0, overlimits 4778 requeues 0) 
 backlog 0b 0p requeues 0
qdisc pfifo 20: parent 1:10 limit 12p
 Sent 7303357 bytes 4879 pkt (dropped 0, overlimits 0 requeues 0) 
 backlog 0b 0p requeues 0
======================================================================
Timestamp: 2026-04-01 10:35:00
qdisc htb 1: root refcnt 13 r2q 10 default 0x10 direct_packets_stat 0 direct_qlen 1000
 Sent 7935948 bytes 5297 pkt (dropped 0, overlimits 5193 requeues 0) 
 backlog 6056b 4p requeues 0
qdisc pfifo 20: parent 1:10 limit 12p
 Sent 7935948 bytes 5297 pkt (dropped 0, overlimits 0 requeues 0) 
 backlog 6056b 4p requeues 0
======================================================================
Timestamp: 2026-04-01 10:35:01
qdisc htb 1: root refcnt 13 r2q 10 default 0x10 direct_packets_stat 0 direct_qlen 1000
 Sent 8279238 bytes 5524 pkt (dropped 0, overlimits 5420 requeues 0) 
 backlog 0b 0p requeues 0
qdisc pfifo 20: parent 1:10 limit 12p
 Sent 8279238 bytes 5524 pkt (dropped 0, overlimits 0 requeues 0) 
 backlog 0b 0p requeues 0
======================================================================
Timestamp: 2026-04-01 10:35:02
qdisc htb 1: root refcnt 13 r2q 10 default 0x10 direct_packets_stat 0 direct_qlen 1000
 Sent 8902745 bytes 5936 pkt (dropped 0, overlimits 5829 requeues 0) 
 backlog 4542b 3p requeues 0
qdisc pfifo 20: parent 1:10 limit 12p
 Sent 8902745 bytes 5936 pkt (dropped 0, overlimits 0 requeues 0) 
 backlog 4542b 3p requeues 0
======================================================================
Timestamp: 2026-04-01 10:35:03
qdisc htb 1: root refcnt 13 r2q 10 default 0x10 direct_packets_stat 0 direct_qlen 1000
 Sent 8910678 bytes 5943 pkt (dropped 0, overlimits 5835 requeues 0) 
 backlog 0b 0p requeues 0
qdisc pfifo 20: parent 1:10 limit 12p
 Sent 8910678 bytes 5943 pkt (dropped 0, overlimits 0 requeues 0) 
 backlog 0b 0p requeues 0
======================================================================
Timestamp: 2026-04-01 10:35:04
qdisc htb 1: root refcnt 13 r2q 10 default 0x10 direct_packets_stat 0 direct_qlen 1000
 Sent 9517531 bytes 6344 pkt (dropped 0, overlimits 6233 requeues 0) 
 backlog 6056b 4p requeues 0
qdisc pfifo 20: parent 1:10 limit 12p
 Sent 9517531 bytes 6344 pkt (dropped 0, overlimits 0 requeues 0) 
 backlog 6056b 4p requeues 0
======================================================================
Timestamp: 2026-04-01 10:35:05
qdisc htb 1: root refcnt 13 r2q 10 default 0x10 direct_packets_stat 0 direct_qlen 1000
 Sent 9731192 bytes 6487 pkt (dropped 0, overlimits 6376 requeues 0) 
 backlog 0b 0p requeues 0
qdisc pfifo 20: parent 1:10 limit 12p
 Sent 9731192 bytes 6487 pkt (dropped 0, overlimits 0 requeues 0) 
 backlog 0b 0p requeues 0
======================================================================
Timestamp: 2026-04-01 10:35:06
qdisc htb 1: root refcnt 13 r2q 10 default 0x10 direct_packets_stat 0 direct_qlen 1000
 Sent 10332129 bytes 6886 pkt (dropped 0, overlimits 6772 requeues 0) 
 backlog 6056b 4p requeues 0
qdisc pfifo 20: parent 1:10 limit 12p
 Sent 10332129 bytes 6886 pkt (dropped 0, overlimits 0 requeues 0) 
 backlog 6056b 4p requeues 0
======================================================================
Timestamp: 2026-04-01 10:35:07
qdisc htb 1: root refcnt 13 r2q 10 default 0x10 direct_packets_stat 0 direct_qlen 1000
 Sent 10520175 bytes 7011 pkt (dropped 0, overlimits 6897 requeues 0) 
 backlog 0b 0p requeues 0
qdisc pfifo 20: parent 1:10 limit 12p
 Sent 10520175 bytes 7011 pkt (dropped 0, overlimits 0 requeues 0) 
 backlog 0b 0p requeues 0
======================================================================
Timestamp: 2026-04-01 10:35:08
qdisc htb 1: root refcnt 13 r2q 10 default 0x10 direct_packets_stat 0 direct_qlen 1000
 Sent 11118014 bytes 7407 pkt (dropped 0, overlimits 7290 requeues 0) 
 backlog 6056b 4p requeues 0
qdisc pfifo 20: parent 1:10 limit 12p
 Sent 11118014 bytes 7407 pkt (dropped 0, overlimits 0 requeues 0) 
 backlog 6056b 4p requeues 0
======================================================================
Timestamp: 2026-04-01 10:35:09
qdisc htb 1: root refcnt 13 r2q 10 default 0x10 direct_packets_stat 0 direct_qlen 1000
 Sent 11347920 bytes 7559 pkt (dropped 0, overlimits 7442 requeues 0) 
 backlog 0b 0p requeues 0
qdisc pfifo 20: parent 1:10 limit 12p
 Sent 11347920 bytes 7559 pkt (dropped 0, overlimits 0 requeues 0) 
 backlog 0b 0p requeues 0
======================================================================
Timestamp: 2026-04-01 10:35:10
qdisc htb 1: root refcnt 13 r2q 10 default 0x10 direct_packets_stat 0 direct_qlen 1000
 Sent 11932284 bytes 7946 pkt (dropped 0, overlimits 7826 requeues 0) 
 backlog 7570b 5p requeues 0
qdisc pfifo 20: parent 1:10 limit 12p
 Sent 11932284 bytes 7946 pkt (dropped 0, overlimits 0 requeues 0) 
 backlog 7570b 5p requeues 0
======================================================================
Timestamp: 2026-04-01 10:35:11
qdisc htb 1: root refcnt 13 r2q 10 default 0x10 direct_packets_stat 0 direct_qlen 1000
 Sent 12252802 bytes 8158 pkt (dropped 0, overlimits 8038 requeues 0) 
 backlog 0b 0p requeues 0
qdisc pfifo 20: parent 1:10 limit 12p
 Sent 12252802 bytes 8158 pkt (dropped 0, overlimits 0 requeues 0) 
 backlog 0b 0p requeues 0
======================================================================
Timestamp: 2026-04-01 10:35:12
qdisc htb 1: root refcnt 13 r2q 10 default 0x10 direct_packets_stat 0 direct_qlen 1000
 Sent 12823319 bytes 8535 pkt (dropped 0, overlimits 8412 requeues 0) 
 backlog 6056b 4p requeues 0
qdisc pfifo 20: parent 1:10 limit 12p
 Sent 12823319 bytes 8535 pkt (dropped 0, overlimits 0 requeues 0) 
 backlog 6056b 4p requeues 0
======================================================================
Timestamp: 2026-04-01 10:35:13
qdisc htb 1: root refcnt 13 r2q 10 default 0x10 direct_packets_stat 0 direct_qlen 1000
 Sent 13090414 bytes 8712 pkt (dropped 0, overlimits 8589 requeues 0) 
 backlog 0b 0p requeues 0
qdisc pfifo 20: parent 1:10 limit 12p
 Sent 13090414 bytes 8712 pkt (dropped 0, overlimits 0 requeues 0) 
 backlog 0b 0p requeues 0
======================================================================
Timestamp: 2026-04-01 10:35:14
qdisc htb 1: root refcnt 13 r2q 10 default 0x10 direct_packets_stat 0 direct_qlen 1000
 Sent 13645791 bytes 9079 pkt (dropped 0, overlimits 8953 requeues 0) 
 backlog 4542b 3p requeues 0
qdisc pfifo 20: parent 1:10 limit 12p
 Sent 13645791 bytes 9079 pkt (dropped 0, overlimits 0 requeues 0) 
 backlog 4542b 3p requeues 0
======================================================================
Timestamp: 2026-04-01 10:35:15
qdisc htb 1: root refcnt 13 r2q 10 default 0x10 direct_packets_stat 0 direct_qlen 1000
 Sent 13997413 bytes 9312 pkt (dropped 0, overlimits 9186 requeues 0) 
 backlog 0b 0p requeues 0
qdisc pfifo 20: parent 1:10 limit 12p
 Sent 13997413 bytes 9312 pkt (dropped 0, overlimits 0 requeues 0) 
 backlog 0b 0p requeues 0
======================================================================
Timestamp: 2026-04-01 10:35:16
qdisc htb 1: root refcnt 13 r2q 10 default 0x10 direct_packets_stat 0 direct_qlen 1000
 Sent 14537650 bytes 9669 pkt (dropped 0, overlimits 9540 requeues 0) 
 backlog 7570b 5p requeues 0
qdisc pfifo 20: parent 1:10 limit 12p
 Sent 14537650 bytes 9669 pkt (dropped 0, overlimits 0 requeues 0) 
 backlog 7570b 5p requeues 0
======================================================================
Timestamp: 2026-04-01 10:35:17
qdisc htb 1: root refcnt 13 r2q 10 default 0x10 direct_packets_stat 0 direct_qlen 1000
 Sent 14683173 bytes 9766 pkt (dropped 0, overlimits 9637 requeues 0) 
 backlog 0b 0p requeues 0
qdisc pfifo 20: parent 1:10 limit 12p
 Sent 14683173 bytes 9766 pkt (dropped 0, overlimits 0 requeues 0) 
 backlog 0b 0p requeues 0
======================================================================
Timestamp: 2026-04-01 10:35:18
qdisc htb 1: root refcnt 13 r2q 10 default 0x10 direct_packets_stat 0 direct_qlen 1000
 Sent 15212878 bytes 10117 pkt (dropped 0, overlimits 9984 requeues 0) 
 backlog 6056b 4p requeues 0
qdisc pfifo 20: parent 1:10 limit 12p
 Sent 15212878 bytes 10117 pkt (dropped 0, overlimits 0 requeues 0) 
 backlog 6056b 4p requeues 0
======================================================================
Timestamp: 2026-04-01 10:35:19
qdisc htb 1: root refcnt 13 r2q 10 default 0x10 direct_packets_stat 0 direct_qlen 1000
 Sent 15458479 bytes 10280 pkt (dropped 0, overlimits 10147 requeues 0) 
 backlog 0b 0p requeues 0
qdisc pfifo 20: parent 1:10 limit 12p
 Sent 15458479 bytes 10280 pkt (dropped 0, overlimits 0 requeues 0) 
 backlog 0b 0p requeues 0
======================================================================
Timestamp: 2026-04-01 10:35:20
qdisc htb 1: root refcnt 13 r2q 10 default 0x10 direct_packets_stat 0 direct_qlen 1000
 Sent 15986670 bytes 10630 pkt (dropped 0, overlimits 10493 requeues 0) 
 backlog 7570b 5p requeues 0
qdisc pfifo 20: parent 1:10 limit 12p
 Sent 15986670 bytes 10630 pkt (dropped 0, overlimits 0 requeues 0) 
 backlog 7570b 5p requeues 0
======================================================================
Timestamp: 2026-04-01 10:35:21
qdisc htb 1: root refcnt 13 r2q 10 default 0x10 direct_packets_stat 0 direct_qlen 1000
 Sent 16313047 bytes 10846 pkt (dropped 0, overlimits 10709 requeues 0) 
 backlog 0b 0p requeues 0
qdisc pfifo 20: parent 1:10 limit 12p
 Sent 16313047 bytes 10846 pkt (dropped 0, overlimits 0 requeues 0) 
 backlog 0b 0p requeues 0
======================================================================
Timestamp: 2026-04-01 10:35:22
qdisc htb 1: root refcnt 13 r2q 10 default 0x10 direct_packets_stat 0 direct_qlen 1000
 Sent 16827546 bytes 11186 pkt (dropped 0, overlimits 11046 requeues 0) 
 backlog 6056b 4p requeues 0
qdisc pfifo 20: parent 1:10 limit 12p
 Sent 16827546 bytes 11186 pkt (dropped 0, overlimits 0 requeues 0) 
 backlog 6056b 4p requeues 0
======================================================================
Timestamp: 2026-04-01 10:35:23
qdisc htb 1: root refcnt 13 r2q 10 default 0x10 direct_packets_stat 0 direct_qlen 1000
 Sent 17127559 bytes 11385 pkt (dropped 0, overlimits 11245 requeues 0) 
 backlog 0b 0p requeues 0
qdisc pfifo 20: parent 1:10 limit 12p
 Sent 17127559 bytes 11385 pkt (dropped 0, overlimits 0 requeues 0) 
 backlog 0b 0p requeues 0
======================================================================
Timestamp: 2026-04-01 10:35:24
qdisc htb 1: root refcnt 13 r2q 10 default 0x10 direct_packets_stat 0 direct_qlen 1000
 Sent 17642058 bytes 11725 pkt (dropped 0, overlimits 11582 requeues 0) 
 backlog 6056b 4p requeues 0
qdisc pfifo 20: parent 1:10 limit 12p
 Sent 17642058 bytes 11725 pkt (dropped 0, overlimits 0 requeues 0) 
 backlog 6056b 4p requeues 0
======================================================================
Timestamp: 2026-04-01 10:35:25
qdisc htb 1: root refcnt 13 r2q 10 default 0x10 direct_packets_stat 0 direct_qlen 1000
 Sent 18001023 bytes 11963 pkt (dropped 0, overlimits 11820 requeues 0) 
 backlog 0b 0p requeues 0
qdisc pfifo 20: parent 1:10 limit 12p
 Sent 18001023 bytes 11963 pkt (dropped 0, overlimits 0 requeues 0) 
 backlog 0b 0p requeues 0
======================================================================
Timestamp: 2026-04-01 10:35:26
qdisc htb 1: root refcnt 13 r2q 10 default 0x10 direct_packets_stat 0 direct_qlen 1000
 Sent 18504924 bytes 12296 pkt (dropped 0, overlimits 12150 requeues 0) 
 backlog 7570b 5p requeues 0
qdisc pfifo 20: parent 1:10 limit 12p
 Sent 18504924 bytes 12296 pkt (dropped 0, overlimits 0 requeues 0) 
 backlog 7570b 5p requeues 0
======================================================================
Timestamp: 2026-04-01 10:35:27
qdisc htb 1: root refcnt 13 r2q 10 default 0x10 direct_packets_stat 0 direct_qlen 1000
 Sent 18899032 bytes 12557 pkt (dropped 0, overlimits 12411 requeues 0) 
 backlog 0b 0p requeues 0
qdisc pfifo 20: parent 1:10 limit 12p
 Sent 18899032 bytes 12557 pkt (dropped 0, overlimits 0 requeues 0) 
 backlog 0b 0p requeues 0
======================================================================
Timestamp: 2026-04-01 10:35:28
qdisc htb 1: root refcnt 13 r2q 10 default 0x10 direct_packets_stat 0 direct_qlen 1000
 Sent 19383251 bytes 12877 pkt (dropped 0, overlimits 12728 requeues 0) 
 backlog 7570b 5p requeues 0
qdisc pfifo 20: parent 1:10 limit 12p
 Sent 19383251 bytes 12877 pkt (dropped 0, overlimits 0 requeues 0) 
 backlog 7570b 5p requeues 0
======================================================================
Timestamp: 2026-04-01 10:35:29
qdisc htb 1: root refcnt 13 r2q 10 default 0x10 direct_packets_stat 0 direct_qlen 1000
 Sent 19842328 bytes 13181 pkt (dropped 0, overlimits 13032 requeues 0) 
 backlog 0b 0p requeues 0
qdisc pfifo 20: parent 1:10 limit 12p
 Sent 19842328 bytes 13181 pkt (dropped 0, overlimits 0 requeues 0) 
 backlog 0b 0p requeues 0
======================================================================
Timestamp: 2026-04-01 10:35:30
qdisc htb 1: root refcnt 13 r2q 10 default 0x10 direct_packets_stat 0 direct_qlen 1000
 Sent 20314435 bytes 13493 pkt (dropped 0, overlimits 13341 requeues 0) 
 backlog 7570b 5p requeues 0
qdisc pfifo 20: parent 1:10 limit 12p
 Sent 20314435 bytes 13493 pkt (dropped 0, overlimits 0 requeues 0) 
 backlog 7570b 5p requeues 0
======================================================================
Timestamp: 2026-04-01 10:35:31
qdisc htb 1: root refcnt 13 r2q 10 default 0x10 direct_packets_stat 0 direct_qlen 1000
 Sent 20442850 bytes 13578 pkt (dropped 0, overlimits 13426 requeues 0) 
 backlog 0b 0p requeues 0
qdisc pfifo 20: parent 1:10 limit 12p
 Sent 20442850 bytes 13578 pkt (dropped 0, overlimits 0 requeues 0) 
 backlog 0b 0p requeues 0
======================================================================
Timestamp: 2026-04-01 10:35:32
qdisc htb 1: root refcnt 13 r2q 10 default 0x10 direct_packets_stat 0 direct_qlen 1000
 Sent 20902845 bytes 13882 pkt (dropped 0, overlimits 13727 requeues 0) 
 backlog 7570b 5p requeues 0
qdisc pfifo 20: parent 1:10 limit 12p
 Sent 20902845 bytes 13882 pkt (dropped 0, overlimits 0 requeues 0) 
 backlog 7570b 5p requeues 0
======================================================================
Timestamp: 2026-04-01 10:35:33
qdisc htb 1: root refcnt 13 r2q 10 default 0x10 direct_packets_stat 0 direct_qlen 1000
 Sent 21276708 bytes 14131 pkt (dropped 0, overlimits 13976 requeues 0) 
 backlog 0b 0p requeues 0
qdisc pfifo 20: parent 1:10 limit 12p
 Sent 21276708 bytes 14131 pkt (dropped 0, overlimits 0 requeues 0) 
 backlog 0b 0p requeues 0
======================================================================
Timestamp: 2026-04-01 10:35:34
qdisc htb 1: root refcnt 13 r2q 10 default 0x10 direct_packets_stat 0 direct_qlen 1000
 Sent 21720115 bytes 14425 pkt (dropped 0, overlimits 14267 requeues 0) 
 backlog 6056b 4p requeues 0
qdisc pfifo 20: parent 1:10 limit 12p
 Sent 21720115 bytes 14425 pkt (dropped 0, overlimits 0 requeues 0) 
 backlog 6056b 4p requeues 0
======================================================================
Timestamp: 2026-04-01 10:35:36
qdisc htb 1: root refcnt 13 r2q 10 default 0x10 direct_packets_stat 0 direct_qlen 1000
 Sent 22079622 bytes 14664 pkt (dropped 0, overlimits 14506 requeues 0) 
 backlog 0b 0p requeues 0
qdisc pfifo 20: parent 1:10 limit 12p
 Sent 22079622 bytes 14664 pkt (dropped 0, overlimits 0 requeues 0) 
 backlog 0b 0p requeues 0
======================================================================
Timestamp: 2026-04-01 10:35:37
qdisc htb 1: root refcnt 13 r2q 10 default 0x10 direct_packets_stat 0 direct_qlen 1000
 Sent 22509337 bytes 14948 pkt (dropped 0, overlimits 14787 requeues 0) 
 backlog 7570b 5p requeues 0
qdisc pfifo 20: parent 1:10 limit 12p
 Sent 22509337 bytes 14948 pkt (dropped 0, overlimits 0 requeues 0) 
 backlog 7570b 5p requeues 0
======================================================================
Timestamp: 2026-04-01 10:35:38
qdisc htb 1: root refcnt 13 r2q 10 default 0x10 direct_packets_stat 0 direct_qlen 1000
 Sent 23022919 bytes 15289 pkt (dropped 0, overlimits 15128 requeues 0) 
 backlog 0b 0p requeues 0
qdisc pfifo 20: parent 1:10 limit 12p
 Sent 23022919 bytes 15289 pkt (dropped 0, overlimits 0 requeues 0) 
 backlog 0b 0p requeues 0
======================================================================
Timestamp: 2026-04-01 10:35:39
qdisc htb 1: root refcnt 13 r2q 10 default 0x10 direct_packets_stat 0 direct_qlen 1000
 Sent 23439008 bytes 15564 pkt (dropped 0, overlimits 15400 requeues 0) 
 backlog 7570b 5p requeues 0
qdisc pfifo 20: parent 1:10 limit 12p
 Sent 23439008 bytes 15564 pkt (dropped 0, overlimits 0 requeues 0) 
 backlog 7570b 5p requeues 0
======================================================================
Timestamp: 2026-04-01 10:35:40
qdisc htb 1: root refcnt 13 r2q 10 default 0x10 direct_packets_stat 0 direct_qlen 1000
 Sent 23628134 bytes 15690 pkt (dropped 0, overlimits 15525 requeues 0) 
 backlog 0b 0p requeues 0
qdisc pfifo 20: parent 1:10 limit 12p
 Sent 23628134 bytes 15690 pkt (dropped 0, overlimits 0 requeues 0) 
 backlog 0b 0p requeues 0
======================================================================
Timestamp: 2026-04-01 10:35:41
qdisc htb 1: root refcnt 13 r2q 10 default 0x10 direct_packets_stat 0 direct_qlen 1000
 Sent 24026055 bytes 15953 pkt (dropped 0, overlimits 15785 requeues 0) 
 backlog 7570b 5p requeues 0
qdisc pfifo 20: parent 1:10 limit 12p
 Sent 24026055 bytes 15953 pkt (dropped 0, overlimits 0 requeues 0) 
 backlog 7570b 5p requeues 0
======================================================================
Timestamp: 2026-04-01 10:35:42
qdisc htb 1: root refcnt 13 r2q 10 default 0x10 direct_packets_stat 0 direct_qlen 1000
 Sent 24395679 bytes 16199 pkt (dropped 0, overlimits 16031 requeues 0) 
 backlog 0b 0p requeues 0
qdisc pfifo 20: parent 1:10 limit 12p
 Sent 24395679 bytes 16199 pkt (dropped 0, overlimits 0 requeues 0) 
 backlog 0b 0p requeues 0
======================================================================
Timestamp: 2026-04-01 10:35:43
qdisc htb 1: root refcnt 13 r2q 10 default 0x10 direct_packets_stat 0 direct_qlen 1000
 Sent 24778681 bytes 16453 pkt (dropped 0, overlimits 16281 requeues 0) 
 backlog 7570b 5p requeues 0
qdisc pfifo 20: parent 1:10 limit 12p
 Sent 24778681 bytes 16453 pkt (dropped 0, overlimits 0 requeues 0) 
 backlog 7570b 5p requeues 0
======================================================================
Timestamp: 2026-04-01 10:35:44
qdisc htb 1: root refcnt 13 r2q 10 default 0x10 direct_packets_stat 0 direct_qlen 1000
 Sent 25260053 bytes 16771 pkt (dropped 0, overlimits 16599 requeues 0) 
 backlog 0b 0p requeues 0
qdisc pfifo 20: parent 1:10 limit 12p
 Sent 25260053 bytes 16771 pkt (dropped 0, overlimits 0 requeues 0) 
 backlog 0b 0p requeues 0
======================================================================
Timestamp: 2026-04-01 10:35:45
qdisc htb 1: root refcnt 13 r2q 10 default 0x10 direct_packets_stat 0 direct_qlen 1000
 Sent 25627694 bytes 17014 pkt (dropped 0, overlimits 16839 requeues 0) 
 backlog 4542b 3p requeues 0
qdisc pfifo 20: parent 1:10 limit 12p
 Sent 25627694 bytes 17014 pkt (dropped 0, overlimits 0 requeues 0) 
 backlog 4542b 3p requeues 0
======================================================================
Timestamp: 2026-04-01 10:35:46
qdisc htb 1: root refcnt 13 r2q 10 default 0x10 direct_packets_stat 0 direct_qlen 1000
 Sent 26093672 bytes 17322 pkt (dropped 0, overlimits 17147 requeues 0) 
 backlog 0b 0p requeues 0
qdisc pfifo 20: parent 1:10 limit 12p
 Sent 26093672 bytes 17322 pkt (dropped 0, overlimits 0 requeues 0) 
 backlog 0b 0p requeues 0
======================================================================
Timestamp: 2026-04-01 10:35:47
qdisc htb 1: root refcnt 13 r2q 10 default 0x10 direct_packets_stat 0 direct_qlen 1000
 Sent 26435183 bytes 17548 pkt (dropped 0, overlimits 17369 requeues 0) 
 backlog 7570b 5p requeues 0
qdisc pfifo 20: parent 1:10 limit 12p
 Sent 26435183 bytes 17548 pkt (dropped 0, overlimits 0 requeues 0) 
 backlog 7570b 5p requeues 0
======================================================================
Timestamp: 2026-04-01 10:35:48
qdisc htb 1: root refcnt 13 r2q 10 default 0x10 direct_packets_stat 0 direct_qlen 1000
 Sent 26502003 bytes 17593 pkt (dropped 0, overlimits 17413 requeues 0) 
 backlog 0b 0p requeues 0
qdisc pfifo 20: parent 1:10 limit 12p
 Sent 26502003 bytes 17593 pkt (dropped 0, overlimits 0 requeues 0) 
 backlog 0b 0p requeues 0
======================================================================
Timestamp: 2026-04-01 10:35:49
qdisc htb 1: root refcnt 13 r2q 10 default 0x10 direct_packets_stat 0 direct_qlen 1000
 Sent 26836468 bytes 17816 pkt (dropped 0, overlimits 17631 requeues 0) 
 backlog 7570b 5p requeues 0
qdisc pfifo 20: parent 1:10 limit 12p
 Sent 26836468 bytes 17816 pkt (dropped 0, overlimits 0 requeues 0) 
 backlog 7570b 5p requeues 0
======================================================================
Timestamp: 2026-04-01 10:35:50
qdisc htb 1: root refcnt 13 r2q 10 default 0x10 direct_packets_stat 0 direct_qlen 1000
 Sent 27342659 bytes 18151 pkt (dropped 0, overlimits 17966 requeues 0) 
 backlog 0b 0p requeues 0
qdisc pfifo 20: parent 1:10 limit 12p
 Sent 27342659 bytes 18151 pkt (dropped 0, overlimits 0 requeues 0) 
 backlog 0b 0p requeues 0
======================================================================
Timestamp: 2026-04-01 10:35:51
qdisc htb 1: root refcnt 13 r2q 10 default 0x10 direct_packets_stat 0 direct_qlen 1000
 Sent 27649686 bytes 18355 pkt (dropped 0, overlimits 18163 requeues 0) 
 backlog 7570b 5p requeues 0
qdisc pfifo 20: parent 1:10 limit 12p
 Sent 27649686 bytes 18355 pkt (dropped 0, overlimits 0 requeues 0) 
 backlog 7570b 5p requeues 0
======================================================================
Timestamp: 2026-04-01 10:35:52
qdisc htb 1: root refcnt 13 r2q 10 default 0x10 direct_packets_stat 0 direct_qlen 1000
 Sent 28184722 bytes 18709 pkt (dropped 0, overlimits 18517 requeues 0) 
 backlog 0b 0p requeues 0
qdisc pfifo 20: parent 1:10 limit 12p
 Sent 28184722 bytes 18709 pkt (dropped 0, overlimits 0 requeues 0) 
 backlog 0b 0p requeues 0
======================================================================
Timestamp: 2026-04-01 10:35:53
qdisc htb 1: root refcnt 13 r2q 10 default 0x10 direct_packets_stat 0 direct_qlen 1000
 Sent 28488775 bytes 18910 pkt (dropped 0, overlimits 18715 requeues 0) 
 backlog 6056b 4p requeues 0
qdisc pfifo 20: parent 1:10 limit 12p
 Sent 28488775 bytes 18910 pkt (dropped 0, overlimits 0 requeues 0) 
 backlog 6056b 4p requeues 0
======================================================================
Timestamp: 2026-04-01 10:35:54
qdisc htb 1: root refcnt 13 r2q 10 default 0x10 direct_packets_stat 0 direct_qlen 1000
 Sent 29066476 bytes 19292 pkt (dropped 0, overlimits 19097 requeues 0) 
 backlog 0b 0p requeues 0
qdisc pfifo 20: parent 1:10 limit 12p
 Sent 29066476 bytes 19292 pkt (dropped 0, overlimits 0 requeues 0) 
 backlog 0b 0p requeues 0
======================================================================
Timestamp: 2026-04-01 10:35:55
qdisc htb 1: root refcnt 13 r2q 10 default 0x10 direct_packets_stat 0 direct_qlen 1000
 Sent 29343953 bytes 19477 pkt (dropped 0, overlimits 19273 requeues 0) 
 backlog 6056b 4p requeues 0
qdisc pfifo 20: parent 1:10 limit 12p
 Sent 29343953 bytes 19477 pkt (dropped 0, overlimits 0 requeues 0) 
 backlog 6056b 4p requeues 0
======================================================================
Timestamp: 2026-04-01 10:35:56
qdisc htb 1: root refcnt 13 r2q 10 default 0x10 direct_packets_stat 0 direct_qlen 1000
 Sent 29945601 bytes 19876 pkt (dropped 0, overlimits 19669 requeues 0) 
 backlog 0b 0p requeues 0
qdisc pfifo 20: parent 1:10 limit 12p
 Sent 29945601 bytes 19876 pkt (dropped 0, overlimits 0 requeues 0) 
 backlog 0b 0p requeues 0
======================================================================
Timestamp: 2026-04-01 10:35:57
qdisc htb 1: root refcnt 13 r2q 10 default 0x10 direct_packets_stat 0 direct_qlen 1000
 Sent 30241030 bytes 20077 pkt (dropped 0, overlimits 19846 requeues 0) 
 backlog 6056b 4p requeues 0
qdisc pfifo 20: parent 1:10 limit 12p
 Sent 30241030 bytes 20077 pkt (dropped 0, overlimits 0 requeues 0) 
 backlog 6056b 4p requeues 0
======================================================================
Timestamp: 2026-04-01 10:35:58
qdisc htb 1: root refcnt 13 r2q 10 default 0x10 direct_packets_stat 0 direct_qlen 1000
 Sent 30430188 bytes 20203 pkt (dropped 0, overlimits 19971 requeues 0) 
 backlog 0b 0p requeues 0
qdisc pfifo 20: parent 1:10 limit 12p
 Sent 30430188 bytes 20203 pkt (dropped 0, overlimits 0 requeues 0) 
 backlog 0b 0p requeues 0
======================================================================
Timestamp: 2026-04-01 10:35:59
qdisc htb 1: root refcnt 13 r2q 10 default 0x10 direct_packets_stat 0 direct_qlen 1000
 Sent 30707503 bytes 20391 pkt (dropped 0, overlimits 20138 requeues 0) 
 backlog 7570b 5p requeues 0
qdisc pfifo 20: parent 1:10 limit 12p
 Sent 30707503 bytes 20391 pkt (dropped 0, overlimits 0 requeues 0) 
 backlog 7570b 5p requeues 0
======================================================================
Timestamp: 2026-04-01 10:36:00
qdisc htb 1: root refcnt 13 r2q 10 default 0x10 direct_packets_stat 0 direct_qlen 1000
 Sent 30920047 bytes 20532 pkt (dropped 0, overlimits 20278 requeues 0) 
 backlog 0b 0p requeues 0
qdisc pfifo 20: parent 1:10 limit 12p
 Sent 30920047 bytes 20532 pkt (dropped 0, overlimits 0 requeues 0) 
 backlog 0b 0p requeues 0
======================================================================
Timestamp: 2026-04-01 10:36:01
qdisc htb 1: root refcnt 13 r2q 10 default 0x10 direct_packets_stat 0 direct_qlen 1000
 Sent 31205216 bytes 20727 pkt (dropped 0, overlimits 20445 requeues 0) 
 backlog 7570b 5p requeues 0
qdisc pfifo 20: parent 1:10 limit 12p
 Sent 31205216 bytes 20727 pkt (dropped 0, overlimits 0 requeues 0) 
 backlog 7570b 5p requeues 0
======================================================================
Timestamp: 2026-04-01 10:36:02
qdisc htb 1: root refcnt 13 r2q 10 default 0x10 direct_packets_stat 0 direct_qlen 1000
 Sent 31420592 bytes 20870 pkt (dropped 0, overlimits 20587 requeues 0) 
 backlog 0b 0p requeues 0
qdisc pfifo 20: parent 1:10 limit 12p
 Sent 31420592 bytes 20870 pkt (dropped 0, overlimits 0 requeues 0) 
 backlog 0b 0p requeues 0
======================================================================
Timestamp: 2026-04-01 10:36:03
qdisc htb 1: root refcnt 13 r2q 10 default 0x10 direct_packets_stat 0 direct_qlen 1000
 Sent 31600617 bytes 20995 pkt (dropped 0, overlimits 20687 requeues 0) 
 backlog 0b 0p requeues 0
qdisc pfifo 20: parent 1:10 limit 12p
 Sent 31600617 bytes 20995 pkt (dropped 0, overlimits 0 requeues 0) 
 backlog 0b 0p requeues 0
======================================================================
Timestamp: 2026-04-01 10:36:04
qdisc htb 1: root refcnt 13 r2q 10 default 0x10 direct_packets_stat 0 direct_qlen 1000
 Sent 31600617 bytes 20995 pkt (dropped 0, overlimits 20687 requeues 0) 
 backlog 0b 0p requeues 0
qdisc pfifo 20: parent 1:10 limit 12p
 Sent 31600617 bytes 20995 pkt (dropped 0, overlimits 0 requeues 0) 
 backlog 0b 0p requeues 0
======================================================================
Timestamp: 2026-04-01 10:36:05
qdisc htb 1: root refcnt 13 r2q 10 default 0x10 direct_packets_stat 0 direct_qlen 1000
 Sent 31869862 bytes 21180 pkt (dropped 0, overlimits 20842 requeues 0) 
 backlog 6056b 4p requeues 0
qdisc pfifo 20: parent 1:10 limit 12p
 Sent 31869862 bytes 21180 pkt (dropped 0, overlimits 0 requeues 0) 
 backlog 6056b 4p requeues 0
======================================================================
Timestamp: 2026-04-01 10:36:06
qdisc htb 1: root refcnt 13 r2q 10 default 0x10 direct_packets_stat 0 direct_qlen 1000
 Sent 31967567 bytes 21245 pkt (dropped 0, overlimits 20906 requeues 0) 
 backlog 0b 0p requeues 0
qdisc pfifo 20: parent 1:10 limit 12p
 Sent 31967567 bytes 21245 pkt (dropped 0, overlimits 0 requeues 0) 
 backlog 0b 0p requeues 0
======================================================================
Timestamp: 2026-04-01 10:36:07
qdisc htb 1: root refcnt 13 r2q 10 default 0x10 direct_packets_stat 0 direct_qlen 1000
 Sent 32212250 bytes 21413 pkt (dropped 0, overlimits 21047 requeues 0) 
 backlog 6056b 4p requeues 0
qdisc pfifo 20: parent 1:10 limit 12p
 Sent 32212250 bytes 21413 pkt (dropped 0, overlimits 0 requeues 0) 
 backlog 6056b 4p requeues 0
======================================================================
Timestamp: 2026-04-01 10:36:08
qdisc htb 1: root refcnt 13 r2q 10 default 0x10 direct_packets_stat 0 direct_qlen 1000
 Sent 32447174 bytes 21569 pkt (dropped 0, overlimits 21202 requeues 0) 
 backlog 0b 0p requeues 0
qdisc pfifo 20: parent 1:10 limit 12p
 Sent 32447174 bytes 21569 pkt (dropped 0, overlimits 0 requeues 0) 
 backlog 0b 0p requeues 0
======================================================================
Timestamp: 2026-04-01 10:36:09
qdisc htb 1: root refcnt 13 r2q 10 default 0x10 direct_packets_stat 0 direct_qlen 1000
 Sent 32681313 bytes 21729 pkt (dropped 0, overlimits 21339 requeues 0) 
 backlog 6056b 4p requeues 0
qdisc pfifo 20: parent 1:10 limit 12p
 Sent 32681313 bytes 21729 pkt (dropped 0, overlimits 0 requeues 0) 
 backlog 6056b 4p requeues 0
======================================================================
Timestamp: 2026-04-01 10:36:10
qdisc htb 1: root refcnt 13 r2q 10 default 0x10 direct_packets_stat 0 direct_qlen 1000
 Sent 32951524 bytes 21908 pkt (dropped 0, overlimits 21517 requeues 0) 
 backlog 0b 0p requeues 0
qdisc pfifo 20: parent 1:10 limit 12p
 Sent 32951524 bytes 21908 pkt (dropped 0, overlimits 0 requeues 0) 
 backlog 0b 0p requeues 0
======================================================================
Timestamp: 2026-04-01 10:36:11
qdisc htb 1: root refcnt 13 r2q 10 default 0x10 direct_packets_stat 0 direct_qlen 1000
 Sent 33196937 bytes 22077 pkt (dropped 0, overlimits 21658 requeues 0) 
 backlog 3028b 2p requeues 0
qdisc pfifo 20: parent 1:10 limit 12p
 Sent 33196937 bytes 22077 pkt (dropped 0, overlimits 0 requeues 0) 
 backlog 3028b 2p requeues 0
======================================================================
Timestamp: 2026-04-01 10:36:12
qdisc htb 1: root refcnt 13 r2q 10 default 0x10 direct_packets_stat 0 direct_qlen 1000
 Sent 33414686 bytes 22222 pkt (dropped 0, overlimits 21802 requeues 0) 
 backlog 0b 0p requeues 0
qdisc pfifo 20: parent 1:10 limit 12p
 Sent 33414686 bytes 22222 pkt (dropped 0, overlimits 0 requeues 0) 
 backlog 0b 0p requeues 0
======================================================================
Timestamp: 2026-04-01 10:36:13
qdisc htb 1: root refcnt 13 r2q 10 default 0x10 direct_packets_stat 0 direct_qlen 1000
 Sent 33635929 bytes 22374 pkt (dropped 0, overlimits 21929 requeues 0) 
 backlog 7570b 5p requeues 0
qdisc pfifo 20: parent 1:10 limit 12p
 Sent 33635929 bytes 22374 pkt (dropped 0, overlimits 0 requeues 0) 
 backlog 7570b 5p requeues 0
======================================================================
Timestamp: 2026-04-01 10:36:14
qdisc htb 1: root refcnt 13 r2q 10 default 0x10 direct_packets_stat 0 direct_qlen 1000
 Sent 34274147 bytes 22796 pkt (dropped 0, overlimits 22350 requeues 0) 
 backlog 0b 0p requeues 0
qdisc pfifo 20: parent 1:10 limit 12p
 Sent 34274147 bytes 22796 pkt (dropped 0, overlimits 0 requeues 0) 
 backlog 0b 0p requeues 0
======================================================================
Timestamp: 2026-04-01 10:36:15
qdisc htb 1: root refcnt 13 r2q 10 default 0x10 direct_packets_stat 0 direct_qlen 1000
 Sent 34495674 bytes 22950 pkt (dropped 0, overlimits 22473 requeues 0) 
 backlog 6056b 4p requeues 0
qdisc pfifo 20: parent 1:10 limit 12p
 Sent 34495674 bytes 22950 pkt (dropped 0, overlimits 0 requeues 0) 
 backlog 6056b 4p requeues 0
======================================================================
Timestamp: 2026-04-01 10:36:16
qdisc htb 1: root refcnt 13 r2q 10 default 0x10 direct_packets_stat 0 direct_qlen 1000
 Sent 34737978 bytes 23111 pkt (dropped 0, overlimits 22633 requeues 0) 
 backlog 0b 0p requeues 0
qdisc pfifo 20: parent 1:10 limit 12p
 Sent 34737978 bytes 23111 pkt (dropped 0, overlimits 0 requeues 0) 
 backlog 0b 0p requeues 0
======================================================================
Timestamp: 2026-04-01 10:36:17
qdisc htb 1: root refcnt 13 r2q 10 default 0x10 direct_packets_stat 0 direct_qlen 1000
 Sent 34943297 bytes 23253 pkt (dropped 0, overlimits 22748 requeues 0) 
 backlog 7570b 5p requeues 0
qdisc pfifo 20: parent 1:10 limit 12p
 Sent 34943297 bytes 23253 pkt (dropped 0, overlimits 0 requeues 0) 
 backlog 7570b 5p requeues 0
======================================================================
Timestamp: 2026-04-01 10:36:18
qdisc htb 1: root refcnt 13 r2q 10 default 0x10 direct_packets_stat 0 direct_qlen 1000
 Sent 35821417 bytes 23833 pkt (dropped 0, overlimits 23328 requeues 0) 
 backlog 6056b 4p requeues 0
qdisc pfifo 20: parent 1:10 limit 12p
 Sent 35821417 bytes 23833 pkt (dropped 0, overlimits 0 requeues 0) 
 backlog 6056b 4p requeues 0
======================================================================
Timestamp: 2026-04-01 10:36:19
qdisc htb 1: root refcnt 13 r2q 10 default 0x10 direct_packets_stat 0 direct_qlen 1000
 Sent 36655715 bytes 24385 pkt (dropped 0, overlimits 23878 requeues 0) 
 backlog 6056b 4p requeues 0
qdisc pfifo 20: parent 1:10 limit 12p
 Sent 36655715 bytes 24385 pkt (dropped 0, overlimits 0 requeues 0) 
 backlog 6056b 4p requeues 0
======================================================================
Timestamp: 2026-04-01 10:36:20
qdisc htb 1: root refcnt 13 r2q 10 default 0x10 direct_packets_stat 0 direct_qlen 1000
 Sent 37499667 bytes 24943 pkt (dropped 0, overlimits 24434 requeues 0) 
 backlog 7570b 5p requeues 0
qdisc pfifo 20: parent 1:10 limit 12p
 Sent 37499667 bytes 24943 pkt (dropped 0, overlimits 0 requeues 0) 
 backlog 7570b 5p requeues 0
======================================================================
Timestamp: 2026-04-01 10:36:21
qdisc htb 1: root refcnt 13 r2q 10 default 0x10 direct_packets_stat 0 direct_qlen 1000
 Sent 38350169 bytes 25505 pkt (dropped 0, overlimits 24993 requeues 0) 
 backlog 7570b 5p requeues 0
qdisc pfifo 20: parent 1:10 limit 12p
 Sent 38350169 bytes 25505 pkt (dropped 0, overlimits 0 requeues 0) 
 backlog 7570b 5p requeues 0
======================================================================
Timestamp: 2026-04-01 10:36:22
qdisc htb 1: root refcnt 13 r2q 10 default 0x10 direct_packets_stat 0 direct_qlen 1000
 Sent 39118468 bytes 26013 pkt (dropped 0, overlimits 25501 requeues 0) 
 backlog 0b 0p requeues 0
qdisc pfifo 20: parent 1:10 limit 12p
 Sent 39118468 bytes 26013 pkt (dropped 0, overlimits 0 requeues 0) 
 backlog 0b 0p requeues 0
======================================================================
Timestamp: 2026-04-01 10:36:23
qdisc htb 1: root refcnt 13 r2q 10 default 0x10 direct_packets_stat 0 direct_qlen 1000
 Sent 39266579 bytes 26111 pkt (dropped 0, overlimits 25596 requeues 0) 
 backlog 7570b 5p requeues 0
qdisc pfifo 20: parent 1:10 limit 12p
 Sent 39266579 bytes 26111 pkt (dropped 0, overlimits 0 requeues 0) 
 backlog 7570b 5p requeues 0
======================================================================
Timestamp: 2026-04-01 10:36:24
qdisc htb 1: root refcnt 13 r2q 10 default 0x10 direct_packets_stat 0 direct_qlen 1000
 Sent 39966116 bytes 26574 pkt (dropped 0, overlimits 26059 requeues 0) 
 backlog 0b 0p requeues 0
qdisc pfifo 20: parent 1:10 limit 12p
 Sent 39966116 bytes 26574 pkt (dropped 0, overlimits 0 requeues 0) 
 backlog 0b 0p requeues 0
======================================================================
Timestamp: 2026-04-01 10:36:25
qdisc htb 1: root refcnt 13 r2q 10 default 0x10 direct_packets_stat 0 direct_qlen 1000
 Sent 40088489 bytes 26655 pkt (dropped 0, overlimits 26137 requeues 0) 
 backlog 7570b 5p requeues 0
qdisc pfifo 20: parent 1:10 limit 12p
 Sent 40088489 bytes 26655 pkt (dropped 0, overlimits 0 requeues 0) 
 backlog 7570b 5p requeues 0
======================================================================
Timestamp: 2026-04-01 10:36:26
qdisc htb 1: root refcnt 13 r2q 10 default 0x10 direct_packets_stat 0 direct_qlen 1000
 Sent 40968123 bytes 27236 pkt (dropped 0, overlimits 26718 requeues 0) 
 backlog 7570b 5p requeues 0
qdisc pfifo 20: parent 1:10 limit 12p
 Sent 40968123 bytes 27236 pkt (dropped 0, overlimits 0 requeues 0) 
 backlog 7570b 5p requeues 0
======================================================================
Timestamp: 2026-04-01 10:36:27
qdisc htb 1: root refcnt 13 r2q 10 default 0x10 direct_packets_stat 0 direct_qlen 1000
 Sent 41233098 bytes 27412 pkt (dropped 0, overlimits 26891 requeues 0) 
 backlog 6056b 4p requeues 0
qdisc pfifo 20: parent 1:10 limit 12p
 Sent 41233098 bytes 27412 pkt (dropped 0, overlimits 0 requeues 0) 
 backlog 6056b 4p requeues 0
======================================================================
Timestamp: 2026-04-01 10:36:28
qdisc htb 1: root refcnt 13 r2q 10 default 0x10 direct_packets_stat 0 direct_qlen 1000
 Sent 41930967 bytes 27874 pkt (dropped 0, overlimits 27352 requeues 0) 
 backlog 0b 0p requeues 0
qdisc pfifo 20: parent 1:10 limit 12p
 Sent 41930967 bytes 27874 pkt (dropped 0, overlimits 0 requeues 0) 
 backlog 0b 0p requeues 0
======================================================================
Timestamp: 2026-04-01 10:36:29
qdisc htb 1: root refcnt 13 r2q 10 default 0x10 direct_packets_stat 0 direct_qlen 1000
 Sent 42020032 bytes 27933 pkt (dropped 0, overlimits 27408 requeues 0) 
 backlog 7570b 5p requeues 0
qdisc pfifo 20: parent 1:10 limit 12p
 Sent 42020032 bytes 27933 pkt (dropped 0, overlimits 0 requeues 0) 
 backlog 7570b 5p requeues 0
======================================================================
Timestamp: 2026-04-01 10:36:30
qdisc htb 1: root refcnt 13 r2q 10 default 0x10 direct_packets_stat 0 direct_qlen 1000
 Sent 42905722 bytes 28518 pkt (dropped 0, overlimits 27993 requeues 0) 
 backlog 7570b 5p requeues 0
qdisc pfifo 20: parent 1:10 limit 12p
 Sent 42905722 bytes 28518 pkt (dropped 0, overlimits 0 requeues 0) 
 backlog 7570b 5p requeues 0
======================================================================
Timestamp: 2026-04-01 10:36:31
qdisc htb 1: root refcnt 13 r2q 10 default 0x10 direct_packets_stat 0 direct_qlen 1000
 Sent 43267792 bytes 28758 pkt (dropped 0, overlimits 28230 requeues 0) 
 backlog 6056b 4p requeues 0
qdisc pfifo 20: parent 1:10 limit 12p
 Sent 43267792 bytes 28758 pkt (dropped 0, overlimits 0 requeues 0) 
 backlog 6056b 4p requeues 0
======================================================================
Timestamp: 2026-04-01 10:36:32
qdisc htb 1: root refcnt 13 r2q 10 default 0x10 direct_packets_stat 0 direct_qlen 1000
 Sent 44147426 bytes 29339 pkt (dropped 0, overlimits 28811 requeues 0) 
 backlog 6056b 4p requeues 0
qdisc pfifo 20: parent 1:10 limit 12p
 Sent 44147426 bytes 29339 pkt (dropped 0, overlimits 0 requeues 0) 
 backlog 6056b 4p requeues 0
======================================================================
Timestamp: 2026-04-01 10:36:33
qdisc htb 1: root refcnt 13 r2q 10 default 0x10 direct_packets_stat 0 direct_qlen 1000
 Sent 44549491 bytes 29605 pkt (dropped 0, overlimits 29074 requeues 0) 
 backlog 7570b 5p requeues 0
qdisc pfifo 20: parent 1:10 limit 12p
 Sent 44549491 bytes 29605 pkt (dropped 0, overlimits 0 requeues 0) 
 backlog 7570b 5p requeues 0
======================================================================
Timestamp: 2026-04-01 10:36:34
qdisc htb 1: root refcnt 13 r2q 10 default 0x10 direct_packets_stat 0 direct_qlen 1000
 Sent 45427611 bytes 30185 pkt (dropped 0, overlimits 29654 requeues 0) 
 backlog 7570b 5p requeues 0
qdisc pfifo 20: parent 1:10 limit 12p
 Sent 45427611 bytes 30185 pkt (dropped 0, overlimits 0 requeues 0) 
 backlog 7570b 5p requeues 0
======================================================================
Timestamp: 2026-04-01 10:36:35
qdisc htb 1: root refcnt 13 r2q 10 default 0x10 direct_packets_stat 0 direct_qlen 1000
 Sent 45748938 bytes 30398 pkt (dropped 0, overlimits 29864 requeues 0) 
 backlog 6056b 4p requeues 0
qdisc pfifo 20: parent 1:10 limit 12p
 Sent 45748938 bytes 30398 pkt (dropped 0, overlimits 0 requeues 0) 
 backlog 6056b 4p requeues 0
======================================================================
Timestamp: 2026-04-01 10:36:36
qdisc htb 1: root refcnt 13 r2q 10 default 0x10 direct_packets_stat 0 direct_qlen 1000
 Sent 46634694 bytes 30984 pkt (dropped 0, overlimits 30450 requeues 0) 
 backlog 4542b 3p requeues 0
qdisc pfifo 20: parent 1:10 limit 12p
 Sent 46634694 bytes 30984 pkt (dropped 0, overlimits 0 requeues 0) 
 backlog 4542b 3p requeues 0
======================================================================
Timestamp: 2026-04-01 10:36:37
qdisc htb 1: root refcnt 13 r2q 10 default 0x10 direct_packets_stat 0 direct_qlen 1000
 Sent 47074065 bytes 31276 pkt (dropped 0, overlimits 30739 requeues 0) 
 backlog 6056b 4p requeues 0
qdisc pfifo 20: parent 1:10 limit 12p
 Sent 47074065 bytes 31276 pkt (dropped 0, overlimits 0 requeues 0) 
 backlog 6056b 4p requeues 0
======================================================================
Timestamp: 2026-04-01 10:36:38
qdisc htb 1: root refcnt 13 r2q 10 default 0x10 direct_packets_stat 0 direct_qlen 1000
 Sent 47953699 bytes 31857 pkt (dropped 0, overlimits 31320 requeues 0) 
 backlog 7570b 5p requeues 0
qdisc pfifo 20: parent 1:10 limit 12p
 Sent 47953699 bytes 31857 pkt (dropped 0, overlimits 0 requeues 0) 
 backlog 7570b 5p requeues 0
======================================================================
Timestamp: 2026-04-01 10:36:39
qdisc htb 1: root refcnt 13 r2q 10 default 0x10 direct_packets_stat 0 direct_qlen 1000
 Sent 48237759 bytes 32046 pkt (dropped 0, overlimits 31505 requeues 0) 
 backlog 6056b 4p requeues 0
qdisc pfifo 20: parent 1:10 limit 12p
 Sent 48237759 bytes 32046 pkt (dropped 0, overlimits 0 requeues 0) 
 backlog 6056b 4p requeues 0
======================================================================
Timestamp: 2026-04-01 10:36:40
qdisc htb 1: root refcnt 13 r2q 10 default 0x10 direct_packets_stat 0 direct_qlen 1000
 Sent 49031406 bytes 32571 pkt (dropped 0, overlimits 32030 requeues 0) 
 backlog 0b 0p requeues 0
qdisc pfifo 20: parent 1:10 limit 12p
 Sent 49031406 bytes 32571 pkt (dropped 0, overlimits 0 requeues 0) 
 backlog 0b 0p requeues 0
======================================================================
Timestamp: 2026-04-01 10:36:41
qdisc htb 1: root refcnt 13 r2q 10 default 0x10 direct_packets_stat 0 direct_qlen 1000
 Sent 49044771 bytes 32580 pkt (dropped 0, overlimits 32037 requeues 0) 
 backlog 3028b 2p requeues 0
qdisc pfifo 20: parent 1:10 limit 12p
 Sent 49044771 bytes 32580 pkt (dropped 0, overlimits 0 requeues 0) 
 backlog 3028b 2p requeues 0
======================================================================
Timestamp: 2026-04-01 10:36:42
qdisc htb 1: root refcnt 13 r2q 10 default 0x10 direct_packets_stat 0 direct_qlen 1000
 Sent 49852656 bytes 33114 pkt (dropped 0, overlimits 32570 requeues 0) 
 backlog 0b 0p requeues 0
qdisc pfifo 20: parent 1:10 limit 12p
 Sent 49852656 bytes 33114 pkt (dropped 0, overlimits 0 requeues 0) 
 backlog 0b 0p requeues 0
======================================================================
Timestamp: 2026-04-01 10:36:43
qdisc htb 1: root refcnt 13 r2q 10 default 0x10 direct_packets_stat 0 direct_qlen 1000
 Sent 49855741 bytes 33117 pkt (dropped 0, overlimits 32571 requeues 0) 
 backlog 0b 0p requeues 0
qdisc pfifo 20: parent 1:10 limit 12p
 Sent 49855741 bytes 33117 pkt (dropped 0, overlimits 0 requeues 0) 
 backlog 0b 0p requeues 0
======================================================================
Timestamp: 2026-04-01 10:36:44
qdisc htb 1: root refcnt 13 r2q 10 default 0x10 direct_packets_stat 0 direct_qlen 1000
 Sent 50679789 bytes 33662 pkt (dropped 0, overlimits 33114 requeues 0) 
 backlog 0b 0p requeues 0
qdisc pfifo 20: parent 1:10 limit 12p
 Sent 50679789 bytes 33662 pkt (dropped 0, overlimits 0 requeues 0) 
 backlog 0b 0p requeues 0
======================================================================
Timestamp: 2026-04-01 10:36:45
qdisc htb 1: root refcnt 13 r2q 10 default 0x10 direct_packets_stat 0 direct_qlen 1000
 Sent 50682804 bytes 33664 pkt (dropped 0, overlimits 33115 requeues 0) 
 backlog 0b 0p requeues 0
qdisc pfifo 20: parent 1:10 limit 12p
 Sent 50682804 bytes 33664 pkt (dropped 0, overlimits 0 requeues 0) 
 backlog 0b 0p requeues 0
======================================================================
Timestamp: 2026-04-01 10:36:46
qdisc htb 1: root refcnt 13 r2q 10 default 0x10 direct_packets_stat 0 direct_qlen 1000
 Sent 51503485 bytes 34208 pkt (dropped 0, overlimits 33657 requeues 0) 
 backlog 0b 0p requeues 0
qdisc pfifo 20: parent 1:10 limit 12p
 Sent 51503485 bytes 34208 pkt (dropped 0, overlimits 0 requeues 0) 
 backlog 0b 0p requeues 0
======================================================================
Timestamp: 2026-04-01 10:36:47
qdisc htb 1: root refcnt 13 r2q 10 default 0x10 direct_packets_stat 0 direct_qlen 1000
 Sent 51503485 bytes 34208 pkt (dropped 0, overlimits 33657 requeues 0) 
 backlog 0b 0p requeues 0
qdisc pfifo 20: parent 1:10 limit 12p
 Sent 51503485 bytes 34208 pkt (dropped 0, overlimits 0 requeues 0) 
 backlog 0b 0p requeues 0
======================================================================
Timestamp: 2026-04-01 10:36:48
qdisc htb 1: root refcnt 13 r2q 10 default 0x10 direct_packets_stat 0 direct_qlen 1000
 Sent 52351064 bytes 34768 pkt (dropped 0, overlimits 34214 requeues 0) 
 backlog 7570b 5p requeues 0
qdisc pfifo 20: parent 1:10 limit 12p
 Sent 52351064 bytes 34768 pkt (dropped 0, overlimits 0 requeues 0) 
 backlog 7570b 5p requeues 0
======================================================================
Timestamp: 2026-04-01 10:36:49
qdisc htb 1: root refcnt 13 r2q 10 default 0x10 direct_packets_stat 0 direct_qlen 1000
 Sent 52472339 bytes 34850 pkt (dropped 0, overlimits 34295 requeues 0) 
 backlog 0b 0p requeues 0
qdisc pfifo 20: parent 1:10 limit 12p
 Sent 52472339 bytes 34850 pkt (dropped 0, overlimits 0 requeues 0) 
 backlog 0b 0p requeues 0
======================================================================
Timestamp: 2026-04-01 10:36:50
qdisc htb 1: root refcnt 13 r2q 10 default 0x10 direct_packets_stat 0 direct_qlen 1000
 Sent 53313862 bytes 35406 pkt (dropped 0, overlimits 34848 requeues 0) 
 backlog 7570b 5p requeues 0
qdisc pfifo 20: parent 1:10 limit 12p
 Sent 53313862 bytes 35406 pkt (dropped 0, overlimits 0 requeues 0) 
 backlog 7570b 5p requeues 0
======================================================================
Timestamp: 2026-04-01 10:36:51
qdisc htb 1: root refcnt 13 r2q 10 default 0x10 direct_packets_stat 0 direct_qlen 1000
 Sent 53361357 bytes 35439 pkt (dropped 0, overlimits 34880 requeues 0) 
 backlog 0b 0p requeues 0
qdisc pfifo 20: parent 1:10 limit 12p
 Sent 53361357 bytes 35439 pkt (dropped 0, overlimits 0 requeues 0) 
 backlog 0b 0p requeues 0
======================================================================
Timestamp: 2026-04-01 10:36:52
qdisc htb 1: root refcnt 13 r2q 10 default 0x10 direct_packets_stat 0 direct_qlen 1000
 Sent 54192282 bytes 35988 pkt (dropped 0, overlimits 35426 requeues 0) 
 backlog 7570b 5p requeues 0
qdisc pfifo 20: parent 1:10 limit 12p
 Sent 54192282 bytes 35988 pkt (dropped 0, overlimits 0 requeues 0) 
 backlog 7570b 5p requeues 0
======================================================================
Timestamp: 2026-04-01 10:36:53
qdisc htb 1: root refcnt 13 r2q 10 default 0x10 direct_packets_stat 0 direct_qlen 1000
 Sent 54290073 bytes 36053 pkt (dropped 0, overlimits 35491 requeues 0) 
 backlog 0b 0p requeues 0
qdisc pfifo 20: parent 1:10 limit 12p
 Sent 54290073 bytes 36053 pkt (dropped 0, overlimits 0 requeues 0) 
 backlog 0b 0p requeues 0
======================================================================
Timestamp: 2026-04-01 10:36:54
qdisc htb 1: root refcnt 13 r2q 10 default 0x10 direct_packets_stat 0 direct_qlen 1000
 Sent 55110400 bytes 36595 pkt (dropped 0, overlimits 36030 requeues 0) 
 backlog 6056b 4p requeues 0
qdisc pfifo 20: parent 1:10 limit 12p
 Sent 55110400 bytes 36595 pkt (dropped 0, overlimits 0 requeues 0) 
 backlog 6056b 4p requeues 0
======================================================================
Timestamp: 2026-04-01 10:36:55
qdisc htb 1: root refcnt 13 r2q 10 default 0x10 direct_packets_stat 0 direct_qlen 1000
 Sent 55147880 bytes 36620 pkt (dropped 0, overlimits 36055 requeues 0) 
 backlog 0b 0p requeues 0
qdisc pfifo 20: parent 1:10 limit 12p
 Sent 55147880 bytes 36620 pkt (dropped 0, overlimits 0 requeues 0) 
 backlog 0b 0p requeues 0
======================================================================
Timestamp: 2026-04-01 10:36:56
qdisc htb 1: root refcnt 13 r2q 10 default 0x10 direct_packets_stat 0 direct_qlen 1000
 Sent 55957609 bytes 37155 pkt (dropped 0, overlimits 36587 requeues 0) 
 backlog 7570b 5p requeues 0
qdisc pfifo 20: parent 1:10 limit 12p
 Sent 55957609 bytes 37155 pkt (dropped 0, overlimits 0 requeues 0) 
 backlog 7570b 5p requeues 0
======================================================================
Timestamp: 2026-04-01 10:36:57
qdisc htb 1: root refcnt 13 r2q 10 default 0x10 direct_packets_stat 0 direct_qlen 1000
 Sent 56113949 bytes 37259 pkt (dropped 0, overlimits 36691 requeues 0) 
 backlog 0b 0p requeues 0
qdisc pfifo 20: parent 1:10 limit 12p
 Sent 56113949 bytes 37259 pkt (dropped 0, overlimits 0 requeues 0) 
 backlog 0b 0p requeues 0
======================================================================
Timestamp: 2026-04-01 10:36:58
qdisc htb 1: root refcnt 13 r2q 10 default 0x10 direct_packets_stat 0 direct_qlen 1000
 Sent 56913080 bytes 37787 pkt (dropped 0, overlimits 37216 requeues 0) 
 backlog 6056b 4p requeues 0
qdisc pfifo 20: parent 1:10 limit 12p
 Sent 56913080 bytes 37787 pkt (dropped 0, overlimits 0 requeues 0) 
 backlog 6056b 4p requeues 0
======================================================================
Timestamp: 2026-04-01 10:36:59
qdisc htb 1: root refcnt 13 r2q 10 default 0x10 direct_packets_stat 0 direct_qlen 1000
 Sent 57064364 bytes 37887 pkt (dropped 0, overlimits 37316 requeues 0) 
 backlog 0b 0p requeues 0
qdisc pfifo 20: parent 1:10 limit 12p
 Sent 57064364 bytes 37887 pkt (dropped 0, overlimits 0 requeues 0) 
 backlog 0b 0p requeues 0
======================================================================
Timestamp: 2026-04-01 10:37:00
qdisc htb 1: root refcnt 13 r2q 10 default 0x10 direct_packets_stat 0 direct_qlen 1000
 Sent 57857439 bytes 38411 pkt (dropped 0, overlimits 37837 requeues 0) 
 backlog 6056b 4p requeues 0
qdisc pfifo 20: parent 1:10 limit 12p
 Sent 57857439 bytes 38411 pkt (dropped 0, overlimits 0 requeues 0) 
 backlog 6056b 4p requeues 0
======================================================================
Timestamp: 2026-04-01 10:37:01
qdisc htb 1: root refcnt 13 r2q 10 default 0x10 direct_packets_stat 0 direct_qlen 1000
 Sent 58040245 bytes 38532 pkt (dropped 0, overlimits 37958 requeues 0) 
 backlog 0b 0p requeues 0
qdisc pfifo 20: parent 1:10 limit 12p
 Sent 58040245 bytes 38532 pkt (dropped 0, overlimits 0 requeues 0) 
 backlog 0b 0p requeues 0
======================================================================
Timestamp: 2026-04-01 10:37:02
qdisc htb 1: root refcnt 13 r2q 10 default 0x10 direct_packets_stat 0 direct_qlen 1000
 Sent 58671619 bytes 38950 pkt (dropped 0, overlimits 38373 requeues 0) 
 backlog 0b 0p requeues 0
qdisc pfifo 20: parent 1:10 limit 12p
 Sent 58671619 bytes 38950 pkt (dropped 0, overlimits 0 requeues 0) 
 backlog 0b 0p requeues 0
======================================================================
Timestamp: 2026-04-01 10:37:03
qdisc htb 1: root refcnt 13 r2q 10 default 0x10 direct_packets_stat 0 direct_qlen 1000
 Sent 58671619 bytes 38950 pkt (dropped 0, overlimits 38373 requeues 0) 
 backlog 0b 0p requeues 0
qdisc pfifo 20: parent 1:10 limit 12p
 Sent 58671619 bytes 38950 pkt (dropped 0, overlimits 0 requeues 0) 
 backlog 0b 0p requeues 0
======================================================================
Timestamp: 2026-04-01 10:37:04
qdisc htb 1: root refcnt 13 r2q 10 default 0x10 direct_packets_stat 0 direct_qlen 1000
 Sent 59448040 bytes 39463 pkt (dropped 0, overlimits 38883 requeues 0) 
 backlog 6056b 4p requeues 0
qdisc pfifo 20: parent 1:10 limit 12p
 Sent 59448040 bytes 39463 pkt (dropped 0, overlimits 0 requeues 0) 
 backlog 6056b 4p requeues 0
======================================================================
Timestamp: 2026-04-01 10:37:05
qdisc htb 1: root refcnt 13 r2q 10 default 0x10 direct_packets_stat 0 direct_qlen 1000
 Sent 59492067 bytes 39493 pkt (dropped 0, overlimits 38913 requeues 0) 
 backlog 0b 0p requeues 0
qdisc pfifo 20: parent 1:10 limit 12p
 Sent 59492067 bytes 39493 pkt (dropped 0, overlimits 0 requeues 0) 
 backlog 0b 0p requeues 0
======================================================================
Timestamp: 2026-04-01 10:37:06
qdisc htb 1: root refcnt 13 r2q 10 default 0x10 direct_packets_stat 0 direct_qlen 1000
 Sent 60256508 bytes 40000 pkt (dropped 0, overlimits 39417 requeues 0) 
 backlog 6056b 4p requeues 0
qdisc pfifo 20: parent 1:10 limit 12p
 Sent 60256508 bytes 40000 pkt (dropped 0, overlimits 0 requeues 0) 
 backlog 6056b 4p requeues 0
======================================================================
Timestamp: 2026-04-01 10:37:07
qdisc htb 1: root refcnt 13 r2q 10 default 0x10 direct_packets_stat 0 direct_qlen 1000
 Sent 60281042 bytes 40017 pkt (dropped 0, overlimits 39434 requeues 0) 
 backlog 0b 0p requeues 0
qdisc pfifo 20: parent 1:10 limit 12p
 Sent 60281042 bytes 40017 pkt (dropped 0, overlimits 0 requeues 0) 
 backlog 0b 0p requeues 0
======================================================================
Timestamp: 2026-04-01 10:37:08
qdisc htb 1: root refcnt 13 r2q 10 default 0x10 direct_packets_stat 0 direct_qlen 1000
 Sent 61037781 bytes 40517 pkt (dropped 0, overlimits 39931 requeues 0) 
 backlog 7570b 5p requeues 0
qdisc pfifo 20: parent 1:10 limit 12p
 Sent 61037781 bytes 40517 pkt (dropped 0, overlimits 0 requeues 0) 
 backlog 7570b 5p requeues 0
======================================================================
Timestamp: 2026-04-01 10:37:09
qdisc htb 1: root refcnt 13 r2q 10 default 0x10 direct_packets_stat 0 direct_qlen 1000
 Sent 61108717 bytes 40564 pkt (dropped 0, overlimits 39978 requeues 0) 
 backlog 0b 0p requeues 0
qdisc pfifo 20: parent 1:10 limit 12p
 Sent 61108717 bytes 40564 pkt (dropped 0, overlimits 0 requeues 0) 
 backlog 0b 0p requeues 0
======================================================================
Timestamp: 2026-04-01 10:37:10
qdisc htb 1: root refcnt 13 r2q 10 default 0x10 direct_packets_stat 0 direct_qlen 1000
 Sent 61848802 bytes 41053 pkt (dropped 0, overlimits 40464 requeues 0) 
 backlog 6056b 4p requeues 0
qdisc pfifo 20: parent 1:10 limit 12p
 Sent 61848802 bytes 41053 pkt (dropped 0, overlimits 0 requeues 0) 
 backlog 6056b 4p requeues 0
======================================================================
Timestamp: 2026-04-01 10:37:11
qdisc htb 1: root refcnt 13 r2q 10 default 0x10 direct_packets_stat 0 direct_qlen 1000
 Sent 62013378 bytes 41162 pkt (dropped 0, overlimits 40573 requeues 0) 
 backlog 0b 0p requeues 0
qdisc pfifo 20: parent 1:10 limit 12p
 Sent 62013378 bytes 41162 pkt (dropped 0, overlimits 0 requeues 0) 
 backlog 0b 0p requeues 0
======================================================================
Timestamp: 2026-04-01 10:37:12
qdisc htb 1: root refcnt 13 r2q 10 default 0x10 direct_packets_stat 0 direct_qlen 1000
 Sent 62736809 bytes 41640 pkt (dropped 0, overlimits 41048 requeues 0) 
 backlog 7570b 5p requeues 0
qdisc pfifo 20: parent 1:10 limit 12p
 Sent 62736809 bytes 41640 pkt (dropped 0, overlimits 0 requeues 0) 
 backlog 7570b 5p requeues 0
======================================================================
Timestamp: 2026-04-01 10:37:13
qdisc htb 1: root refcnt 13 r2q 10 default 0x10 direct_packets_stat 0 direct_qlen 1000
 Sent 62850990 bytes 41716 pkt (dropped 0, overlimits 41124 requeues 0) 
 backlog 0b 0p requeues 0
qdisc pfifo 20: parent 1:10 limit 12p
 Sent 62850990 bytes 41716 pkt (dropped 0, overlimits 0 requeues 0) 
 backlog 0b 0p requeues 0
======================================================================
Timestamp: 2026-04-01 10:37:14
qdisc htb 1: root refcnt 13 r2q 10 default 0x10 direct_packets_stat 0 direct_qlen 1000
 Sent 63557767 bytes 42183 pkt (dropped 0, overlimits 41588 requeues 0) 
 backlog 7570b 5p requeues 0
qdisc pfifo 20: parent 1:10 limit 12p
 Sent 63557767 bytes 42183 pkt (dropped 0, overlimits 0 requeues 0) 
 backlog 7570b 5p requeues 0
======================================================================
Timestamp: 2026-04-01 10:37:15
qdisc htb 1: root refcnt 13 r2q 10 default 0x10 direct_packets_stat 0 direct_qlen 1000
 Sent 63757989 bytes 42316 pkt (dropped 0, overlimits 41721 requeues 0) 
 backlog 0b 0p requeues 0
qdisc pfifo 20: parent 1:10 limit 12p
 Sent 63757989 bytes 42316 pkt (dropped 0, overlimits 0 requeues 0) 
 backlog 0b 0p requeues 0
======================================================================
Timestamp: 2026-04-01 10:37:16
qdisc htb 1: root refcnt 13 r2q 10 default 0x10 direct_packets_stat 0 direct_qlen 1000
 Sent 64443749 bytes 42770 pkt (dropped 0, overlimits 42172 requeues 0) 
 backlog 0b 0p requeues 0
qdisc pfifo 20: parent 1:10 limit 12p
 Sent 64443749 bytes 42770 pkt (dropped 0, overlimits 0 requeues 0) 
 backlog 0b 0p requeues 0
======================================================================
Timestamp: 2026-04-01 10:37:17
qdisc htb 1: root refcnt 13 r2q 10 default 0x10 direct_packets_stat 0 direct_qlen 1000
 Sent 64443749 bytes 42770 pkt (dropped 0, overlimits 42172 requeues 0) 
 backlog 0b 0p requeues 0
qdisc pfifo 20: parent 1:10 limit 12p
 Sent 64443749 bytes 42770 pkt (dropped 0, overlimits 0 requeues 0) 
 backlog 0b 0p requeues 0
======================================================================
Timestamp: 2026-04-01 10:37:18
qdisc htb 1: root refcnt 13 r2q 10 default 0x10 direct_packets_stat 0 direct_qlen 1000
 Sent 65124788 bytes 43220 pkt (dropped 0, overlimits 42619 requeues 0) 
 backlog 6056b 4p requeues 0
qdisc pfifo 20: parent 1:10 limit 12p
 Sent 65124788 bytes 43220 pkt (dropped 0, overlimits 0 requeues 0) 
 backlog 6056b 4p requeues 0
======================================================================
Timestamp: 2026-04-01 10:37:19
qdisc htb 1: root refcnt 13 r2q 10 default 0x10 direct_packets_stat 0 direct_qlen 1000
 Sent 65218989 bytes 43283 pkt (dropped 0, overlimits 42682 requeues 0) 
 backlog 0b 0p requeues 0
qdisc pfifo 20: parent 1:10 limit 12p
 Sent 65218989 bytes 43283 pkt (dropped 0, overlimits 0 requeues 0) 
 backlog 0b 0p requeues 0
======================================================================
Timestamp: 2026-04-01 10:37:20
qdisc htb 1: root refcnt 13 r2q 10 default 0x10 direct_packets_stat 0 direct_qlen 1000
 Sent 65900028 bytes 43733 pkt (dropped 0, overlimits 43129 requeues 0) 
 backlog 6056b 4p requeues 0
qdisc pfifo 20: parent 1:10 limit 12p
 Sent 65900028 bytes 43733 pkt (dropped 0, overlimits 0 requeues 0) 
 backlog 6056b 4p requeues 0
======================================================================
Timestamp: 2026-04-01 10:37:21
qdisc htb 1: root refcnt 13 r2q 10 default 0x10 direct_packets_stat 0 direct_qlen 1000
 Sent 66073557 bytes 43849 pkt (dropped 0, overlimits 43244 requeues 0) 
 backlog 0b 0p requeues 0
qdisc pfifo 20: parent 1:10 limit 12p
 Sent 66073557 bytes 43849 pkt (dropped 0, overlimits 0 requeues 0) 
 backlog 0b 0p requeues 0
======================================================================
Timestamp: 2026-04-01 10:37:22
qdisc htb 1: root refcnt 13 r2q 10 default 0x10 direct_packets_stat 0 direct_qlen 1000
 Sent 66733400 bytes 44285 pkt (dropped 0, overlimits 43677 requeues 0) 
 backlog 4542b 3p requeues 0
qdisc pfifo 20: parent 1:10 limit 12p
 Sent 66733400 bytes 44285 pkt (dropped 0, overlimits 0 requeues 0) 
 backlog 4542b 3p requeues 0
======================================================================
Timestamp: 2026-04-01 10:37:23
qdisc htb 1: root refcnt 13 r2q 10 default 0x10 direct_packets_stat 0 direct_qlen 1000
 Sent 66888069 bytes 44388 pkt (dropped 0, overlimits 43780 requeues 0) 
 backlog 0b 0p requeues 0
qdisc pfifo 20: parent 1:10 limit 12p
 Sent 66888069 bytes 44388 pkt (dropped 0, overlimits 0 requeues 0) 
 backlog 0b 0p requeues 0
======================================================================
Timestamp: 2026-04-01 10:37:24
qdisc htb 1: root refcnt 13 r2q 10 default 0x10 direct_packets_stat 0 direct_qlen 1000
 Sent 67543370 bytes 44821 pkt (dropped 0, overlimits 44210 requeues 0) 
 backlog 6056b 4p requeues 0
qdisc pfifo 20: parent 1:10 limit 12p
 Sent 67543370 bytes 44821 pkt (dropped 0, overlimits 0 requeues 0) 
 backlog 6056b 4p requeues 0
======================================================================
Timestamp: 2026-04-01 10:37:25
qdisc htb 1: root refcnt 13 r2q 10 default 0x10 direct_packets_stat 0 direct_qlen 1000
 Sent 67761533 bytes 44966 pkt (dropped 0, overlimits 44355 requeues 0) 
 backlog 0b 0p requeues 0
qdisc pfifo 20: parent 1:10 limit 12p
 Sent 67761533 bytes 44966 pkt (dropped 0, overlimits 0 requeues 0) 
 backlog 0b 0p requeues 0
======================================================================
Timestamp: 2026-04-01 10:37:26
qdisc htb 1: root refcnt 13 r2q 10 default 0x10 direct_packets_stat 0 direct_qlen 1000
 Sent 68395638 bytes 45385 pkt (dropped 0, overlimits 44771 requeues 0) 
 backlog 6056b 4p requeues 0
qdisc pfifo 20: parent 1:10 limit 12p
 Sent 68395638 bytes 45385 pkt (dropped 0, overlimits 0 requeues 0) 
 backlog 6056b 4p requeues 0
======================================================================
Timestamp: 2026-04-01 10:37:27
qdisc htb 1: root refcnt 13 r2q 10 default 0x10 direct_packets_stat 0 direct_qlen 1000
 Sent 68659542 bytes 45560 pkt (dropped 0, overlimits 44946 requeues 0) 
 backlog 0b 0p requeues 0
qdisc pfifo 20: parent 1:10 limit 12p
 Sent 68659542 bytes 45560 pkt (dropped 0, overlimits 0 requeues 0) 
 backlog 0b 0p requeues 0
======================================================================
Timestamp: 2026-04-01 10:37:28
qdisc htb 1: root refcnt 13 r2q 10 default 0x10 direct_packets_stat 0 direct_qlen 1000
 Sent 69286077 bytes 45974 pkt (dropped 0, overlimits 45357 requeues 0) 
 backlog 7570b 5p requeues 0
qdisc pfifo 20: parent 1:10 limit 12p
 Sent 69286077 bytes 45974 pkt (dropped 0, overlimits 0 requeues 0) 
 backlog 7570b 5p requeues 0
======================================================================
Timestamp: 2026-04-01 10:37:29
qdisc htb 1: root refcnt 13 r2q 10 default 0x10 direct_packets_stat 0 direct_qlen 1000
 Sent 69602838 bytes 46184 pkt (dropped 0, overlimits 45567 requeues 0) 
 backlog 0b 0p requeues 0
qdisc pfifo 20: parent 1:10 limit 12p
 Sent 69602838 bytes 46184 pkt (dropped 0, overlimits 0 requeues 0) 
 backlog 0b 0p requeues 0
======================================================================
Timestamp: 2026-04-01 10:37:30
qdisc htb 1: root refcnt 13 r2q 10 default 0x10 direct_packets_stat 0 direct_qlen 1000
 Sent 70203360 bytes 46581 pkt (dropped 0, overlimits 45961 requeues 0) 
 backlog 0b 0p requeues 0
qdisc pfifo 20: parent 1:10 limit 12p
 Sent 70203360 bytes 46581 pkt (dropped 0, overlimits 0 requeues 0) 
 backlog 0b 0p requeues 0
======================================================================
Timestamp: 2026-04-01 10:37:31
qdisc htb 1: root refcnt 13 r2q 10 default 0x10 direct_packets_stat 0 direct_qlen 1000
 Sent 70203360 bytes 46581 pkt (dropped 0, overlimits 45961 requeues 0) 
 backlog 0b 0p requeues 0
qdisc pfifo 20: parent 1:10 limit 12p
 Sent 70203360 bytes 46581 pkt (dropped 0, overlimits 0 requeues 0) 
 backlog 0b 0p requeues 0
======================================================================
Timestamp: 2026-04-01 10:37:32
qdisc htb 1: root refcnt 13 r2q 10 default 0x10 direct_packets_stat 0 direct_qlen 1000
 Sent 70811727 bytes 46983 pkt (dropped 0, overlimits 46360 requeues 0) 
 backlog 7570b 5p requeues 0
qdisc pfifo 20: parent 1:10 limit 12p
 Sent 70811727 bytes 46983 pkt (dropped 0, overlimits 0 requeues 0) 
 backlog 7570b 5p requeues 0
======================================================================
Timestamp: 2026-04-01 10:37:33
qdisc htb 1: root refcnt 13 r2q 10 default 0x10 direct_packets_stat 0 direct_qlen 1000
 Sent 71037086 bytes 47132 pkt (dropped 0, overlimits 46509 requeues 0) 
 backlog 0b 0p requeues 0
qdisc pfifo 20: parent 1:10 limit 12p
 Sent 71037086 bytes 47132 pkt (dropped 0, overlimits 0 requeues 0) 
 backlog 0b 0p requeues 0
======================================================================
Timestamp: 2026-04-01 10:37:34
qdisc htb 1: root refcnt 13 r2q 10 default 0x10 direct_packets_stat 0 direct_qlen 1000
 Sent 71631827 bytes 47525 pkt (dropped 0, overlimits 46899 requeues 0) 
 backlog 7570b 5p requeues 0
qdisc pfifo 20: parent 1:10 limit 12p
 Sent 71631827 bytes 47525 pkt (dropped 0, overlimits 0 requeues 0) 
 backlog 7570b 5p requeues 0
======================================================================
Timestamp: 2026-04-01 10:37:35
qdisc htb 1: root refcnt 13 r2q 10 default 0x10 direct_packets_stat 0 direct_qlen 1000
 Sent 71839868 bytes 47663 pkt (dropped 0, overlimits 47037 requeues 0) 
 backlog 0b 0p requeues 0
qdisc pfifo 20: parent 1:10 limit 12p
 Sent 71839868 bytes 47663 pkt (dropped 0, overlimits 0 requeues 0) 
 backlog 0b 0p requeues 0
======================================================================
Timestamp: 2026-04-01 10:37:36
qdisc htb 1: root refcnt 13 r2q 10 default 0x10 direct_packets_stat 0 direct_qlen 1000
 Sent 72425591 bytes 48051 pkt (dropped 0, overlimits 47422 requeues 0) 
 backlog 7570b 5p requeues 0
qdisc pfifo 20: parent 1:10 limit 12p
 Sent 72425591 bytes 48051 pkt (dropped 0, overlimits 0 requeues 0) 
 backlog 7570b 5p requeues 0
======================================================================
Timestamp: 2026-04-01 10:37:37
qdisc htb 1: root refcnt 13 r2q 10 default 0x10 direct_packets_stat 0 direct_qlen 1000
 Sent 72783161 bytes 48288 pkt (dropped 0, overlimits 47659 requeues 0) 
 backlog 0b 0p requeues 0
qdisc pfifo 20: parent 1:10 limit 12p
 Sent 72783161 bytes 48288 pkt (dropped 0, overlimits 0 requeues 0) 
 backlog 0b 0p requeues 0
======================================================================
Timestamp: 2026-04-01 10:37:38
qdisc htb 1: root refcnt 13 r2q 10 default 0x10 direct_packets_stat 0 direct_qlen 1000
 Sent 73364276 bytes 48672 pkt (dropped 0, overlimits 48040 requeues 0) 
 backlog 6056b 4p requeues 0
qdisc pfifo 20: parent 1:10 limit 12p
 Sent 73364276 bytes 48672 pkt (dropped 0, overlimits 0 requeues 0) 
 backlog 6056b 4p requeues 0
======================================================================
Timestamp: 2026-04-01 10:37:39
qdisc htb 1: root refcnt 13 r2q 10 default 0x10 direct_packets_stat 0 direct_qlen 1000
 Sent 73388306 bytes 48688 pkt (dropped 0, overlimits 48056 requeues 0) 
 backlog 0b 0p requeues 0
qdisc pfifo 20: parent 1:10 limit 12p
 Sent 73388306 bytes 48688 pkt (dropped 0, overlimits 0 requeues 0) 
 backlog 0b 0p requeues 0
======================================================================
Timestamp: 2026-04-01 10:37:40
qdisc htb 1: root refcnt 13 r2q 10 default 0x10 direct_packets_stat 0 direct_qlen 1000
 Sent 73951253 bytes 49060 pkt (dropped 0, overlimits 48425 requeues 0) 
 backlog 6056b 4p requeues 0
qdisc pfifo 20: parent 1:10 limit 12p
 Sent 73951253 bytes 49060 pkt (dropped 0, overlimits 0 requeues 0) 
 backlog 6056b 4p requeues 0
======================================================================
Timestamp: 2026-04-01 10:37:41
qdisc htb 1: root refcnt 13 r2q 10 default 0x10 direct_packets_stat 0 direct_qlen 1000
 Sent 74155781 bytes 49196 pkt (dropped 0, overlimits 48561 requeues 0) 
 backlog 0b 0p requeues 0
qdisc pfifo 20: parent 1:10 limit 12p
 Sent 74155781 bytes 49196 pkt (dropped 0, overlimits 0 requeues 0) 
 backlog 0b 0p requeues 0
======================================================================
Timestamp: 2026-04-01 10:37:42
qdisc htb 1: root refcnt 13 r2q 10 default 0x10 direct_packets_stat 0 direct_qlen 1000
 Sent 74706616 bytes 49560 pkt (dropped 0, overlimits 48922 requeues 0) 
 backlog 6056b 4p requeues 0
qdisc pfifo 20: parent 1:10 limit 12p
 Sent 74706616 bytes 49560 pkt (dropped 0, overlimits 0 requeues 0) 
 backlog 6056b 4p requeues 0
======================================================================
Timestamp: 2026-04-01 10:37:43
qdisc htb 1: root refcnt 13 r2q 10 default 0x10 direct_packets_stat 0 direct_qlen 1000
 Sent 75019934 bytes 49767 pkt (dropped 0, overlimits 49129 requeues 0) 
 backlog 0b 0p requeues 0
qdisc pfifo 20: parent 1:10 limit 12p
 Sent 75019934 bytes 49767 pkt (dropped 0, overlimits 0 requeues 0) 
 backlog 0b 0p requeues 0
======================================================================
Timestamp: 2026-04-01 10:37:44
qdisc htb 1: root refcnt 13 r2q 10 default 0x10 direct_packets_stat 0 direct_qlen 1000
 Sent 75554115 bytes 50120 pkt (dropped 0, overlimits 49479 requeues 0) 
 backlog 6056b 4p requeues 0
qdisc pfifo 20: parent 1:10 limit 12p
 Sent 75554115 bytes 50120 pkt (dropped 0, overlimits 0 requeues 0) 
 backlog 6056b 4p requeues 0
======================================================================
Timestamp: 2026-04-01 10:37:45
qdisc htb 1: root refcnt 13 r2q 10 default 0x10 direct_packets_stat 0 direct_qlen 1000
 Sent 75853553 bytes 50318 pkt (dropped 0, overlimits 49677 requeues 0) 
 backlog 0b 0p requeues 0
qdisc pfifo 20: parent 1:10 limit 12p
 Sent 75853553 bytes 50318 pkt (dropped 0, overlimits 0 requeues 0) 
 backlog 0b 0p requeues 0
======================================================================
Timestamp: 2026-04-01 10:37:46
qdisc htb 1: root refcnt 13 r2q 10 default 0x10 direct_packets_stat 0 direct_qlen 1000
 Sent 76372594 bytes 50661 pkt (dropped 0, overlimits 50017 requeues 0) 
 backlog 6056b 4p requeues 0
qdisc pfifo 20: parent 1:10 limit 12p
 Sent 76372594 bytes 50661 pkt (dropped 0, overlimits 0 requeues 0) 
 backlog 6056b 4p requeues 0
======================================================================
Timestamp: 2026-04-01 10:37:47
qdisc htb 1: root refcnt 13 r2q 10 default 0x10 direct_packets_stat 0 direct_qlen 1000
 Sent 76674618 bytes 50861 pkt (dropped 0, overlimits 50217 requeues 0) 
 backlog 0b 0p requeues 0
qdisc pfifo 20: parent 1:10 limit 12p
 Sent 76674618 bytes 50861 pkt (dropped 0, overlimits 0 requeues 0) 
 backlog 0b 0p requeues 0
======================================================================
Timestamp: 2026-04-01 10:37:48
qdisc htb 1: root refcnt 13 r2q 10 default 0x10 direct_packets_stat 0 direct_qlen 1000
 Sent 77178519 bytes 51194 pkt (dropped 0, overlimits 50547 requeues 0) 
 backlog 6056b 4p requeues 0
qdisc pfifo 20: parent 1:10 limit 12p
 Sent 77178519 bytes 51194 pkt (dropped 0, overlimits 0 requeues 0) 
 backlog 6056b 4p requeues 0
======================================================================
Timestamp: 2026-04-01 10:37:49
qdisc htb 1: root refcnt 13 r2q 10 default 0x10 direct_packets_stat 0 direct_qlen 1000
 Sent 77515142 bytes 51417 pkt (dropped 0, overlimits 50770 requeues 0) 
 backlog 0b 0p requeues 0
qdisc pfifo 20: parent 1:10 limit 12p
 Sent 77515142 bytes 51417 pkt (dropped 0, overlimits 0 requeues 0) 
 backlog 0b 0p requeues 0
======================================================================
Timestamp: 2026-04-01 10:37:50
qdisc htb 1: root refcnt 13 r2q 10 default 0x10 direct_packets_stat 0 direct_qlen 1000
 Sent 78003903 bytes 51740 pkt (dropped 0, overlimits 51090 requeues 0) 
 backlog 6056b 4p requeues 0
qdisc pfifo 20: parent 1:10 limit 12p
 Sent 78003903 bytes 51740 pkt (dropped 0, overlimits 0 requeues 0) 
 backlog 6056b 4p requeues 0
======================================================================
Timestamp: 2026-04-01 10:37:51
qdisc htb 1: root refcnt 13 r2q 10 default 0x10 direct_packets_stat 0 direct_qlen 1000
 Sent 78352783 bytes 51972 pkt (dropped 0, overlimits 51321 requeues 0) 
 backlog 0b 0p requeues 0
qdisc pfifo 20: parent 1:10 limit 12p
 Sent 78352783 bytes 51972 pkt (dropped 0, overlimits 0 requeues 0) 
 backlog 0b 0p requeues 0
======================================================================
Timestamp: 2026-04-01 10:37:52
qdisc htb 1: root refcnt 13 r2q 10 default 0x10 direct_packets_stat 0 direct_qlen 1000
 Sent 78832526 bytes 52290 pkt (dropped 0, overlimits 51635 requeues 0) 
 backlog 7570b 5p requeues 0
qdisc pfifo 20: parent 1:10 limit 12p
 Sent 78832526 bytes 52290 pkt (dropped 0, overlimits 0 requeues 0) 
 backlog 7570b 5p requeues 0
======================================================================
Timestamp: 2026-04-01 10:37:53
qdisc htb 1: root refcnt 13 r2q 10 default 0x10 direct_packets_stat 0 direct_qlen 1000
 Sent 79234603 bytes 52556 pkt (dropped 0, overlimits 51901 requeues 0) 
 backlog 0b 0p requeues 0
qdisc pfifo 20: parent 1:10 limit 12p
 Sent 79234603 bytes 52556 pkt (dropped 0, overlimits 0 requeues 0) 
 backlog 0b 0p requeues 0
======================================================================
Timestamp: 2026-04-01 10:37:54
qdisc htb 1: root refcnt 13 r2q 10 default 0x10 direct_packets_stat 0 direct_qlen 1000
 Sent 79703682 bytes 52866 pkt (dropped 0, overlimits 52208 requeues 0) 
 backlog 6056b 4p requeues 0
qdisc pfifo 20: parent 1:10 limit 12p
 Sent 79703682 bytes 52866 pkt (dropped 0, overlimits 0 requeues 0) 
 backlog 6056b 4p requeues 0
======================================================================
Timestamp: 2026-04-01 10:37:55
qdisc htb 1: root refcnt 13 r2q 10 default 0x10 direct_packets_stat 0 direct_qlen 1000
 Sent 80103630 bytes 53131 pkt (dropped 0, overlimits 52473 requeues 0) 
 backlog 0b 0p requeues 0
qdisc pfifo 20: parent 1:10 limit 12p
 Sent 80103630 bytes 53131 pkt (dropped 0, overlimits 0 requeues 0) 
 backlog 0b 0p requeues 0
======================================================================
Timestamp: 2026-04-01 10:37:57
qdisc htb 1: root refcnt 13 r2q 10 default 0x10 direct_packets_stat 0 direct_qlen 1000
 Sent 80566653 bytes 53437 pkt (dropped 0, overlimits 52776 requeues 0) 
 backlog 6056b 4p requeues 0
qdisc pfifo 20: parent 1:10 limit 12p
 Sent 80566653 bytes 53437 pkt (dropped 0, overlimits 0 requeues 0) 
 backlog 6056b 4p requeues 0
======================================================================
Timestamp: 2026-04-01 10:37:58
qdisc htb 1: root refcnt 13 r2q 10 default 0x10 direct_packets_stat 0 direct_qlen 1000
 Sent 81004665 bytes 53727 pkt (dropped 0, overlimits 53066 requeues 0) 
 backlog 0b 0p requeues 0
qdisc pfifo 20: parent 1:10 limit 12p
 Sent 81004665 bytes 53727 pkt (dropped 0, overlimits 0 requeues 0) 
 backlog 0b 0p requeues 0
======================================================================
Timestamp: 2026-04-01 10:37:59
qdisc htb 1: root refcnt 13 r2q 10 default 0x10 direct_packets_stat 0 direct_qlen 1000
 Sent 81454062 bytes 54024 pkt (dropped 0, overlimits 53360 requeues 0) 
 backlog 7570b 5p requeues 0
qdisc pfifo 20: parent 1:10 limit 12p
 Sent 81454062 bytes 54024 pkt (dropped 0, overlimits 0 requeues 0) 
 backlog 7570b 5p requeues 0
======================================================================
Timestamp: 2026-04-01 10:38:00
qdisc htb 1: root refcnt 13 r2q 10 default 0x10 direct_packets_stat 0 direct_qlen 1000
 Sent 81902311 bytes 54321 pkt (dropped 0, overlimits 53657 requeues 0) 
 backlog 0b 0p requeues 0
qdisc pfifo 20: parent 1:10 limit 12p
 Sent 81902311 bytes 54321 pkt (dropped 0, overlimits 0 requeues 0) 
 backlog 0b 0p requeues 0
======================================================================
Timestamp: 2026-04-01 10:38:01
qdisc htb 1: root refcnt 13 r2q 10 default 0x10 direct_packets_stat 0 direct_qlen 1000
 Sent 82336568 bytes 54608 pkt (dropped 0, overlimits 53941 requeues 0) 
 backlog 7570b 5p requeues 0
qdisc pfifo 20: parent 1:10 limit 12p
 Sent 82336568 bytes 54608 pkt (dropped 0, overlimits 0 requeues 0) 
 backlog 7570b 5p requeues 0
======================================================================
Timestamp: 2026-04-01 10:38:02
qdisc htb 1: root refcnt 13 r2q 10 default 0x10 direct_packets_stat 0 direct_qlen 1000
 Sent 82803153 bytes 54917 pkt (dropped 0, overlimits 54250 requeues 0) 
 backlog 0b 0p requeues 0
qdisc pfifo 20: parent 1:10 limit 12p
 Sent 82803153 bytes 54917 pkt (dropped 0, overlimits 0 requeues 0) 
 backlog 0b 0p requeues 0
======================================================================
Timestamp: 2026-04-01 10:38:03
qdisc htb 1: root refcnt 13 r2q 10 default 0x10 direct_packets_stat 0 direct_qlen 1000
 Sent 83071185 bytes 55095 pkt (dropped 0, overlimits 54425 requeues 0) 
 backlog 0b 0p requeues 0
qdisc pfifo 20: parent 1:10 limit 12p
 Sent 83071185 bytes 55095 pkt (dropped 0, overlimits 0 requeues 0) 
 backlog 0b 0p requeues 0
======================================================================
Timestamp: 2026-04-01 10:38:04
qdisc htb 1: root refcnt 13 r2q 10 default 0x10 direct_packets_stat 0 direct_qlen 1000
 Sent 83071185 bytes 55095 pkt (dropped 0, overlimits 54425 requeues 0) 
 backlog 0b 0p requeues 0
qdisc pfifo 20: parent 1:10 limit 12p
 Sent 83071185 bytes 55095 pkt (dropped 0, overlimits 0 requeues 0) 
 backlog 0b 0p requeues 0
