      Time     KB/s_in    KB/s_out
  08:00:04         0.9         3.2
  08:00:05        11.3       428.2
  08:00:06         0.5        20.0
  08:00:07        10.3       431.6
  08:00:08        13.0       602.9
  08:00:09        10.5       434.6
  08:00:10        17.6       801.7
  08:00:11         9.9       409.4
  08:00:12        18.6       854.3
  08:00:13        10.1       418.2
  08:00:14        17.8       815.2
  08:00:15         8.8       360.5
  08:00:16        18.6       854.1
  08:00:17         8.5       342.8
  08:00:18        18.6       854.2
  08:00:19         8.1       322.7
  08:00:20        18.6       855.7
  08:00:21         7.7       310.9
  08:00:22        18.6       854.3
  08:00:23         8.2       329.2
  08:00:24        14.0       639.1
  08:00:25         6.2       238.0
  08:00:26        12.9       589.4
  08:00:27         5.6       212.8
  08:00:28        18.6       854.1
  08:00:29         6.5       253.2
  08:00:30        13.1       598.2
  08:00:31         4.5       164.1
  08:00:32        18.6       854.1
  08:00:33         8.5       346.1
  08:00:34        13.8       577.9
  08:00:35        12.4       413.9
  08:00:36        12.3       414.6
  08:00:37        12.9       447.8
  08:00:38        11.9       428.6
  08:00:39        12.6       405.0
  08:00:40        11.1       416.8
  08:00:41        11.8       385.1
  08:00:42        11.6       416.5
  08:00:43        12.8       420.0
  08:00:44        12.5       463.3
  08:00:45        12.2       440.5
  08:00:46        12.3       439.4
  08:00:47        11.6       442.0
  08:00:48        13.0       456.6
  08:00:49        11.5       430.1
  08:00:50        12.1       424.0
  08:00:51        11.7       440.4
  08:00:52        11.4       387.5
  08:00:53        11.3       430.0
  08:00:54        12.3       419.0
  08:00:55        11.3       430.1
  08:00:56        12.3       422.1
  08:00:57        11.9       446.2
  08:00:58        11.9       429.9
  08:00:59        12.0       427.1
  08:01:00        12.3       446.3
  08:01:01        11.6       419.6
  08:01:02        10.8       385.7
  08:01:03        11.9       423.5
  08:01:04        12.1       419.7
  08:01:05        11.5       431.5
  08:01:06        12.2       424.0
  08:01:07        11.6       437.4
  08:01:08        12.5       431.5
  08:01:09        11.5       435.8
  08:01:10        12.5       428.0
  08:01:11        11.7       444.8
  08:01:12        12.5       433.8
  08:01:13        11.4       431.5
  08:01:14        12.6       431.7
  08:01:15        11.9       427.2
  08:01:16        13.0       416.9
  08:01:17        12.2       425.5
  08:01:18         8.5       265.8
  08:01:19        12.2       438.8
  08:01:20         9.6       301.3
  08:01:21        12.2       432.9
  08:01:22        11.1       374.4
  08:01:23        11.5       424.2
  08:01:24        10.7       357.6
  08:01:25        11.8       438.9
  08:01:26        11.7       404.8
  08:01:27        11.9       438.9
  08:01:28        12.3       424.3
  08:01:29        11.2       431.5
  08:01:30        12.1       425.7
  08:01:31        11.5       443.3
  08:01:32         6.0       184.2
  08:01:33        11.6       443.2
  08:01:34        10.4       357.2
  08:01:35        11.3       424.1
  08:01:36        10.4       350.6
  08:01:37        11.7       431.5
  08:01:38        12.3       416.6
  08:01:39        12.2       450.6
  08:01:40         6.1       179.8
  08:01:41        11.7       437.4
  08:01:42         9.2       296.8
  08:01:43        11.8       435.9
  08:01:44        11.6       401.6
  08:01:45        12.0       446.2
  08:01:46        10.5       351.0
  08:01:47        11.8       441.9
  08:01:48        10.2       343.3
  08:01:49        11.6       429.9
  08:01:50        11.2       377.1
  08:01:51        11.7       428.5
  08:01:52        11.2       377.0
  08:01:53        11.7       431.6
  08:01:54        12.1       427.7
  08:01:55        11.6       413.8
  08:01:56        11.7       431.5
  08:01:57        12.1       421.2
  08:01:58        11.5       428.6
  08:01:59        12.3       421.3
  08:02:00        11.5       428.5
  08:02:01        12.2       413.6
  08:02:02        11.9       440.4
  08:02:03        10.3       342.8
  08:02:04         0.0         0.0
  08:02:05        10.0       327.9
  08:02:06         0.0         0.0
  08:02:07        10.5       353.2
  08:02:08        11.8       441.9
  08:02:09        10.8       363.6
  08:02:10        11.7       435.9
  08:02:11        11.9       408.0
  08:02:12        11.5       425.6
  08:02:13        11.9       415.9
  08:02:14        12.3       430.0
  08:02:15        11.0       365.9
  08:02:16        12.6       450.7
  08:02:17        11.6       381.0
  08:02:18        12.6       459.6
  08:02:19        11.0       368.9
  08:02:20        11.7       434.6
  08:02:21        13.2       451.7
  08:02:22        11.2       425.5
  08:02:23        12.7       438.4
  08:02:24        11.7       437.3
  08:02:25         8.2       262.8
  08:02:26        11.4       428.4
  08:02:27         8.9       286.9
  08:02:28        11.8       450.5
  08:02:29        10.3       353.0
  08:02:30        10.8       401.5
  08:02:31         6.2       187.7
  08:02:32        11.5       433.0
  08:02:33         9.6       320.0
  08:02:34        12.1       455.2
  08:02:35        10.1       342.5
  08:02:36        11.5       434.5
  08:02:37        10.0       335.7
  08:02:38        12.2       455.2
  08:02:39         9.8       320.4
  08:02:40        12.0       453.6
  08:02:41         9.6       326.5
  08:02:42        11.6       435.9
  08:02:43        10.5       359.1
  08:02:44        11.6       431.6
  08:02:45        10.5       358.3
  08:02:46        11.5       431.5
  08:02:47        10.7       359.5
  08:02:48        11.6       434.4
  08:02:49        12.4       431.3
  08:02:50        11.8       446.2
  08:02:51        12.1       417.8
  08:02:52        11.6       436.0
  08:02:53        12.8       440.6
  08:02:54        11.3       428.5
  08:02:55        11.1       400.4
  08:02:56        11.7       420.4
  08:02:57        12.3       426.5
  08:02:58        11.4       428.5
  08:02:59        11.8       425.6
  08:03:00        12.4       448.0
  08:03:01        12.4       447.7
  08:03:02        11.9       425.1
  08:03:03        11.6       437.5
  08:03:04        13.2       455.9
  08:03:05        22.5       809.6
  08:03:06        23.1       827.3
  08:03:07        21.6       808.0
  08:03:08        21.0       753.8
  08:03:09        12.7       463.7
  08:03:10        20.4       730.0
  08:03:11        11.7       425.9
  08:03:12        19.7       700.5
  08:03:13        15.9       583.9
  08:03:14        14.9       551.2
  08:03:15        18.8       692.6
  08:03:16        18.7       660.6
  08:03:17         1.2        45.7
  08:03:18        17.7       632.6
  08:03:19         7.4       282.2
  08:03:20        17.2       610.3
  08:03:21        18.3       673.8
  08:03:22        16.4       580.8
  08:03:23        17.3       640.2
