  Time         s2-eth2      
HH:MM:SS   KB/s in  KB/s out
03:03:54      6.25    167.23
03:03:55     12.29    708.56
03:03:56     12.86    760.05
03:03:57     13.61    842.42
03:03:58      4.58    272.60
03:03:59     11.92    835.91
03:04:00      5.50    306.73
03:04:01     12.11    805.24
03:04:02      0.71     19.72
03:04:03      3.88    240.02
03:04:04      0.25      2.59
03:04:05      4.52    321.03
03:04:06      0.00      0.00
03:04:07     11.30    768.39
03:04:08      0.76     56.70
03:04:09     11.22    723.85
03:04:10      1.89    110.44
03:04:11     10.55    682.30
03:04:12      2.62    168.38
03:04:13      9.80    640.19
03:04:14      2.46    166.31
03:04:15      8.66    591.09
  Time         s2-eth2      
HH:MM:SS   KB/s in  KB/s out
03:04:16      3.26    237.22
03:04:17      8.76    545.13
03:04:18      4.73    296.21
03:04:19      7.81    505.01
03:04:20      6.34    428.67
03:04:21      8.09    459.54
03:04:22      7.85    531.58
03:04:23      6.58    417.30
03:04:24      2.27    130.43
03:04:25      5.53    370.31
03:04:26      5.01    332.38
03:04:27      4.68    327.11
03:04:28      7.48    494.21
03:04:29      3.68    170.39
03:04:30      6.91    433.96
03:04:31      2.86    161.05
03:04:32      5.08    302.25
03:04:33      2.20     64.09
03:04:34     10.60    735.30
03:04:35      1.37     20.60
03:04:36      6.75    449.31
03:04:37      1.02      4.94
  Time         s2-eth2      
HH:MM:SS   KB/s in  KB/s out
03:04:38     11.51    709.98
03:04:39      7.35    489.50
03:04:40     12.85    793.93
03:04:41      0.00      0.07
03:04:42     12.44    761.68
03:04:43      0.64     33.73
03:04:44     11.50    714.01
03:04:45      1.32     86.28
03:04:46     10.45    675.93
03:04:47      1.70    120.84
03:04:48      9.23    630.58
03:04:49      4.93    306.54
03:04:50      9.80    584.82
03:04:51      3.60    276.62
03:04:52      8.09    528.85
03:04:53      5.11    369.33
03:04:54      7.99    487.20
03:04:55      4.92    343.20
03:04:56      6.39    442.64
03:04:57      7.38    491.82
03:04:58      6.57    394.14
03:04:59      7.23    523.81
  Time         s2-eth2      
HH:MM:SS   KB/s in  KB/s out
03:05:00      5.34    355.17
03:05:01      8.52    589.00
03:05:02      5.06    306.88
03:05:03      4.83    302.96
03:05:04      4.21    266.63
03:05:05      7.48    526.67
03:05:06      3.83    220.21
03:05:07      7.76    541.65
03:05:08      3.17    170.19
03:05:09      9.84    630.29
03:05:10      2.32    125.03
03:05:11     10.50    748.79
03:05:12      1.47     79.79
03:05:13     10.31    730.09
03:05:14      0.90     36.89
03:05:15     12.40    838.20
03:05:16      0.61      4.41
03:05:17      9.37    660.39
03:05:18      0.16      0.00
03:05:19     10.58    749.36
03:05:20      0.04      0.04
03:05:21     11.49    744.31
  Time         s2-eth2      
HH:MM:SS   KB/s in  KB/s out
03:05:22      1.32     81.41
03:05:23     10.93    696.06
03:05:24      1.74     91.87
03:05:25     10.17    648.17
03:05:26      2.84    197.39
03:05:27      9.22    608.24
03:05:28      3.88    260.99
03:05:29      8.85    557.79
03:05:30      5.20    354.10
03:05:31      7.71    513.59
03:05:32      1.14     66.41
03:05:33      7.62    460.98
03:05:34      5.20    346.35
03:05:35      6.10    420.24
03:05:36      5.39    356.04
03:05:37      5.79    340.82
03:05:38      1.58     93.11
03:05:39      4.97    333.16
03:05:40      4.08    252.04
03:05:41      4.31    199.17
03:05:42      2.34    169.51
03:05:43      3.01    139.14
  Time         s2-eth2      
HH:MM:SS   KB/s in  KB/s out
03:05:44      9.94    696.73
03:05:45      3.05     96.98
03:05:46     10.60    711.74
03:05:47      1.72     27.24
03:05:48     10.98    770.03
03:05:49      1.87      7.39
03:05:50     12.66    810.63
03:05:51     12.52    779.05
03:05:52     12.00    812.82
03:05:53     10.09    671.88
03:05:54      6.90    402.00
03:05:55      6.59    442.77
03:05:56      6.45    395.12
03:05:57      6.81    475.93
03:05:58      5.25    349.96
03:05:59      7.19    517.29
03:06:00      4.59    304.82
03:06:01      8.08    565.13
03:06:02      4.21    259.52
03:06:03      0.09      0.24
03:06:04      3.83    211.69
03:06:05      1.89    113.52
  Time         s2-eth2      
HH:MM:SS   KB/s in  KB/s out
03:06:06      3.07    162.85
03:06:07      9.18    662.90
03:06:08      2.13    120.48
03:06:09     10.88    715.03
03:06:10      1.60     75.32
03:06:11     10.98    775.23
03:06:12      0.80     31.17
03:06:13     10.79    773.88
03:06:14      0.42      2.59
03:06:15     11.93    820.94
03:06:16      0.35      4.25
03:06:17     11.90    780.18
03:06:18      0.76     59.53
03:06:19     11.02    734.46
03:06:20      3.12    201.00
03:06:21     10.36    684.02
03:06:22      4.78    308.37
03:06:23      8.75    547.66
03:06:24      0.00      0.00
03:06:25     10.27    592.95
03:06:26      1.99    110.18
03:06:27      7.81    553.69
  Time         s2-eth2      
HH:MM:SS   KB/s in  KB/s out
03:06:28      4.35    267.00
03:06:29      7.52    506.68
03:06:30      1.51     96.55
03:06:31      6.67    460.20
03:06:32      3.97    303.23
03:06:33      6.39    410.39
03:06:34      5.58    387.49
03:06:35      5.63    367.81
03:06:36      5.58    407.55
03:06:37      4.62    246.37
03:06:38      7.66    539.97
03:06:39      4.18    237.05
03:06:40      2.62    176.51
03:06:41      3.81    141.06
03:06:42      9.95    659.12
03:06:43      2.46     93.13
03:06:44      5.27    323.74
03:06:45      2.45     56.37
03:06:46      6.13    368.28
03:06:47      2.45     14.52
03:06:48     11.92    839.35
03:06:49     11.77    777.40
  Time         s2-eth2      
HH:MM:SS   KB/s in  KB/s out
03:06:50     11.12    737.89
03:06:51     11.37    741.02
03:06:52      7.53    504.27
03:06:53      9.08    624.93
03:06:54      7.65    457.03
03:06:55     11.87    823.62
03:06:56      6.67    411.71
03:06:57      9.46    653.56
03:06:58      6.70    370.62
03:06:59      9.75    677.08
03:07:00      5.47    322.06
03:07:01     12.49    838.77
03:07:02      5.92    331.38
03:07:03      6.13    382.36
03:07:04      3.74    231.31
03:07:05     10.69    721.89
03:07:06      4.75    185.06
03:07:07      8.52    578.58
03:07:08      3.01    143.63
03:07:09     12.30    836.73
03:07:10      4.97    318.50
03:07:11     11.35    842.00
  Time         s2-eth2      
HH:MM:SS   KB/s in  KB/s out
03:07:12      4.87    268.37
03:07:13     11.64    838.10
