Starting TC Qdisc Monitoring for s1-eth2
Timestamp, Qdisc Stats
======================================================================
Timestamp: 2026-04-01 06:05:53
qdisc htb 1: root refcnt 13 r2q 10 default 0x10 direct_packets_stat 0 direct_qlen 1000
 Sent 3461 bytes 27 pkt (dropped 0, overlimits 0 requeues 0) 
 backlog 0b 0p requeues 0
qdisc pfifo 20: parent 1:10 limit 12p
 Sent 3461 bytes 27 pkt (dropped 0, overlimits 0 requeues 0) 
 backlog 0b 0p requeues 0
======================================================================
Timestamp: 2026-04-01 06:05:54
qdisc htb 1: root refcnt 13 r2q 10 default 0x10 direct_packets_stat 0 direct_qlen 1000
 Sent 6658 bytes 32 pkt (dropped 0, overlimits 1 requeues 0) 
 backlog 0b 0p requeues 0
qdisc pfifo 20: parent 1:10 limit 12p
 Sent 6658 bytes 32 pkt (dropped 0, overlimits 0 requeues 0) 
 backlog 0b 0p requeues 0
======================================================================
Timestamp: 2026-04-01 06:05:55
qdisc htb 1: root refcnt 13 r2q 10 default 0x10 direct_packets_stat 0 direct_qlen 1000
 Sent 62463 bytes 73 pkt (dropped 0, overlimits 35 requeues 0) 
 backlog 3028b 2p requeues 0
qdisc pfifo 20: parent 1:10 limit 12p
 Sent 62463 bytes 73 pkt (dropped 0, overlimits 0 requeues 0) 
 backlog 3028b 2p requeues 0
======================================================================
Timestamp: 2026-04-01 06:05:56
qdisc htb 1: root refcnt 13 r2q 10 default 0x10 direct_packets_stat 0 direct_qlen 1000
 Sent 901289 bytes 628 pkt (dropped 0, overlimits 588 requeues 0) 
 backlog 6056b 4p requeues 0
qdisc pfifo 20: parent 1:10 limit 12p
 Sent 901289 bytes 628 pkt (dropped 0, overlimits 0 requeues 0) 
 backlog 6056b 4p requeues 0
======================================================================
Timestamp: 2026-04-01 06:05:57
qdisc htb 1: root refcnt 13 r2q 10 default 0x10 direct_packets_stat 0 direct_qlen 1000
 Sent 1458887 bytes 997 pkt (dropped 0, overlimits 955 requeues 0) 
 backlog 6056b 4p requeues 0
qdisc pfifo 20: parent 1:10 limit 12p
 Sent 1458887 bytes 997 pkt (dropped 0, overlimits 0 requeues 0) 
 backlog 6056b 4p requeues 0
======================================================================
Timestamp: 2026-04-01 06:05:58
qdisc htb 1: root refcnt 13 r2q 10 default 0x10 direct_packets_stat 0 direct_qlen 1000
 Sent 2340035 bytes 1579 pkt (dropped 0, overlimits 1537 requeues 0) 
 backlog 7570b 5p requeues 0
qdisc pfifo 20: parent 1:10 limit 12p
 Sent 2340035 bytes 1579 pkt (dropped 0, overlimits 0 requeues 0) 
 backlog 7570b 5p requeues 0
======================================================================
Timestamp: 2026-04-01 06:05:59
qdisc htb 1: root refcnt 13 r2q 10 default 0x10 direct_packets_stat 0 direct_qlen 1000
 Sent 3183103 bytes 2138 pkt (dropped 0, overlimits 2077 requeues 0) 
 backlog 7570b 5p requeues 0
qdisc pfifo 20: parent 1:10 limit 12p
 Sent 3183103 bytes 2138 pkt (dropped 0, overlimits 0 requeues 0) 
 backlog 7570b 5p requeues 0
======================================================================
Timestamp: 2026-04-01 06:06:00
qdisc htb 1: root refcnt 13 r2q 10 default 0x10 direct_packets_stat 0 direct_qlen 1000
 Sent 4043306 bytes 2709 pkt (dropped 0, overlimits 2647 requeues 0) 
 backlog 4542b 3p requeues 0
qdisc pfifo 20: parent 1:10 limit 12p
 Sent 4043306 bytes 2709 pkt (dropped 0, overlimits 0 requeues 0) 
 backlog 4542b 3p requeues 0
======================================================================
Timestamp: 2026-04-01 06:06:01
qdisc htb 1: root refcnt 13 r2q 10 default 0x10 direct_packets_stat 0 direct_qlen 1000
 Sent 4923010 bytes 3291 pkt (dropped 0, overlimits 3229 requeues 0) 
 backlog 7570b 5p requeues 0
qdisc pfifo 20: parent 1:10 limit 12p
 Sent 4923010 bytes 3291 pkt (dropped 0, overlimits 0 requeues 0) 
 backlog 7570b 5p requeues 0
======================================================================
Timestamp: 2026-04-01 06:06:02
qdisc htb 1: root refcnt 13 r2q 10 default 0x10 direct_packets_stat 0 direct_qlen 1000
 Sent 5306685 bytes 3546 pkt (dropped 0, overlimits 3482 requeues 0) 
 backlog 0b 0p requeues 0
qdisc pfifo 20: parent 1:10 limit 12p
 Sent 5306685 bytes 3546 pkt (dropped 0, overlimits 0 requeues 0) 
 backlog 0b 0p requeues 0
======================================================================
Timestamp: 2026-04-01 06:06:03
qdisc htb 1: root refcnt 13 r2q 10 default 0x10 direct_packets_stat 0 direct_qlen 1000
 Sent 5306906 bytes 3547 pkt (dropped 0, overlimits 3482 requeues 0) 
 backlog 0b 0p requeues 0
qdisc pfifo 20: parent 1:10 limit 12p
 Sent 5306906 bytes 3547 pkt (dropped 0, overlimits 0 requeues 0) 
 backlog 0b 0p requeues 0
======================================================================
Timestamp: 2026-04-01 06:06:04
qdisc htb 1: root refcnt 13 r2q 10 default 0x10 direct_packets_stat 0 direct_qlen 1000
 Sent 5693834 bytes 3804 pkt (dropped 0, overlimits 3735 requeues 0) 
 backlog 0b 0p requeues 0
qdisc pfifo 20: parent 1:10 limit 12p
 Sent 5693834 bytes 3804 pkt (dropped 0, overlimits 0 requeues 0) 
 backlog 0b 0p requeues 0
======================================================================
Timestamp: 2026-04-01 06:06:05
qdisc htb 1: root refcnt 13 r2q 10 default 0x10 direct_packets_stat 0 direct_qlen 1000
 Sent 5693834 bytes 3804 pkt (dropped 0, overlimits 3735 requeues 0) 
 backlog 0b 0p requeues 0
qdisc pfifo 20: parent 1:10 limit 12p
 Sent 5693834 bytes 3804 pkt (dropped 0, overlimits 0 requeues 0) 
 backlog 0b 0p requeues 0
======================================================================
Timestamp: 2026-04-01 06:06:06
qdisc htb 1: root refcnt 13 r2q 10 default 0x10 direct_packets_stat 0 direct_qlen 1000
 Sent 6515923 bytes 4347 pkt (dropped 0, overlimits 4276 requeues 0) 
 backlog 4542b 3p requeues 0
qdisc pfifo 20: parent 1:10 limit 12p
 Sent 6515923 bytes 4347 pkt (dropped 0, overlimits 0 requeues 0) 
 backlog 4542b 3p requeues 0
======================================================================
Timestamp: 2026-04-01 06:06:07
qdisc htb 1: root refcnt 13 r2q 10 default 0x10 direct_packets_stat 0 direct_qlen 1000
 Sent 6764634 bytes 4512 pkt (dropped 0, overlimits 4441 requeues 0) 
 backlog 0b 0p requeues 0
qdisc pfifo 20: parent 1:10 limit 12p
 Sent 6764634 bytes 4512 pkt (dropped 0, overlimits 0 requeues 0) 
 backlog 0b 0p requeues 0
======================================================================
Timestamp: 2026-04-01 06:06:08
qdisc htb 1: root refcnt 13 r2q 10 default 0x10 direct_packets_stat 0 direct_qlen 1000
 Sent 7573097 bytes 5046 pkt (dropped 0, overlimits 4973 requeues 0) 
 backlog 7570b 5p requeues 0
qdisc pfifo 20: parent 1:10 limit 12p
 Sent 7573097 bytes 5046 pkt (dropped 0, overlimits 0 requeues 0) 
 backlog 7570b 5p requeues 0
======================================================================
Timestamp: 2026-04-01 06:06:09
qdisc htb 1: root refcnt 13 r2q 10 default 0x10 direct_packets_stat 0 direct_qlen 1000
 Sent 8030933 bytes 5349 pkt (dropped 0, overlimits 5276 requeues 0) 
 backlog 0b 0p requeues 0
qdisc pfifo 20: parent 1:10 limit 12p
 Sent 8030933 bytes 5349 pkt (dropped 0, overlimits 0 requeues 0) 
 backlog 0b 0p requeues 0
======================================================================
Timestamp: 2026-04-01 06:06:10
qdisc htb 1: root refcnt 13 r2q 10 default 0x10 direct_packets_stat 0 direct_qlen 1000
 Sent 8813658 bytes 5866 pkt (dropped 0, overlimits 5791 requeues 0) 
 backlog 6056b 4p requeues 0
qdisc pfifo 20: parent 1:10 limit 12p
 Sent 8813658 bytes 5866 pkt (dropped 0, overlimits 0 requeues 0) 
 backlog 6056b 4p requeues 0
======================================================================
Timestamp: 2026-04-01 06:06:11
qdisc htb 1: root refcnt 13 r2q 10 default 0x10 direct_packets_stat 0 direct_qlen 1000
 Sent 9359780 bytes 6227 pkt (dropped 0, overlimits 6152 requeues 0) 
 backlog 0b 0p requeues 0
qdisc pfifo 20: parent 1:10 limit 12p
 Sent 9359780 bytes 6227 pkt (dropped 0, overlimits 0 requeues 0) 
 backlog 0b 0p requeues 0
======================================================================
Timestamp: 2026-04-01 06:06:12
qdisc htb 1: root refcnt 13 r2q 10 default 0x10 direct_packets_stat 0 direct_qlen 1000
 Sent 10133421 bytes 6738 pkt (dropped 0, overlimits 6661 requeues 0) 
 backlog 6056b 4p requeues 0
qdisc pfifo 20: parent 1:10 limit 12p
 Sent 10133421 bytes 6738 pkt (dropped 0, overlimits 0 requeues 0) 
 backlog 6056b 4p requeues 0
======================================================================
Timestamp: 2026-04-01 06:06:13
qdisc htb 1: root refcnt 13 r2q 10 default 0x10 direct_packets_stat 0 direct_qlen 1000
 Sent 10588539 bytes 7039 pkt (dropped 0, overlimits 6962 requeues 0) 
 backlog 0b 0p requeues 0
qdisc pfifo 20: parent 1:10 limit 12p
 Sent 10588539 bytes 7039 pkt (dropped 0, overlimits 0 requeues 0) 
 backlog 0b 0p requeues 0
======================================================================
Timestamp: 2026-04-01 06:06:14
qdisc htb 1: root refcnt 13 r2q 10 default 0x10 direct_packets_stat 0 direct_qlen 1000
 Sent 11345526 bytes 7539 pkt (dropped 0, overlimits 7460 requeues 0) 
 backlog 4542b 3p requeues 0
qdisc pfifo 20: parent 1:10 limit 12p
 Sent 11345526 bytes 7539 pkt (dropped 0, overlimits 0 requeues 0) 
 backlog 4542b 3p requeues 0
======================================================================
Timestamp: 2026-04-01 06:06:15
qdisc htb 1: root refcnt 13 r2q 10 default 0x10 direct_packets_stat 0 direct_qlen 1000
 Sent 11837502 bytes 7864 pkt (dropped 0, overlimits 7785 requeues 0) 
 backlog 0b 0p requeues 0
qdisc pfifo 20: parent 1:10 limit 12p
 Sent 11837502 bytes 7864 pkt (dropped 0, overlimits 0 requeues 0) 
 backlog 0b 0p requeues 0
======================================================================
Timestamp: 2026-04-01 06:06:16
qdisc htb 1: root refcnt 13 r2q 10 default 0x10 direct_packets_stat 0 direct_qlen 1000
 Sent 12579419 bytes 8355 pkt (dropped 0, overlimits 8274 requeues 0) 
 backlog 6056b 4p requeues 0
qdisc pfifo 20: parent 1:10 limit 12p
 Sent 12579419 bytes 8355 pkt (dropped 0, overlimits 0 requeues 0) 
 backlog 6056b 4p requeues 0
======================================================================
Timestamp: 2026-04-01 06:06:17
qdisc htb 1: root refcnt 13 r2q 10 default 0x10 direct_packets_stat 0 direct_qlen 1000
 Sent 13064454 bytes 8677 pkt (dropped 0, overlimits 8596 requeues 0) 
 backlog 0b 0p requeues 0
qdisc pfifo 20: parent 1:10 limit 12p
 Sent 13064454 bytes 8677 pkt (dropped 0, overlimits 0 requeues 0) 
 backlog 0b 0p requeues 0
======================================================================
Timestamp: 2026-04-01 06:06:18
qdisc htb 1: root refcnt 13 r2q 10 default 0x10 direct_packets_stat 0 direct_qlen 1000
 Sent 13795843 bytes 9162 pkt (dropped 0, overlimits 9079 requeues 0) 
 backlog 7570b 5p requeues 0
qdisc pfifo 20: parent 1:10 limit 12p
 Sent 13795843 bytes 9162 pkt (dropped 0, overlimits 0 requeues 0) 
 backlog 7570b 5p requeues 0
======================================================================
Timestamp: 2026-04-01 06:06:19
qdisc htb 1: root refcnt 13 r2q 10 default 0x10 direct_packets_stat 0 direct_qlen 1000
 Sent 14290219 bytes 9490 pkt (dropped 0, overlimits 9407 requeues 0) 
 backlog 0b 0p requeues 0
qdisc pfifo 20: parent 1:10 limit 12p
 Sent 14290219 bytes 9490 pkt (dropped 0, overlimits 0 requeues 0) 
 backlog 0b 0p requeues 0
======================================================================
Timestamp: 2026-04-01 06:06:20
qdisc htb 1: root refcnt 13 r2q 10 default 0x10 direct_packets_stat 0 direct_qlen 1000
 Sent 15004814 bytes 9962 pkt (dropped 0, overlimits 9877 requeues 0) 
 backlog 6056b 4p requeues 0
qdisc pfifo 20: parent 1:10 limit 12p
 Sent 15004814 bytes 9962 pkt (dropped 0, overlimits 0 requeues 0) 
 backlog 6056b 4p requeues 0
======================================================================
Timestamp: 2026-04-01 06:06:21
qdisc htb 1: root refcnt 13 r2q 10 default 0x10 direct_packets_stat 0 direct_qlen 1000
 Sent 15526791 bytes 10307 pkt (dropped 0, overlimits 10222 requeues 0) 
 backlog 0b 0p requeues 0
qdisc pfifo 20: parent 1:10 limit 12p
 Sent 15526791 bytes 10307 pkt (dropped 0, overlimits 0 requeues 0) 
 backlog 0b 0p requeues 0
======================================================================
Timestamp: 2026-04-01 06:06:22
qdisc htb 1: root refcnt 13 r2q 10 default 0x10 direct_packets_stat 0 direct_qlen 1000
 Sent 16227760 bytes 10770 pkt (dropped 0, overlimits 10683 requeues 0) 
 backlog 7570b 5p requeues 0
qdisc pfifo 20: parent 1:10 limit 12p
 Sent 16227760 bytes 10770 pkt (dropped 0, overlimits 0 requeues 0) 
 backlog 7570b 5p requeues 0
======================================================================
Timestamp: 2026-04-01 06:06:23
qdisc htb 1: root refcnt 13 r2q 10 default 0x10 direct_packets_stat 0 direct_qlen 1000
 Sent 16452706 bytes 10925 pkt (dropped 0, overlimits 10832 requeues 0) 
 backlog 0b 0p requeues 0
qdisc pfifo 20: parent 1:10 limit 12p
 Sent 16452706 bytes 10925 pkt (dropped 0, overlimits 0 requeues 0) 
 backlog 0b 0p requeues 0
======================================================================
Timestamp: 2026-04-01 06:06:24
qdisc htb 1: root refcnt 13 r2q 10 default 0x10 direct_packets_stat 0 direct_qlen 1000
 Sent 17175017 bytes 11417 pkt (dropped 51, overlimits 11310 requeues 0) 
 backlog 9084b 6p requeues 0
qdisc pfifo 20: parent 1:10 limit 12p
 Sent 17175017 bytes 11417 pkt (dropped 51, overlimits 0 requeues 0) 
 backlog 9084b 6p requeues 0
======================================================================
Timestamp: 2026-04-01 06:06:25
qdisc htb 1: root refcnt 13 r2q 10 default 0x10 direct_packets_stat 0 direct_qlen 1000
 Sent 18057443 bytes 12002 pkt (dropped 87, overlimits 11895 requeues 0) 
 backlog 15140b 10p requeues 0
qdisc pfifo 20: parent 1:10 limit 12p
 Sent 18057443 bytes 12002 pkt (dropped 87, overlimits 0 requeues 0) 
 backlog 15140b 10p requeues 0
======================================================================
Timestamp: 2026-04-01 06:06:26
qdisc htb 1: root refcnt 13 r2q 10 default 0x10 direct_packets_stat 0 direct_qlen 1000
 Sent 18937941 bytes 12584 pkt (dropped 112, overlimits 12477 requeues 0) 
 backlog 10598b 7p requeues 0
qdisc pfifo 20: parent 1:10 limit 12p
 Sent 18937941 bytes 12584 pkt (dropped 112, overlimits 0 requeues 0) 
 backlog 10598b 7p requeues 0
======================================================================
Timestamp: 2026-04-01 06:06:27
qdisc htb 1: root refcnt 13 r2q 10 default 0x10 direct_packets_stat 0 direct_qlen 1000
 Sent 19818397 bytes 13166 pkt (dropped 138, overlimits 13059 requeues 0) 
 backlog 9084b 6p requeues 0
qdisc pfifo 20: parent 1:10 limit 12p
 Sent 19818397 bytes 13166 pkt (dropped 138, overlimits 0 requeues 0) 
 backlog 9084b 6p requeues 0
======================================================================
Timestamp: 2026-04-01 06:06:28
qdisc htb 1: root refcnt 13 r2q 10 default 0x10 direct_packets_stat 0 direct_qlen 1000
 Sent 20701046 bytes 13749 pkt (dropped 164, overlimits 13642 requeues 0) 
 backlog 12112b 8p requeues 0
qdisc pfifo 20: parent 1:10 limit 12p
 Sent 20701046 bytes 13749 pkt (dropped 164, overlimits 0 requeues 0) 
 backlog 12112b 8p requeues 0
======================================================================
Timestamp: 2026-04-01 06:06:29
qdisc htb 1: root refcnt 13 r2q 10 default 0x10 direct_packets_stat 0 direct_qlen 1000
 Sent 21581721 bytes 14331 pkt (dropped 193, overlimits 14224 requeues 0) 
 backlog 0b 0p requeues 0
qdisc pfifo 20: parent 1:10 limit 12p
 Sent 21581721 bytes 14331 pkt (dropped 193, overlimits 0 requeues 0) 
 backlog 0b 0p requeues 0
======================================================================
Timestamp: 2026-04-01 06:06:30
qdisc htb 1: root refcnt 13 r2q 10 default 0x10 direct_packets_stat 0 direct_qlen 1000
 Sent 22439754 bytes 14898 pkt (dropped 222, overlimits 14785 requeues 0) 
 backlog 7570b 5p requeues 0
qdisc pfifo 20: parent 1:10 limit 12p
 Sent 22439754 bytes 14898 pkt (dropped 222, overlimits 0 requeues 0) 
 backlog 7570b 5p requeues 0
======================================================================
Timestamp: 2026-04-01 06:06:31
qdisc htb 1: root refcnt 13 r2q 10 default 0x10 direct_packets_stat 0 direct_qlen 1000
 Sent 23287841 bytes 15459 pkt (dropped 239, overlimits 15329 requeues 0) 
 backlog 13626b 9p requeues 0
qdisc pfifo 20: parent 1:10 limit 12p
 Sent 23287841 bytes 15459 pkt (dropped 239, overlimits 0 requeues 0) 
 backlog 13626b 9p requeues 0
======================================================================
Timestamp: 2026-04-01 06:06:32
qdisc htb 1: root refcnt 13 r2q 10 default 0x10 direct_packets_stat 0 direct_qlen 1000
 Sent 24170490 bytes 16042 pkt (dropped 277, overlimits 15911 requeues 0) 
 backlog 18168b 12p requeues 0
qdisc pfifo 20: parent 1:10 limit 12p
 Sent 24170490 bytes 16042 pkt (dropped 277, overlimits 0 requeues 0) 
 backlog 18168b 12p requeues 0
======================================================================
Timestamp: 2026-04-01 06:06:33
qdisc htb 1: root refcnt 13 r2q 10 default 0x10 direct_packets_stat 0 direct_qlen 1000
 Sent 25053152 bytes 16625 pkt (dropped 310, overlimits 16494 requeues 0) 
 backlog 13626b 9p requeues 0
qdisc pfifo 20: parent 1:10 limit 12p
 Sent 25053152 bytes 16625 pkt (dropped 310, overlimits 0 requeues 0) 
 backlog 13626b 9p requeues 0
======================================================================
Timestamp: 2026-04-01 06:06:34
qdisc htb 1: root refcnt 13 r2q 10 default 0x10 direct_packets_stat 0 direct_qlen 1000
 Sent 25920366 bytes 17198 pkt (dropped 334, overlimits 17063 requeues 0) 
 backlog 9084b 6p requeues 0
qdisc pfifo 20: parent 1:10 limit 12p
 Sent 25920366 bytes 17198 pkt (dropped 334, overlimits 0 requeues 0) 
 backlog 9084b 6p requeues 0
======================================================================
Timestamp: 2026-04-01 06:06:35
qdisc htb 1: root refcnt 13 r2q 10 default 0x10 direct_packets_stat 0 direct_qlen 1000
 Sent 26801514 bytes 17780 pkt (dropped 350, overlimits 17645 requeues 0) 
 backlog 16654b 11p requeues 0
qdisc pfifo 20: parent 1:10 limit 12p
 Sent 26801514 bytes 17780 pkt (dropped 350, overlimits 0 requeues 0) 
 backlog 16654b 11p requeues 0
======================================================================
Timestamp: 2026-04-01 06:06:36
qdisc htb 1: root refcnt 13 r2q 10 default 0x10 direct_packets_stat 0 direct_qlen 1000
 Sent 27674994 bytes 18358 pkt (dropped 389, overlimits 18220 requeues 0) 
 backlog 4542b 3p requeues 0
qdisc pfifo 20: parent 1:10 limit 12p
 Sent 27674994 bytes 18358 pkt (dropped 389, overlimits 0 requeues 0) 
 backlog 4542b 3p requeues 0
======================================================================
Timestamp: 2026-04-01 06:06:37
qdisc htb 1: root refcnt 13 r2q 10 default 0x10 direct_packets_stat 0 direct_qlen 1000
 Sent 28481041 bytes 18891 pkt (dropped 413, overlimits 18735 requeues 0) 
 backlog 9084b 6p requeues 0
qdisc pfifo 20: parent 1:10 limit 12p
 Sent 28481041 bytes 18891 pkt (dropped 413, overlimits 0 requeues 0) 
 backlog 9084b 6p requeues 0
======================================================================
Timestamp: 2026-04-01 06:06:38
qdisc htb 1: root refcnt 13 r2q 10 default 0x10 direct_packets_stat 0 direct_qlen 1000
 Sent 29362176 bytes 19473 pkt (dropped 447, overlimits 19317 requeues 0) 
 backlog 4542b 3p requeues 0
qdisc pfifo 20: parent 1:10 limit 12p
 Sent 29362176 bytes 19473 pkt (dropped 447, overlimits 0 requeues 0) 
 backlog 4542b 3p requeues 0
======================================================================
Timestamp: 2026-04-01 06:06:39
qdisc htb 1: root refcnt 13 r2q 10 default 0x10 direct_packets_stat 0 direct_qlen 1000
 Sent 30244838 bytes 20056 pkt (dropped 480, overlimits 19900 requeues 0) 
 backlog 10598b 7p requeues 0
qdisc pfifo 20: parent 1:10 limit 12p
 Sent 30244838 bytes 20056 pkt (dropped 480, overlimits 0 requeues 0) 
 backlog 10598b 7p requeues 0
======================================================================
Timestamp: 2026-04-01 06:06:40
qdisc htb 1: root refcnt 13 r2q 10 default 0x10 direct_packets_stat 0 direct_qlen 1000
 Sent 31080524 bytes 20608 pkt (dropped 510, overlimits 20434 requeues 0) 
 backlog 13626b 9p requeues 0
qdisc pfifo 20: parent 1:10 limit 12p
 Sent 31080524 bytes 20608 pkt (dropped 510, overlimits 0 requeues 0) 
 backlog 13626b 9p requeues 0
======================================================================
Timestamp: 2026-04-01 06:06:41
qdisc htb 1: root refcnt 13 r2q 10 default 0x10 direct_packets_stat 0 direct_qlen 1000
 Sent 31960158 bytes 21189 pkt (dropped 549, overlimits 21015 requeues 0) 
 backlog 10598b 7p requeues 0
qdisc pfifo 20: parent 1:10 limit 12p
 Sent 31960158 bytes 21189 pkt (dropped 549, overlimits 0 requeues 0) 
 backlog 10598b 7p requeues 0
======================================================================
Timestamp: 2026-04-01 06:06:42
qdisc htb 1: root refcnt 13 r2q 10 default 0x10 direct_packets_stat 0 direct_qlen 1000
 Sent 32830692 bytes 21764 pkt (dropped 579, overlimits 21589 requeues 0) 
 backlog 13626b 9p requeues 0
qdisc pfifo 20: parent 1:10 limit 12p
 Sent 32830692 bytes 21764 pkt (dropped 579, overlimits 0 requeues 0) 
 backlog 13626b 9p requeues 0
======================================================================
Timestamp: 2026-04-01 06:06:43
qdisc htb 1: root refcnt 13 r2q 10 default 0x10 direct_packets_stat 0 direct_qlen 1000
 Sent 33710326 bytes 22345 pkt (dropped 614, overlimits 22170 requeues 0) 
 backlog 13626b 9p requeues 0
qdisc pfifo 20: parent 1:10 limit 12p
 Sent 33710326 bytes 22345 pkt (dropped 614, overlimits 0 requeues 0) 
 backlog 13626b 9p requeues 0
======================================================================
Timestamp: 2026-04-01 06:06:44
qdisc htb 1: root refcnt 13 r2q 10 default 0x10 direct_packets_stat 0 direct_qlen 1000
 Sent 34587594 bytes 22925 pkt (dropped 638, overlimits 22749 requeues 0) 
 backlog 10598b 7p requeues 0
qdisc pfifo 20: parent 1:10 limit 12p
 Sent 34587594 bytes 22925 pkt (dropped 638, overlimits 0 requeues 0) 
 backlog 10598b 7p requeues 0
======================================================================
Timestamp: 2026-04-01 06:06:45
qdisc htb 1: root refcnt 13 r2q 10 default 0x10 direct_packets_stat 0 direct_qlen 1000
 Sent 35470256 bytes 23508 pkt (dropped 661, overlimits 23332 requeues 0) 
 backlog 13626b 9p requeues 0
qdisc pfifo 20: parent 1:10 limit 12p
 Sent 35470256 bytes 23508 pkt (dropped 661, overlimits 0 requeues 0) 
 backlog 13626b 9p requeues 0
======================================================================
Timestamp: 2026-04-01 06:06:46
qdisc htb 1: root refcnt 13 r2q 10 default 0x10 direct_packets_stat 0 direct_qlen 1000
 Sent 36325693 bytes 24074 pkt (dropped 690, overlimits 23886 requeues 0) 
 backlog 0b 0p requeues 0
qdisc pfifo 20: parent 1:10 limit 12p
 Sent 36325693 bytes 24074 pkt (dropped 690, overlimits 0 requeues 0) 
 backlog 0b 0p requeues 0
======================================================================
Timestamp: 2026-04-01 06:06:47
qdisc htb 1: root refcnt 13 r2q 10 default 0x10 direct_packets_stat 0 direct_qlen 1000
 Sent 37211383 bytes 24659 pkt (dropped 715, overlimits 24469 requeues 0) 
 backlog 9084b 6p requeues 0
qdisc pfifo 20: parent 1:10 limit 12p
 Sent 37211383 bytes 24659 pkt (dropped 715, overlimits 0 requeues 0) 
 backlog 9084b 6p requeues 0
======================================================================
Timestamp: 2026-04-01 06:06:48
qdisc htb 1: root refcnt 13 r2q 10 default 0x10 direct_packets_stat 0 direct_qlen 1000
 Sent 38049161 bytes 25213 pkt (dropped 733, overlimits 25009 requeues 0) 
 backlog 13626b 9p requeues 0
qdisc pfifo 20: parent 1:10 limit 12p
 Sent 38049161 bytes 25213 pkt (dropped 733, overlimits 0 requeues 0) 
 backlog 13626b 9p requeues 0
======================================================================
Timestamp: 2026-04-01 06:06:49
qdisc htb 1: root refcnt 13 r2q 10 default 0x10 direct_packets_stat 0 direct_qlen 1000
 Sent 38931880 bytes 25797 pkt (dropped 778, overlimits 25593 requeues 0) 
 backlog 12112b 8p requeues 0
qdisc pfifo 20: parent 1:10 limit 12p
 Sent 38931880 bytes 25797 pkt (dropped 778, overlimits 0 requeues 0) 
 backlog 12112b 8p requeues 0
======================================================================
Timestamp: 2026-04-01 06:06:50
qdisc htb 1: root refcnt 13 r2q 10 default 0x10 direct_packets_stat 0 direct_qlen 1000
 Sent 39814763 bytes 26381 pkt (dropped 812, overlimits 26177 requeues 0) 
 backlog 7570b 5p requeues 0
qdisc pfifo 20: parent 1:10 limit 12p
 Sent 39814763 bytes 26381 pkt (dropped 812, overlimits 0 requeues 0) 
 backlog 7570b 5p requeues 0
======================================================================
Timestamp: 2026-04-01 06:06:51
qdisc htb 1: root refcnt 13 r2q 10 default 0x10 direct_packets_stat 0 direct_qlen 1000
 Sent 40692641 bytes 26961 pkt (dropped 842, overlimits 26756 requeues 0) 
 backlog 7570b 5p requeues 0
qdisc pfifo 20: parent 1:10 limit 12p
 Sent 40692641 bytes 26961 pkt (dropped 842, overlimits 0 requeues 0) 
 backlog 7570b 5p requeues 0
======================================================================
Timestamp: 2026-04-01 06:06:52
qdisc htb 1: root refcnt 13 r2q 10 default 0x10 direct_packets_stat 0 direct_qlen 1000
 Sent 41575303 bytes 27544 pkt (dropped 862, overlimits 27339 requeues 0) 
 backlog 13626b 9p requeues 0
qdisc pfifo 20: parent 1:10 limit 12p
 Sent 41575303 bytes 27544 pkt (dropped 862, overlimits 0 requeues 0) 
 backlog 13626b 9p requeues 0
======================================================================
Timestamp: 2026-04-01 06:06:53
qdisc htb 1: root refcnt 13 r2q 10 default 0x10 direct_packets_stat 0 direct_qlen 1000
 Sent 42447741 bytes 28123 pkt (dropped 891, overlimits 27917 requeues 0) 
 backlog 18168b 12p requeues 0
qdisc pfifo 20: parent 1:10 limit 12p
 Sent 42447741 bytes 28123 pkt (dropped 891, overlimits 0 requeues 0) 
 backlog 18168b 12p requeues 0
======================================================================
Timestamp: 2026-04-01 06:06:54
qdisc htb 1: root refcnt 13 r2q 10 default 0x10 direct_packets_stat 0 direct_qlen 1000
 Sent 43328889 bytes 28705 pkt (dropped 912, overlimits 28499 requeues 0) 
 backlog 6056b 4p requeues 0
qdisc pfifo 20: parent 1:10 limit 12p
 Sent 43328889 bytes 28705 pkt (dropped 912, overlimits 0 requeues 0) 
 backlog 6056b 4p requeues 0
======================================================================
Timestamp: 2026-04-01 06:06:55
qdisc htb 1: root refcnt 13 r2q 10 default 0x10 direct_packets_stat 0 direct_qlen 1000
 Sent 44210671 bytes 29288 pkt (dropped 950, overlimits 29082 requeues 0) 
 backlog 13626b 9p requeues 0
qdisc pfifo 20: parent 1:10 limit 12p
 Sent 44210671 bytes 29288 pkt (dropped 950, overlimits 0 requeues 0) 
 backlog 13626b 9p requeues 0
======================================================================
Timestamp: 2026-04-01 06:06:56
qdisc htb 1: root refcnt 13 r2q 10 default 0x10 direct_packets_stat 0 direct_qlen 1000
 Sent 45093375 bytes 29872 pkt (dropped 969, overlimits 29666 requeues 0) 
 backlog 15140b 10p requeues 0
qdisc pfifo 20: parent 1:10 limit 12p
 Sent 45093375 bytes 29872 pkt (dropped 969, overlimits 0 requeues 0) 
 backlog 15140b 10p requeues 0
======================================================================
Timestamp: 2026-04-01 06:06:57
qdisc htb 1: root refcnt 13 r2q 10 default 0x10 direct_packets_stat 0 direct_qlen 1000
 Sent 45966322 bytes 30449 pkt (dropped 991, overlimits 30234 requeues 0) 
 backlog 3028b 2p requeues 0
qdisc pfifo 20: parent 1:10 limit 12p
 Sent 45966322 bytes 30449 pkt (dropped 991, overlimits 0 requeues 0) 
 backlog 3028b 2p requeues 0
======================================================================
Timestamp: 2026-04-01 06:06:58
qdisc htb 1: root refcnt 13 r2q 10 default 0x10 direct_packets_stat 0 direct_qlen 1000
 Sent 46848984 bytes 31032 pkt (dropped 1012, overlimits 30817 requeues 0) 
 backlog 13626b 9p requeues 0
qdisc pfifo 20: parent 1:10 limit 12p
 Sent 46848984 bytes 31032 pkt (dropped 1012, overlimits 0 requeues 0) 
 backlog 13626b 9p requeues 0
======================================================================
Timestamp: 2026-04-01 06:06:59
qdisc htb 1: root refcnt 13 r2q 10 default 0x10 direct_packets_stat 0 direct_qlen 1000
 Sent 47728605 bytes 31613 pkt (dropped 1043, overlimits 31398 requeues 0) 
 backlog 10598b 7p requeues 0
qdisc pfifo 20: parent 1:10 limit 12p
 Sent 47728605 bytes 31613 pkt (dropped 1043, overlimits 0 requeues 0) 
 backlog 10598b 7p requeues 0
======================================================================
Timestamp: 2026-04-01 06:07:00
qdisc htb 1: root refcnt 13 r2q 10 default 0x10 direct_packets_stat 0 direct_qlen 1000
 Sent 48591735 bytes 32184 pkt (dropped 1073, overlimits 31965 requeues 0) 
 backlog 9084b 6p requeues 0
qdisc pfifo 20: parent 1:10 limit 12p
 Sent 48591735 bytes 32184 pkt (dropped 1073, overlimits 0 requeues 0) 
 backlog 9084b 6p requeues 0
======================================================================
Timestamp: 2026-04-01 06:07:01
qdisc htb 1: root refcnt 13 r2q 10 default 0x10 direct_packets_stat 0 direct_qlen 1000
 Sent 49477412 bytes 32769 pkt (dropped 1109, overlimits 32550 requeues 0) 
 backlog 7570b 5p requeues 0
qdisc pfifo 20: parent 1:10 limit 12p
 Sent 49477412 bytes 32769 pkt (dropped 1109, overlimits 0 requeues 0) 
 backlog 7570b 5p requeues 0
======================================================================
Timestamp: 2026-04-01 06:07:02
qdisc htb 1: root refcnt 13 r2q 10 default 0x10 direct_packets_stat 0 direct_qlen 1000
 Sent 50347598 bytes 33344 pkt (dropped 1135, overlimits 33120 requeues 0) 
 backlog 15140b 10p requeues 0
qdisc pfifo 20: parent 1:10 limit 12p
 Sent 50347598 bytes 33344 pkt (dropped 1135, overlimits 0 requeues 0) 
 backlog 15140b 10p requeues 0
======================================================================
Timestamp: 2026-04-01 06:07:03
qdisc htb 1: root refcnt 13 r2q 10 default 0x10 direct_packets_stat 0 direct_qlen 1000
 Sent 51228733 bytes 33926 pkt (dropped 1162, overlimits 33702 requeues 0) 
 backlog 10598b 7p requeues 0
qdisc pfifo 20: parent 1:10 limit 12p
 Sent 51228733 bytes 33926 pkt (dropped 1162, overlimits 0 requeues 0) 
 backlog 10598b 7p requeues 0
======================================================================
Timestamp: 2026-04-01 06:07:04
qdisc htb 1: root refcnt 13 r2q 10 default 0x10 direct_packets_stat 0 direct_qlen 1000
 Sent 52095227 bytes 34499 pkt (dropped 1189, overlimits 34270 requeues 0) 
 backlog 9084b 6p requeues 0
qdisc pfifo 20: parent 1:10 limit 12p
 Sent 52095227 bytes 34499 pkt (dropped 1189, overlimits 0 requeues 0) 
 backlog 9084b 6p requeues 0
======================================================================
Timestamp: 2026-04-01 06:07:05
qdisc htb 1: root refcnt 13 r2q 10 default 0x10 direct_packets_stat 0 direct_qlen 1000
 Sent 52963980 bytes 35074 pkt (dropped 1212, overlimits 34836 requeues 0) 
 backlog 15140b 10p requeues 0
qdisc pfifo 20: parent 1:10 limit 12p
 Sent 52963980 bytes 35074 pkt (dropped 1212, overlimits 0 requeues 0) 
 backlog 15140b 10p requeues 0
======================================================================
Timestamp: 2026-04-01 06:07:06
qdisc htb 1: root refcnt 13 r2q 10 default 0x10 direct_packets_stat 0 direct_qlen 1000
 Sent 53845128 bytes 35656 pkt (dropped 1225, overlimits 35418 requeues 0) 
 backlog 13626b 9p requeues 0
qdisc pfifo 20: parent 1:10 limit 12p
 Sent 53845128 bytes 35656 pkt (dropped 1225, overlimits 0 requeues 0) 
 backlog 13626b 9p requeues 0
======================================================================
Timestamp: 2026-04-01 06:07:07
qdisc htb 1: root refcnt 13 r2q 10 default 0x10 direct_packets_stat 0 direct_qlen 1000
 Sent 54726070 bytes 36238 pkt (dropped 1251, overlimits 36000 requeues 0) 
 backlog 9084b 6p requeues 0
qdisc pfifo 20: parent 1:10 limit 12p
 Sent 54726070 bytes 36238 pkt (dropped 1251, overlimits 0 requeues 0) 
 backlog 9084b 6p requeues 0
======================================================================
Timestamp: 2026-04-01 06:07:08
qdisc htb 1: root refcnt 13 r2q 10 default 0x10 direct_packets_stat 0 direct_qlen 1000
 Sent 55607218 bytes 36820 pkt (dropped 1274, overlimits 36582 requeues 0) 
 backlog 10594b 7p requeues 0
qdisc pfifo 20: parent 1:10 limit 12p
 Sent 55607218 bytes 36820 pkt (dropped 1274, overlimits 0 requeues 0) 
 backlog 10594b 7p requeues 0
======================================================================
Timestamp: 2026-04-01 06:07:09
qdisc htb 1: root refcnt 13 r2q 10 default 0x10 direct_packets_stat 0 direct_qlen 1000
 Sent 56485321 bytes 37400 pkt (dropped 1300, overlimits 37158 requeues 0) 
 backlog 10598b 7p requeues 0
qdisc pfifo 20: parent 1:10 limit 12p
 Sent 56485321 bytes 37400 pkt (dropped 1300, overlimits 0 requeues 0) 
 backlog 10598b 7p requeues 0
======================================================================
Timestamp: 2026-04-01 06:07:10
qdisc htb 1: root refcnt 13 r2q 10 default 0x10 direct_packets_stat 0 direct_qlen 1000
 Sent 57369027 bytes 37984 pkt (dropped 1330, overlimits 37741 requeues 0) 
 backlog 10598b 7p requeues 0
qdisc pfifo 20: parent 1:10 limit 12p
 Sent 57369027 bytes 37984 pkt (dropped 1330, overlimits 0 requeues 0) 
 backlog 10598b 7p requeues 0
======================================================================
Timestamp: 2026-04-01 06:07:11
qdisc htb 1: root refcnt 13 r2q 10 default 0x10 direct_packets_stat 0 direct_qlen 1000
 Sent 58251676 bytes 38567 pkt (dropped 1355, overlimits 38324 requeues 0) 
 backlog 16654b 11p requeues 0
qdisc pfifo 20: parent 1:10 limit 12p
 Sent 58251676 bytes 38567 pkt (dropped 1355, overlimits 0 requeues 0) 
 backlog 16654b 11p requeues 0
======================================================================
Timestamp: 2026-04-01 06:07:12
qdisc htb 1: root refcnt 13 r2q 10 default 0x10 direct_packets_stat 0 direct_qlen 1000
 Sent 59130612 bytes 39148 pkt (dropped 1391, overlimits 38901 requeues 0) 
 backlog 4542b 3p requeues 0
qdisc pfifo 20: parent 1:10 limit 12p
 Sent 59130612 bytes 39148 pkt (dropped 1391, overlimits 0 requeues 0) 
 backlog 4542b 3p requeues 0
======================================================================
Timestamp: 2026-04-01 06:07:13
qdisc htb 1: root refcnt 13 r2q 10 default 0x10 direct_packets_stat 0 direct_qlen 1000
 Sent 60008327 bytes 39728 pkt (dropped 1421, overlimits 39479 requeues 0) 
 backlog 16654b 11p requeues 0
qdisc pfifo 20: parent 1:10 limit 12p
 Sent 60008327 bytes 39728 pkt (dropped 1421, overlimits 0 requeues 0) 
 backlog 16654b 11p requeues 0
======================================================================
Timestamp: 2026-04-01 06:07:14
qdisc htb 1: root refcnt 13 r2q 10 default 0x10 direct_packets_stat 0 direct_qlen 1000
 Sent 60877542 bytes 40303 pkt (dropped 1445, overlimits 40051 requeues 0) 
 backlog 12112b 8p requeues 0
qdisc pfifo 20: parent 1:10 limit 12p
 Sent 60877542 bytes 40303 pkt (dropped 1445, overlimits 0 requeues 0) 
 backlog 12112b 8p requeues 0
======================================================================
Timestamp: 2026-04-01 06:07:15
qdisc htb 1: root refcnt 13 r2q 10 default 0x10 direct_packets_stat 0 direct_qlen 1000
 Sent 61758677 bytes 40885 pkt (dropped 1475, overlimits 40633 requeues 0) 
 backlog 13626b 9p requeues 0
qdisc pfifo 20: parent 1:10 limit 12p
 Sent 61758677 bytes 40885 pkt (dropped 1475, overlimits 0 requeues 0) 
 backlog 13626b 9p requeues 0
======================================================================
Timestamp: 2026-04-01 06:07:16
qdisc htb 1: root refcnt 13 r2q 10 default 0x10 direct_packets_stat 0 direct_qlen 1000
 Sent 62639951 bytes 41468 pkt (dropped 1497, overlimits 41215 requeues 0) 
 backlog 12112b 8p requeues 0
qdisc pfifo 20: parent 1:10 limit 12p
 Sent 62639951 bytes 41468 pkt (dropped 1497, overlimits 0 requeues 0) 
 backlog 12112b 8p requeues 0
======================================================================
Timestamp: 2026-04-01 06:07:17
qdisc htb 1: root refcnt 13 r2q 10 default 0x10 direct_packets_stat 0 direct_qlen 1000
 Sent 63519437 bytes 42049 pkt (dropped 1525, overlimits 41796 requeues 0) 
 backlog 18168b 12p requeues 0
qdisc pfifo 20: parent 1:10 limit 12p
 Sent 63519437 bytes 42049 pkt (dropped 1525, overlimits 0 requeues 0) 
 backlog 18168b 12p requeues 0
======================================================================
Timestamp: 2026-04-01 06:07:18
qdisc htb 1: root refcnt 13 r2q 10 default 0x10 direct_packets_stat 0 direct_qlen 1000
 Sent 64402099 bytes 42632 pkt (dropped 1550, overlimits 42379 requeues 0) 
 backlog 13626b 9p requeues 0
qdisc pfifo 20: parent 1:10 limit 12p
 Sent 64402099 bytes 42632 pkt (dropped 1550, overlimits 0 requeues 0) 
 backlog 13626b 9p requeues 0
======================================================================
Timestamp: 2026-04-01 06:07:19
qdisc htb 1: root refcnt 13 r2q 10 default 0x10 direct_packets_stat 0 direct_qlen 1000
 Sent 65224417 bytes 43178 pkt (dropped 1571, overlimits 42908 requeues 0) 
 backlog 9084b 6p requeues 0
qdisc pfifo 20: parent 1:10 limit 12p
 Sent 65224417 bytes 43178 pkt (dropped 1571, overlimits 0 requeues 0) 
 backlog 9084b 6p requeues 0
======================================================================
Timestamp: 2026-04-01 06:07:20
qdisc htb 1: root refcnt 13 r2q 10 default 0x10 direct_packets_stat 0 direct_qlen 1000
 Sent 66107079 bytes 43761 pkt (dropped 1619, overlimits 43490 requeues 0) 
 backlog 15140b 10p requeues 0
qdisc pfifo 20: parent 1:10 limit 12p
 Sent 66107079 bytes 43761 pkt (dropped 1619, overlimits 0 requeues 0) 
 backlog 15140b 10p requeues 0
======================================================================
Timestamp: 2026-04-01 06:07:21
qdisc htb 1: root refcnt 13 r2q 10 default 0x10 direct_packets_stat 0 direct_qlen 1000
 Sent 66989728 bytes 44344 pkt (dropped 1666, overlimits 44073 requeues 0) 
 backlog 16654b 11p requeues 0
qdisc pfifo 20: parent 1:10 limit 12p
 Sent 66989728 bytes 44344 pkt (dropped 1666, overlimits 0 requeues 0) 
 backlog 16654b 11p requeues 0
======================================================================
Timestamp: 2026-04-01 06:07:22
qdisc htb 1: root refcnt 13 r2q 10 default 0x10 direct_packets_stat 0 direct_qlen 1000
 Sent 67860505 bytes 44920 pkt (dropped 1694, overlimits 44644 requeues 0) 
 backlog 13626b 9p requeues 0
qdisc pfifo 20: parent 1:10 limit 12p
 Sent 67860505 bytes 44920 pkt (dropped 1694, overlimits 0 requeues 0) 
 backlog 13626b 9p requeues 0
======================================================================
Timestamp: 2026-04-01 06:07:24
qdisc htb 1: root refcnt 13 r2q 10 default 0x10 direct_packets_stat 0 direct_qlen 1000
 Sent 68640082 bytes 45436 pkt (dropped 1711, overlimits 45130 requeues 0) 
 backlog 16654b 11p requeues 0
qdisc pfifo 20: parent 1:10 limit 12p
 Sent 68640082 bytes 45436 pkt (dropped 1711, overlimits 0 requeues 0) 
 backlog 16654b 11p requeues 0
======================================================================
Timestamp: 2026-04-01 06:07:25
qdisc htb 1: root refcnt 13 r2q 10 default 0x10 direct_packets_stat 0 direct_qlen 1000
 Sent 69519716 bytes 46017 pkt (dropped 1749, overlimits 45711 requeues 0) 
 backlog 12112b 8p requeues 0
qdisc pfifo 20: parent 1:10 limit 12p
 Sent 69519716 bytes 46017 pkt (dropped 1749, overlimits 0 requeues 0) 
 backlog 12112b 8p requeues 0
======================================================================
Timestamp: 2026-04-01 06:07:26
qdisc htb 1: root refcnt 13 r2q 10 default 0x10 direct_packets_stat 0 direct_qlen 1000
 Sent 70399337 bytes 46598 pkt (dropped 1780, overlimits 46292 requeues 0) 
 backlog 7570b 5p requeues 0
qdisc pfifo 20: parent 1:10 limit 12p
 Sent 70399337 bytes 46598 pkt (dropped 1780, overlimits 0 requeues 0) 
 backlog 7570b 5p requeues 0
======================================================================
Timestamp: 2026-04-01 06:07:27
qdisc htb 1: root refcnt 13 r2q 10 default 0x10 direct_packets_stat 0 direct_qlen 1000
 Sent 71262150 bytes 47168 pkt (dropped 1810, overlimits 46860 requeues 0) 
 backlog 10598b 7p requeues 0
qdisc pfifo 20: parent 1:10 limit 12p
 Sent 71262150 bytes 47168 pkt (dropped 1810, overlimits 0 requeues 0) 
 backlog 10598b 7p requeues 0
======================================================================
Timestamp: 2026-04-01 06:07:28
qdisc htb 1: root refcnt 13 r2q 10 default 0x10 direct_packets_stat 0 direct_qlen 1000
 Sent 72141813 bytes 47750 pkt (dropped 1844, overlimits 47442 requeues 0) 
 backlog 7570b 5p requeues 0
qdisc pfifo 20: parent 1:10 limit 12p
 Sent 72141813 bytes 47750 pkt (dropped 1844, overlimits 0 requeues 0) 
 backlog 7570b 5p requeues 0
======================================================================
Timestamp: 2026-04-01 06:07:29
qdisc htb 1: root refcnt 13 r2q 10 default 0x10 direct_packets_stat 0 direct_qlen 1000
 Sent 73017125 bytes 48329 pkt (dropped 1878, overlimits 48020 requeues 0) 
 backlog 10598b 7p requeues 0
qdisc pfifo 20: parent 1:10 limit 12p
 Sent 73017125 bytes 48329 pkt (dropped 1878, overlimits 0 requeues 0) 
 backlog 10598b 7p requeues 0
======================================================================
Timestamp: 2026-04-01 06:07:30
qdisc htb 1: root refcnt 13 r2q 10 default 0x10 direct_packets_stat 0 direct_qlen 1000
 Sent 73880092 bytes 48899 pkt (dropped 1903, overlimits 48582 requeues 0) 
 backlog 12112b 8p requeues 0
qdisc pfifo 20: parent 1:10 limit 12p
 Sent 73880092 bytes 48899 pkt (dropped 1903, overlimits 0 requeues 0) 
 backlog 12112b 8p requeues 0
======================================================================
Timestamp: 2026-04-01 06:07:31
qdisc htb 1: root refcnt 13 r2q 10 default 0x10 direct_packets_stat 0 direct_qlen 1000
 Sent 74761327 bytes 49482 pkt (dropped 1939, overlimits 49165 requeues 0) 
 backlog 7570b 5p requeues 0
qdisc pfifo 20: parent 1:10 limit 12p
 Sent 74761327 bytes 49482 pkt (dropped 1939, overlimits 0 requeues 0) 
 backlog 7570b 5p requeues 0
======================================================================
Timestamp: 2026-04-01 06:07:32
qdisc htb 1: root refcnt 13 r2q 10 default 0x10 direct_packets_stat 0 direct_qlen 1000
 Sent 75634369 bytes 50059 pkt (dropped 1966, overlimits 49736 requeues 0) 
 backlog 0b 0p requeues 0
qdisc pfifo 20: parent 1:10 limit 12p
 Sent 75634369 bytes 50059 pkt (dropped 1966, overlimits 0 requeues 0) 
 backlog 0b 0p requeues 0
======================================================================
Timestamp: 2026-04-01 06:07:33
qdisc htb 1: root refcnt 13 r2q 10 default 0x10 direct_packets_stat 0 direct_qlen 1000
 Sent 76517031 bytes 50642 pkt (dropped 1997, overlimits 50317 requeues 0) 
 backlog 13626b 9p requeues 0
qdisc pfifo 20: parent 1:10 limit 12p
 Sent 76517031 bytes 50642 pkt (dropped 1997, overlimits 0 requeues 0) 
 backlog 13626b 9p requeues 0
======================================================================
Timestamp: 2026-04-01 06:07:34
qdisc htb 1: root refcnt 13 r2q 10 default 0x10 direct_packets_stat 0 direct_qlen 1000
 Sent 77384065 bytes 51215 pkt (dropped 2019, overlimits 50885 requeues 0) 
 backlog 0b 0p requeues 0
qdisc pfifo 20: parent 1:10 limit 12p
 Sent 77384065 bytes 51215 pkt (dropped 2019, overlimits 0 requeues 0) 
 backlog 0b 0p requeues 0
======================================================================
Timestamp: 2026-04-01 06:07:35
qdisc htb 1: root refcnt 13 r2q 10 default 0x10 direct_packets_stat 0 direct_qlen 1000
 Sent 78265213 bytes 51797 pkt (dropped 2045, overlimits 51466 requeues 0) 
 backlog 7570b 5p requeues 0
qdisc pfifo 20: parent 1:10 limit 12p
 Sent 78265213 bytes 51797 pkt (dropped 2045, overlimits 0 requeues 0) 
 backlog 7570b 5p requeues 0
======================================================================
Timestamp: 2026-04-01 06:07:36
qdisc htb 1: root refcnt 13 r2q 10 default 0x10 direct_packets_stat 0 direct_qlen 1000
 Sent 79136138 bytes 52373 pkt (dropped 2076, overlimits 52040 requeues 0) 
 backlog 1501b 1p requeues 0
qdisc pfifo 20: parent 1:10 limit 12p
 Sent 79136138 bytes 52373 pkt (dropped 2076, overlimits 0 requeues 0) 
 backlog 1501b 1p requeues 0
======================================================================
Timestamp: 2026-04-01 06:07:37
qdisc htb 1: root refcnt 13 r2q 10 default 0x10 direct_packets_stat 0 direct_qlen 1000
 Sent 80000619 bytes 52944 pkt (dropped 2118, overlimits 52607 requeues 0) 
 backlog 15140b 10p requeues 0
qdisc pfifo 20: parent 1:10 limit 12p
 Sent 80000619 bytes 52944 pkt (dropped 2118, overlimits 0 requeues 0) 
 backlog 15140b 10p requeues 0
======================================================================
Timestamp: 2026-04-01 06:07:38
qdisc htb 1: root refcnt 13 r2q 10 default 0x10 direct_packets_stat 0 direct_qlen 1000
 Sent 80883281 bytes 53527 pkt (dropped 2151, overlimits 53190 requeues 0) 
 backlog 15140b 10p requeues 0
qdisc pfifo 20: parent 1:10 limit 12p
 Sent 80883281 bytes 53527 pkt (dropped 2151, overlimits 0 requeues 0) 
 backlog 15140b 10p requeues 0
======================================================================
Timestamp: 2026-04-01 06:07:39
qdisc htb 1: root refcnt 13 r2q 10 default 0x10 direct_packets_stat 0 direct_qlen 1000
 Sent 81765882 bytes 54110 pkt (dropped 2187, overlimits 53773 requeues 0) 
 backlog 10598b 7p requeues 0
qdisc pfifo 20: parent 1:10 limit 12p
 Sent 81765882 bytes 54110 pkt (dropped 2187, overlimits 0 requeues 0) 
 backlog 10598b 7p requeues 0
======================================================================
Timestamp: 2026-04-01 06:07:40
qdisc htb 1: root refcnt 13 r2q 10 default 0x10 direct_packets_stat 0 direct_qlen 1000
 Sent 82583000 bytes 54650 pkt (dropped 2203, overlimits 54297 requeues 0) 
 backlog 9084b 6p requeues 0
qdisc pfifo 20: parent 1:10 limit 12p
 Sent 82583000 bytes 54650 pkt (dropped 2203, overlimits 0 requeues 0) 
 backlog 9084b 6p requeues 0
======================================================================
Timestamp: 2026-04-01 06:07:41
qdisc htb 1: root refcnt 13 r2q 10 default 0x10 direct_packets_stat 0 direct_qlen 1000
 Sent 83467163 bytes 55234 pkt (dropped 2257, overlimits 54881 requeues 0) 
 backlog 12112b 8p requeues 0
qdisc pfifo 20: parent 1:10 limit 12p
 Sent 83467163 bytes 55234 pkt (dropped 2257, overlimits 0 requeues 0) 
 backlog 12112b 8p requeues 0
======================================================================
Timestamp: 2026-04-01 06:07:42
qdisc htb 1: root refcnt 13 r2q 10 default 0x10 direct_packets_stat 0 direct_qlen 1000
 Sent 84343593 bytes 55813 pkt (dropped 2271, overlimits 55456 requeues 0) 
 backlog 9084b 6p requeues 0
qdisc pfifo 20: parent 1:10 limit 12p
 Sent 84343593 bytes 55813 pkt (dropped 2271, overlimits 0 requeues 0) 
 backlog 9084b 6p requeues 0
======================================================================
Timestamp: 2026-04-01 06:07:43
qdisc htb 1: root refcnt 13 r2q 10 default 0x10 direct_packets_stat 0 direct_qlen 1000
 Sent 85214130 bytes 56388 pkt (dropped 2300, overlimits 56027 requeues 0) 
 backlog 15140b 10p requeues 0
qdisc pfifo 20: parent 1:10 limit 12p
 Sent 85214130 bytes 56388 pkt (dropped 2300, overlimits 0 requeues 0) 
 backlog 15140b 10p requeues 0
======================================================================
Timestamp: 2026-04-01 06:07:44
qdisc htb 1: root refcnt 13 r2q 10 default 0x10 direct_packets_stat 0 direct_qlen 1000
 Sent 86093764 bytes 56969 pkt (dropped 2321, overlimits 56608 requeues 0) 
 backlog 18168b 12p requeues 0
qdisc pfifo 20: parent 1:10 limit 12p
 Sent 86093764 bytes 56969 pkt (dropped 2321, overlimits 0 requeues 0) 
 backlog 18168b 12p requeues 0
======================================================================
Timestamp: 2026-04-01 06:07:45
qdisc htb 1: root refcnt 13 r2q 10 default 0x10 direct_packets_stat 0 direct_qlen 1000
 Sent 86968515 bytes 57547 pkt (dropped 2350, overlimits 57184 requeues 0) 
 backlog 18168b 12p requeues 0
qdisc pfifo 20: parent 1:10 limit 12p
 Sent 86968515 bytes 57547 pkt (dropped 2350, overlimits 0 requeues 0) 
 backlog 18168b 12p requeues 0
======================================================================
Timestamp: 2026-04-01 06:07:46
qdisc htb 1: root refcnt 13 r2q 10 default 0x10 direct_packets_stat 0 direct_qlen 1000
 Sent 87854205 bytes 58132 pkt (dropped 2374, overlimits 57769 requeues 0) 
 backlog 15140b 10p requeues 0
qdisc pfifo 20: parent 1:10 limit 12p
 Sent 87854205 bytes 58132 pkt (dropped 2374, overlimits 0 requeues 0) 
 backlog 15140b 10p requeues 0
======================================================================
Timestamp: 2026-04-01 06:07:47
qdisc htb 1: root refcnt 13 r2q 10 default 0x10 direct_packets_stat 0 direct_qlen 1000
 Sent 88723768 bytes 58707 pkt (dropped 2407, overlimits 58340 requeues 0) 
 backlog 15140b 10p requeues 0
qdisc pfifo 20: parent 1:10 limit 12p
 Sent 88723768 bytes 58707 pkt (dropped 2407, overlimits 0 requeues 0) 
 backlog 15140b 10p requeues 0
======================================================================
Timestamp: 2026-04-01 06:07:48
qdisc htb 1: root refcnt 13 r2q 10 default 0x10 direct_packets_stat 0 direct_qlen 1000
 Sent 89530686 bytes 59241 pkt (dropped 2413, overlimits 58851 requeues 0) 
 backlog 13626b 9p requeues 0
qdisc pfifo 20: parent 1:10 limit 12p
 Sent 89530686 bytes 59241 pkt (dropped 2413, overlimits 0 requeues 0) 
 backlog 13626b 9p requeues 0
======================================================================
Timestamp: 2026-04-01 06:07:49
qdisc htb 1: root refcnt 13 r2q 10 default 0x10 direct_packets_stat 0 direct_qlen 1000
 Sent 90411821 bytes 59823 pkt (dropped 2469, overlimits 59429 requeues 0) 
 backlog 12112b 8p requeues 0
qdisc pfifo 20: parent 1:10 limit 12p
 Sent 90411821 bytes 59823 pkt (dropped 2469, overlimits 0 requeues 0) 
 backlog 12112b 8p requeues 0
======================================================================
Timestamp: 2026-04-01 06:07:50
qdisc htb 1: root refcnt 13 r2q 10 default 0x10 direct_packets_stat 0 direct_qlen 1000
 Sent 91295997 bytes 60407 pkt (dropped 2502, overlimits 60013 requeues 0) 
 backlog 13626b 9p requeues 0
qdisc pfifo 20: parent 1:10 limit 12p
 Sent 91295997 bytes 60407 pkt (dropped 2502, overlimits 0 requeues 0) 
 backlog 13626b 9p requeues 0
======================================================================
Timestamp: 2026-04-01 06:07:51
qdisc htb 1: root refcnt 13 r2q 10 default 0x10 direct_packets_stat 0 direct_qlen 1000
 Sent 92168315 bytes 60984 pkt (dropped 2519, overlimits 60586 requeues 0) 
 backlog 13626b 9p requeues 0
qdisc pfifo 20: parent 1:10 limit 12p
 Sent 92168315 bytes 60984 pkt (dropped 2519, overlimits 0 requeues 0) 
 backlog 13626b 9p requeues 0
======================================================================
Timestamp: 2026-04-01 06:07:52
qdisc htb 1: root refcnt 13 r2q 10 default 0x10 direct_packets_stat 0 direct_qlen 1000
 Sent 93052491 bytes 61568 pkt (dropped 2549, overlimits 61170 requeues 0) 
 backlog 12112b 8p requeues 0
qdisc pfifo 20: parent 1:10 limit 12p
 Sent 93052491 bytes 61568 pkt (dropped 2549, overlimits 0 requeues 0) 
 backlog 12112b 8p requeues 0
======================================================================
Timestamp: 2026-04-01 06:07:53
qdisc htb 1: root refcnt 13 r2q 10 default 0x10 direct_packets_stat 0 direct_qlen 1000
 Sent 93935556 bytes 62153 pkt (dropped 2575, overlimits 61755 requeues 0) 
 backlog 12112b 8p requeues 0
qdisc pfifo 20: parent 1:10 limit 12p
 Sent 93935556 bytes 62153 pkt (dropped 2575, overlimits 0 requeues 0) 
 backlog 12112b 8p requeues 0
======================================================================
Timestamp: 2026-04-01 06:07:54
qdisc htb 1: root refcnt 13 r2q 10 default 0x10 direct_packets_stat 0 direct_qlen 1000
 Sent 94818218 bytes 62736 pkt (dropped 2596, overlimits 62338 requeues 0) 
 backlog 15140b 10p requeues 0
qdisc pfifo 20: parent 1:10 limit 12p
 Sent 94818218 bytes 62736 pkt (dropped 2596, overlimits 0 requeues 0) 
 backlog 15140b 10p requeues 0
======================================================================
Timestamp: 2026-04-01 06:07:55
qdisc htb 1: root refcnt 13 r2q 10 default 0x10 direct_packets_stat 0 direct_qlen 1000
 Sent 95636605 bytes 63278 pkt (dropped 2626, overlimits 62864 requeues 0) 
 backlog 7570b 5p requeues 0
qdisc pfifo 20: parent 1:10 limit 12p
 Sent 95636605 bytes 63278 pkt (dropped 2626, overlimits 0 requeues 0) 
 backlog 7570b 5p requeues 0
======================================================================
Timestamp: 2026-04-01 06:07:56
qdisc htb 1: root refcnt 13 r2q 10 default 0x10 direct_packets_stat 0 direct_qlen 1000
 Sent 96519267 bytes 63861 pkt (dropped 2650, overlimits 63447 requeues 0) 
 backlog 12112b 8p requeues 0
qdisc pfifo 20: parent 1:10 limit 12p
 Sent 96519267 bytes 63861 pkt (dropped 2650, overlimits 0 requeues 0) 
 backlog 12112b 8p requeues 0
======================================================================
Timestamp: 2026-04-01 06:07:57
qdisc htb 1: root refcnt 13 r2q 10 default 0x10 direct_packets_stat 0 direct_qlen 1000
 Sent 97395798 bytes 64440 pkt (dropped 2673, overlimits 64024 requeues 0) 
 backlog 13626b 9p requeues 0
qdisc pfifo 20: parent 1:10 limit 12p
 Sent 97395798 bytes 64440 pkt (dropped 2673, overlimits 0 requeues 0) 
 backlog 13626b 9p requeues 0
======================================================================
Timestamp: 2026-04-01 06:07:58
qdisc htb 1: root refcnt 13 r2q 10 default 0x10 direct_packets_stat 0 direct_qlen 1000
 Sent 98276988 bytes 65023 pkt (dropped 2693, overlimits 64607 requeues 0) 
 backlog 15140b 10p requeues 0
qdisc pfifo 20: parent 1:10 limit 12p
 Sent 98276988 bytes 65023 pkt (dropped 2693, overlimits 0 requeues 0) 
 backlog 15140b 10p requeues 0
======================================================================
Timestamp: 2026-04-01 06:07:59
qdisc htb 1: root refcnt 13 r2q 10 default 0x10 direct_packets_stat 0 direct_qlen 1000
 Sent 99153799 bytes 65603 pkt (dropped 2723, overlimits 65184 requeues 0) 
 backlog 7570b 5p requeues 0
qdisc pfifo 20: parent 1:10 limit 12p
 Sent 99153799 bytes 65603 pkt (dropped 2723, overlimits 0 requeues 0) 
 backlog 7570b 5p requeues 0
======================================================================
Timestamp: 2026-04-01 06:08:00
qdisc htb 1: root refcnt 13 r2q 10 default 0x10 direct_packets_stat 0 direct_qlen 1000
 Sent 100033433 bytes 66184 pkt (dropped 2755, overlimits 65765 requeues 0) 
 backlog 9084b 6p requeues 0
qdisc pfifo 20: parent 1:10 limit 12p
 Sent 100033433 bytes 66184 pkt (dropped 2755, overlimits 0 requeues 0) 
 backlog 9084b 6p requeues 0
======================================================================
Timestamp: 2026-04-01 06:08:01
qdisc htb 1: root refcnt 13 r2q 10 default 0x10 direct_packets_stat 0 direct_qlen 1000
 Sent 100917457 bytes 66769 pkt (dropped 2777, overlimits 66350 requeues 0) 
 backlog 7570b 5p requeues 0
qdisc pfifo 20: parent 1:10 limit 12p
 Sent 100917457 bytes 66769 pkt (dropped 2777, overlimits 0 requeues 0) 
 backlog 7570b 5p requeues 0
======================================================================
Timestamp: 2026-04-01 06:08:02
qdisc htb 1: root refcnt 13 r2q 10 default 0x10 direct_packets_stat 0 direct_qlen 1000
 Sent 101797091 bytes 67350 pkt (dropped 2810, overlimits 66931 requeues 0) 
 backlog 13626b 9p requeues 0
qdisc pfifo 20: parent 1:10 limit 12p
 Sent 101797091 bytes 67350 pkt (dropped 2810, overlimits 0 requeues 0) 
 backlog 13626b 9p requeues 0
======================================================================
Timestamp: 2026-04-01 06:08:03
qdisc htb 1: root refcnt 13 r2q 10 default 0x10 direct_packets_stat 0 direct_qlen 1000
 Sent 102676712 bytes 67931 pkt (dropped 2837, overlimits 67512 requeues 0) 
 backlog 7570b 5p requeues 0
qdisc pfifo 20: parent 1:10 limit 12p
 Sent 102676712 bytes 67931 pkt (dropped 2837, overlimits 0 requeues 0) 
 backlog 7570b 5p requeues 0
======================================================================
Timestamp: 2026-04-01 06:08:04
qdisc htb 1: root refcnt 13 r2q 10 default 0x10 direct_packets_stat 0 direct_qlen 1000
 Sent 103500429 bytes 68476 pkt (dropped 2852, overlimits 68036 requeues 0) 
 backlog 10598b 7p requeues 0
qdisc pfifo 20: parent 1:10 limit 12p
 Sent 103500429 bytes 68476 pkt (dropped 2852, overlimits 0 requeues 0) 
 backlog 10598b 7p requeues 0
======================================================================
Timestamp: 2026-04-01 06:08:05
qdisc htb 1: root refcnt 13 r2q 10 default 0x10 direct_packets_stat 0 direct_qlen 1000
 Sent 104380050 bytes 69057 pkt (dropped 2886, overlimits 68615 requeues 0) 
 backlog 10598b 7p requeues 0
qdisc pfifo 20: parent 1:10 limit 12p
 Sent 104380050 bytes 69057 pkt (dropped 2886, overlimits 0 requeues 0) 
 backlog 10598b 7p requeues 0
======================================================================
Timestamp: 2026-04-01 06:08:06
qdisc htb 1: root refcnt 13 r2q 10 default 0x10 direct_packets_stat 0 direct_qlen 1000
 Sent 105230209 bytes 69619 pkt (dropped 2893, overlimits 69167 requeues 0) 
 backlog 18168b 12p requeues 0
qdisc pfifo 20: parent 1:10 limit 12p
 Sent 105230209 bytes 69619 pkt (dropped 2893, overlimits 0 requeues 0) 
 backlog 18168b 12p requeues 0
======================================================================
Timestamp: 2026-04-01 06:08:07
qdisc htb 1: root refcnt 13 r2q 10 default 0x10 direct_packets_stat 0 direct_qlen 1000
 Sent 106111344 bytes 70201 pkt (dropped 2934, overlimits 69749 requeues 0) 
 backlog 18168b 12p requeues 0
qdisc pfifo 20: parent 1:10 limit 12p
 Sent 106111344 bytes 70201 pkt (dropped 2934, overlimits 0 requeues 0) 
 backlog 18168b 12p requeues 0
======================================================================
Timestamp: 2026-04-01 06:08:08
qdisc htb 1: root refcnt 13 r2q 10 default 0x10 direct_packets_stat 0 direct_qlen 1000
 Sent 106992492 bytes 70783 pkt (dropped 2957, overlimits 70331 requeues 0) 
 backlog 13626b 9p requeues 0
qdisc pfifo 20: parent 1:10 limit 12p
 Sent 106992492 bytes 70783 pkt (dropped 2957, overlimits 0 requeues 0) 
 backlog 13626b 9p requeues 0
======================================================================
Timestamp: 2026-04-01 06:08:09
qdisc htb 1: root refcnt 13 r2q 10 default 0x10 direct_packets_stat 0 direct_qlen 1000
 Sent 107876655 bytes 71367 pkt (dropped 2981, overlimits 70915 requeues 0) 
 backlog 9084b 6p requeues 0
qdisc pfifo 20: parent 1:10 limit 12p
 Sent 107876655 bytes 71367 pkt (dropped 2981, overlimits 0 requeues 0) 
 backlog 9084b 6p requeues 0
======================================================================
Timestamp: 2026-04-01 06:08:10
qdisc htb 1: root refcnt 13 r2q 10 default 0x10 direct_packets_stat 0 direct_qlen 1000
 Sent 108741172 bytes 71939 pkt (dropped 3020, overlimits 71480 requeues 0) 
 backlog 13626b 9p requeues 0
qdisc pfifo 20: parent 1:10 limit 12p
 Sent 108741172 bytes 71939 pkt (dropped 3020, overlimits 0 requeues 0) 
 backlog 13626b 9p requeues 0
======================================================================
Timestamp: 2026-04-01 06:08:11
qdisc htb 1: root refcnt 13 r2q 10 default 0x10 direct_packets_stat 0 direct_qlen 1000
 Sent 109624684 bytes 72523 pkt (dropped 3044, overlimits 72063 requeues 0) 
 backlog 16654b 11p requeues 0
qdisc pfifo 20: parent 1:10 limit 12p
 Sent 109624684 bytes 72523 pkt (dropped 3044, overlimits 0 requeues 0) 
 backlog 16654b 11p requeues 0
======================================================================
Timestamp: 2026-04-01 06:08:12
qdisc htb 1: root refcnt 13 r2q 10 default 0x10 direct_packets_stat 0 direct_qlen 1000
 Sent 110488597 bytes 73094 pkt (dropped 3066, overlimits 72629 requeues 0) 
 backlog 10598b 7p requeues 0
qdisc pfifo 20: parent 1:10 limit 12p
 Sent 110488597 bytes 73094 pkt (dropped 3066, overlimits 0 requeues 0) 
 backlog 10598b 7p requeues 0
======================================================================
Timestamp: 2026-04-01 06:08:13
qdisc htb 1: root refcnt 13 r2q 10 default 0x10 direct_packets_stat 0 direct_qlen 1000
 Sent 111369732 bytes 73676 pkt (dropped 3089, overlimits 73211 requeues 0) 
 backlog 15140b 10p requeues 0
qdisc pfifo 20: parent 1:10 limit 12p
 Sent 111369732 bytes 73676 pkt (dropped 3089, overlimits 0 requeues 0) 
 backlog 15140b 10p requeues 0
======================================================================
Timestamp: 2026-04-01 06:08:14
qdisc htb 1: root refcnt 13 r2q 10 default 0x10 direct_packets_stat 0 direct_qlen 1000
 Sent 112243886 bytes 74254 pkt (dropped 3122, overlimits 73781 requeues 0) 
 backlog 12112b 8p requeues 0
qdisc pfifo 20: parent 1:10 limit 12p
 Sent 112243886 bytes 74254 pkt (dropped 3122, overlimits 0 requeues 0) 
 backlog 12112b 8p requeues 0
======================================================================
Timestamp: 2026-04-01 06:08:15
qdisc htb 1: root refcnt 13 r2q 10 default 0x10 direct_packets_stat 0 direct_qlen 1000
 Sent 113126743 bytes 74838 pkt (dropped 3158, overlimits 74365 requeues 0) 
 backlog 7570b 5p requeues 0
qdisc pfifo 20: parent 1:10 limit 12p
 Sent 113126743 bytes 74838 pkt (dropped 3158, overlimits 0 requeues 0) 
 backlog 7570b 5p requeues 0
======================================================================
Timestamp: 2026-04-01 06:08:16
qdisc htb 1: root refcnt 13 r2q 10 default 0x10 direct_packets_stat 0 direct_qlen 1000
 Sent 114004471 bytes 75418 pkt (dropped 3187, overlimits 74943 requeues 0) 
 backlog 16654b 11p requeues 0
qdisc pfifo 20: parent 1:10 limit 12p
 Sent 114004471 bytes 75418 pkt (dropped 3187, overlimits 0 requeues 0) 
 backlog 16654b 11p requeues 0
======================================================================
Timestamp: 2026-04-01 06:08:17
qdisc htb 1: root refcnt 13 r2q 10 default 0x10 direct_packets_stat 0 direct_qlen 1000
 Sent 114886551 bytes 76001 pkt (dropped 3220, overlimits 75526 requeues 0) 
 backlog 3028b 2p requeues 0
qdisc pfifo 20: parent 1:10 limit 12p
 Sent 114886551 bytes 76001 pkt (dropped 3220, overlimits 0 requeues 0) 
 backlog 3028b 2p requeues 0
======================================================================
Timestamp: 2026-04-01 06:08:18
qdisc htb 1: root refcnt 13 r2q 10 default 0x10 direct_packets_stat 0 direct_qlen 1000
 Sent 115767699 bytes 76583 pkt (dropped 3249, overlimits 76107 requeues 0) 
 backlog 18168b 12p requeues 0
qdisc pfifo 20: parent 1:10 limit 12p
 Sent 115767699 bytes 76583 pkt (dropped 3249, overlimits 0 requeues 0) 
 backlog 18168b 12p requeues 0
======================================================================
Timestamp: 2026-04-01 06:08:19
qdisc htb 1: root refcnt 13 r2q 10 default 0x10 direct_packets_stat 0 direct_qlen 1000
 Sent 116654903 bytes 77169 pkt (dropped 3275, overlimits 76693 requeues 0) 
 backlog 12112b 8p requeues 0
qdisc pfifo 20: parent 1:10 limit 12p
 Sent 116654903 bytes 77169 pkt (dropped 3275, overlimits 0 requeues 0) 
 backlog 12112b 8p requeues 0
======================================================================
Timestamp: 2026-04-01 06:08:20
qdisc htb 1: root refcnt 13 r2q 10 default 0x10 direct_packets_stat 0 direct_qlen 1000
 Sent 117537084 bytes 77752 pkt (dropped 3298, overlimits 77275 requeues 0) 
 backlog 7570b 5p requeues 0
qdisc pfifo 20: parent 1:10 limit 12p
 Sent 117537084 bytes 77752 pkt (dropped 3298, overlimits 0 requeues 0) 
 backlog 7570b 5p requeues 0
======================================================================
Timestamp: 2026-04-01 06:08:21
qdisc htb 1: root refcnt 13 r2q 10 default 0x10 direct_packets_stat 0 direct_qlen 1000
 Sent 118418232 bytes 78334 pkt (dropped 3325, overlimits 77857 requeues 0) 
 backlog 10598b 7p requeues 0
qdisc pfifo 20: parent 1:10 limit 12p
 Sent 118418232 bytes 78334 pkt (dropped 3325, overlimits 0 requeues 0) 
 backlog 10598b 7p requeues 0
======================================================================
Timestamp: 2026-04-01 06:08:22
qdisc htb 1: root refcnt 13 r2q 10 default 0x10 direct_packets_stat 0 direct_qlen 1000
 Sent 119297494 bytes 78915 pkt (dropped 3353, overlimits 78437 requeues 0) 
 backlog 12112b 8p requeues 0
qdisc pfifo 20: parent 1:10 limit 12p
 Sent 119297494 bytes 78915 pkt (dropped 3353, overlimits 0 requeues 0) 
 backlog 12112b 8p requeues 0
======================================================================
Timestamp: 2026-04-01 06:08:23
qdisc htb 1: root refcnt 13 r2q 10 default 0x10 direct_packets_stat 0 direct_qlen 1000
 Sent 120154209 bytes 79481 pkt (dropped 3379, overlimits 79000 requeues 0) 
 backlog 7570b 5p requeues 0
qdisc pfifo 20: parent 1:10 limit 12p
 Sent 120154209 bytes 79481 pkt (dropped 3379, overlimits 0 requeues 0) 
 backlog 7570b 5p requeues 0
======================================================================
Timestamp: 2026-04-01 06:08:24
qdisc htb 1: root refcnt 13 r2q 10 default 0x10 direct_packets_stat 0 direct_qlen 1000
 Sent 120965700 bytes 80017 pkt (dropped 3425, overlimits 79523 requeues 0) 
 backlog 15140b 10p requeues 0
qdisc pfifo 20: parent 1:10 limit 12p
 Sent 120965700 bytes 80017 pkt (dropped 3425, overlimits 0 requeues 0) 
 backlog 15140b 10p requeues 0
======================================================================
Timestamp: 2026-04-01 06:08:25
qdisc htb 1: root refcnt 13 r2q 10 default 0x10 direct_packets_stat 0 direct_qlen 1000
 Sent 121848362 bytes 80600 pkt (dropped 3454, overlimits 80106 requeues 0) 
 backlog 13626b 9p requeues 0
qdisc pfifo 20: parent 1:10 limit 12p
 Sent 121848362 bytes 80600 pkt (dropped 3454, overlimits 0 requeues 0) 
 backlog 13626b 9p requeues 0
======================================================================
Timestamp: 2026-04-01 06:08:26
qdisc htb 1: root refcnt 13 r2q 10 default 0x10 direct_packets_stat 0 direct_qlen 1000
 Sent 122697993 bytes 81162 pkt (dropped 3481, overlimits 80656 requeues 0) 
 backlog 6056b 4p requeues 0
qdisc pfifo 20: parent 1:10 limit 12p
 Sent 122697993 bytes 81162 pkt (dropped 3481, overlimits 0 requeues 0) 
 backlog 6056b 4p requeues 0
======================================================================
Timestamp: 2026-04-01 06:08:27
qdisc htb 1: root refcnt 13 r2q 10 default 0x10 direct_packets_stat 0 direct_qlen 1000
 Sent 123580655 bytes 81745 pkt (dropped 3506, overlimits 81239 requeues 0) 
 backlog 4542b 3p requeues 0
qdisc pfifo 20: parent 1:10 limit 12p
 Sent 123580655 bytes 81745 pkt (dropped 3506, overlimits 0 requeues 0) 
 backlog 4542b 3p requeues 0
======================================================================
Timestamp: 2026-04-01 06:08:28
qdisc htb 1: root refcnt 13 r2q 10 default 0x10 direct_packets_stat 0 direct_qlen 1000
 Sent 124460056 bytes 82326 pkt (dropped 3542, overlimits 81818 requeues 0) 
 backlog 10598b 7p requeues 0
qdisc pfifo 20: parent 1:10 limit 12p
 Sent 124460056 bytes 82326 pkt (dropped 3542, overlimits 0 requeues 0) 
 backlog 10598b 7p requeues 0
======================================================================
Timestamp: 2026-04-01 06:08:29
qdisc htb 1: root refcnt 13 r2q 10 default 0x10 direct_packets_stat 0 direct_qlen 1000
 Sent 125287783 bytes 82874 pkt (dropped 3553, overlimits 82356 requeues 0) 
 backlog 9084b 6p requeues 0
qdisc pfifo 20: parent 1:10 limit 12p
 Sent 125287783 bytes 82874 pkt (dropped 3553, overlimits 0 requeues 0) 
 backlog 9084b 6p requeues 0
======================================================================
Timestamp: 2026-04-01 06:08:30
qdisc htb 1: root refcnt 13 r2q 10 default 0x10 direct_packets_stat 0 direct_qlen 1000
 Sent 126158320 bytes 83449 pkt (dropped 3589, overlimits 82926 requeues 0) 
 backlog 16654b 11p requeues 0
qdisc pfifo 20: parent 1:10 limit 12p
 Sent 126158320 bytes 83449 pkt (dropped 3589, overlimits 0 requeues 0) 
 backlog 16654b 11p requeues 0
======================================================================
Timestamp: 2026-04-01 06:08:31
qdisc htb 1: root refcnt 13 r2q 10 default 0x10 direct_packets_stat 0 direct_qlen 1000
 Sent 127040982 bytes 84032 pkt (dropped 3618, overlimits 83509 requeues 0) 
 backlog 13626b 9p requeues 0
qdisc pfifo 20: parent 1:10 limit 12p
 Sent 127040982 bytes 84032 pkt (dropped 3618, overlimits 0 requeues 0) 
 backlog 13626b 9p requeues 0
======================================================================
Timestamp: 2026-04-01 06:08:32
qdisc htb 1: root refcnt 13 r2q 10 default 0x10 direct_packets_stat 0 direct_qlen 1000
 Sent 127892642 bytes 84595 pkt (dropped 3649, overlimits 84066 requeues 0) 
 backlog 13626b 9p requeues 0
qdisc pfifo 20: parent 1:10 limit 12p
 Sent 127892642 bytes 84595 pkt (dropped 3649, overlimits 0 requeues 0) 
 backlog 13626b 9p requeues 0
======================================================================
Timestamp: 2026-04-01 06:08:33
qdisc htb 1: root refcnt 13 r2q 10 default 0x10 direct_packets_stat 0 direct_qlen 1000
 Sent 128778332 bytes 85180 pkt (dropped 3671, overlimits 84651 requeues 0) 
 backlog 16654b 11p requeues 0
qdisc pfifo 20: parent 1:10 limit 12p
 Sent 128778332 bytes 85180 pkt (dropped 3671, overlimits 0 requeues 0) 
 backlog 16654b 11p requeues 0
======================================================================
Timestamp: 2026-04-01 06:08:34
qdisc htb 1: root refcnt 13 r2q 10 default 0x10 direct_packets_stat 0 direct_qlen 1000
 Sent 129633434 bytes 85745 pkt (dropped 3695, overlimits 85206 requeues 0) 
 backlog 13626b 9p requeues 0
qdisc pfifo 20: parent 1:10 limit 12p
 Sent 129633434 bytes 85745 pkt (dropped 3695, overlimits 0 requeues 0) 
 backlog 13626b 9p requeues 0
======================================================================
Timestamp: 2026-04-01 06:08:35
qdisc htb 1: root refcnt 13 r2q 10 default 0x10 direct_packets_stat 0 direct_qlen 1000
 Sent 130514582 bytes 86327 pkt (dropped 3721, overlimits 85788 requeues 0) 
 backlog 15140b 10p requeues 0
qdisc pfifo 20: parent 1:10 limit 12p
 Sent 130514582 bytes 86327 pkt (dropped 3721, overlimits 0 requeues 0) 
 backlog 15140b 10p requeues 0
======================================================================
Timestamp: 2026-04-01 06:08:36
qdisc htb 1: root refcnt 13 r2q 10 default 0x10 direct_packets_stat 0 direct_qlen 1000
 Sent 131358174 bytes 86885 pkt (dropped 3758, overlimits 86335 requeues 0) 
 backlog 16654b 11p requeues 0
qdisc pfifo 20: parent 1:10 limit 12p
 Sent 131358174 bytes 86885 pkt (dropped 3758, overlimits 0 requeues 0) 
 backlog 16654b 11p requeues 0
======================================================================
Timestamp: 2026-04-01 06:08:37
qdisc htb 1: root refcnt 13 r2q 10 default 0x10 direct_packets_stat 0 direct_qlen 1000
 Sent 132240836 bytes 87468 pkt (dropped 3800, overlimits 86918 requeues 0) 
 backlog 9084b 6p requeues 0
qdisc pfifo 20: parent 1:10 limit 12p
 Sent 132240836 bytes 87468 pkt (dropped 3800, overlimits 0 requeues 0) 
 backlog 9084b 6p requeues 0
======================================================================
Timestamp: 2026-04-01 06:08:38
qdisc htb 1: root refcnt 13 r2q 10 default 0x10 direct_packets_stat 0 direct_qlen 1000
 Sent 133118676 bytes 88048 pkt (dropped 3816, overlimits 87497 requeues 0) 
 backlog 12112b 8p requeues 0
qdisc pfifo 20: parent 1:10 limit 12p
 Sent 133118676 bytes 88048 pkt (dropped 3816, overlimits 0 requeues 0) 
 backlog 12112b 8p requeues 0
======================================================================
Timestamp: 2026-04-01 06:08:39
qdisc htb 1: root refcnt 13 r2q 10 default 0x10 direct_packets_stat 0 direct_qlen 1000
 Sent 133996796 bytes 88628 pkt (dropped 3848, overlimits 88077 requeues 0) 
 backlog 16654b 11p requeues 0
qdisc pfifo 20: parent 1:10 limit 12p
 Sent 133996796 bytes 88628 pkt (dropped 3848, overlimits 0 requeues 0) 
 backlog 16654b 11p requeues 0
======================================================================
Timestamp: 2026-04-01 06:08:40
qdisc htb 1: root refcnt 13 r2q 10 default 0x10 direct_packets_stat 0 direct_qlen 1000
 Sent 134876388 bytes 89209 pkt (dropped 3878, overlimits 88657 requeues 0) 
 backlog 12112b 8p requeues 0
qdisc pfifo 20: parent 1:10 limit 12p
 Sent 134876388 bytes 89209 pkt (dropped 3878, overlimits 0 requeues 0) 
 backlog 12112b 8p requeues 0
======================================================================
Timestamp: 2026-04-01 06:08:41
qdisc htb 1: root refcnt 13 r2q 10 default 0x10 direct_packets_stat 0 direct_qlen 1000
 Sent 135759050 bytes 89792 pkt (dropped 3900, overlimits 89240 requeues 0) 
 backlog 16654b 11p requeues 0
qdisc pfifo 20: parent 1:10 limit 12p
 Sent 135759050 bytes 89792 pkt (dropped 3900, overlimits 0 requeues 0) 
 backlog 16654b 11p requeues 0
======================================================================
Timestamp: 2026-04-01 06:08:42
qdisc htb 1: root refcnt 13 r2q 10 default 0x10 direct_packets_stat 0 direct_qlen 1000
 Sent 136618986 bytes 90360 pkt (dropped 3929, overlimits 89800 requeues 0) 
 backlog 18168b 12p requeues 0
qdisc pfifo 20: parent 1:10 limit 12p
 Sent 136618986 bytes 90360 pkt (dropped 3929, overlimits 0 requeues 0) 
 backlog 18168b 12p requeues 0
======================================================================
Timestamp: 2026-04-01 06:08:43
qdisc htb 1: root refcnt 13 r2q 10 default 0x10 direct_packets_stat 0 direct_qlen 1000
 Sent 137500134 bytes 90942 pkt (dropped 3953, overlimits 90382 requeues 0) 
 backlog 12112b 8p requeues 0
qdisc pfifo 20: parent 1:10 limit 12p
 Sent 137500134 bytes 90942 pkt (dropped 3953, overlimits 0 requeues 0) 
 backlog 12112b 8p requeues 0
======================================================================
Timestamp: 2026-04-01 06:08:44
qdisc htb 1: root refcnt 13 r2q 10 default 0x10 direct_packets_stat 0 direct_qlen 1000
 Sent 138353178 bytes 91506 pkt (dropped 3982, overlimits 90934 requeues 0) 
 backlog 13626b 9p requeues 0
qdisc pfifo 20: parent 1:10 limit 12p
 Sent 138353178 bytes 91506 pkt (dropped 3982, overlimits 0 requeues 0) 
 backlog 13626b 9p requeues 0
======================================================================
Timestamp: 2026-04-01 06:08:45
qdisc htb 1: root refcnt 13 r2q 10 default 0x10 direct_packets_stat 0 direct_qlen 1000
 Sent 139238868 bytes 92091 pkt (dropped 4013, overlimits 91519 requeues 0) 
 backlog 15140b 10p requeues 0
qdisc pfifo 20: parent 1:10 limit 12p
 Sent 139238868 bytes 92091 pkt (dropped 4013, overlimits 0 requeues 0) 
 backlog 15140b 10p requeues 0
======================================================================
Timestamp: 2026-04-01 06:08:46
qdisc htb 1: root refcnt 13 r2q 10 default 0x10 direct_packets_stat 0 direct_qlen 1000
 Sent 140076529 bytes 92645 pkt (dropped 4049, overlimits 92055 requeues 0) 
 backlog 16654b 11p requeues 0
qdisc pfifo 20: parent 1:10 limit 12p
 Sent 140076529 bytes 92645 pkt (dropped 4049, overlimits 0 requeues 0) 
 backlog 16654b 11p requeues 0
======================================================================
Timestamp: 2026-04-01 06:08:47
qdisc htb 1: root refcnt 13 r2q 10 default 0x10 direct_packets_stat 0 direct_qlen 1000
 Sent 140960705 bytes 93229 pkt (dropped 4072, overlimits 92639 requeues 0) 
 backlog 10598b 7p requeues 0
qdisc pfifo 20: parent 1:10 limit 12p
 Sent 140960705 bytes 93229 pkt (dropped 4072, overlimits 0 requeues 0) 
 backlog 10598b 7p requeues 0
======================================================================
Timestamp: 2026-04-01 06:08:48
qdisc htb 1: root refcnt 13 r2q 10 default 0x10 direct_packets_stat 0 direct_qlen 1000
 Sent 141835590 bytes 93807 pkt (dropped 4098, overlimits 93214 requeues 0) 
 backlog 18168b 12p requeues 0
qdisc pfifo 20: parent 1:10 limit 12p
 Sent 141835590 bytes 93807 pkt (dropped 4098, overlimits 0 requeues 0) 
 backlog 18168b 12p requeues 0
======================================================================
Timestamp: 2026-04-01 06:08:49
qdisc htb 1: root refcnt 13 r2q 10 default 0x10 direct_packets_stat 0 direct_qlen 1000
 Sent 142719766 bytes 94391 pkt (dropped 4129, overlimits 93798 requeues 0) 
 backlog 10598b 7p requeues 0
qdisc pfifo 20: parent 1:10 limit 12p
 Sent 142719766 bytes 94391 pkt (dropped 4129, overlimits 0 requeues 0) 
 backlog 10598b 7p requeues 0
======================================================================
Timestamp: 2026-04-01 06:08:50
qdisc htb 1: root refcnt 13 r2q 10 default 0x10 direct_packets_stat 0 direct_qlen 1000
 Sent 143602428 bytes 94974 pkt (dropped 4152, overlimits 94381 requeues 0) 
 backlog 7570b 5p requeues 0
qdisc pfifo 20: parent 1:10 limit 12p
 Sent 143602428 bytes 94974 pkt (dropped 4152, overlimits 0 requeues 0) 
 backlog 7570b 5p requeues 0
======================================================================
Timestamp: 2026-04-01 06:08:51
qdisc htb 1: root refcnt 13 r2q 10 default 0x10 direct_packets_stat 0 direct_qlen 1000
 Sent 144480306 bytes 95554 pkt (dropped 4182, overlimits 94960 requeues 0) 
 backlog 16654b 11p requeues 0
qdisc pfifo 20: parent 1:10 limit 12p
 Sent 144480306 bytes 95554 pkt (dropped 4182, overlimits 0 requeues 0) 
 backlog 16654b 11p requeues 0
======================================================================
Timestamp: 2026-04-01 06:08:52
qdisc htb 1: root refcnt 13 r2q 10 default 0x10 direct_packets_stat 0 direct_qlen 1000
 Sent 145365996 bytes 96139 pkt (dropped 4198, overlimits 95545 requeues 0) 
 backlog 9084b 6p requeues 0
qdisc pfifo 20: parent 1:10 limit 12p
 Sent 145365996 bytes 96139 pkt (dropped 4198, overlimits 0 requeues 0) 
 backlog 9084b 6p requeues 0
======================================================================
Timestamp: 2026-04-01 06:08:53
qdisc htb 1: root refcnt 13 r2q 10 default 0x10 direct_packets_stat 0 direct_qlen 1000
 Sent 146244417 bytes 96721 pkt (dropped 4216, overlimits 96124 requeues 0) 
 backlog 15140b 10p requeues 0
qdisc pfifo 20: parent 1:10 limit 12p
 Sent 146244417 bytes 96721 pkt (dropped 4216, overlimits 0 requeues 0) 
 backlog 15140b 10p requeues 0
======================================================================
Timestamp: 2026-04-01 06:08:54
qdisc htb 1: root refcnt 13 r2q 10 default 0x10 direct_packets_stat 0 direct_qlen 1000
 Sent 146822564 bytes 97111 pkt (dropped 4216, overlimits 96513 requeues 0) 
 backlog 0b 0p requeues 0
qdisc pfifo 20: parent 1:10 limit 12p
 Sent 146822564 bytes 97111 pkt (dropped 4216, overlimits 0 requeues 0) 
 backlog 0b 0p requeues 0
======================================================================
Timestamp: 2026-04-01 06:08:55
qdisc htb 1: root refcnt 13 r2q 10 default 0x10 direct_packets_stat 0 direct_qlen 1000
 Sent 147588635 bytes 97617 pkt (dropped 4216, overlimits 97017 requeues 0) 
 backlog 7570b 5p requeues 0
qdisc pfifo 20: parent 1:10 limit 12p
 Sent 147588635 bytes 97617 pkt (dropped 4216, overlimits 0 requeues 0) 
 backlog 7570b 5p requeues 0
======================================================================
Timestamp: 2026-04-01 06:08:56
qdisc htb 1: root refcnt 13 r2q 10 default 0x10 direct_packets_stat 0 direct_qlen 1000
 Sent 148146084 bytes 97986 pkt (dropped 4216, overlimits 97386 requeues 0) 
 backlog 0b 0p requeues 0
qdisc pfifo 20: parent 1:10 limit 12p
 Sent 148146084 bytes 97986 pkt (dropped 4216, overlimits 0 requeues 0) 
 backlog 0b 0p requeues 0
======================================================================
Timestamp: 2026-04-01 06:08:57
qdisc htb 1: root refcnt 13 r2q 10 default 0x10 direct_packets_stat 0 direct_qlen 1000
 Sent 148898529 bytes 98483 pkt (dropped 4216, overlimits 97881 requeues 0) 
 backlog 3028b 2p requeues 0
qdisc pfifo 20: parent 1:10 limit 12p
 Sent 148898529 bytes 98483 pkt (dropped 4216, overlimits 0 requeues 0) 
 backlog 3028b 2p requeues 0
======================================================================
Timestamp: 2026-04-01 06:08:58
qdisc htb 1: root refcnt 13 r2q 10 default 0x10 direct_packets_stat 0 direct_qlen 1000
 Sent 149248824 bytes 98715 pkt (dropped 4216, overlimits 98113 requeues 0) 
 backlog 0b 0p requeues 0
qdisc pfifo 20: parent 1:10 limit 12p
 Sent 149248824 bytes 98715 pkt (dropped 4216, overlimits 0 requeues 0) 
 backlog 0b 0p requeues 0
======================================================================
Timestamp: 2026-04-01 06:08:59
qdisc htb 1: root refcnt 13 r2q 10 default 0x10 direct_packets_stat 0 direct_qlen 1000
 Sent 149980073 bytes 99198 pkt (dropped 4216, overlimits 98594 requeues 0) 
 backlog 7570b 5p requeues 0
qdisc pfifo 20: parent 1:10 limit 12p
 Sent 149980073 bytes 99198 pkt (dropped 4216, overlimits 0 requeues 0) 
 backlog 7570b 5p requeues 0
======================================================================
Timestamp: 2026-04-01 06:09:00
qdisc htb 1: root refcnt 13 r2q 10 default 0x10 direct_packets_stat 0 direct_qlen 1000
 Sent 150330894 bytes 99430 pkt (dropped 4216, overlimits 98826 requeues 0) 
 backlog 0b 0p requeues 0
qdisc pfifo 20: parent 1:10 limit 12p
 Sent 150330894 bytes 99430 pkt (dropped 4216, overlimits 0 requeues 0) 
 backlog 0b 0p requeues 0
======================================================================
Timestamp: 2026-04-01 06:09:01
qdisc htb 1: root refcnt 13 r2q 10 default 0x10 direct_packets_stat 0 direct_qlen 1000
 Sent 151051545 bytes 99906 pkt (dropped 4216, overlimits 99300 requeues 0) 
 backlog 6056b 4p requeues 0
qdisc pfifo 20: parent 1:10 limit 12p
 Sent 151051545 bytes 99906 pkt (dropped 4216, overlimits 0 requeues 0) 
 backlog 6056b 4p requeues 0
======================================================================
Timestamp: 2026-04-01 06:09:02
qdisc htb 1: root refcnt 13 r2q 10 default 0x10 direct_packets_stat 0 direct_qlen 1000
 Sent 151593692 bytes 100265 pkt (dropped 4216, overlimits 99659 requeues 0) 
 backlog 0b 0p requeues 0
qdisc pfifo 20: parent 1:10 limit 12p
 Sent 151593692 bytes 100265 pkt (dropped 4216, overlimits 0 requeues 0) 
 backlog 0b 0p requeues 0
======================================================================
Timestamp: 2026-04-01 06:09:03
qdisc htb 1: root refcnt 13 r2q 10 default 0x10 direct_packets_stat 0 direct_qlen 1000
 Sent 152286995 bytes 100723 pkt (dropped 4216, overlimits 100114 requeues 0) 
 backlog 0b 0p requeues 0
qdisc pfifo 20: parent 1:10 limit 12p
 Sent 152286995 bytes 100723 pkt (dropped 4216, overlimits 0 requeues 0) 
 backlog 0b 0p requeues 0
======================================================================
Timestamp: 2026-04-01 06:09:04
qdisc htb 1: root refcnt 13 r2q 10 default 0x10 direct_packets_stat 0 direct_qlen 1000
 Sent 153172685 bytes 101308 pkt (dropped 4216, overlimits 100699 requeues 0) 
 backlog 6056b 4p requeues 0
qdisc pfifo 20: parent 1:10 limit 12p
 Sent 153172685 bytes 101308 pkt (dropped 4216, overlimits 0 requeues 0) 
 backlog 6056b 4p requeues 0
======================================================================
Timestamp: 2026-04-01 06:09:05
qdisc htb 1: root refcnt 13 r2q 10 default 0x10 direct_packets_stat 0 direct_qlen 1000
 Sent 153944605 bytes 101818 pkt (dropped 4216, overlimits 101207 requeues 0) 
 backlog 6056b 4p requeues 0
qdisc pfifo 20: parent 1:10 limit 12p
 Sent 153944605 bytes 101818 pkt (dropped 4216, overlimits 0 requeues 0) 
 backlog 6056b 4p requeues 0
======================================================================
Timestamp: 2026-04-01 06:09:06
qdisc htb 1: root refcnt 13 r2q 10 default 0x10 direct_packets_stat 0 direct_qlen 1000
 Sent 154389223 bytes 102112 pkt (dropped 4216, overlimits 101501 requeues 0) 
 backlog 0b 0p requeues 0
qdisc pfifo 20: parent 1:10 limit 12p
 Sent 154389223 bytes 102112 pkt (dropped 4216, overlimits 0 requeues 0) 
 backlog 0b 0p requeues 0
======================================================================
Timestamp: 2026-04-01 06:09:07
qdisc htb 1: root refcnt 13 r2q 10 default 0x10 direct_packets_stat 0 direct_qlen 1000
 Sent 155073538 bytes 102564 pkt (dropped 4216, overlimits 101951 requeues 0) 
 backlog 3028b 2p requeues 0
qdisc pfifo 20: parent 1:10 limit 12p
 Sent 155073538 bytes 102564 pkt (dropped 4216, overlimits 0 requeues 0) 
 backlog 3028b 2p requeues 0
======================================================================
Timestamp: 2026-04-01 06:09:08
qdisc htb 1: root refcnt 13 r2q 10 default 0x10 direct_packets_stat 0 direct_qlen 1000
 Sent 155636636 bytes 102937 pkt (dropped 4216, overlimits 102324 requeues 0) 
 backlog 0b 0p requeues 0
qdisc pfifo 20: parent 1:10 limit 12p
 Sent 155636636 bytes 102937 pkt (dropped 4216, overlimits 0 requeues 0) 
 backlog 0b 0p requeues 0
======================================================================
Timestamp: 2026-04-01 06:09:09
qdisc htb 1: root refcnt 13 r2q 10 default 0x10 direct_packets_stat 0 direct_qlen 1000
 Sent 156310353 bytes 103382 pkt (dropped 4216, overlimits 102767 requeues 0) 
 backlog 6056b 4p requeues 0
qdisc pfifo 20: parent 1:10 limit 12p
 Sent 156310353 bytes 103382 pkt (dropped 4216, overlimits 0 requeues 0) 
 backlog 6056b 4p requeues 0
======================================================================
Timestamp: 2026-04-01 06:09:10
qdisc htb 1: root refcnt 13 r2q 10 default 0x10 direct_packets_stat 0 direct_qlen 1000
 Sent 156820887 bytes 103720 pkt (dropped 4216, overlimits 103105 requeues 0) 
 backlog 0b 0p requeues 0
qdisc pfifo 20: parent 1:10 limit 12p
 Sent 156820887 bytes 103720 pkt (dropped 4216, overlimits 0 requeues 0) 
 backlog 0b 0p requeues 0
======================================================================
Timestamp: 2026-04-01 06:09:11
qdisc htb 1: root refcnt 13 r2q 10 default 0x10 direct_packets_stat 0 direct_qlen 1000
 Sent 157480978 bytes 104156 pkt (dropped 4216, overlimits 103539 requeues 0) 
 backlog 7570b 5p requeues 0
qdisc pfifo 20: parent 1:10 limit 12p
 Sent 157480978 bytes 104156 pkt (dropped 4216, overlimits 0 requeues 0) 
 backlog 7570b 5p requeues 0
======================================================================
Timestamp: 2026-04-01 06:09:12
qdisc htb 1: root refcnt 13 r2q 10 default 0x10 direct_packets_stat 0 direct_qlen 1000
 Sent 158136946 bytes 104590 pkt (dropped 4216, overlimits 103973 requeues 0) 
 backlog 0b 0p requeues 0
qdisc pfifo 20: parent 1:10 limit 12p
 Sent 158136946 bytes 104590 pkt (dropped 4216, overlimits 0 requeues 0) 
 backlog 0b 0p requeues 0
