      Time     KB/s_in    KB/s_out
  16:12:01         1.0         3.3
  16:12:02        20.9       685.6
  16:12:03        17.9       653.2
  16:12:04        21.2       697.7
  16:12:05         0.1         0.0
  16:12:06        20.8       711.0
  16:12:07         9.7       343.2
  16:12:08        20.4       685.9
  16:12:09        15.7       560.6
  16:12:10        20.1       669.9
  16:12:11        17.7       638.4
  16:12:12        19.5       645.9
  16:12:13        16.3       563.6
  16:12:14        18.1       612.0
  16:12:15        17.7       617.6
  16:12:16        18.0       592.8
  16:12:17        17.2       614.9
  16:12:18        16.6       558.8
  16:12:19        18.4       647.5
  16:12:20        15.8       532.1
  16:12:21        19.5       684.8
  16:12:22        15.3       511.5
  16:12:23        10.9       399.7
  16:12:24        14.7       483.4
  16:12:25        10.3       351.2
  16:12:26        13.4       463.0
  16:12:27        18.7       674.4
  16:12:28        13.4       430.2
  16:12:29        10.1       366.9
  16:12:30        12.5       405.0
  16:12:31        14.4       484.8
  16:12:32         6.6       159.8
  16:12:33         6.8       183.3
  16:12:34         8.2       213.0
  16:12:35         9.2       260.0
  16:12:36        10.0       258.7
  16:12:37         6.6       181.8
  16:12:38         9.0       209.7
  16:12:39         5.9       161.9
  16:12:40         6.8       164.0
  16:12:41         6.3       183.7
  16:12:42         8.9       236.6
  16:12:43         9.1       270.4
  16:12:44        11.2       241.2
  16:12:45         8.9       254.1
  16:12:46        13.5       326.0
  16:12:47         7.3       196.9
  16:12:48        10.4       273.4
  16:12:49         8.3       223.0
  16:12:50        10.1       283.8
  16:12:51         9.8       255.9
  16:12:52         9.5       254.2
  16:12:53         5.5       140.3
  16:12:54         6.8       171.5
  16:12:55         6.5       140.1
  16:12:56         6.9       186.2
  16:12:57         7.2       210.0
  16:12:58        12.7       285.5
  16:12:59         8.1       219.2
  16:13:00         9.8       263.1
  16:13:01         9.8       270.5
  16:13:02         9.9       274.2
  16:13:03         8.3       221.8
  16:13:04         8.9       240.8
  16:13:05         9.8       247.9
  16:13:06         8.9       261.5
  16:13:07         9.9       258.8
  16:13:08         7.0       207.1
  16:13:09         7.0       174.1
  16:13:10         5.2       135.2
  16:13:11         8.9       216.4
  16:13:12         4.9       138.1
  16:13:13         5.8       134.9
  16:13:14         2.9        82.5
  16:13:15         6.1       158.2
  16:13:16         2.8        65.3
  16:13:17         6.5       159.7
  16:13:18         5.4       153.3
  16:13:19         6.8       155.2
  16:13:20         5.7       166.0
  16:13:21         5.9       142.0
  16:13:22         8.9       261.6
  16:13:23         4.0        83.7
  16:13:24         5.2       144.5
  16:13:25         6.5       155.4
  16:13:26         8.9       238.0
  16:13:27         7.0       154.4
  16:13:28         9.1       261.5
  16:13:29         6.6       156.6
  16:13:30         5.8       156.8
  16:13:31         7.5       192.3
  16:13:32        10.4       243.4
  16:13:33         9.5       261.7
  16:13:34         9.2       264.9
  16:13:35        10.2       273.4
  16:13:36         9.1       268.9
  16:13:37         8.9       228.9
  16:13:38         7.9       229.7
  16:13:39         2.7        50.3
  16:13:40         8.4       249.7
  16:13:41         5.1       103.2
  16:13:42         6.1       187.7
  16:13:43         8.8       236.2
  16:13:44         9.0       233.2
  16:13:45         8.2       197.6
  16:13:46         7.2       206.9
  16:13:47         7.4       181.0
  16:13:48         5.3       173.0
  16:13:49         8.9       233.6
  16:13:50        10.1       268.5
  16:13:51         6.6       167.1
  16:13:52         9.0       246.9
  16:13:53         7.2       197.7
  16:13:54        10.3       267.6
  16:13:55         6.2       180.9
  16:13:56         9.0       232.1
  16:13:57         7.7       219.5
  16:13:58         6.5       165.6
  16:13:59         8.5       242.4
  16:14:00        10.1       257.3
  16:14:01         5.6       167.1
  16:14:02         8.3       207.2
  16:14:03         1.4        39.2
  16:14:04         5.1       115.5
  16:14:05         2.5        65.0
  16:14:06         5.7       128.6
  16:14:07        10.4       285.1
  16:14:08         7.4       196.2
  16:14:09         9.6       266.0
  16:14:10         7.7       199.9
  16:14:11         6.9       214.2
  16:14:12         8.3       207.2
  16:14:13         8.9       254.2
  16:14:14         6.5       158.6
  16:14:15         8.1       237.9
  16:14:16         6.3       141.2
  16:14:17         9.7       272.0
  16:14:18         7.0       172.1
  16:14:19         8.9       263.0
  16:14:20         8.4       212.0
  16:14:21         5.6       164.0
  16:14:22        10.7       270.1
  16:14:23         7.9       231.9
  16:14:24         5.8       144.4
  16:14:25         8.8       258.0
  16:14:26         3.5        74.0
  16:14:27        10.1       280.6
  16:14:28         5.8       133.4
  16:14:29         6.2       170.0
  16:14:30         6.7       157.3
  16:14:31         5.9       158.8
  16:14:32         2.7        59.2
  16:14:33         9.7       274.8
  16:14:34         8.3       210.6
  16:14:35        10.2       274.9
  16:14:36         8.0       191.7
  16:14:37         9.7       274.9
  16:14:38         5.7       128.6
  16:14:39         4.8       112.9
  16:14:40         7.2       192.4
  16:14:41         7.3       186.6
  16:14:42         5.4       108.9
  16:14:43         6.4       180.2
  16:14:44         7.8       207.1
  16:14:45         9.8       267.7
  16:14:46         6.9       183.1
  16:14:47         9.2       254.3
  16:14:48         7.2       193.8
  16:14:49         6.1       142.1
  16:14:50         8.4       249.7
  16:14:51         9.3       251.1
  16:14:52         9.2       264.5
  16:14:53         9.6       258.5
  16:14:54         6.1       161.2
  16:14:55         6.6       165.9
  16:14:56         7.6       227.5
  16:14:57        10.5       274.5
  16:14:58         5.9       151.6
  16:14:59         6.3       152.5
  16:15:00        10.8       288.2
  16:15:01        16.6       528.3
  16:15:02         5.7       200.4
  16:15:03        16.4       531.9
  16:15:04         3.3       126.5
  16:15:05        15.6       502.6
  16:15:06        12.7       467.5
  16:15:07        14.5       480.4
  16:15:08        17.9       645.7
  16:15:09        14.1       462.7
  16:15:10        21.9       765.2
  16:15:11        13.0       425.7
  16:15:12        20.3       739.9
  16:15:13        12.1       405.0
  16:15:14        23.4       842.4
  16:15:15        13.1       427.7
  16:15:16        24.0       838.1
  16:15:17        12.5       398.6
  16:15:18        23.5       823.2
  16:15:19        23.4       783.6
  16:15:20        23.4       840.8
