Starting TC Qdisc Monitoring for s1-eth2
Timestamp, Qdisc Stats
======================================================================
Timestamp: 2026-04-28 13:58:12
qdisc htb 1: root refcnt 13 r2q 10 default 0x10 direct_packets_stat 0 direct_qlen 1000
 Sent 7404 bytes 34 pkt (dropped 0, overlimits 2 requeues 0) 
 backlog 0b 0p requeues 0
qdisc pfifo 20: parent 1:10 limit 12p
 Sent 7404 bytes 34 pkt (dropped 0, overlimits 0 requeues 0) 
 backlog 0b 0p requeues 0
======================================================================
Timestamp: 2026-04-28 13:58:13
qdisc htb 1: root refcnt 13 r2q 10 default 0x10 direct_packets_stat 0 direct_qlen 1000
 Sent 234936 bytes 192 pkt (dropped 12, overlimits 96 requeues 0) 
 backlog 0b 0p requeues 0
qdisc pfifo 20: parent 1:10 limit 12p
 Sent 234936 bytes 192 pkt (dropped 12, overlimits 0 requeues 0) 
 backlog 0b 0p requeues 0
======================================================================
Timestamp: 2026-04-28 13:58:14
qdisc htb 1: root refcnt 13 r2q 10 default 0x10 direct_packets_stat 0 direct_qlen 1000
 Sent 1067820 bytes 754 pkt (dropped 65, overlimits 519 requeues 0) 
 backlog 20748b 10p requeues 0
qdisc pfifo 20: parent 1:10 limit 12p
 Sent 1067820 bytes 754 pkt (dropped 65, overlimits 0 requeues 0) 
 backlog 20748b 10p requeues 0
======================================================================
Timestamp: 2026-04-28 13:58:15
qdisc htb 1: root refcnt 13 r2q 10 default 0x10 direct_packets_stat 0 direct_qlen 1000
 Sent 1917483 bytes 1331 pkt (dropped 116, overlimits 954 requeues 0) 
 backlog 19266b 10p requeues 0
qdisc pfifo 20: parent 1:10 limit 12p
 Sent 1917483 bytes 1331 pkt (dropped 116, overlimits 0 requeues 0) 
 backlog 19266b 10p requeues 0
======================================================================
Timestamp: 2026-04-28 13:58:16
qdisc htb 1: root refcnt 13 r2q 10 default 0x10 direct_packets_stat 0 direct_qlen 1000
 Sent 2752347 bytes 1896 pkt (dropped 160, overlimits 1371 requeues 0) 
 backlog 16302b 11p requeues 0
qdisc pfifo 20: parent 1:10 limit 12p
 Sent 2752347 bytes 1896 pkt (dropped 160, overlimits 0 requeues 0) 
 backlog 16302b 11p requeues 0
======================================================================
Timestamp: 2026-04-28 13:58:17
qdisc htb 1: root refcnt 13 r2q 10 default 0x10 direct_packets_stat 0 direct_qlen 1000
 Sent 3631243 bytes 2490 pkt (dropped 200, overlimits 1814 requeues 0) 
 backlog 23712b 12p requeues 0
qdisc pfifo 20: parent 1:10 limit 12p
 Sent 3631243 bytes 2490 pkt (dropped 200, overlimits 0 requeues 0) 
 backlog 23712b 12p requeues 0
======================================================================
Timestamp: 2026-04-28 13:58:18
qdisc htb 1: root refcnt 13 r2q 10 default 0x10 direct_packets_stat 0 direct_qlen 1000
 Sent 3965373 bytes 2719 pkt (dropped 216, overlimits 1979 requeues 0) 
 backlog 0b 0p requeues 0
qdisc pfifo 20: parent 1:10 limit 12p
 Sent 3965373 bytes 2719 pkt (dropped 216, overlimits 0 requeues 0) 
 backlog 0b 0p requeues 0
======================================================================
Timestamp: 2026-04-28 13:58:19
qdisc htb 1: root refcnt 13 r2q 10 default 0x10 direct_packets_stat 0 direct_qlen 1000
 Sent 4819005 bytes 3295 pkt (dropped 266, overlimits 2416 requeues 0) 
 backlog 19266b 10p requeues 0
qdisc pfifo 20: parent 1:10 limit 12p
 Sent 4819005 bytes 3295 pkt (dropped 266, overlimits 0 requeues 0) 
 backlog 19266b 10p requeues 0
======================================================================
Timestamp: 2026-04-28 13:58:20
qdisc htb 1: root refcnt 13 r2q 10 default 0x10 direct_packets_stat 0 direct_qlen 1000
 Sent 5200278 bytes 3554 pkt (dropped 283, overlimits 2606 requeues 0) 
 backlog 0b 0p requeues 0
qdisc pfifo 20: parent 1:10 limit 12p
 Sent 5200278 bytes 3554 pkt (dropped 283, overlimits 0 requeues 0) 
 backlog 0b 0p requeues 0
======================================================================
Timestamp: 2026-04-28 13:58:21
qdisc htb 1: root refcnt 13 r2q 10 default 0x10 direct_packets_stat 0 direct_qlen 1000
 Sent 6036126 bytes 4118 pkt (dropped 331, overlimits 3032 requeues 0) 
 backlog 20748b 11p requeues 0
qdisc pfifo 20: parent 1:10 limit 12p
 Sent 6036126 bytes 4118 pkt (dropped 331, overlimits 0 requeues 0) 
 backlog 20748b 11p requeues 0
======================================================================
Timestamp: 2026-04-28 13:58:22
qdisc htb 1: root refcnt 13 r2q 10 default 0x10 direct_packets_stat 0 direct_qlen 1000
 Sent 6443707 bytes 4394 pkt (dropped 346, overlimits 3239 requeues 0) 
 backlog 0b 0p requeues 0
qdisc pfifo 20: parent 1:10 limit 12p
 Sent 6443707 bytes 4394 pkt (dropped 346, overlimits 0 requeues 0) 
 backlog 0b 0p requeues 0
======================================================================
Timestamp: 2026-04-28 13:58:23
qdisc htb 1: root refcnt 13 r2q 10 default 0x10 direct_packets_stat 0 direct_qlen 1000
 Sent 7239259 bytes 4931 pkt (dropped 393, overlimits 3639 requeues 0) 
 backlog 19266b 9p requeues 0
qdisc pfifo 20: parent 1:10 limit 12p
 Sent 7239259 bytes 4931 pkt (dropped 393, overlimits 0 requeues 0) 
 backlog 19266b 9p requeues 0
======================================================================
Timestamp: 2026-04-28 13:58:24
qdisc htb 1: root refcnt 13 r2q 10 default 0x10 direct_packets_stat 0 direct_qlen 1000
 Sent 7376176 bytes 5025 pkt (dropped 399, overlimits 3708 requeues 0) 
 backlog 0b 0p requeues 0
qdisc pfifo 20: parent 1:10 limit 12p
 Sent 7376176 bytes 5025 pkt (dropped 399, overlimits 0 requeues 0) 
 backlog 0b 0p requeues 0
======================================================================
Timestamp: 2026-04-28 13:58:25
qdisc htb 1: root refcnt 13 r2q 10 default 0x10 direct_packets_stat 0 direct_qlen 1000
 Sent 8130240 bytes 5534 pkt (dropped 444, overlimits 4085 requeues 0) 
 backlog 20748b 11p requeues 0
qdisc pfifo 20: parent 1:10 limit 12p
 Sent 8130240 bytes 5534 pkt (dropped 444, overlimits 0 requeues 0) 
 backlog 20748b 11p requeues 0
======================================================================
Timestamp: 2026-04-28 13:58:26
qdisc htb 1: root refcnt 13 r2q 10 default 0x10 direct_packets_stat 0 direct_qlen 1000
 Sent 8968737 bytes 6101 pkt (dropped 489, overlimits 4509 requeues 0) 
 backlog 22230b 11p requeues 0
qdisc pfifo 20: parent 1:10 limit 12p
 Sent 8968737 bytes 6101 pkt (dropped 489, overlimits 0 requeues 0) 
 backlog 22230b 11p requeues 0
======================================================================
Timestamp: 2026-04-28 13:58:27
qdisc htb 1: root refcnt 13 r2q 10 default 0x10 direct_packets_stat 0 direct_qlen 1000
 Sent 9813512 bytes 6672 pkt (dropped 521, overlimits 4933 requeues 0) 
 backlog 20748b 11p requeues 0
qdisc pfifo 20: parent 1:10 limit 12p
 Sent 9813512 bytes 6672 pkt (dropped 521, overlimits 0 requeues 0) 
 backlog 20748b 11p requeues 0
======================================================================
Timestamp: 2026-04-28 13:58:28
qdisc htb 1: root refcnt 13 r2q 10 default 0x10 direct_packets_stat 0 direct_qlen 1000
 Sent 10209075 bytes 6940 pkt (dropped 540, overlimits 5131 requeues 0) 
 backlog 0b 0p requeues 0
qdisc pfifo 20: parent 1:10 limit 12p
 Sent 10209075 bytes 6940 pkt (dropped 540, overlimits 0 requeues 0) 
 backlog 0b 0p requeues 0
======================================================================
Timestamp: 2026-04-28 13:58:29
qdisc htb 1: root refcnt 13 r2q 10 default 0x10 direct_packets_stat 0 direct_qlen 1000
 Sent 10597090 bytes 7202 pkt (dropped 561, overlimits 5331 requeues 0) 
 backlog 19266b 10p requeues 0
qdisc pfifo 20: parent 1:10 limit 12p
 Sent 10597090 bytes 7202 pkt (dropped 561, overlimits 0 requeues 0) 
 backlog 19266b 10p requeues 0
======================================================================
Timestamp: 2026-04-28 13:58:30
qdisc htb 1: root refcnt 13 r2q 10 default 0x10 direct_packets_stat 0 direct_qlen 1000
 Sent 11469184 bytes 7794 pkt (dropped 611, overlimits 5774 requeues 0) 
 backlog 0b 0p requeues 0
qdisc pfifo 20: parent 1:10 limit 12p
 Sent 11469184 bytes 7794 pkt (dropped 611, overlimits 0 requeues 0) 
 backlog 0b 0p requeues 0
======================================================================
Timestamp: 2026-04-28 13:58:31
qdisc htb 1: root refcnt 13 r2q 10 default 0x10 direct_packets_stat 0 direct_qlen 1000
 Sent 11817272 bytes 8030 pkt (dropped 638, overlimits 5954 requeues 0) 
 backlog 20748b 10p requeues 0
qdisc pfifo 20: parent 1:10 limit 12p
 Sent 11817272 bytes 8030 pkt (dropped 638, overlimits 0 requeues 0) 
 backlog 20748b 10p requeues 0
======================================================================
Timestamp: 2026-04-28 13:58:32
qdisc htb 1: root refcnt 13 r2q 10 default 0x10 direct_packets_stat 0 direct_qlen 1000
 Sent 12696098 bytes 8623 pkt (dropped 688, overlimits 6391 requeues 0) 
 backlog 19266b 9p requeues 0
qdisc pfifo 20: parent 1:10 limit 12p
 Sent 12696098 bytes 8623 pkt (dropped 688, overlimits 0 requeues 0) 
 backlog 19266b 9p requeues 0
======================================================================
Timestamp: 2026-04-28 13:58:33
qdisc htb 1: root refcnt 13 r2q 10 default 0x10 direct_packets_stat 0 direct_qlen 1000
 Sent 13091299 bytes 8891 pkt (dropped 713, overlimits 6594 requeues 0) 
 backlog 20748b 11p requeues 0
qdisc pfifo 20: parent 1:10 limit 12p
 Sent 13091299 bytes 8891 pkt (dropped 713, overlimits 0 requeues 0) 
 backlog 20748b 11p requeues 0
======================================================================
Timestamp: 2026-04-28 13:58:34
qdisc htb 1: root refcnt 13 r2q 10 default 0x10 direct_packets_stat 0 direct_qlen 1000
 Sent 13968864 bytes 9484 pkt (dropped 763, overlimits 7029 requeues 0) 
 backlog 20748b 12p requeues 0
qdisc pfifo 20: parent 1:10 limit 12p
 Sent 13968864 bytes 9484 pkt (dropped 763, overlimits 0 requeues 0) 
 backlog 20748b 12p requeues 0
======================================================================
Timestamp: 2026-04-28 13:58:35
qdisc htb 1: root refcnt 13 r2q 10 default 0x10 direct_packets_stat 0 direct_qlen 1000
 Sent 14265847 bytes 9686 pkt (dropped 779, overlimits 7184 requeues 0) 
 backlog 22230b 11p requeues 0
qdisc pfifo 20: parent 1:10 limit 12p
 Sent 14265847 bytes 9686 pkt (dropped 779, overlimits 0 requeues 0) 
 backlog 22230b 11p requeues 0
======================================================================
Timestamp: 2026-04-28 13:58:36
qdisc htb 1: root refcnt 13 r2q 10 default 0x10 direct_packets_stat 0 direct_qlen 1000
 Sent 15146155 bytes 10280 pkt (dropped 828, overlimits 7619 requeues 0) 
 backlog 20748b 11p requeues 0
qdisc pfifo 20: parent 1:10 limit 12p
 Sent 15146155 bytes 10280 pkt (dropped 828, overlimits 0 requeues 0) 
 backlog 20748b 11p requeues 0
======================================================================
Timestamp: 2026-04-28 13:58:37
qdisc htb 1: root refcnt 13 r2q 10 default 0x10 direct_packets_stat 0 direct_qlen 1000
 Sent 15572743 bytes 10569 pkt (dropped 852, overlimits 7837 requeues 0) 
 backlog 20748b 10p requeues 0
qdisc pfifo 20: parent 1:10 limit 12p
 Sent 15572743 bytes 10569 pkt (dropped 852, overlimits 0 requeues 0) 
 backlog 20748b 10p requeues 0
======================================================================
Timestamp: 2026-04-28 13:58:38
qdisc htb 1: root refcnt 13 r2q 10 default 0x10 direct_packets_stat 0 direct_qlen 1000
 Sent 16450087 bytes 11161 pkt (dropped 898, overlimits 8271 requeues 0) 
 backlog 20748b 10p requeues 0
qdisc pfifo 20: parent 1:10 limit 12p
 Sent 16450087 bytes 11161 pkt (dropped 898, overlimits 0 requeues 0) 
 backlog 20748b 10p requeues 0
======================================================================
Timestamp: 2026-04-28 13:58:39
qdisc htb 1: root refcnt 13 r2q 10 default 0x10 direct_packets_stat 0 direct_qlen 1000
 Sent 16712846 bytes 11340 pkt (dropped 917, overlimits 8407 requeues 0) 
 backlog 22230b 11p requeues 0
qdisc pfifo 20: parent 1:10 limit 12p
 Sent 16712846 bytes 11340 pkt (dropped 917, overlimits 0 requeues 0) 
 backlog 22230b 11p requeues 0
======================================================================
Timestamp: 2026-04-28 13:58:40
qdisc htb 1: root refcnt 13 r2q 10 default 0x10 direct_packets_stat 0 direct_qlen 1000
 Sent 17591672 bytes 11933 pkt (dropped 962, overlimits 8841 requeues 0) 
 backlog 22230b 11p requeues 0
qdisc pfifo 20: parent 1:10 limit 12p
 Sent 17591672 bytes 11933 pkt (dropped 962, overlimits 0 requeues 0) 
 backlog 22230b 11p requeues 0
======================================================================
Timestamp: 2026-04-28 13:58:42
qdisc htb 1: root refcnt 13 r2q 10 default 0x10 direct_packets_stat 0 direct_qlen 1000
 Sent 17976875 bytes 12195 pkt (dropped 988, overlimits 9036 requeues 0) 
 backlog 17784b 9p requeues 0
qdisc pfifo 20: parent 1:10 limit 12p
 Sent 17976875 bytes 12195 pkt (dropped 988, overlimits 0 requeues 0) 
 backlog 17784b 9p requeues 0
======================================================================
Timestamp: 2026-04-28 13:58:43
qdisc htb 1: root refcnt 13 r2q 10 default 0x10 direct_packets_stat 0 direct_qlen 1000
 Sent 18854335 bytes 12789 pkt (dropped 1036, overlimits 9472 requeues 0) 
 backlog 22333b 12p requeues 0
qdisc pfifo 20: parent 1:10 limit 12p
 Sent 18854335 bytes 12789 pkt (dropped 1036, overlimits 0 requeues 0) 
 backlog 22333b 12p requeues 0
======================================================================
Timestamp: 2026-04-28 13:58:44
qdisc htb 1: root refcnt 13 r2q 10 default 0x10 direct_packets_stat 0 direct_qlen 1000
 Sent 19164908 bytes 13006 pkt (dropped 1059, overlimits 9637 requeues 0) 
 backlog 17784b 9p requeues 0
qdisc pfifo 20: parent 1:10 limit 12p
 Sent 19164908 bytes 13006 pkt (dropped 1059, overlimits 0 requeues 0) 
 backlog 17784b 9p requeues 0
======================================================================
Timestamp: 2026-04-28 13:58:45
qdisc htb 1: root refcnt 13 r2q 10 default 0x10 direct_packets_stat 0 direct_qlen 1000
 Sent 20041401 bytes 13602 pkt (dropped 1136, overlimits 10083 requeues 0) 
 backlog 17784b 9p requeues 0
qdisc pfifo 20: parent 1:10 limit 12p
 Sent 20041401 bytes 13602 pkt (dropped 1136, overlimits 0 requeues 0) 
 backlog 17784b 9p requeues 0
======================================================================
Timestamp: 2026-04-28 13:58:46
qdisc htb 1: root refcnt 13 r2q 10 default 0x10 direct_packets_stat 0 direct_qlen 1000
 Sent 20680995 bytes 14032 pkt (dropped 1183, overlimits 10419 requeues 0) 
 backlog 16366b 9p requeues 0
qdisc pfifo 20: parent 1:10 limit 12p
 Sent 20680995 bytes 14032 pkt (dropped 1183, overlimits 0 requeues 0) 
 backlog 16366b 9p requeues 0
======================================================================
Timestamp: 2026-04-28 13:58:47
qdisc htb 1: root refcnt 13 r2q 10 default 0x10 direct_packets_stat 0 direct_qlen 1000
 Sent 21557393 bytes 14623 pkt (dropped 1273, overlimits 10861 requeues 0) 
 backlog 22262b 11p requeues 0
qdisc pfifo 20: parent 1:10 limit 12p
 Sent 21557393 bytes 14623 pkt (dropped 1273, overlimits 0 requeues 0) 
 backlog 22262b 11p requeues 0
======================================================================
Timestamp: 2026-04-28 13:58:48
qdisc htb 1: root refcnt 13 r2q 10 default 0x10 direct_packets_stat 0 direct_qlen 1000
 Sent 22223760 bytes 15066 pkt (dropped 1279, overlimits 11251 requeues 0) 
 backlog 17912b 10p requeues 0
qdisc pfifo 20: parent 1:10 limit 12p
 Sent 22223760 bytes 15066 pkt (dropped 1279, overlimits 0 requeues 0) 
 backlog 17912b 10p requeues 0
======================================================================
Timestamp: 2026-04-28 13:58:49
qdisc htb 1: root refcnt 13 r2q 10 default 0x10 direct_packets_stat 0 direct_qlen 1000
 Sent 23101094 bytes 15657 pkt (dropped 1382, overlimits 11707 requeues 0) 
 backlog 20812b 11p requeues 0
qdisc pfifo 20: parent 1:10 limit 12p
 Sent 23101094 bytes 15657 pkt (dropped 1382, overlimits 0 requeues 0) 
 backlog 20812b 11p requeues 0
======================================================================
Timestamp: 2026-04-28 13:58:50
qdisc htb 1: root refcnt 13 r2q 10 default 0x10 direct_packets_stat 0 direct_qlen 1000
 Sent 23758702 bytes 16101 pkt (dropped 1423, overlimits 12039 requeues 0) 
 backlog 3028b 2p requeues 0
qdisc pfifo 20: parent 1:10 limit 12p
 Sent 23758702 bytes 16101 pkt (dropped 1423, overlimits 0 requeues 0) 
 backlog 3028b 2p requeues 0
======================================================================
Timestamp: 2026-04-28 13:58:51
qdisc htb 1: root refcnt 13 r2q 10 default 0x10 direct_packets_stat 0 direct_qlen 1000
 Sent 24628514 bytes 16687 pkt (dropped 1511, overlimits 12483 requeues 0) 
 backlog 20748b 12p requeues 0
qdisc pfifo 20: parent 1:10 limit 12p
 Sent 24628514 bytes 16687 pkt (dropped 1511, overlimits 0 requeues 0) 
 backlog 20748b 12p requeues 0
======================================================================
Timestamp: 2026-04-28 13:58:52
qdisc htb 1: root refcnt 13 r2q 10 default 0x10 direct_packets_stat 0 direct_qlen 1000
 Sent 25271078 bytes 17119 pkt (dropped 1540, overlimits 12813 requeues 0) 
 backlog 3028b 2p requeues 0
qdisc pfifo 20: parent 1:10 limit 12p
 Sent 25271078 bytes 17119 pkt (dropped 1540, overlimits 0 requeues 0) 
 backlog 3028b 2p requeues 0
======================================================================
Timestamp: 2026-04-28 13:58:53
qdisc htb 1: root refcnt 13 r2q 10 default 0x10 direct_packets_stat 0 direct_qlen 1000
 Sent 26145681 bytes 17708 pkt (dropped 1609, overlimits 13269 requeues 0) 
 backlog 20748b 10p requeues 0
qdisc pfifo 20: parent 1:10 limit 12p
 Sent 26145681 bytes 17708 pkt (dropped 1609, overlimits 0 requeues 0) 
 backlog 20748b 10p requeues 0
======================================================================
Timestamp: 2026-04-28 13:58:54
qdisc htb 1: root refcnt 13 r2q 10 default 0x10 direct_packets_stat 0 direct_qlen 1000
 Sent 26742552 bytes 18110 pkt (dropped 1635, overlimits 13570 requeues 0) 
 backlog 1514b 1p requeues 0
qdisc pfifo 20: parent 1:10 limit 12p
 Sent 26742552 bytes 18110 pkt (dropped 1635, overlimits 0 requeues 0) 
 backlog 1514b 1p requeues 0
======================================================================
Timestamp: 2026-04-28 13:58:55
qdisc htb 1: root refcnt 13 r2q 10 default 0x10 direct_packets_stat 0 direct_qlen 1000
 Sent 27621887 bytes 18701 pkt (dropped 1737, overlimits 14038 requeues 0) 
 backlog 19266b 10p requeues 0
qdisc pfifo 20: parent 1:10 limit 12p
 Sent 27621887 bytes 18701 pkt (dropped 1737, overlimits 0 requeues 0) 
 backlog 19266b 10p requeues 0
======================================================================
Timestamp: 2026-04-28 13:58:56
qdisc htb 1: root refcnt 13 r2q 10 default 0x10 direct_packets_stat 0 direct_qlen 1000
 Sent 28295351 bytes 19156 pkt (dropped 1778, overlimits 14377 requeues 0) 
 backlog 0b 0p requeues 0
qdisc pfifo 20: parent 1:10 limit 12p
 Sent 28295351 bytes 19156 pkt (dropped 1778, overlimits 0 requeues 0) 
 backlog 0b 0p requeues 0
======================================================================
Timestamp: 2026-04-28 13:58:57
qdisc htb 1: root refcnt 13 r2q 10 default 0x10 direct_packets_stat 0 direct_qlen 1000
 Sent 29099306 bytes 19697 pkt (dropped 1849, overlimits 14793 requeues 0) 
 backlog 19266b 10p requeues 0
qdisc pfifo 20: parent 1:10 limit 12p
 Sent 29099306 bytes 19697 pkt (dropped 1849, overlimits 0 requeues 0) 
 backlog 19266b 10p requeues 0
======================================================================
Timestamp: 2026-04-28 13:58:58
qdisc htb 1: root refcnt 13 r2q 10 default 0x10 direct_packets_stat 0 direct_qlen 1000
 Sent 29781451 bytes 20157 pkt (dropped 1876, overlimits 15144 requeues 0) 
 backlog 1514b 1p requeues 0
qdisc pfifo 20: parent 1:10 limit 12p
 Sent 29781451 bytes 20157 pkt (dropped 1876, overlimits 0 requeues 0) 
 backlog 1514b 1p requeues 0
======================================================================
Timestamp: 2026-04-28 13:58:59
qdisc htb 1: root refcnt 13 r2q 10 default 0x10 direct_packets_stat 0 direct_qlen 1000
 Sent 30659099 bytes 20745 pkt (dropped 1971, overlimits 15685 requeues 0) 
 backlog 8988b 6p requeues 0
qdisc pfifo 20: parent 1:10 limit 12p
 Sent 30659099 bytes 20745 pkt (dropped 1971, overlimits 0 requeues 0) 
 backlog 8988b 6p requeues 0
======================================================================
Timestamp: 2026-04-28 13:59:00
qdisc htb 1: root refcnt 13 r2q 10 default 0x10 direct_packets_stat 0 direct_qlen 1000
 Sent 31419407 bytes 21259 pkt (dropped 1979, overlimits 16187 requeues 0) 
 backlog 0b 0p requeues 0
qdisc pfifo 20: parent 1:10 limit 12p
 Sent 31419407 bytes 21259 pkt (dropped 1979, overlimits 0 requeues 0) 
 backlog 0b 0p requeues 0
======================================================================
Timestamp: 2026-04-28 13:59:01
qdisc htb 1: root refcnt 13 r2q 10 default 0x10 direct_packets_stat 0 direct_qlen 1000
 Sent 32213490 bytes 21792 pkt (dropped 2014, overlimits 16696 requeues 0) 
 backlog 14884b 10p requeues 0
qdisc pfifo 20: parent 1:10 limit 12p
 Sent 32213490 bytes 21792 pkt (dropped 2014, overlimits 0 requeues 0) 
 backlog 14884b 10p requeues 0
======================================================================
Timestamp: 2026-04-28 13:59:02
qdisc htb 1: root refcnt 13 r2q 10 default 0x10 direct_packets_stat 0 direct_qlen 1000
 Sent 33006301 bytes 22327 pkt (dropped 2036, overlimits 17217 requeues 0) 
 backlog 0b 0p requeues 0
qdisc pfifo 20: parent 1:10 limit 12p
 Sent 33006301 bytes 22327 pkt (dropped 2036, overlimits 0 requeues 0) 
 backlog 0b 0p requeues 0
======================================================================
Timestamp: 2026-04-28 13:59:03
qdisc htb 1: root refcnt 13 r2q 10 default 0x10 direct_packets_stat 0 direct_qlen 1000
 Sent 33808008 bytes 22864 pkt (dropped 2088, overlimits 17732 requeues 0) 
 backlog 10374b 7p requeues 0
qdisc pfifo 20: parent 1:10 limit 12p
 Sent 33808008 bytes 22864 pkt (dropped 2088, overlimits 0 requeues 0) 
 backlog 10374b 7p requeues 0
======================================================================
Timestamp: 2026-04-28 13:59:04
qdisc htb 1: root refcnt 13 r2q 10 default 0x10 direct_packets_stat 0 direct_qlen 1000
 Sent 34536275 bytes 23350 pkt (dropped 2088, overlimits 18188 requeues 0) 
 backlog 7570b 5p requeues 0
qdisc pfifo 20: parent 1:10 limit 12p
 Sent 34536275 bytes 23350 pkt (dropped 2088, overlimits 0 requeues 0) 
 backlog 7570b 5p requeues 0
======================================================================
Timestamp: 2026-04-28 13:59:05
qdisc htb 1: root refcnt 13 r2q 10 default 0x10 direct_packets_stat 0 direct_qlen 1000
 Sent 35415659 bytes 23938 pkt (dropped 2143, overlimits 18772 requeues 0) 
 backlog 16334b 11p requeues 0
qdisc pfifo 20: parent 1:10 limit 12p
 Sent 35415659 bytes 23938 pkt (dropped 2143, overlimits 0 requeues 0) 
 backlog 16334b 11p requeues 0
======================================================================
Timestamp: 2026-04-28 13:59:06
qdisc htb 1: root refcnt 13 r2q 10 default 0x10 direct_packets_stat 0 direct_qlen 1000
 Sent 36155253 bytes 24436 pkt (dropped 2159, overlimits 19256 requeues 0) 
 backlog 0b 0p requeues 0
qdisc pfifo 20: parent 1:10 limit 12p
 Sent 36155253 bytes 24436 pkt (dropped 2159, overlimits 0 requeues 0) 
 backlog 0b 0p requeues 0
======================================================================
Timestamp: 2026-04-28 13:59:07
qdisc htb 1: root refcnt 13 r2q 10 default 0x10 direct_packets_stat 0 direct_qlen 1000
 Sent 36966607 bytes 24979 pkt (dropped 2197, overlimits 19776 requeues 0) 
 backlog 14820b 10p requeues 0
qdisc pfifo 20: parent 1:10 limit 12p
 Sent 36966607 bytes 24979 pkt (dropped 2197, overlimits 0 requeues 0) 
 backlog 14820b 10p requeues 0
======================================================================
Timestamp: 2026-04-28 13:59:08
qdisc htb 1: root refcnt 13 r2q 10 default 0x10 direct_packets_stat 0 direct_qlen 1000
 Sent 37773965 bytes 25524 pkt (dropped 2213, overlimits 20315 requeues 0) 
 backlog 0b 0p requeues 0
qdisc pfifo 20: parent 1:10 limit 12p
 Sent 37773965 bytes 25524 pkt (dropped 2213, overlimits 0 requeues 0) 
 backlog 0b 0p requeues 0
======================================================================
Timestamp: 2026-04-28 13:59:09
qdisc htb 1: root refcnt 13 r2q 10 default 0x10 direct_packets_stat 0 direct_qlen 1000
 Sent 38566770 bytes 26054 pkt (dropped 2257, overlimits 20818 requeues 0) 
 backlog 13338b 9p requeues 0
qdisc pfifo 20: parent 1:10 limit 12p
 Sent 38566770 bytes 26054 pkt (dropped 2257, overlimits 0 requeues 0) 
 backlog 13338b 9p requeues 0
======================================================================
Timestamp: 2026-04-28 13:59:10
qdisc htb 1: root refcnt 13 r2q 10 default 0x10 direct_packets_stat 0 direct_qlen 1000
 Sent 39413412 bytes 26626 pkt (dropped 2272, overlimits 21387 requeues 0) 
 backlog 0b 0p requeues 0
qdisc pfifo 20: parent 1:10 limit 12p
 Sent 39413412 bytes 26626 pkt (dropped 2272, overlimits 0 requeues 0) 
 backlog 0b 0p requeues 0
======================================================================
Timestamp: 2026-04-28 13:59:11
qdisc htb 1: root refcnt 13 r2q 10 default 0x10 direct_packets_stat 0 direct_qlen 1000
 Sent 40085962 bytes 27077 pkt (dropped 2303, overlimits 21806 requeues 0) 
 backlog 14916b 10p requeues 0
qdisc pfifo 20: parent 1:10 limit 12p
 Sent 40085962 bytes 27077 pkt (dropped 2303, overlimits 0 requeues 0) 
 backlog 14916b 10p requeues 0
======================================================================
Timestamp: 2026-04-28 13:59:12
qdisc htb 1: root refcnt 13 r2q 10 default 0x10 direct_packets_stat 0 direct_qlen 1000
 Sent 40960465 bytes 27667 pkt (dropped 2344, overlimits 22395 requeues 0) 
 backlog 0b 0p requeues 0
qdisc pfifo 20: parent 1:10 limit 12p
 Sent 40960465 bytes 27667 pkt (dropped 2344, overlimits 0 requeues 0) 
 backlog 0b 0p requeues 0
======================================================================
Timestamp: 2026-04-28 13:59:13
qdisc htb 1: root refcnt 13 r2q 10 default 0x10 direct_packets_stat 0 direct_qlen 1000
 Sent 41612817 bytes 28104 pkt (dropped 2375, overlimits 22799 requeues 0) 
 backlog 13402b 9p requeues 0
qdisc pfifo 20: parent 1:10 limit 12p
 Sent 41612817 bytes 28104 pkt (dropped 2375, overlimits 0 requeues 0) 
 backlog 13402b 9p requeues 0
======================================================================
Timestamp: 2026-04-28 13:59:14
qdisc htb 1: root refcnt 13 r2q 10 default 0x10 direct_packets_stat 0 direct_qlen 1000
 Sent 42396488 bytes 28632 pkt (dropped 2391, overlimits 23305 requeues 0) 
 backlog 10374b 7p requeues 0
qdisc pfifo 20: parent 1:10 limit 12p
 Sent 42396488 bytes 28632 pkt (dropped 2391, overlimits 0 requeues 0) 
 backlog 10374b 7p requeues 0
======================================================================
Timestamp: 2026-04-28 13:59:15
qdisc htb 1: root refcnt 13 r2q 10 default 0x10 direct_packets_stat 0 direct_qlen 1000
 Sent 43129781 bytes 29127 pkt (dropped 2423, overlimits 23775 requeues 0) 
 backlog 14884b 10p requeues 0
qdisc pfifo 20: parent 1:10 limit 12p
 Sent 43129781 bytes 29127 pkt (dropped 2423, overlimits 0 requeues 0) 
 backlog 14884b 10p requeues 0
======================================================================
Timestamp: 2026-04-28 13:59:16
qdisc htb 1: root refcnt 13 r2q 10 default 0x10 direct_packets_stat 0 direct_qlen 1000
 Sent 44008245 bytes 29719 pkt (dropped 2443, overlimits 24367 requeues 0) 
 backlog 10374b 7p requeues 0
qdisc pfifo 20: parent 1:10 limit 12p
 Sent 44008245 bytes 29719 pkt (dropped 2443, overlimits 0 requeues 0) 
 backlog 10374b 7p requeues 0
======================================================================
Timestamp: 2026-04-28 13:59:17
qdisc htb 1: root refcnt 13 r2q 10 default 0x10 direct_packets_stat 0 direct_qlen 1000
 Sent 44696300 bytes 30182 pkt (dropped 2483, overlimits 24797 requeues 0) 
 backlog 14820b 10p requeues 0
qdisc pfifo 20: parent 1:10 limit 12p
 Sent 44696300 bytes 30182 pkt (dropped 2483, overlimits 0 requeues 0) 
 backlog 14820b 10p requeues 0
======================================================================
Timestamp: 2026-04-28 13:59:18
qdisc htb 1: root refcnt 13 r2q 10 default 0x10 direct_packets_stat 0 direct_qlen 1000
 Sent 45328916 bytes 30608 pkt (dropped 2513, overlimits 25196 requeues 0) 
 backlog 0b 0p requeues 0
qdisc pfifo 20: parent 1:10 limit 12p
 Sent 45328916 bytes 30608 pkt (dropped 2513, overlimits 0 requeues 0) 
 backlog 0b 0p requeues 0
======================================================================
Timestamp: 2026-04-28 13:59:19
qdisc htb 1: root refcnt 13 r2q 10 default 0x10 direct_packets_stat 0 direct_qlen 1000
 Sent 46192711 bytes 31181 pkt (dropped 2549, overlimits 25748 requeues 0) 
 backlog 11880b 8p requeues 0
qdisc pfifo 20: parent 1:10 limit 12p
 Sent 46192711 bytes 31181 pkt (dropped 2549, overlimits 0 requeues 0) 
 backlog 11880b 8p requeues 0
======================================================================
Timestamp: 2026-04-28 13:59:20
qdisc htb 1: root refcnt 13 r2q 10 default 0x10 direct_packets_stat 0 direct_qlen 1000
 Sent 47071605 bytes 31772 pkt (dropped 2593, overlimits 26339 requeues 0) 
 backlog 10374b 7p requeues 0
qdisc pfifo 20: parent 1:10 limit 12p
 Sent 47071605 bytes 31772 pkt (dropped 2593, overlimits 0 requeues 0) 
 backlog 10374b 7p requeues 0
======================================================================
Timestamp: 2026-04-28 13:59:21
qdisc htb 1: root refcnt 13 r2q 10 default 0x10 direct_packets_stat 0 direct_qlen 1000
 Sent 47832680 bytes 32279 pkt (dropped 2637, overlimits 26815 requeues 0) 
 backlog 13370b 9p requeues 0
qdisc pfifo 20: parent 1:10 limit 12p
 Sent 47832680 bytes 32279 pkt (dropped 2637, overlimits 0 requeues 0) 
 backlog 13370b 9p requeues 0
======================================================================
Timestamp: 2026-04-28 13:59:22
qdisc htb 1: root refcnt 13 r2q 10 default 0x10 direct_packets_stat 0 direct_qlen 1000
 Sent 48711582 bytes 32870 pkt (dropped 2668, overlimits 27405 requeues 0) 
 backlog 10374b 7p requeues 0
qdisc pfifo 20: parent 1:10 limit 12p
 Sent 48711582 bytes 32870 pkt (dropped 2668, overlimits 0 requeues 0) 
 backlog 10374b 7p requeues 0
======================================================================
Timestamp: 2026-04-28 13:59:23
qdisc htb 1: root refcnt 13 r2q 10 default 0x10 direct_packets_stat 0 direct_qlen 1000
 Sent 49502522 bytes 33402 pkt (dropped 2699, overlimits 27916 requeues 0) 
 backlog 17848b 12p requeues 0
qdisc pfifo 20: parent 1:10 limit 12p
 Sent 49502522 bytes 33402 pkt (dropped 2699, overlimits 0 requeues 0) 
 backlog 17848b 12p requeues 0
======================================================================
Timestamp: 2026-04-28 13:59:24
qdisc htb 1: root refcnt 13 r2q 10 default 0x10 direct_packets_stat 0 direct_qlen 1000
 Sent 50380368 bytes 33993 pkt (dropped 2717, overlimits 28507 requeues 0) 
 backlog 10374b 7p requeues 0
qdisc pfifo 20: parent 1:10 limit 12p
 Sent 50380368 bytes 33993 pkt (dropped 2717, overlimits 0 requeues 0) 
 backlog 10374b 7p requeues 0
======================================================================
Timestamp: 2026-04-28 13:59:25
qdisc htb 1: root refcnt 13 r2q 10 default 0x10 direct_packets_stat 0 direct_qlen 1000
 Sent 51108515 bytes 34482 pkt (dropped 2735, overlimits 28967 requeues 0) 
 backlog 16430b 11p requeues 0
qdisc pfifo 20: parent 1:10 limit 12p
 Sent 51108515 bytes 34482 pkt (dropped 2735, overlimits 0 requeues 0) 
 backlog 16430b 11p requeues 0
======================================================================
Timestamp: 2026-04-28 13:59:26
qdisc htb 1: root refcnt 13 r2q 10 default 0x10 direct_packets_stat 0 direct_qlen 1000
 Sent 51986425 bytes 35073 pkt (dropped 2765, overlimits 29557 requeues 0) 
 backlog 11888b 8p requeues 0
qdisc pfifo 20: parent 1:10 limit 12p
 Sent 51986425 bytes 35073 pkt (dropped 2765, overlimits 0 requeues 0) 
 backlog 11888b 8p requeues 0
======================================================================
Timestamp: 2026-04-28 13:59:27
qdisc htb 1: root refcnt 13 r2q 10 default 0x10 direct_packets_stat 0 direct_qlen 1000
 Sent 52673078 bytes 35535 pkt (dropped 2788, overlimits 29993 requeues 0) 
 backlog 13402b 8p requeues 0
qdisc pfifo 20: parent 1:10 limit 12p
 Sent 52673078 bytes 35535 pkt (dropped 2788, overlimits 0 requeues 0) 
 backlog 13402b 8p requeues 0
======================================================================
Timestamp: 2026-04-28 13:59:28
qdisc htb 1: root refcnt 13 r2q 10 default 0x10 direct_packets_stat 0 direct_qlen 1000
 Sent 53551606 bytes 36127 pkt (dropped 2811, overlimits 30583 requeues 0) 
 backlog 10406b 7p requeues 0
qdisc pfifo 20: parent 1:10 limit 12p
 Sent 53551606 bytes 36127 pkt (dropped 2811, overlimits 0 requeues 0) 
 backlog 10406b 7p requeues 0
======================================================================
Timestamp: 2026-04-28 13:59:29
qdisc htb 1: root refcnt 13 r2q 10 default 0x10 direct_packets_stat 0 direct_qlen 1000
 Sent 54405195 bytes 36703 pkt (dropped 2837, overlimits 31154 requeues 0) 
 backlog 8892b 6p requeues 0
qdisc pfifo 20: parent 1:10 limit 12p
 Sent 54405195 bytes 36703 pkt (dropped 2837, overlimits 0 requeues 0) 
 backlog 8892b 6p requeues 0
======================================================================
Timestamp: 2026-04-28 13:59:30
qdisc htb 1: root refcnt 13 r2q 10 default 0x10 direct_packets_stat 0 direct_qlen 1000
 Sent 55247668 bytes 37271 pkt (dropped 2862, overlimits 31715 requeues 0) 
 backlog 14820b 10p requeues 0
qdisc pfifo 20: parent 1:10 limit 12p
 Sent 55247668 bytes 37271 pkt (dropped 2862, overlimits 0 requeues 0) 
 backlog 14820b 10p requeues 0
======================================================================
Timestamp: 2026-04-28 13:59:31
qdisc htb 1: root refcnt 13 r2q 10 default 0x10 direct_packets_stat 0 direct_qlen 1000
 Sent 55922018 bytes 37724 pkt (dropped 2870, overlimits 32135 requeues 0) 
 backlog 0b 0p requeues 0
qdisc pfifo 20: parent 1:10 limit 12p
 Sent 55922018 bytes 37724 pkt (dropped 2870, overlimits 0 requeues 0) 
 backlog 0b 0p requeues 0
======================================================================
Timestamp: 2026-04-28 13:59:32
qdisc htb 1: root refcnt 13 r2q 10 default 0x10 direct_packets_stat 0 direct_qlen 1000
 Sent 56799919 bytes 38306 pkt (dropped 2888, overlimits 32703 requeues 0) 
 backlog 16430b 11p requeues 0
qdisc pfifo 20: parent 1:10 limit 12p
 Sent 56799919 bytes 38306 pkt (dropped 2888, overlimits 0 requeues 0) 
 backlog 16430b 11p requeues 0
======================================================================
Timestamp: 2026-04-28 13:59:33
qdisc htb 1: root refcnt 13 r2q 10 default 0x10 direct_packets_stat 0 direct_qlen 1000
 Sent 57678512 bytes 38899 pkt (dropped 2934, overlimits 33294 requeues 0) 
 backlog 14820b 10p requeues 0
qdisc pfifo 20: parent 1:10 limit 12p
 Sent 57678512 bytes 38899 pkt (dropped 2934, overlimits 0 requeues 0) 
 backlog 14820b 10p requeues 0
======================================================================
Timestamp: 2026-04-28 13:59:34
qdisc htb 1: root refcnt 13 r2q 10 default 0x10 direct_packets_stat 0 direct_qlen 1000
 Sent 58267585 bytes 39295 pkt (dropped 2955, overlimits 33649 requeues 0) 
 backlog 17912b 12p requeues 0
qdisc pfifo 20: parent 1:10 limit 12p
 Sent 58267585 bytes 39295 pkt (dropped 2955, overlimits 0 requeues 0) 
 backlog 17912b 12p requeues 0
======================================================================
Timestamp: 2026-04-28 13:59:35
qdisc htb 1: root refcnt 13 r2q 10 default 0x10 direct_packets_stat 0 direct_qlen 1000
 Sent 59146064 bytes 39887 pkt (dropped 2993, overlimits 34238 requeues 0) 
 backlog 16334b 11p requeues 0
qdisc pfifo 20: parent 1:10 limit 12p
 Sent 59146064 bytes 39887 pkt (dropped 2993, overlimits 0 requeues 0) 
 backlog 16334b 11p requeues 0
======================================================================
Timestamp: 2026-04-28 13:59:36
qdisc htb 1: root refcnt 13 r2q 10 default 0x10 direct_packets_stat 0 direct_qlen 1000
 Sent 59746002 bytes 40287 pkt (dropped 3013, overlimits 34598 requeues 0) 
 backlog 13466b 9p requeues 0
qdisc pfifo 20: parent 1:10 limit 12p
 Sent 59746002 bytes 40287 pkt (dropped 3013, overlimits 0 requeues 0) 
 backlog 13466b 9p requeues 0
======================================================================
Timestamp: 2026-04-28 13:59:37
qdisc htb 1: root refcnt 13 r2q 10 default 0x10 direct_packets_stat 0 direct_qlen 1000
 Sent 60624584 bytes 40878 pkt (dropped 3057, overlimits 35188 requeues 0) 
 backlog 4446b 3p requeues 0
qdisc pfifo 20: parent 1:10 limit 12p
 Sent 60624584 bytes 40878 pkt (dropped 3057, overlimits 0 requeues 0) 
 backlog 4446b 3p requeues 0
======================================================================
Timestamp: 2026-04-28 13:59:38
qdisc htb 1: root refcnt 13 r2q 10 default 0x10 direct_packets_stat 0 direct_qlen 1000
 Sent 61340771 bytes 41358 pkt (dropped 3065, overlimits 35638 requeues 0) 
 backlog 17912b 12p requeues 0
qdisc pfifo 20: parent 1:10 limit 12p
 Sent 61340771 bytes 41358 pkt (dropped 3065, overlimits 0 requeues 0) 
 backlog 17912b 12p requeues 0
======================================================================
Timestamp: 2026-04-28 13:59:39
qdisc htb 1: root refcnt 13 r2q 10 default 0x10 direct_packets_stat 0 direct_qlen 1000
 Sent 62219258 bytes 41950 pkt (dropped 3116, overlimits 36229 requeues 0) 
 backlog 11888b 8p requeues 0
qdisc pfifo 20: parent 1:10 limit 12p
 Sent 62219258 bytes 41950 pkt (dropped 3116, overlimits 0 requeues 0) 
 backlog 11888b 8p requeues 0
======================================================================
Timestamp: 2026-04-28 13:59:40
qdisc htb 1: root refcnt 13 r2q 10 default 0x10 direct_packets_stat 0 direct_qlen 1000
 Sent 62901494 bytes 42403 pkt (dropped 3116, overlimits 36655 requeues 0) 
 backlog 6056b 4p requeues 0
qdisc pfifo 20: parent 1:10 limit 12p
 Sent 62901494 bytes 42403 pkt (dropped 3116, overlimits 0 requeues 0) 
 backlog 6056b 4p requeues 0
======================================================================
Timestamp: 2026-04-28 13:59:41
qdisc htb 1: root refcnt 13 r2q 10 default 0x10 direct_packets_stat 0 direct_qlen 1000
 Sent 63779106 bytes 42993 pkt (dropped 3186, overlimits 37242 requeues 0) 
 backlog 16366b 11p requeues 0
qdisc pfifo 20: parent 1:10 limit 12p
 Sent 63779106 bytes 42993 pkt (dropped 3186, overlimits 0 requeues 0) 
 backlog 16366b 11p requeues 0
======================================================================
Timestamp: 2026-04-28 13:59:42
qdisc htb 1: root refcnt 13 r2q 10 default 0x10 direct_packets_stat 0 direct_qlen 1000
 Sent 64528007 bytes 43493 pkt (dropped 3191, overlimits 37715 requeues 0) 
 backlog 7570b 5p requeues 0
qdisc pfifo 20: parent 1:10 limit 12p
 Sent 64528007 bytes 43493 pkt (dropped 3191, overlimits 0 requeues 0) 
 backlog 7570b 5p requeues 0
======================================================================
Timestamp: 2026-04-28 13:59:43
qdisc htb 1: root refcnt 13 r2q 10 default 0x10 direct_packets_stat 0 direct_qlen 1000
 Sent 65406340 bytes 44083 pkt (dropped 3249, overlimits 38297 requeues 0) 
 backlog 14852b 10p requeues 0
qdisc pfifo 20: parent 1:10 limit 12p
 Sent 65406340 bytes 44083 pkt (dropped 3249, overlimits 0 requeues 0) 
 backlog 14852b 10p requeues 0
======================================================================
Timestamp: 2026-04-28 13:59:44
qdisc htb 1: root refcnt 13 r2q 10 default 0x10 direct_packets_stat 0 direct_qlen 1000
 Sent 66190184 bytes 44613 pkt (dropped 3259, overlimits 38795 requeues 0) 
 backlog 0b 0p requeues 0
qdisc pfifo 20: parent 1:10 limit 12p
 Sent 66190184 bytes 44613 pkt (dropped 3259, overlimits 0 requeues 0) 
 backlog 0b 0p requeues 0
======================================================================
Timestamp: 2026-04-28 13:59:45
qdisc htb 1: root refcnt 13 r2q 10 default 0x10 direct_packets_stat 0 direct_qlen 1000
 Sent 66977411 bytes 45142 pkt (dropped 3273, overlimits 39311 requeues 0) 
 backlog 10406b 7p requeues 0
qdisc pfifo 20: parent 1:10 limit 12p
 Sent 66977411 bytes 45142 pkt (dropped 3273, overlimits 0 requeues 0) 
 backlog 10406b 7p requeues 0
======================================================================
Timestamp: 2026-04-28 13:59:46
qdisc htb 1: root refcnt 13 r2q 10 default 0x10 direct_packets_stat 0 direct_qlen 1000
 Sent 67666140 bytes 45602 pkt (dropped 3279, overlimits 39739 requeues 0) 
 backlog 6056b 4p requeues 0
qdisc pfifo 20: parent 1:10 limit 12p
 Sent 67666140 bytes 45602 pkt (dropped 3279, overlimits 0 requeues 0) 
 backlog 6056b 4p requeues 0
======================================================================
Timestamp: 2026-04-28 13:59:47
qdisc htb 1: root refcnt 13 r2q 10 default 0x10 direct_packets_stat 0 direct_qlen 1000
 Sent 68544165 bytes 46190 pkt (dropped 3332, overlimits 40322 requeues 0) 
 backlog 10438b 7p requeues 0
qdisc pfifo 20: parent 1:10 limit 12p
 Sent 68544165 bytes 46190 pkt (dropped 3332, overlimits 0 requeues 0) 
 backlog 10438b 7p requeues 0
======================================================================
Timestamp: 2026-04-28 13:59:48
qdisc htb 1: root refcnt 13 r2q 10 default 0x10 direct_packets_stat 0 direct_qlen 1000
 Sent 69258034 bytes 46671 pkt (dropped 3346, overlimits 40787 requeues 0) 
 backlog 3028b 2p requeues 0
qdisc pfifo 20: parent 1:10 limit 12p
 Sent 69258034 bytes 46671 pkt (dropped 3346, overlimits 0 requeues 0) 
 backlog 3028b 2p requeues 0
======================================================================
Timestamp: 2026-04-28 13:59:49
qdisc htb 1: root refcnt 13 r2q 10 default 0x10 direct_packets_stat 0 direct_qlen 1000
 Sent 70103103 bytes 47237 pkt (dropped 3390, overlimits 41325 requeues 0) 
 backlog 16334b 11p requeues 0
qdisc pfifo 20: parent 1:10 limit 12p
 Sent 70103103 bytes 47237 pkt (dropped 3390, overlimits 0 requeues 0) 
 backlog 16334b 11p requeues 0
======================================================================
Timestamp: 2026-04-28 13:59:50
qdisc htb 1: root refcnt 13 r2q 10 default 0x10 direct_packets_stat 0 direct_qlen 1000
 Sent 70804468 bytes 47708 pkt (dropped 3394, overlimits 41769 requeues 0) 
 backlog 1514b 1p requeues 0
qdisc pfifo 20: parent 1:10 limit 12p
 Sent 70804468 bytes 47708 pkt (dropped 3394, overlimits 0 requeues 0) 
 backlog 1514b 1p requeues 0
======================================================================
Timestamp: 2026-04-28 13:59:51
qdisc htb 1: root refcnt 13 r2q 10 default 0x10 direct_packets_stat 0 direct_qlen 1000
 Sent 71682366 bytes 48296 pkt (dropped 3460, overlimits 42351 requeues 0) 
 backlog 13338b 9p requeues 0
qdisc pfifo 20: parent 1:10 limit 12p
 Sent 71682366 bytes 48296 pkt (dropped 3460, overlimits 0 requeues 0) 
 backlog 13338b 9p requeues 0
======================================================================
Timestamp: 2026-04-28 13:59:52
qdisc htb 1: root refcnt 13 r2q 10 default 0x10 direct_packets_stat 0 direct_qlen 1000
 Sent 72397011 bytes 48778 pkt (dropped 3483, overlimits 42819 requeues 0) 
 backlog 0b 0p requeues 0
qdisc pfifo 20: parent 1:10 limit 12p
 Sent 72397011 bytes 48778 pkt (dropped 3483, overlimits 0 requeues 0) 
 backlog 0b 0p requeues 0
======================================================================
Timestamp: 2026-04-28 13:59:53
qdisc htb 1: root refcnt 13 r2q 10 default 0x10 direct_packets_stat 0 direct_qlen 1000
 Sent 73239066 bytes 49341 pkt (dropped 3518, overlimits 43359 requeues 0) 
 backlog 14820b 10p requeues 0
qdisc pfifo 20: parent 1:10 limit 12p
 Sent 73239066 bytes 49341 pkt (dropped 3518, overlimits 0 requeues 0) 
 backlog 14820b 10p requeues 0
======================================================================
Timestamp: 2026-04-28 13:59:54
qdisc htb 1: root refcnt 13 r2q 10 default 0x10 direct_packets_stat 0 direct_qlen 1000
 Sent 74033835 bytes 49878 pkt (dropped 3538, overlimits 43890 requeues 0) 
 backlog 0b 0p requeues 0
qdisc pfifo 20: parent 1:10 limit 12p
 Sent 74033835 bytes 49878 pkt (dropped 3538, overlimits 0 requeues 0) 
 backlog 0b 0p requeues 0
======================================================================
Timestamp: 2026-04-28 13:59:55
qdisc htb 1: root refcnt 13 r2q 10 default 0x10 direct_packets_stat 0 direct_qlen 1000
 Sent 74794708 bytes 50386 pkt (dropped 3587, overlimits 44361 requeues 0) 
 backlog 17784b 12p requeues 0
qdisc pfifo 20: parent 1:10 limit 12p
 Sent 74794708 bytes 50386 pkt (dropped 3587, overlimits 0 requeues 0) 
 backlog 17784b 12p requeues 0
======================================================================
Timestamp: 2026-04-28 13:59:56
qdisc htb 1: root refcnt 13 r2q 10 default 0x10 direct_packets_stat 0 direct_qlen 1000
 Sent 75667512 bytes 50976 pkt (dropped 3636, overlimits 44951 requeues 0) 
 backlog 0b 0p requeues 0
qdisc pfifo 20: parent 1:10 limit 12p
 Sent 75667512 bytes 50976 pkt (dropped 3636, overlimits 0 requeues 0) 
 backlog 0b 0p requeues 0
======================================================================
Timestamp: 2026-04-28 13:59:57
qdisc htb 1: root refcnt 13 r2q 10 default 0x10 direct_packets_stat 0 direct_qlen 1000
 Sent 76374648 bytes 51451 pkt (dropped 3692, overlimits 45394 requeues 0) 
 backlog 10374b 7p requeues 0
qdisc pfifo 20: parent 1:10 limit 12p
 Sent 76374648 bytes 51451 pkt (dropped 3692, overlimits 0 requeues 0) 
 backlog 10374b 7p requeues 0
======================================================================
Timestamp: 2026-04-28 13:59:58
qdisc htb 1: root refcnt 13 r2q 10 default 0x10 direct_packets_stat 0 direct_qlen 1000
 Sent 77165585 bytes 51985 pkt (dropped 3732, overlimits 45916 requeues 0) 
 backlog 0b 0p requeues 0
qdisc pfifo 20: parent 1:10 limit 12p
 Sent 77165585 bytes 51985 pkt (dropped 3732, overlimits 0 requeues 0) 
 backlog 0b 0p requeues 0
======================================================================
Timestamp: 2026-04-28 13:59:59
qdisc htb 1: root refcnt 13 r2q 10 default 0x10 direct_packets_stat 0 direct_qlen 1000
 Sent 77956386 bytes 52513 pkt (dropped 3783, overlimits 46421 requeues 0) 
 backlog 13370b 9p requeues 0
qdisc pfifo 20: parent 1:10 limit 12p
 Sent 77956386 bytes 52513 pkt (dropped 3783, overlimits 0 requeues 0) 
 backlog 13370b 9p requeues 0
======================================================================
Timestamp: 2026-04-28 14:00:00
qdisc htb 1: root refcnt 13 r2q 10 default 0x10 direct_packets_stat 0 direct_qlen 1000
 Sent 78834754 bytes 53105 pkt (dropped 3799, overlimits 47012 requeues 0) 
 backlog 11888b 8p requeues 0
qdisc pfifo 20: parent 1:10 limit 12p
 Sent 78834754 bytes 53105 pkt (dropped 3799, overlimits 0 requeues 0) 
 backlog 11888b 8p requeues 0
======================================================================
Timestamp: 2026-04-28 14:00:01
qdisc htb 1: root refcnt 13 r2q 10 default 0x10 direct_packets_stat 0 direct_qlen 1000
 Sent 79526196 bytes 53568 pkt (dropped 3833, overlimits 47437 requeues 0) 
 backlog 14820b 10p requeues 0
qdisc pfifo 20: parent 1:10 limit 12p
 Sent 79526196 bytes 53568 pkt (dropped 3833, overlimits 0 requeues 0) 
 backlog 14820b 10p requeues 0
======================================================================
Timestamp: 2026-04-28 14:00:02
qdisc htb 1: root refcnt 13 r2q 10 default 0x10 direct_packets_stat 0 direct_qlen 1000
 Sent 80403696 bytes 54160 pkt (dropped 3851, overlimits 48029 requeues 0) 
 backlog 5928b 4p requeues 0
qdisc pfifo 20: parent 1:10 limit 12p
 Sent 80403696 bytes 54160 pkt (dropped 3851, overlimits 0 requeues 0) 
 backlog 5928b 4p requeues 0
======================================================================
Timestamp: 2026-04-28 14:00:03
qdisc htb 1: root refcnt 13 r2q 10 default 0x10 direct_packets_stat 0 direct_qlen 1000
 Sent 81005285 bytes 54563 pkt (dropped 3892, overlimits 48399 requeues 0) 
 backlog 4423b 3p requeues 0
qdisc pfifo 20: parent 1:10 limit 12p
 Sent 81005285 bytes 54563 pkt (dropped 3892, overlimits 0 requeues 0) 
 backlog 4423b 3p requeues 0
======================================================================
Timestamp: 2026-04-28 14:00:04
qdisc htb 1: root refcnt 13 r2q 10 default 0x10 direct_packets_stat 0 direct_qlen 1000
 Sent 81694133 bytes 55019 pkt (dropped 3892, overlimits 48823 requeues 0) 
 backlog 6056b 4p requeues 0
qdisc pfifo 20: parent 1:10 limit 12p
 Sent 81694133 bytes 55019 pkt (dropped 3892, overlimits 0 requeues 0) 
 backlog 6056b 4p requeues 0
======================================================================
Timestamp: 2026-04-28 14:00:05
qdisc htb 1: root refcnt 13 r2q 10 default 0x10 direct_packets_stat 0 direct_qlen 1000
 Sent 82571300 bytes 55602 pkt (dropped 3920, overlimits 49395 requeues 0) 
 backlog 16Kb 11p requeues 0
qdisc pfifo 20: parent 1:10 limit 12p
 Sent 82571300 bytes 55602 pkt (dropped 3920, overlimits 0 requeues 0) 
 backlog 16Kb 11p requeues 0
======================================================================
Timestamp: 2026-04-28 14:00:06
qdisc htb 1: root refcnt 13 r2q 10 default 0x10 direct_packets_stat 0 direct_qlen 1000
 Sent 83296428 bytes 56084 pkt (dropped 3933, overlimits 49842 requeues 0) 
 backlog 3028b 2p requeues 0
qdisc pfifo 20: parent 1:10 limit 12p
 Sent 83296428 bytes 56084 pkt (dropped 3933, overlimits 0 requeues 0) 
 backlog 3028b 2p requeues 0
======================================================================
Timestamp: 2026-04-28 14:00:07
qdisc htb 1: root refcnt 13 r2q 10 default 0x10 direct_packets_stat 0 direct_qlen 1000
 Sent 84174403 bytes 56667 pkt (dropped 3967, overlimits 50413 requeues 0) 
 backlog 17848b 12p requeues 0
qdisc pfifo 20: parent 1:10 limit 12p
 Sent 84174403 bytes 56667 pkt (dropped 3967, overlimits 0 requeues 0) 
 backlog 17848b 12p requeues 0
======================================================================
Timestamp: 2026-04-28 14:00:08
qdisc htb 1: root refcnt 13 r2q 10 default 0x10 direct_packets_stat 0 direct_qlen 1000
 Sent 85053635 bytes 57259 pkt (dropped 3995, overlimits 51005 requeues 0) 
 backlog 14820b 10p requeues 0
qdisc pfifo 20: parent 1:10 limit 12p
 Sent 85053635 bytes 57259 pkt (dropped 3995, overlimits 0 requeues 0) 
 backlog 14820b 10p requeues 0
======================================================================
Timestamp: 2026-04-28 14:00:09
qdisc htb 1: root refcnt 13 r2q 10 default 0x10 direct_packets_stat 0 direct_qlen 1000
 Sent 85718248 bytes 57703 pkt (dropped 4030, overlimits 51399 requeues 0) 
 backlog 17848b 12p requeues 0
qdisc pfifo 20: parent 1:10 limit 12p
 Sent 85718248 bytes 57703 pkt (dropped 4030, overlimits 0 requeues 0) 
 backlog 17848b 12p requeues 0
======================================================================
Timestamp: 2026-04-28 14:00:10
qdisc htb 1: root refcnt 13 r2q 10 default 0x10 direct_packets_stat 0 direct_qlen 1000
 Sent 86595386 bytes 58294 pkt (dropped 4052, overlimits 51988 requeues 0) 
 backlog 11856b 8p requeues 0
qdisc pfifo 20: parent 1:10 limit 12p
 Sent 86595386 bytes 58294 pkt (dropped 4052, overlimits 0 requeues 0) 
 backlog 11856b 8p requeues 0
======================================================================
Timestamp: 2026-04-28 14:00:11
qdisc htb 1: root refcnt 13 r2q 10 default 0x10 direct_packets_stat 0 direct_qlen 1000
 Sent 87288544 bytes 58761 pkt (dropped 4073, overlimits 52435 requeues 0) 
 backlog 10374b 7p requeues 0
qdisc pfifo 20: parent 1:10 limit 12p
 Sent 87288544 bytes 58761 pkt (dropped 4073, overlimits 0 requeues 0) 
 backlog 10374b 7p requeues 0
======================================================================
Timestamp: 2026-04-28 14:00:12
qdisc htb 1: root refcnt 13 r2q 10 default 0x10 direct_packets_stat 0 direct_qlen 1000
 Sent 88166038 bytes 59352 pkt (dropped 4099, overlimits 53026 requeues 0) 
 backlog 13338b 9p requeues 0
qdisc pfifo 20: parent 1:10 limit 12p
 Sent 88166038 bytes 59352 pkt (dropped 4099, overlimits 0 requeues 0) 
 backlog 13338b 9p requeues 0
======================================================================
Timestamp: 2026-04-28 14:00:13
qdisc htb 1: root refcnt 13 r2q 10 default 0x10 direct_packets_stat 0 direct_qlen 1000
 Sent 88985065 bytes 59904 pkt (dropped 4117, overlimits 53571 requeues 0) 
 backlog 11984b 8p requeues 0
qdisc pfifo 20: parent 1:10 limit 12p
 Sent 88985065 bytes 59904 pkt (dropped 4117, overlimits 0 requeues 0) 
 backlog 11984b 8p requeues 0
======================================================================
Timestamp: 2026-04-28 14:00:14
qdisc htb 1: root refcnt 13 r2q 10 default 0x10 direct_packets_stat 0 direct_qlen 1000
 Sent 89863785 bytes 60496 pkt (dropped 4145, overlimits 54163 requeues 0) 
 backlog 8892b 6p requeues 0
qdisc pfifo 20: parent 1:10 limit 12p
 Sent 89863785 bytes 60496 pkt (dropped 4145, overlimits 0 requeues 0) 
 backlog 8892b 6p requeues 0
======================================================================
Timestamp: 2026-04-28 14:00:15
qdisc htb 1: root refcnt 13 r2q 10 default 0x10 direct_packets_stat 0 direct_qlen 1000
 Sent 90719637 bytes 61074 pkt (dropped 4166, overlimits 54737 requeues 0) 
 backlog 14852b 10p requeues 0
qdisc pfifo 20: parent 1:10 limit 12p
 Sent 90719637 bytes 61074 pkt (dropped 4166, overlimits 0 requeues 0) 
 backlog 14852b 10p requeues 0
======================================================================
Timestamp: 2026-04-28 14:00:16
qdisc htb 1: root refcnt 13 r2q 10 default 0x10 direct_packets_stat 0 direct_qlen 1000
 Sent 91433621 bytes 61555 pkt (dropped 4175, overlimits 55184 requeues 0) 
 backlog 0b 0p requeues 0
qdisc pfifo 20: parent 1:10 limit 12p
 Sent 91433621 bytes 61555 pkt (dropped 4175, overlimits 0 requeues 0) 
 backlog 0b 0p requeues 0
======================================================================
Timestamp: 2026-04-28 14:00:17
qdisc htb 1: root refcnt 13 r2q 10 default 0x10 direct_packets_stat 0 direct_qlen 1000
 Sent 92272325 bytes 62118 pkt (dropped 4207, overlimits 55730 requeues 0) 
 backlog 16366b 11p requeues 0
qdisc pfifo 20: parent 1:10 limit 12p
 Sent 92272325 bytes 62118 pkt (dropped 4207, overlimits 0 requeues 0) 
 backlog 16366b 11p requeues 0
======================================================================
Timestamp: 2026-04-28 14:00:18
qdisc htb 1: root refcnt 13 r2q 10 default 0x10 direct_packets_stat 0 direct_qlen 1000
 Sent 93023584 bytes 62624 pkt (dropped 4227, overlimits 56221 requeues 0) 
 backlog 0b 0p requeues 0
qdisc pfifo 20: parent 1:10 limit 12p
 Sent 93023584 bytes 62624 pkt (dropped 4227, overlimits 0 requeues 0) 
 backlog 0b 0p requeues 0
======================================================================
Timestamp: 2026-04-28 14:00:19
qdisc htb 1: root refcnt 13 r2q 10 default 0x10 direct_packets_stat 0 direct_qlen 1000
 Sent 93846636 bytes 63177 pkt (dropped 4270, overlimits 56759 requeues 0) 
 backlog 14948b 10p requeues 0
qdisc pfifo 20: parent 1:10 limit 12p
 Sent 93846636 bytes 63177 pkt (dropped 4270, overlimits 0 requeues 0) 
 backlog 14948b 10p requeues 0
======================================================================
Timestamp: 2026-04-28 14:00:20
qdisc htb 1: root refcnt 13 r2q 10 default 0x10 direct_packets_stat 0 direct_qlen 1000
 Sent 94622670 bytes 63699 pkt (dropped 4290, overlimits 57266 requeues 0) 
 backlog 0b 0p requeues 0
qdisc pfifo 20: parent 1:10 limit 12p
 Sent 94622670 bytes 63699 pkt (dropped 4290, overlimits 0 requeues 0) 
 backlog 0b 0p requeues 0
======================================================================
Timestamp: 2026-04-28 14:00:21
qdisc htb 1: root refcnt 13 r2q 10 default 0x10 direct_packets_stat 0 direct_qlen 1000
 Sent 95479872 bytes 64275 pkt (dropped 4333, overlimits 57827 requeues 0) 
 backlog 13402b 9p requeues 0
qdisc pfifo 20: parent 1:10 limit 12p
 Sent 95479872 bytes 64275 pkt (dropped 4333, overlimits 0 requeues 0) 
 backlog 13402b 9p requeues 0
======================================================================
Timestamp: 2026-04-28 14:00:22
qdisc htb 1: root refcnt 13 r2q 10 default 0x10 direct_packets_stat 0 direct_qlen 1000
 Sent 96230138 bytes 64781 pkt (dropped 4348, overlimits 58320 requeues 0) 
 backlog 0b 0p requeues 0
qdisc pfifo 20: parent 1:10 limit 12p
 Sent 96230138 bytes 64781 pkt (dropped 4348, overlimits 0 requeues 0) 
 backlog 0b 0p requeues 0
======================================================================
Timestamp: 2026-04-28 14:00:23
qdisc htb 1: root refcnt 13 r2q 10 default 0x10 direct_packets_stat 0 direct_qlen 1000
 Sent 97037605 bytes 65322 pkt (dropped 4386, overlimits 58832 requeues 0) 
 backlog 16334b 11p requeues 0
qdisc pfifo 20: parent 1:10 limit 12p
 Sent 97037605 bytes 65322 pkt (dropped 4386, overlimits 0 requeues 0) 
 backlog 16334b 11p requeues 0
======================================================================
Timestamp: 2026-04-28 14:00:24
qdisc htb 1: root refcnt 13 r2q 10 default 0x10 direct_packets_stat 0 direct_qlen 1000
 Sent 97727964 bytes 65785 pkt (dropped 4398, overlimits 59262 requeues 0) 
 backlog 3028b 2p requeues 0
qdisc pfifo 20: parent 1:10 limit 12p
 Sent 97727964 bytes 65785 pkt (dropped 4398, overlimits 0 requeues 0) 
 backlog 3028b 2p requeues 0
======================================================================
Timestamp: 2026-04-28 14:00:25
qdisc htb 1: root refcnt 13 r2q 10 default 0x10 direct_packets_stat 0 direct_qlen 1000
 Sent 98606483 bytes 66372 pkt (dropped 4442, overlimits 59837 requeues 0) 
 backlog 14820b 10p requeues 0
qdisc pfifo 20: parent 1:10 limit 12p
 Sent 98606483 bytes 66372 pkt (dropped 4442, overlimits 0 requeues 0) 
 backlog 14820b 10p requeues 0
======================================================================
Timestamp: 2026-04-28 14:00:26
qdisc htb 1: root refcnt 13 r2q 10 default 0x10 direct_packets_stat 0 direct_qlen 1000
 Sent 99304760 bytes 66841 pkt (dropped 4450, overlimits 60279 requeues 0) 
 backlog 1514b 1p requeues 0
qdisc pfifo 20: parent 1:10 limit 12p
 Sent 99304760 bytes 66841 pkt (dropped 4450, overlimits 0 requeues 0) 
 backlog 1514b 1p requeues 0
======================================================================
Timestamp: 2026-04-28 14:00:27
qdisc htb 1: root refcnt 13 r2q 10 default 0x10 direct_packets_stat 0 direct_qlen 1000
 Sent 100185369 bytes 67429 pkt (dropped 4510, overlimits 60855 requeues 0) 
 backlog 8892b 6p requeues 0
qdisc pfifo 20: parent 1:10 limit 12p
 Sent 100185369 bytes 67429 pkt (dropped 4510, overlimits 0 requeues 0) 
 backlog 8892b 6p requeues 0
======================================================================
Timestamp: 2026-04-28 14:00:28
qdisc htb 1: root refcnt 13 r2q 10 default 0x10 direct_packets_stat 0 direct_qlen 1000
 Sent 100996632 bytes 67977 pkt (dropped 4533, overlimits 61398 requeues 0) 
 backlog 0b 0p requeues 0
qdisc pfifo 20: parent 1:10 limit 12p
 Sent 100996632 bytes 67977 pkt (dropped 4533, overlimits 0 requeues 0) 
 backlog 0b 0p requeues 0
======================================================================
Timestamp: 2026-04-28 14:00:29
qdisc htb 1: root refcnt 13 r2q 10 default 0x10 direct_packets_stat 0 direct_qlen 1000
 Sent 101771966 bytes 68495 pkt (dropped 4574, overlimits 61891 requeues 0) 
 backlog 10438b 7p requeues 0
qdisc pfifo 20: parent 1:10 limit 12p
 Sent 101771966 bytes 68495 pkt (dropped 4574, overlimits 0 requeues 0) 
 backlog 10438b 7p requeues 0
======================================================================
Timestamp: 2026-04-28 14:00:30
qdisc htb 1: root refcnt 13 r2q 10 default 0x10 direct_packets_stat 0 direct_qlen 1000
 Sent 102476012 bytes 68968 pkt (dropped 4585, overlimits 62334 requeues 0) 
 backlog 0b 0p requeues 0
qdisc pfifo 20: parent 1:10 limit 12p
 Sent 102476012 bytes 68968 pkt (dropped 4585, overlimits 0 requeues 0) 
 backlog 0b 0p requeues 0
======================================================================
Timestamp: 2026-04-28 14:00:31
qdisc htb 1: root refcnt 13 r2q 10 default 0x10 direct_packets_stat 0 direct_qlen 1000
 Sent 103354991 bytes 69553 pkt (dropped 4638, overlimits 62903 requeues 0) 
 backlog 8884b 6p requeues 0
qdisc pfifo 20: parent 1:10 limit 12p
 Sent 103354991 bytes 69553 pkt (dropped 4638, overlimits 0 requeues 0) 
 backlog 8884b 6p requeues 0
======================================================================
Timestamp: 2026-04-28 14:00:32
qdisc htb 1: root refcnt 13 r2q 10 default 0x10 direct_packets_stat 0 direct_qlen 1000
 Sent 104232841 bytes 70146 pkt (dropped 4693, overlimits 63495 requeues 0) 
 backlog 16302b 11p requeues 0
qdisc pfifo 20: parent 1:10 limit 12p
 Sent 104232841 bytes 70146 pkt (dropped 4693, overlimits 0 requeues 0) 
 backlog 16302b 11p requeues 0
======================================================================
Timestamp: 2026-04-28 14:00:33
qdisc htb 1: root refcnt 13 r2q 10 default 0x10 direct_packets_stat 0 direct_qlen 1000
 Sent 104858755 bytes 70569 pkt (dropped 4722, overlimits 63891 requeues 0) 
 backlog 13338b 9p requeues 0
qdisc pfifo 20: parent 1:10 limit 12p
 Sent 104858755 bytes 70569 pkt (dropped 4722, overlimits 0 requeues 0) 
 backlog 13338b 9p requeues 0
======================================================================
Timestamp: 2026-04-28 14:00:34
qdisc htb 1: root refcnt 13 r2q 10 default 0x10 direct_packets_stat 0 direct_qlen 1000
 Sent 105736987 bytes 71161 pkt (dropped 4744, overlimits 64483 requeues 0) 
 backlog 8892b 6p requeues 0
qdisc pfifo 20: parent 1:10 limit 12p
 Sent 105736987 bytes 71161 pkt (dropped 4744, overlimits 0 requeues 0) 
 backlog 8892b 6p requeues 0
======================================================================
Timestamp: 2026-04-28 14:00:35
qdisc htb 1: root refcnt 13 r2q 10 default 0x10 direct_packets_stat 0 direct_qlen 1000
 Sent 106451008 bytes 71640 pkt (dropped 4778, overlimits 64924 requeues 0) 
 backlog 13434b 9p requeues 0
qdisc pfifo 20: parent 1:10 limit 12p
 Sent 106451008 bytes 71640 pkt (dropped 4778, overlimits 0 requeues 0) 
 backlog 13434b 9p requeues 0
======================================================================
Timestamp: 2026-04-28 14:00:36
qdisc htb 1: root refcnt 13 r2q 10 default 0x10 direct_packets_stat 0 direct_qlen 1000
 Sent 107328630 bytes 72231 pkt (dropped 4797, overlimits 65515 requeues 0) 
 backlog 13338b 9p requeues 0
qdisc pfifo 20: parent 1:10 limit 12p
 Sent 107328630 bytes 72231 pkt (dropped 4797, overlimits 0 requeues 0) 
 backlog 13338b 9p requeues 0
======================================================================
Timestamp: 2026-04-28 14:00:37
qdisc htb 1: root refcnt 13 r2q 10 default 0x10 direct_packets_stat 0 direct_qlen 1000
 Sent 108013781 bytes 72691 pkt (dropped 4834, overlimits 65941 requeues 0) 
 backlog 8924b 6p requeues 0
qdisc pfifo 20: parent 1:10 limit 12p
 Sent 108013781 bytes 72691 pkt (dropped 4834, overlimits 0 requeues 0) 
 backlog 8924b 6p requeues 0
======================================================================
Timestamp: 2026-04-28 14:00:38
qdisc htb 1: root refcnt 13 r2q 10 default 0x10 direct_packets_stat 0 direct_qlen 1000
 Sent 108891243 bytes 73282 pkt (dropped 4854, overlimits 66532 requeues 0) 
 backlog 14820b 10p requeues 0
qdisc pfifo 20: parent 1:10 limit 12p
 Sent 108891243 bytes 73282 pkt (dropped 4854, overlimits 0 requeues 0) 
 backlog 14820b 10p requeues 0
======================================================================
Timestamp: 2026-04-28 14:00:39
qdisc htb 1: root refcnt 13 r2q 10 default 0x10 direct_packets_stat 0 direct_qlen 1000
 Sent 109591392 bytes 73753 pkt (dropped 4882, overlimits 66981 requeues 0) 
 backlog 17816b 12p requeues 0
qdisc pfifo 20: parent 1:10 limit 12p
 Sent 109591392 bytes 73753 pkt (dropped 4882, overlimits 0 requeues 0) 
 backlog 17816b 12p requeues 0
======================================================================
Timestamp: 2026-04-28 14:00:40
qdisc htb 1: root refcnt 13 r2q 10 default 0x10 direct_packets_stat 0 direct_qlen 1000
 Sent 110468886 bytes 74344 pkt (dropped 4904, overlimits 67572 requeues 0) 
 backlog 11888b 8p requeues 0
qdisc pfifo 20: parent 1:10 limit 12p
 Sent 110468886 bytes 74344 pkt (dropped 4904, overlimits 0 requeues 0) 
 backlog 11888b 8p requeues 0
======================================================================
Timestamp: 2026-04-28 14:00:41
qdisc htb 1: root refcnt 13 r2q 10 default 0x10 direct_packets_stat 0 direct_qlen 1000
 Sent 111306895 bytes 74910 pkt (dropped 4920, overlimits 68130 requeues 0) 
 backlog 14884b 10p requeues 0
qdisc pfifo 20: parent 1:10 limit 12p
 Sent 111306895 bytes 74910 pkt (dropped 4920, overlimits 0 requeues 0) 
 backlog 14884b 10p requeues 0
======================================================================
Timestamp: 2026-04-28 14:00:42
qdisc htb 1: root refcnt 13 r2q 10 default 0x10 direct_packets_stat 0 direct_qlen 1000
 Sent 112163375 bytes 75488 pkt (dropped 4942, overlimits 68703 requeues 0) 
 backlog 16366b 11p requeues 0
qdisc pfifo 20: parent 1:10 limit 12p
 Sent 112163375 bytes 75488 pkt (dropped 4942, overlimits 0 requeues 0) 
 backlog 16366b 11p requeues 0
======================================================================
Timestamp: 2026-04-28 14:00:43
qdisc htb 1: root refcnt 13 r2q 10 default 0x10 direct_packets_stat 0 direct_qlen 1000
 Sent 113041701 bytes 76079 pkt (dropped 4967, overlimits 69293 requeues 0) 
 backlog 11888b 8p requeues 0
qdisc pfifo 20: parent 1:10 limit 12p
 Sent 113041701 bytes 76079 pkt (dropped 4967, overlimits 0 requeues 0) 
 backlog 11888b 8p requeues 0
======================================================================
Timestamp: 2026-04-28 14:00:44
qdisc htb 1: root refcnt 13 r2q 10 default 0x10 direct_packets_stat 0 direct_qlen 1000
 Sent 113826779 bytes 76606 pkt (dropped 5002, overlimits 69784 requeues 0) 
 backlog 16366b 11p requeues 0
qdisc pfifo 20: parent 1:10 limit 12p
 Sent 113826779 bytes 76606 pkt (dropped 5002, overlimits 0 requeues 0) 
 backlog 16366b 11p requeues 0
======================================================================
Timestamp: 2026-04-28 14:00:45
qdisc htb 1: root refcnt 13 r2q 10 default 0x10 direct_packets_stat 0 direct_qlen 1000
 Sent 114705398 bytes 77206 pkt (dropped 5020, overlimits 70383 requeues 0) 
 backlog 13338b 9p requeues 0
qdisc pfifo 20: parent 1:10 limit 12p
 Sent 114705398 bytes 77206 pkt (dropped 5020, overlimits 0 requeues 0) 
 backlog 13338b 9p requeues 0
======================================================================
Timestamp: 2026-04-28 14:00:46
qdisc htb 1: root refcnt 13 r2q 10 default 0x10 direct_packets_stat 0 direct_qlen 1000
 Sent 115134772 bytes 77497 pkt (dropped 5020, overlimits 70671 requeues 0) 
 backlog 8892b 6p requeues 0
qdisc pfifo 20: parent 1:10 limit 12p
 Sent 115134772 bytes 77497 pkt (dropped 5020, overlimits 0 requeues 0) 
 backlog 8892b 6p requeues 0
======================================================================
Timestamp: 2026-04-28 14:00:47
qdisc htb 1: root refcnt 13 r2q 10 default 0x10 direct_packets_stat 0 direct_qlen 1000
 Sent 116013598 bytes 78090 pkt (dropped 5022, overlimits 71263 requeues 0) 
 backlog 8892b 6p requeues 0
qdisc pfifo 20: parent 1:10 limit 12p
 Sent 116013598 bytes 78090 pkt (dropped 5022, overlimits 0 requeues 0) 
 backlog 8892b 6p requeues 0
======================================================================
Timestamp: 2026-04-28 14:00:48
qdisc htb 1: root refcnt 13 r2q 10 default 0x10 direct_packets_stat 0 direct_qlen 1000
 Sent 116093058 bytes 78144 pkt (dropped 5022, overlimits 71314 requeues 0) 
 backlog 11856b 8p requeues 0
qdisc pfifo 20: parent 1:10 limit 12p
 Sent 116093058 bytes 78144 pkt (dropped 5022, overlimits 0 requeues 0) 
 backlog 11856b 8p requeues 0
======================================================================
Timestamp: 2026-04-28 14:00:49
qdisc htb 1: root refcnt 13 r2q 10 default 0x10 direct_packets_stat 0 direct_qlen 1000
 Sent 116971884 bytes 78737 pkt (dropped 5023, overlimits 71907 requeues 0) 
 backlog 10374b 7p requeues 0
qdisc pfifo 20: parent 1:10 limit 12p
 Sent 116971884 bytes 78737 pkt (dropped 5023, overlimits 0 requeues 0) 
 backlog 10374b 7p requeues 0
======================================================================
Timestamp: 2026-04-28 14:00:50
qdisc htb 1: root refcnt 13 r2q 10 default 0x10 direct_packets_stat 0 direct_qlen 1000
 Sent 117366753 bytes 79005 pkt (dropped 5023, overlimits 72174 requeues 0) 
 backlog 0b 0p requeues 0
qdisc pfifo 20: parent 1:10 limit 12p
 Sent 117366753 bytes 79005 pkt (dropped 5023, overlimits 0 requeues 0) 
 backlog 0b 0p requeues 0
======================================================================
Timestamp: 2026-04-28 14:00:51
qdisc htb 1: root refcnt 13 r2q 10 default 0x10 direct_packets_stat 0 direct_qlen 1000
 Sent 118238169 bytes 79593 pkt (dropped 5025, overlimits 72759 requeues 0) 
 backlog 8892b 6p requeues 0
qdisc pfifo 20: parent 1:10 limit 12p
 Sent 118238169 bytes 79593 pkt (dropped 5025, overlimits 0 requeues 0) 
 backlog 8892b 6p requeues 0
======================================================================
Timestamp: 2026-04-28 14:00:52
qdisc htb 1: root refcnt 13 r2q 10 default 0x10 direct_packets_stat 0 direct_qlen 1000
 Sent 118624657 bytes 79854 pkt (dropped 5025, overlimits 73020 requeues 0) 
 backlog 0b 0p requeues 0
qdisc pfifo 20: parent 1:10 limit 12p
 Sent 118624657 bytes 79854 pkt (dropped 5025, overlimits 0 requeues 0) 
 backlog 0b 0p requeues 0
======================================================================
Timestamp: 2026-04-28 14:00:53
qdisc htb 1: root refcnt 13 r2q 10 default 0x10 direct_packets_stat 0 direct_qlen 1000
 Sent 119452829 bytes 80413 pkt (dropped 5029, overlimits 73576 requeues 0) 
 backlog 11856b 8p requeues 0
qdisc pfifo 20: parent 1:10 limit 12p
 Sent 119452829 bytes 80413 pkt (dropped 5029, overlimits 0 requeues 0) 
 backlog 11856b 8p requeues 0
======================================================================
Timestamp: 2026-04-28 14:00:54
qdisc htb 1: root refcnt 13 r2q 10 default 0x10 direct_packets_stat 0 direct_qlen 1000
 Sent 119802322 bytes 80649 pkt (dropped 5030, overlimits 73812 requeues 0) 
 backlog 0b 0p requeues 0
qdisc pfifo 20: parent 1:10 limit 12p
 Sent 119802322 bytes 80649 pkt (dropped 5030, overlimits 0 requeues 0) 
 backlog 0b 0p requeues 0
======================================================================
Timestamp: 2026-04-28 14:00:55
qdisc htb 1: root refcnt 13 r2q 10 default 0x10 direct_packets_stat 0 direct_qlen 1000
 Sent 120460160 bytes 81094 pkt (dropped 5031, overlimits 74236 requeues 0) 
 backlog 10374b 7p requeues 0
qdisc pfifo 20: parent 1:10 limit 12p
 Sent 120460160 bytes 81094 pkt (dropped 5031, overlimits 0 requeues 0) 
 backlog 10374b 7p requeues 0
======================================================================
Timestamp: 2026-04-28 14:00:56
qdisc htb 1: root refcnt 13 r2q 10 default 0x10 direct_packets_stat 0 direct_qlen 1000
 Sent 121137247 bytes 81552 pkt (dropped 5033, overlimits 74693 requeues 0) 
 backlog 0b 0p requeues 0
qdisc pfifo 20: parent 1:10 limit 12p
 Sent 121137247 bytes 81552 pkt (dropped 5033, overlimits 0 requeues 0) 
 backlog 0b 0p requeues 0
======================================================================
Timestamp: 2026-04-28 14:00:57
qdisc htb 1: root refcnt 13 r2q 10 default 0x10 direct_packets_stat 0 direct_qlen 1000
 Sent 121863161 bytes 82042 pkt (dropped 5034, overlimits 75177 requeues 0) 
 backlog 8892b 6p requeues 0
qdisc pfifo 20: parent 1:10 limit 12p
 Sent 121863161 bytes 82042 pkt (dropped 5034, overlimits 0 requeues 0) 
 backlog 8892b 6p requeues 0
======================================================================
Timestamp: 2026-04-28 14:00:58
qdisc htb 1: root refcnt 13 r2q 10 default 0x10 direct_packets_stat 0 direct_qlen 1000
 Sent 122249308 bytes 82304 pkt (dropped 5035, overlimits 75437 requeues 0) 
 backlog 0b 0p requeues 0
qdisc pfifo 20: parent 1:10 limit 12p
 Sent 122249308 bytes 82304 pkt (dropped 5035, overlimits 0 requeues 0) 
 backlog 0b 0p requeues 0
======================================================================
Timestamp: 2026-04-28 14:00:59
qdisc htb 1: root refcnt 13 r2q 10 default 0x10 direct_packets_stat 0 direct_qlen 1000
 Sent 122929280 bytes 82763 pkt (dropped 5038, overlimits 75890 requeues 0) 
 backlog 5928b 4p requeues 0
qdisc pfifo 20: parent 1:10 limit 12p
 Sent 122929280 bytes 82763 pkt (dropped 5038, overlimits 0 requeues 0) 
 backlog 5928b 4p requeues 0
======================================================================
Timestamp: 2026-04-28 14:01:00
qdisc htb 1: root refcnt 13 r2q 10 default 0x10 direct_packets_stat 0 direct_qlen 1000
 Sent 123340539 bytes 83042 pkt (dropped 5038, overlimits 76166 requeues 0) 
 backlog 0b 0p requeues 0
qdisc pfifo 20: parent 1:10 limit 12p
 Sent 123340539 bytes 83042 pkt (dropped 5038, overlimits 0 requeues 0) 
 backlog 0b 0p requeues 0
======================================================================
Timestamp: 2026-04-28 14:01:01
qdisc htb 1: root refcnt 13 r2q 10 default 0x10 direct_packets_stat 0 direct_qlen 1000
 Sent 124002727 bytes 83489 pkt (dropped 5039, overlimits 76610 requeues 0) 
 backlog 8892b 6p requeues 0
qdisc pfifo 20: parent 1:10 limit 12p
 Sent 124002727 bytes 83489 pkt (dropped 5039, overlimits 0 requeues 0) 
 backlog 8892b 6p requeues 0
======================================================================
Timestamp: 2026-04-28 14:01:02
qdisc htb 1: root refcnt 13 r2q 10 default 0x10 direct_packets_stat 0 direct_qlen 1000
 Sent 124614117 bytes 83903 pkt (dropped 5042, overlimits 77024 requeues 0) 
 backlog 0b 0p requeues 0
qdisc pfifo 20: parent 1:10 limit 12p
 Sent 124614117 bytes 83903 pkt (dropped 5042, overlimits 0 requeues 0) 
 backlog 0b 0p requeues 0
======================================================================
Timestamp: 2026-04-28 14:01:03
qdisc htb 1: root refcnt 13 r2q 10 default 0x10 direct_packets_stat 0 direct_qlen 1000
 Sent 125211097 bytes 84306 pkt (dropped 5043, overlimits 77421 requeues 0) 
 backlog 8892b 6p requeues 0
qdisc pfifo 20: parent 1:10 limit 12p
 Sent 125211097 bytes 84306 pkt (dropped 5043, overlimits 0 requeues 0) 
 backlog 8892b 6p requeues 0
======================================================================
Timestamp: 2026-04-28 14:01:04
qdisc htb 1: root refcnt 13 r2q 10 default 0x10 direct_packets_stat 0 direct_qlen 1000
 Sent 125288605 bytes 84360 pkt (dropped 5043, overlimits 77475 requeues 0) 
 backlog 0b 0p requeues 0
qdisc pfifo 20: parent 1:10 limit 12p
 Sent 125288605 bytes 84360 pkt (dropped 5043, overlimits 0 requeues 0) 
 backlog 0b 0p requeues 0
======================================================================
Timestamp: 2026-04-28 14:01:05
qdisc htb 1: root refcnt 13 r2q 10 default 0x10 direct_packets_stat 0 direct_qlen 1000
 Sent 125864837 bytes 84749 pkt (dropped 5043, overlimits 77861 requeues 0) 
 backlog 10374b 7p requeues 0
qdisc pfifo 20: parent 1:10 limit 12p
 Sent 125864837 bytes 84749 pkt (dropped 5043, overlimits 0 requeues 0) 
 backlog 10374b 7p requeues 0
======================================================================
Timestamp: 2026-04-28 14:01:06
qdisc htb 1: root refcnt 13 r2q 10 default 0x10 direct_packets_stat 0 direct_qlen 1000
 Sent 126282268 bytes 85032 pkt (dropped 5043, overlimits 78143 requeues 0) 
 backlog 0b 0p requeues 0
qdisc pfifo 20: parent 1:10 limit 12p
 Sent 126282268 bytes 85032 pkt (dropped 5043, overlimits 0 requeues 0) 
 backlog 0b 0p requeues 0
======================================================================
Timestamp: 2026-04-28 14:01:07
qdisc htb 1: root refcnt 13 r2q 10 default 0x10 direct_packets_stat 0 direct_qlen 1000
 Sent 126817003 bytes 85393 pkt (dropped 5043, overlimits 78501 requeues 0) 
 backlog 8892b 6p requeues 0
qdisc pfifo 20: parent 1:10 limit 12p
 Sent 126817003 bytes 85393 pkt (dropped 5043, overlimits 0 requeues 0) 
 backlog 8892b 6p requeues 0
======================================================================
Timestamp: 2026-04-28 14:01:08
qdisc htb 1: root refcnt 13 r2q 10 default 0x10 direct_packets_stat 0 direct_qlen 1000
 Sent 127436052 bytes 85812 pkt (dropped 5045, overlimits 78918 requeues 0) 
 backlog 0b 0p requeues 0
qdisc pfifo 20: parent 1:10 limit 12p
 Sent 127436052 bytes 85812 pkt (dropped 5045, overlimits 0 requeues 0) 
 backlog 0b 0p requeues 0
======================================================================
Timestamp: 2026-04-28 14:01:09
qdisc htb 1: root refcnt 13 r2q 10 default 0x10 direct_packets_stat 0 direct_qlen 1000
 Sent 127905580 bytes 86129 pkt (dropped 5046, overlimits 79229 requeues 0) 
 backlog 8892b 6p requeues 0
qdisc pfifo 20: parent 1:10 limit 12p
 Sent 127905580 bytes 86129 pkt (dropped 5046, overlimits 0 requeues 0) 
 backlog 8892b 6p requeues 0
======================================================================
Timestamp: 2026-04-28 14:01:10
qdisc htb 1: root refcnt 13 r2q 10 default 0x10 direct_packets_stat 0 direct_qlen 1000
 Sent 128694043 bytes 86662 pkt (dropped 5047, overlimits 79761 requeues 0) 
 backlog 0b 0p requeues 0
qdisc pfifo 20: parent 1:10 limit 12p
 Sent 128694043 bytes 86662 pkt (dropped 5047, overlimits 0 requeues 0) 
 backlog 0b 0p requeues 0
======================================================================
Timestamp: 2026-04-28 14:01:11
qdisc htb 1: root refcnt 13 r2q 10 default 0x10 direct_packets_stat 0 direct_qlen 1000
 Sent 129141341 bytes 86964 pkt (dropped 5050, overlimits 80060 requeues 0) 
 backlog 10374b 7p requeues 0
qdisc pfifo 20: parent 1:10 limit 12p
 Sent 129141341 bytes 86964 pkt (dropped 5050, overlimits 0 requeues 0) 
 backlog 10374b 7p requeues 0
======================================================================
Timestamp: 2026-04-28 14:01:12
qdisc htb 1: root refcnt 13 r2q 10 default 0x10 direct_packets_stat 0 direct_qlen 1000
 Sent 129888317 bytes 87469 pkt (dropped 5050, overlimits 80564 requeues 0) 
 backlog 0b 0p requeues 0
qdisc pfifo 20: parent 1:10 limit 12p
 Sent 129888317 bytes 87469 pkt (dropped 5050, overlimits 0 requeues 0) 
 backlog 0b 0p requeues 0
======================================================================
Timestamp: 2026-04-28 14:01:13
qdisc htb 1: root refcnt 13 r2q 10 default 0x10 direct_packets_stat 0 direct_qlen 1000
 Sent 130292637 bytes 87742 pkt (dropped 5050, overlimits 80832 requeues 0) 
 backlog 16302b 11p requeues 0
qdisc pfifo 20: parent 1:10 limit 12p
 Sent 130292637 bytes 87742 pkt (dropped 5050, overlimits 0 requeues 0) 
 backlog 16302b 11p requeues 0
======================================================================
Timestamp: 2026-04-28 14:01:14
qdisc htb 1: root refcnt 13 r2q 10 default 0x10 direct_packets_stat 0 direct_qlen 1000
 Sent 131171505 bytes 88336 pkt (dropped 5053, overlimits 81426 requeues 0) 
 backlog 16302b 11p requeues 0
qdisc pfifo 20: parent 1:10 limit 12p
 Sent 131171505 bytes 88336 pkt (dropped 5053, overlimits 0 requeues 0) 
 backlog 16302b 11p requeues 0
======================================================================
Timestamp: 2026-04-28 14:01:15
qdisc htb 1: root refcnt 13 r2q 10 default 0x10 direct_packets_stat 0 direct_qlen 1000
 Sent 132020409 bytes 88910 pkt (dropped 5054, overlimits 81997 requeues 0) 
 backlog 8892b 6p requeues 0
qdisc pfifo 20: parent 1:10 limit 12p
 Sent 132020409 bytes 88910 pkt (dropped 5054, overlimits 0 requeues 0) 
 backlog 8892b 6p requeues 0
======================================================================
Timestamp: 2026-04-28 14:01:16
qdisc htb 1: root refcnt 13 r2q 10 default 0x10 direct_packets_stat 0 direct_qlen 1000
 Sent 132872763 bytes 89487 pkt (dropped 5054, overlimits 82572 requeues 0) 
 backlog 13338b 9p requeues 0
qdisc pfifo 20: parent 1:10 limit 12p
 Sent 132872763 bytes 89487 pkt (dropped 5054, overlimits 0 requeues 0) 
 backlog 13338b 9p requeues 0
======================================================================
Timestamp: 2026-04-28 14:01:17
qdisc htb 1: root refcnt 13 r2q 10 default 0x10 direct_packets_stat 0 direct_qlen 1000
 Sent 133227461 bytes 89727 pkt (dropped 5054, overlimits 82811 requeues 0) 
 backlog 0b 0p requeues 0
qdisc pfifo 20: parent 1:10 limit 12p
 Sent 133227461 bytes 89727 pkt (dropped 5054, overlimits 0 requeues 0) 
 backlog 0b 0p requeues 0
======================================================================
Timestamp: 2026-04-28 14:01:18
qdisc htb 1: root refcnt 13 r2q 10 default 0x10 direct_packets_stat 0 direct_qlen 1000
 Sent 133556241 bytes 89950 pkt (dropped 5054, overlimits 83031 requeues 0) 
 backlog 10374b 7p requeues 0
qdisc pfifo 20: parent 1:10 limit 12p
 Sent 133556241 bytes 89950 pkt (dropped 5054, overlimits 0 requeues 0) 
 backlog 10374b 7p requeues 0
======================================================================
Timestamp: 2026-04-28 14:01:19
qdisc htb 1: root refcnt 13 r2q 10 default 0x10 direct_packets_stat 0 direct_qlen 1000
 Sent 134172452 bytes 90367 pkt (dropped 5055, overlimits 83448 requeues 0) 
 backlog 0b 0p requeues 0
qdisc pfifo 20: parent 1:10 limit 12p
 Sent 134172452 bytes 90367 pkt (dropped 5055, overlimits 0 requeues 0) 
 backlog 0b 0p requeues 0
======================================================================
Timestamp: 2026-04-28 14:01:20
qdisc htb 1: root refcnt 13 r2q 10 default 0x10 direct_packets_stat 0 direct_qlen 1000
 Sent 134400511 bytes 90522 pkt (dropped 5055, overlimits 83592 requeues 0) 
 backlog 0b 0p requeues 0
qdisc pfifo 20: parent 1:10 limit 12p
 Sent 134400511 bytes 90522 pkt (dropped 5055, overlimits 0 requeues 0) 
 backlog 0b 0p requeues 0
======================================================================
Timestamp: 2026-04-28 14:01:21
qdisc htb 1: root refcnt 13 r2q 10 default 0x10 direct_packets_stat 0 direct_qlen 1000
 Sent 135203755 bytes 91064 pkt (dropped 5058, overlimits 84124 requeues 0) 
 backlog 11856b 8p requeues 0
qdisc pfifo 20: parent 1:10 limit 12p
 Sent 135203755 bytes 91064 pkt (dropped 5058, overlimits 0 requeues 0) 
 backlog 11856b 8p requeues 0
======================================================================
Timestamp: 2026-04-28 14:01:22
qdisc htb 1: root refcnt 13 r2q 10 default 0x10 direct_packets_stat 0 direct_qlen 1000
 Sent 135716892 bytes 91412 pkt (dropped 5059, overlimits 84465 requeues 0) 
 backlog 5928b 4p requeues 0
qdisc pfifo 20: parent 1:10 limit 12p
 Sent 135716892 bytes 91412 pkt (dropped 5059, overlimits 0 requeues 0) 
 backlog 5928b 4p requeues 0
======================================================================
Timestamp: 2026-04-28 14:01:23
qdisc htb 1: root refcnt 13 r2q 10 default 0x10 direct_packets_stat 0 direct_qlen 1000
 Sent 136594236 bytes 92004 pkt (dropped 5062, overlimits 85054 requeues 0) 
 backlog 16302b 11p requeues 0
qdisc pfifo 20: parent 1:10 limit 12p
 Sent 136594236 bytes 92004 pkt (dropped 5062, overlimits 0 requeues 0) 
 backlog 16302b 11p requeues 0
======================================================================
Timestamp: 2026-04-28 14:01:24
qdisc htb 1: root refcnt 13 r2q 10 default 0x10 direct_packets_stat 0 direct_qlen 1000
 Sent 136933869 bytes 92235 pkt (dropped 5062, overlimits 85278 requeues 0) 
 backlog 17784b 12p requeues 0
qdisc pfifo 20: parent 1:10 limit 12p
 Sent 136933869 bytes 92235 pkt (dropped 5062, overlimits 0 requeues 0) 
 backlog 17784b 12p requeues 0
======================================================================
Timestamp: 2026-04-28 14:01:25
qdisc htb 1: root refcnt 13 r2q 10 default 0x10 direct_packets_stat 0 direct_qlen 1000
 Sent 137812695 bytes 92828 pkt (dropped 5065, overlimits 85871 requeues 0) 
 backlog 16302b 11p requeues 0
qdisc pfifo 20: parent 1:10 limit 12p
 Sent 137812695 bytes 92828 pkt (dropped 5065, overlimits 0 requeues 0) 
 backlog 16302b 11p requeues 0
======================================================================
Timestamp: 2026-04-28 14:01:26
qdisc htb 1: root refcnt 13 r2q 10 default 0x10 direct_packets_stat 0 direct_qlen 1000
 Sent 138181406 bytes 93078 pkt (dropped 5067, overlimits 86114 requeues 0) 
 backlog 8892b 6p requeues 0
qdisc pfifo 20: parent 1:10 limit 12p
 Sent 138181406 bytes 93078 pkt (dropped 5067, overlimits 0 requeues 0) 
 backlog 8892b 6p requeues 0
======================================================================
Timestamp: 2026-04-28 14:01:27
qdisc htb 1: root refcnt 13 r2q 10 default 0x10 direct_packets_stat 0 direct_qlen 1000
 Sent 139060232 bytes 93671 pkt (dropped 5070, overlimits 86707 requeues 0) 
 backlog 7410b 5p requeues 0
qdisc pfifo 20: parent 1:10 limit 12p
 Sent 139060232 bytes 93671 pkt (dropped 5070, overlimits 0 requeues 0) 
 backlog 7410b 5p requeues 0
======================================================================
Timestamp: 2026-04-28 14:01:28
qdisc htb 1: root refcnt 13 r2q 10 default 0x10 direct_packets_stat 0 direct_qlen 1000
 Sent 139309024 bytes 93840 pkt (dropped 5070, overlimits 86873 requeues 0) 
 backlog 8892b 6p requeues 0
qdisc pfifo 20: parent 1:10 limit 12p
 Sent 139309024 bytes 93840 pkt (dropped 5070, overlimits 0 requeues 0) 
 backlog 8892b 6p requeues 0
======================================================================
Timestamp: 2026-04-28 14:01:29
qdisc htb 1: root refcnt 13 r2q 10 default 0x10 direct_packets_stat 0 direct_qlen 1000
 Sent 140186368 bytes 94432 pkt (dropped 5070, overlimits 87465 requeues 0) 
 backlog 10374b 7p requeues 0
qdisc pfifo 20: parent 1:10 limit 12p
 Sent 140186368 bytes 94432 pkt (dropped 5070, overlimits 0 requeues 0) 
 backlog 10374b 7p requeues 0
======================================================================
Timestamp: 2026-04-28 14:01:30
qdisc htb 1: root refcnt 13 r2q 10 default 0x10 direct_packets_stat 0 direct_qlen 1000
 Sent 140367388 bytes 94556 pkt (dropped 5070, overlimits 87582 requeues 0) 
 backlog 4446b 2p requeues 0
qdisc pfifo 20: parent 1:10 limit 12p
 Sent 140367388 bytes 94556 pkt (dropped 5070, overlimits 0 requeues 0) 
 backlog 4446b 2p requeues 0
======================================================================
Timestamp: 2026-04-28 14:01:31
qdisc htb 1: root refcnt 13 r2q 10 default 0x10 direct_packets_stat 0 direct_qlen 1000
 Sent 140932057 bytes 94938 pkt (dropped 5071, overlimits 87962 requeues 0) 
 backlog 0b 0p requeues 0
qdisc pfifo 20: parent 1:10 limit 12p
 Sent 140932057 bytes 94938 pkt (dropped 5071, overlimits 0 requeues 0) 
 backlog 0b 0p requeues 0
======================================================================
Timestamp: 2026-04-28 14:01:32
qdisc htb 1: root refcnt 13 r2q 10 default 0x10 direct_packets_stat 0 direct_qlen 1000
 Sent 140962913 bytes 94959 pkt (dropped 5071, overlimits 87980 requeues 0) 
 backlog 4446b 3p requeues 0
qdisc pfifo 20: parent 1:10 limit 12p
 Sent 140962913 bytes 94959 pkt (dropped 5071, overlimits 0 requeues 0) 
 backlog 4446b 3p requeues 0
